test_duplicate_nonce_is_rejected (test_environment_network.NetworkEnvironmentTests.test_duplicate_nonce_is_rejected) ... FAIL
test_empty_or_failed_command_transcript_is_rejected (test_environment_network.NetworkEnvironmentTests.test_empty_or_failed_command_transcript_is_rejected) ... 
  test_empty_or_failed_command_transcript_is_rejected (test_environment_network.NetworkEnvironmentTests.test_empty_or_failed_command_transcript_is_rejected) (text='') ... FAIL
  test_empty_or_failed_command_transcript_is_rejected (test_environment_network.NetworkEnvironmentTests.test_empty_or_failed_command_transcript_is_rejected) (text='{"argv": [], "returncode": 0}\n') ... FAIL
test_fault_hit_and_exact_restoration_are_required (test_environment_network.NetworkEnvironmentTests.test_fault_hit_and_exact_restoration_are_required) ... 
  test_fault_hit_and_exact_restoration_are_required (test_environment_network.NetworkEnvironmentTests.test_fault_hit_and_exact_restoration_are_required) (rel='network/b/logs/iptables-hit.txt') ... FAIL
  test_fault_hit_and_exact_restoration_are_required (test_environment_network.NetworkEnvironmentTests.test_fault_hit_and_exact_restoration_are_required) (rel='network/b/logs/iptables-final-restored.txt') ... FAIL
test_generic_pass_receipt_is_not_network_evidence (test_environment_network.NetworkEnvironmentTests.test_generic_pass_receipt_is_not_network_evidence) ... ok
test_missing_artifact_is_blocked (test_environment_network.NetworkEnvironmentTests.test_missing_artifact_is_blocked) ... ok
test_missing_live_schema_is_not_an_exception_or_pass (test_environment_network.NetworkEnvironmentTests.test_missing_live_schema_is_not_an_exception_or_pass) ... ok
test_rehashed_bad_semantics_cannot_pass (test_environment_network.NetworkEnvironmentTests.test_rehashed_bad_semantics_cannot_pass) ... 
  test_rehashed_bad_semantics_cannot_pass (test_environment_network.NetworkEnvironmentTests.test_rehashed_bad_semantics_cannot_pass) (name='wrong-local') ... FAIL
  test_rehashed_bad_semantics_cannot_pass (test_environment_network.NetworkEnvironmentTests.test_rehashed_bad_semantics_cannot_pass) (name='wrong-peer') ... FAIL
  test_rehashed_bad_semantics_cannot_pass (test_environment_network.NetworkEnvironmentTests.test_rehashed_bad_semantics_cannot_pass) (name='wrong-bytes') ... FAIL
  test_rehashed_bad_semantics_cannot_pass (test_environment_network.NetworkEnvironmentTests.test_rehashed_bad_semantics_cannot_pass) (name='tls-disabled') ... FAIL
  test_rehashed_bad_semantics_cannot_pass (test_environment_network.NetworkEnvironmentTests.test_rehashed_bad_semantics_cannot_pass) (name='weak-tls') ... FAIL
  test_rehashed_bad_semantics_cannot_pass (test_environment_network.NetworkEnvironmentTests.test_rehashed_bad_semantics_cannot_pass) (name='fake-negative') ... FAIL
  test_rehashed_bad_semantics_cannot_pass (test_environment_network.NetworkEnvironmentTests.test_rehashed_bad_semantics_cannot_pass) (name='wrong-name-code') ... FAIL
  test_rehashed_bad_semantics_cannot_pass (test_environment_network.NetworkEnvironmentTests.test_rehashed_bad_semantics_cannot_pass) (name='wrong-script') ... FAIL
  test_rehashed_bad_semantics_cannot_pass (test_environment_network.NetworkEnvironmentTests.test_rehashed_bad_semantics_cannot_pass) (name='boot-changed') ... FAIL
  test_rehashed_bad_semantics_cannot_pass (test_environment_network.NetworkEnvironmentTests.test_rehashed_bad_semantics_cannot_pass) (name='stale-live') ... FAIL
  test_rehashed_bad_semantics_cannot_pass (test_environment_network.NetworkEnvironmentTests.test_rehashed_bad_semantics_cannot_pass) (name='wrong-fault-pair') ... FAIL
  test_rehashed_bad_semantics_cannot_pass (test_environment_network.NetworkEnvironmentTests.test_rehashed_bad_semantics_cannot_pass) (name='unbounded-fault') ... FAIL
  test_rehashed_bad_semantics_cannot_pass (test_environment_network.NetworkEnvironmentTests.test_rehashed_bad_semantics_cannot_pass) (name='fake-fault-failure') ... FAIL
  test_rehashed_bad_semantics_cannot_pass (test_environment_network.NetworkEnvironmentTests.test_rehashed_bad_semantics_cannot_pass) (name='listener-not-stopped') ... FAIL
test_retained_valid_network_observations_pass_only_network_predicate (test_environment_network.NetworkEnvironmentTests.test_retained_valid_network_observations_pass_only_network_predicate) ... FAIL
test_tampered_artifact_fails (test_environment_network.NetworkEnvironmentTests.test_tampered_artifact_fails) ... FAIL

======================================================================
FAIL: test_duplicate_nonce_is_rejected (test_environment_network.NetworkEnvironmentTests.test_duplicate_nonce_is_rejected)
----------------------------------------------------------------------
Traceback (most recent call last):
  File "/tmp/afs-network-v68-original/acceptance/test_environment_network.py", line 112, in test_duplicate_nonce_is_rejected
    self.assertEqual("FAIL", self.outcome(root, bundle)["status"])
AssertionError: 'FAIL' != 'BLOCKED'
- FAIL
+ BLOCKED


======================================================================
FAIL: test_empty_or_failed_command_transcript_is_rejected (test_environment_network.NetworkEnvironmentTests.test_empty_or_failed_command_transcript_is_rejected) (text='')
----------------------------------------------------------------------
Traceback (most recent call last):
  File "/tmp/afs-network-v68-original/acceptance/test_environment_network.py", line 120, in test_empty_or_failed_command_transcript_is_rejected
    self.assertEqual("FAIL", self.outcome(root, bundle)["status"])
AssertionError: 'FAIL' != 'BLOCKED'
- FAIL
+ BLOCKED


======================================================================
FAIL: test_empty_or_failed_command_transcript_is_rejected (test_environment_network.NetworkEnvironmentTests.test_empty_or_failed_command_transcript_is_rejected) (text='{"argv": [], "returncode": 0}\n')
----------------------------------------------------------------------
Traceback (most recent call last):
  File "/tmp/afs-network-v68-original/acceptance/test_environment_network.py", line 120, in test_empty_or_failed_command_transcript_is_rejected
    self.assertEqual("FAIL", self.outcome(root, bundle)["status"])
AssertionError: 'FAIL' != 'BLOCKED'
- FAIL
+ BLOCKED


======================================================================
FAIL: test_fault_hit_and_exact_restoration_are_required (test_environment_network.NetworkEnvironmentTests.test_fault_hit_and_exact_restoration_are_required) (rel='network/b/logs/iptables-hit.txt')
----------------------------------------------------------------------
Traceback (most recent call last):
  File "/tmp/afs-network-v68-original/acceptance/test_environment_network.py", line 105, in test_fault_hit_and_exact_restoration_are_required
    self.assertEqual("FAIL", self.outcome(root, bundle)["status"])
AssertionError: 'FAIL' != 'BLOCKED'
- FAIL
+ BLOCKED


======================================================================
FAIL: test_fault_hit_and_exact_restoration_are_required (test_environment_network.NetworkEnvironmentTests.test_fault_hit_and_exact_restoration_are_required) (rel='network/b/logs/iptables-final-restored.txt')
----------------------------------------------------------------------
Traceback (most recent call last):
  File "/tmp/afs-network-v68-original/acceptance/test_environment_network.py", line 105, in test_fault_hit_and_exact_restoration_are_required
    self.assertEqual("FAIL", self.outcome(root, bundle)["status"])
AssertionError: 'FAIL' != 'BLOCKED'
- FAIL
+ BLOCKED


======================================================================
FAIL: test_rehashed_bad_semantics_cannot_pass (test_environment_network.NetworkEnvironmentTests.test_rehashed_bad_semantics_cannot_pass) (name='wrong-local')
----------------------------------------------------------------------
Traceback (most recent call last):
  File "/tmp/afs-network-v68-original/acceptance/test_environment_network.py", line 87, in test_rehashed_bad_semantics_cannot_pass
    self.assertEqual("FAIL", self.outcome(root, bundle)["status"])
AssertionError: 'FAIL' != 'BLOCKED'
- FAIL
+ BLOCKED


======================================================================
FAIL: test_rehashed_bad_semantics_cannot_pass (test_environment_network.NetworkEnvironmentTests.test_rehashed_bad_semantics_cannot_pass) (name='wrong-peer')
----------------------------------------------------------------------
Traceback (most recent call last):
  File "/tmp/afs-network-v68-original/acceptance/test_environment_network.py", line 87, in test_rehashed_bad_semantics_cannot_pass
    self.assertEqual("FAIL", self.outcome(root, bundle)["status"])
AssertionError: 'FAIL' != 'BLOCKED'
- FAIL
+ BLOCKED


======================================================================
FAIL: test_rehashed_bad_semantics_cannot_pass (test_environment_network.NetworkEnvironmentTests.test_rehashed_bad_semantics_cannot_pass) (name='wrong-bytes')
----------------------------------------------------------------------
Traceback (most recent call last):
  File "/tmp/afs-network-v68-original/acceptance/test_environment_network.py", line 87, in test_rehashed_bad_semantics_cannot_pass
    self.assertEqual("FAIL", self.outcome(root, bundle)["status"])
AssertionError: 'FAIL' != 'BLOCKED'
- FAIL
+ BLOCKED


======================================================================
FAIL: test_rehashed_bad_semantics_cannot_pass (test_environment_network.NetworkEnvironmentTests.test_rehashed_bad_semantics_cannot_pass) (name='tls-disabled')
----------------------------------------------------------------------
Traceback (most recent call last):
  File "/tmp/afs-network-v68-original/acceptance/test_environment_network.py", line 87, in test_rehashed_bad_semantics_cannot_pass
    self.assertEqual("FAIL", self.outcome(root, bundle)["status"])
AssertionError: 'FAIL' != 'BLOCKED'
- FAIL
+ BLOCKED


======================================================================
FAIL: test_rehashed_bad_semantics_cannot_pass (test_environment_network.NetworkEnvironmentTests.test_rehashed_bad_semantics_cannot_pass) (name='weak-tls')
----------------------------------------------------------------------
Traceback (most recent call last):
  File "/tmp/afs-network-v68-original/acceptance/test_environment_network.py", line 87, in test_rehashed_bad_semantics_cannot_pass
    self.assertEqual("FAIL", self.outcome(root, bundle)["status"])
AssertionError: 'FAIL' != 'BLOCKED'
- FAIL
+ BLOCKED


======================================================================
FAIL: test_rehashed_bad_semantics_cannot_pass (test_environment_network.NetworkEnvironmentTests.test_rehashed_bad_semantics_cannot_pass) (name='fake-negative')
----------------------------------------------------------------------
Traceback (most recent call last):
  File "/tmp/afs-network-v68-original/acceptance/test_environment_network.py", line 87, in test_rehashed_bad_semantics_cannot_pass
    self.assertEqual("FAIL", self.outcome(root, bundle)["status"])
AssertionError: 'FAIL' != 'BLOCKED'
- FAIL
+ BLOCKED


======================================================================
FAIL: test_rehashed_bad_semantics_cannot_pass (test_environment_network.NetworkEnvironmentTests.test_rehashed_bad_semantics_cannot_pass) (name='wrong-name-code')
----------------------------------------------------------------------
Traceback (most recent call last):
  File "/tmp/afs-network-v68-original/acceptance/test_environment_network.py", line 87, in test_rehashed_bad_semantics_cannot_pass
    self.assertEqual("FAIL", self.outcome(root, bundle)["status"])
AssertionError: 'FAIL' != 'BLOCKED'
- FAIL
+ BLOCKED


======================================================================
FAIL: test_rehashed_bad_semantics_cannot_pass (test_environment_network.NetworkEnvironmentTests.test_rehashed_bad_semantics_cannot_pass) (name='wrong-script')
----------------------------------------------------------------------
Traceback (most recent call last):
  File "/tmp/afs-network-v68-original/acceptance/test_environment_network.py", line 87, in test_rehashed_bad_semantics_cannot_pass
    self.assertEqual("FAIL", self.outcome(root, bundle)["status"])
AssertionError: 'FAIL' != 'BLOCKED'
- FAIL
+ BLOCKED


======================================================================
FAIL: test_rehashed_bad_semantics_cannot_pass (test_environment_network.NetworkEnvironmentTests.test_rehashed_bad_semantics_cannot_pass) (name='boot-changed')
----------------------------------------------------------------------
Traceback (most recent call last):
  File "/tmp/afs-network-v68-original/acceptance/test_environment_network.py", line 87, in test_rehashed_bad_semantics_cannot_pass
    self.assertEqual("FAIL", self.outcome(root, bundle)["status"])
AssertionError: 'FAIL' != 'BLOCKED'
- FAIL
+ BLOCKED


======================================================================
FAIL: test_rehashed_bad_semantics_cannot_pass (test_environment_network.NetworkEnvironmentTests.test_rehashed_bad_semantics_cannot_pass) (name='stale-live')
----------------------------------------------------------------------
Traceback (most recent call last):
  File "/tmp/afs-network-v68-original/acceptance/test_environment_network.py", line 87, in test_rehashed_bad_semantics_cannot_pass
    self.assertEqual("FAIL", self.outcome(root, bundle)["status"])
AssertionError: 'FAIL' != 'BLOCKED'
- FAIL
+ BLOCKED


======================================================================
FAIL: test_rehashed_bad_semantics_cannot_pass (test_environment_network.NetworkEnvironmentTests.test_rehashed_bad_semantics_cannot_pass) (name='wrong-fault-pair')
----------------------------------------------------------------------
Traceback (most recent call last):
  File "/tmp/afs-network-v68-original/acceptance/test_environment_network.py", line 87, in test_rehashed_bad_semantics_cannot_pass
    self.assertEqual("FAIL", self.outcome(root, bundle)["status"])
AssertionError: 'FAIL' != 'BLOCKED'
- FAIL
+ BLOCKED


======================================================================
FAIL: test_rehashed_bad_semantics_cannot_pass (test_environment_network.NetworkEnvironmentTests.test_rehashed_bad_semantics_cannot_pass) (name='unbounded-fault')
----------------------------------------------------------------------
Traceback (most recent call last):
  File "/tmp/afs-network-v68-original/acceptance/test_environment_network.py", line 87, in test_rehashed_bad_semantics_cannot_pass
    self.assertEqual("FAIL", self.outcome(root, bundle)["status"])
AssertionError: 'FAIL' != 'BLOCKED'
- FAIL
+ BLOCKED


======================================================================
FAIL: test_rehashed_bad_semantics_cannot_pass (test_environment_network.NetworkEnvironmentTests.test_rehashed_bad_semantics_cannot_pass) (name='fake-fault-failure')
----------------------------------------------------------------------
Traceback (most recent call last):
  File "/tmp/afs-network-v68-original/acceptance/test_environment_network.py", line 87, in test_rehashed_bad_semantics_cannot_pass
    self.assertEqual("FAIL", self.outcome(root, bundle)["status"])
AssertionError: 'FAIL' != 'BLOCKED'
- FAIL
+ BLOCKED


======================================================================
FAIL: test_rehashed_bad_semantics_cannot_pass (test_environment_network.NetworkEnvironmentTests.test_rehashed_bad_semantics_cannot_pass) (name='listener-not-stopped')
----------------------------------------------------------------------
Traceback (most recent call last):
  File "/tmp/afs-network-v68-original/acceptance/test_environment_network.py", line 87, in test_rehashed_bad_semantics_cannot_pass
    self.assertEqual("FAIL", self.outcome(root, bundle)["status"])
AssertionError: 'FAIL' != 'BLOCKED'
- FAIL
+ BLOCKED


======================================================================
FAIL: test_retained_valid_network_observations_pass_only_network_predicate (test_environment_network.NetworkEnvironmentTests.test_retained_valid_network_observations_pass_only_network_predicate)
----------------------------------------------------------------------
Traceback (most recent call last):
  File "/tmp/afs-network-v68-original/acceptance/test_environment_network.py", line 46, in test_retained_valid_network_observations_pass_only_network_predicate
    self.assertEqual("PASS", self.outcome(root, bundle)["status"])
AssertionError: 'PASS' != 'BLOCKED'
- PASS
+ BLOCKED


======================================================================
FAIL: test_tampered_artifact_fails (test_environment_network.NetworkEnvironmentTests.test_tampered_artifact_fails)
----------------------------------------------------------------------
Traceback (most recent call last):
  File "/tmp/afs-network-v68-original/acceptance/test_environment_network.py", line 64, in test_tampered_artifact_fails
    self.assertEqual("FAIL", self.outcome(root, bundle)["status"])
AssertionError: 'FAIL' != 'BLOCKED'
- FAIL
+ BLOCKED


----------------------------------------------------------------------
Ran 9 tests in 0.154s

FAILED (failures=21)
