warning: unused `OwnedSemaphorePermit` that must be used
    --> src/node/rpc/control.rs:1702:9
     |
1702 | /         first
1703 | |             .reserve_admission()
1704 | |             .await
1705 | |             .expect("admission recovers when a permit drops");
     | |_____________________________________________________________^
     |
     = note: `#[warn(unused_must_use)]` (part of `#[warn(unused)]`) on by default
help: use `let _ = ...` to ignore the resulting value
     |
1702 |         let _ = first
     |         +++++++

warning: `afs` (lib test) generated 1 warning
    Finished `test` profile [unoptimized + debuginfo] target(s) in 0.05s
     Running unittests src/lib.rs (/home/lzc.guest/afs-build/target/debug/deps/afs-586e1b701367e588)

running 1 test
AFS_RDMA_GID index=1 address=::ffff:192.168.109.1 family=ipv4
AFS_RDMA_GID index=1 address=::ffff:192.168.109.1 family=ipv4
AFS_RDMA_GID index=1 address=::ffff:192.168.109.1 family=ipv4
AFS_RDMA_PROBE send_complete
AFS_RDMA_PROBE receive_complete
AFS_RDMA_COMPLETE op=READ bytes=4194304
AFS_RDMA_COMPLETE op=READ bytes=4194304
AFS_RDMA_COMPLETE op=WRITE bytes=75000
DFS_PRODUCT_RDMA replica_bytes=8388608 read_bytes=75000 grpc_payload_bytes=0 exact_retry=PASS forged_grant=DENIED
test node::rpc::data::tests::dfs_product_rdma_replica_and_read_real_verbs ... ok

test result: ok. 1 passed; 0 failed; 0 ignored; 0 measured; 412 filtered out; finished in 0.17s

