   Compiling afs v0.1.0 (/home/lzc.guest/afs-build/work/root-merged-v63-r1)
warning: unused import: `ChunkStore`
    --> src/node/rpc/data.rs:4309:34
     |
4309 |         use crate::node::chunk::{ChunkStore, StagedChunk};
     |                                  ^^^^^^^^^^
     |
     = note: `#[warn(unused_imports)]` (part of `#[warn(unused)]`) on by default

warning: `afs` (lib test) generated 1 warning (run `cargo fix --lib -p afs --tests` to apply 1 suggestion)
    Finished `test` profile [unoptimized + debuginfo] target(s) in 20.64s
     Running unittests src/lib.rs (/home/lzc.guest/afs-build/target/debug/deps/afs-586e1b701367e588)

running 1 test

thread 'node::rpc::data::tests::repair_worker_replays_real_grpc_claim_and_report_after_lost_ack' (486045) panicked at src/node/rpc/data.rs:4734:22:
unexpected claim outcome wrapper: DfsReplicationClaim { request_digest: [97, 110, 236, 78, 137, 139, 175, 254, 38, 214, 64, 67, 102, 157, 237, 254, 238, 74, 47, 89, 114, 74, 69, 161, 160, 16, 230, 201, 89, 45, 154, 136], claim: Some(ReplicationClaim { task_id: ReplicationTaskId("repair:blake3-32b4e4865f222963240cad31389e4e2450f688053af3dd17bacd04bf2ad75b5f-65536"), operation_id: OperationId("repair-claim:source-session:1"), worker_node_id: "source", worker_node_epoch: 1, worker_session_id: "source-session", expires_at_unix_ms: 1790828776405, fence: 1, chunk: ChunkObject { id: ChunkId("blake3-32b4e4865f222963240cad31389e4e2450f688053af3dd17bacd04bf2ad75b5f-65536"), length: 65536, content_digest: ContentDigest { algorithm: Blake3, bytes: [50, 180, 228, 134, 95, 34, 41, 99, 36, 12, 173, 49, 56, 158, 78, 36, 80, 246, 136, 5, 58, 243, 221, 23, 186, 205, 4, 191, 42, 215, 91, 95] }, encoding: Raw }, source_copy_id: CopyId("source:1:local-0:blake3-32b4e4865f222963240cad31389e4e2450f688053af3dd17bacd04bf2ad75b5f-65536"), placement_revision: 4, replica_group: ReplicaGroup { id: ReplicaGroupId("group:39c888a8b2fa8873"), placement_epoch: 4163728113642670195, targets: [ReplicaTarget { node_id: "source", node_epoch: 1, data_endpoint: "http://127.0.0.1:1", device: StorageDeviceDescriptor { device_id: "local-0", device_epoch: 1790828656097954226, catalog_revision: 1, failure_domain: "source" } }, ReplicaTarget { node_id: "target", node_epoch: 1, data_endpoint: "http://127.0.0.1:41603", device: StorageDeviceDescriptor { device_id: "local-0", device_epoch: 1790828656348944453, catalog_revision: 0, failure_domain: "target" } }] }, replication: ReplicationConfig { desired_copies: 2, sync_required_copies: 2, min_distinct_nodes: 1, min_distinct_failure_domains: 1, local_copy: Required } }) }
note: run with `RUST_BACKTRACE=1` environment variable to display a backtrace
test node::rpc::data::tests::repair_worker_replays_real_grpc_claim_and_report_after_lost_ack ... FAILED

failures:

failures:
    node::rpc::data::tests::repair_worker_replays_real_grpc_claim_and_report_after_lost_ack

test result: FAILED. 0 passed; 1 failed; 0 ignored; 0 measured; 397 filtered out; finished in 0.51s

error: test failed, to rerun pass `--lib`
