Reading symbols from /home/lzc.guest/afs-build/artifacts/owner-deadline-v77/owner-contract-r2...
warning: Missing auto-load script at offset 0 in section .debug_gdb_scripts
of file /home/lzc.guest/afs-build/artifacts/owner-deadline-v77/owner-contract-r2.
Use `info auto-load python-scripts [REGEXP]' to list them.
Breakpoint 1 at 0x9829cc: file native/rdma.c, line 339.
[Thread debugging using libthread_db enabled]
Using host libthread_db library "/lib/aarch64-linux-gnu/libthread_db.so.1".

running 1 test
test ownerpeerclient_posted_rdma_deadline_has_unknown_outcome ... [Detaching after vfork from child process 1657]
[Detaching after vfork from child process 1658]
[Detaching after vfork from child process 1659]
[Detaching after vfork from child process 1660]
[Detaching after vfork from child process 1661]
AFS_RDMA_GID index=1 address=::ffff:192.168.109.1 family=ipv4
AFS_RDMA_GID index=1 address=::ffff:192.168.109.1 family=ipv4
AFS_RDMA_PROBE send_complete
AFS_RDMA_PROBE receive_complete

Thread 5 "tokio-rt-worker" hit Breakpoint 1, afs_rdma_transfer (
    opaque=0xffffe0017ea0, operation=1, len=4096, timeout_ms=5000, 
    err=0xfffff759cd50 "", errlen=256) at native/rdma.c:339
339	    uint64_t deadline=monotonic_ms()+timeout_ms;
(gdb) [Detaching after vfork from child process 1664]
[Detaching after vfork from child process 1665]
[Detaching after vfork from child process 1666]
[Detaching after vfork from child process 1667]
[Detaching after vfork from child process 1668]

thread 'ownerpeerclient_posted_rdma_deadline_has_unknown_outcome' (1652) panicked at tests/ownerfs_peer_contract.rs:438:21:
stale lookup must prove removal, not a live poisoned session: Status { code: FailedPrecondition, message: "RDMA session poisoned", details: b"\x08\t\x12\x15RDMA session poisoned\x1aN\n,type.googleapis.com/afs.error.v1.ErrorDetail\x12\x1e\x08\x82\x80\xa4\x10\x10\x08\x1a\x15RDMA session poisoned", source: None }
note: run with `RUST_BACKTRACE=1` environment variable to display a backtrace
