{
  "status": "PASS_OLD_EXACT_MOUNTS_AND_CAPACITY_FINAL",
  "old_mounts_checked": [
    {
      "target": "/mnt/lima-afsadata/afs-delivery/p2-shutdown-v47/mount-ownerfs",
      "source": "afs-ownerfs",
      "fstype": "fuse",
      "options": "rw,nosuid,nodev,noatime,user_id=0,group_id=0,default_permissions,allow_other",
      "id": 84
    },
    {
      "target": "/mnt/lima-afsadata/afs-delivery/p2-shutdown-v47/mount-dfs",
      "source": "afs-dfs",
      "fstype": "fuse",
      "options": "rw,nosuid,nodev,noatime,user_id=0,group_id=0,default_permissions,allow_other",
      "id": 163
    }
  ],
  "owned_allocated_bytes": 56885248,
  "budget_bytes": 536870912,
  "available_bytes": 4070776832,
  "free_floor_bytes": 1073741824
}
