{
  "role": "c",
  "state_files": [
    {
      "path": "state/node/dfs/catalog.wal",
      "bytes": 266759,
      "allocated": 274432
    },
    {
      "path": "state/node/dfs/device_epoch",
      "bytes": 20,
      "allocated": 4096
    },
    {
      "path": "state/node/dfs/chunks/blake3-beb604d386a224240e6d1643070d3ea73c332f577dfab1e447d06a0adf76392f-4096",
      "bytes": 4096,
      "allocated": 4096,
      "sha256": "6cafe01921332b65ba932317f9ee6b1b2e12d5d63ae43e0f56413f6408d700bd"
    },
    {
      "path": "state/node/dfs/chunks/blake3-81790601d46fdd0c02a01e2d1518e4b30baf732bc774a773eb478528bf125535-4096",
      "bytes": 4096,
      "allocated": 4096,
      "sha256": "d9af31fa612a7a3bbfd43fb1d56b82f0413a782d5ad59a05ced5dc79d18fd05f"
    },
    {
      "path": "state/node/dfs/chunks/blake3-383be93a942f21173f2d3aabd3177d13bbf291376dd353b71173d0bb5135b21d-4096",
      "bytes": 4096,
      "allocated": 4096,
      "sha256": "a3aca61efbb8023a9c994ff514f4ed7d5ad7c551277d9fdf8edee7cd4abf0366"
    },
    {
      "path": "state/node/dfs/chunks/blake3-1022be6c65219d7343a5764f77d60cdb653c6600743eff90073509c310797ad2-4096",
      "bytes": 4096,
      "allocated": 4096,
      "sha256": "ca251f8f9bc48f667d60743fd6db79311a9d6e0c7a4e7e3c13ee0ee20350dbf0"
    },
    {
      "path": "state/node/dfs/chunks/blake3-18745582ef1352057f35097ea93444aa3f5388cf980a1d164c110f5e1d492486-4096",
      "bytes": 4096,
      "allocated": 4096,
      "sha256": "904d2230860b40dd327480b65c21161636c23969bd2097ac683bb51bb59762b7"
    },
    {
      "path": "state/node/dfs/chunks/blake3-9b873f8f4f2ae58b6f3cd9e05514e9fdb98915dbee15bd7d93e9f7317c25e794-4096",
      "bytes": 4096,
      "allocated": 4096,
      "sha256": "7807bf213a511ba0b9347a8556a63be9c698230b261627760ac9c234bb0dfd5c"
    },
    {
      "path": "state/node/dfs/chunks/blake3-1753e19f75a6f17f12e63647f8c745c136c65a4ab5dd771590232b9c5b99ac01-4096",
      "bytes": 4096,
      "allocated": 4096,
      "sha256": "abcd6f2ea99f7d6caf06511b978c062aa495bd6f8317c2dcce186038c5d2d6e0"
    },
    {
      "path": "state/node/dfs/chunks/blake3-4eaf9c8c1d7eee4bf73910cdfd414c993357fd2eed2036e3e8af90cb9c76295f-4096",
      "bytes": 4096,
      "allocated": 4096,
      "sha256": "7f818869f1b766bdafaffd3343d48210650f6b31930803da785cd5fbf38276af"
    },
    {
      "path": "state/node/dfs/chunks/blake3-1ba93fd627778142b83c19094feb64bcc96b67408a0e95fba69798691d00171d-4096",
      "bytes": 4096,
      "allocated": 4096,
      "sha256": "a2143a2e5c461aa6b5cd3caf29025599501ddfcbd645b36192396f8d36bc1d9e"
    },
    {
      "path": "state/node/dfs/chunks/blake3-5b5db829a15d3d8c315c0c6afaddb3d5c8e3da07889ccdf65079ebf1399856f5-4096",
      "bytes": 4096,
      "allocated": 4096,
      "sha256": "fa3c184acef6038d6a562ad2ae650e59a933cdaf190e23dd61a2bf5c84f63a9c"
    },
    {
      "path": "state/node/dfs/chunks/blake3-0be4bd7de3ff6b7dbee26c226e59bc7704c25da87b8183171518b0a7495e44f7-4096",
      "bytes": 4096,
      "allocated": 4096,
      "sha256": "25eab33a1c9fd6a5b649a0a520c1257d27ea11f9aa529283bd003b3ecdb2bf1f"
    },
    {
      "path": "state/node/dfs/chunks/blake3-58f2ff7af7926eae0563b536fde52ad7fc1667158f6aefd734e3eff9432efe83-4096",
      "bytes": 4096,
      "allocated": 4096,
      "sha256": "c1c6f409cb70ae1990ff7334fcdab85e3276b5297c56ec80ee7a01a593ae1b8c"
    },
    {
      "path": "state/node/dfs/chunks/blake3-118e17dc9d648a371353cd548b01c3c7c270b795e07f38b640f403dc3599ba76-4096",
      "bytes": 4096,
      "allocated": 4096,
      "sha256": "417c7c34ab1b14b47981b0391f79e797f9d29b659a4e922b4cf0ace2d67b4bfa"
    },
    {
      "path": "state/node/dfs/chunks/blake3-7b61e658e529dc384c1b9e4d04c1d03b741af3ea8a37301260b3c43ffe1b288a-4096",
      "bytes": 4096,
      "allocated": 4096,
      "sha256": "032e331adaf0b3564bda49b3afd32ef5fff20b850af9d792bce0f5b49da5f295"
    },
    {
      "path": "state/node/dfs/chunks/blake3-be1a4d85ae932d8c511bd530678a46446e2f49fe861269534869d2255ecbbdda-4096",
      "bytes": 4096,
      "allocated": 4096,
      "sha256": "40d5b455f50d4bdb5fac2d65f91dea1f3fae9c71e8868ea90a26f68951cc8c5e"
    },
    {
      "path": "state/node/dfs/chunks/blake3-e98a8f27435cab67d3de130e7a2a428e7d4fc5aa75a56f251a47fc2883c9450a-4096",
      "bytes": 4096,
      "allocated": 4096,
      "sha256": "8be19bac242a1a883c165f45a82d957b58b1468610782ccbd816ded85059a099"
    },
    {
      "path": "state/node/dfs/chunks/blake3-540e310073b7720fb60f4b821d483eb8f41b2de64a192393db1565f62bc8d626-4096",
      "bytes": 4096,
      "allocated": 4096,
      "sha256": "680222f8dd528628a91a153d66625de774e5b2831629b9355e8e34fa1da633d9"
    },
    {
      "path": "state/node/dfs/chunks/blake3-41d5cc3bddc158e47bb55ee90b323d096e23aae9d6cbe7a74e26f95a17ba26d7-4096",
      "bytes": 4096,
      "allocated": 4096,
      "sha256": "45b54656068445ee4911168b568ff83fd81b6cb5f985bbd5142b8dfc9204bc97"
    },
    {
      "path": "state/node/dfs/chunks/blake3-04ebf1aec26404bc9eb92b3a5e126ae6656e905ad6bc2940a81e31384f49be68-4096",
      "bytes": 4096,
      "allocated": 4096,
      "sha256": "05a2482e81944ef7badfbad5efb7b28ad2ad03fb3ee66ae029a96418db25687f"
    },
    {
      "path": "state/node/dfs/chunks/blake3-a5852da43c964200e9e13ec6bea2497cdc5e3ba0eb3f52926ff5d05b28f2ccde-4096",
      "bytes": 4096,
      "allocated": 4096,
      "sha256": "903bad9bd53980c7280a5c5d4ed98079ef70cb9cadb4676ba5faa26ac54ad423"
    },
    {
      "path": "state/node/dfs/chunks/blake3-8943de379790a2dfc5599d6a51919aaf11d21c4b179325d9913dbbba0cf896f7-4096",
      "bytes": 4096,
      "allocated": 4096,
      "sha256": "9caa20200b703bf07c49e7939f28af2d3469d58d67f23af44809722a50245e93"
    },
    {
      "path": "state/node/dfs/chunks/blake3-74ee274901ad60f3725543bdce4acaa18df8623675e229f4f2fefccac59b46ac-4096",
      "bytes": 4096,
      "allocated": 4096,
      "sha256": "dd498c9e2fd65c1bb23f4db8f1d01b3dce6447974cc0f635520a9fcd68ee191a"
    },
    {
      "path": "state/node/dfs/chunks/blake3-2aa561885d1166d14e09b8942027b3d54c053c191b4eb32245478bbe94480df2-4096",
      "bytes": 4096,
      "allocated": 4096,
      "sha256": "ee0c6aece3fa4568bfe8f63b761064a9ce6426ee83f54338440866692cde3fcf"
    },
    {
      "path": "state/node/dfs/chunks/blake3-a76d82f880d4d772cef40a5a69586534413f1f23bab5ce8c8fad0d46ff2ef0cf-4096",
      "bytes": 4096,
      "allocated": 4096,
      "sha256": "add58215a0a0e09dd37783c6658e35879840cebc3fc4c54ea06f40d49d4515ec"
    },
    {
      "path": "state/node/dfs/chunks/blake3-6e4946a57ff7e695ae386be7267651f975288d8644a53cc4d8bb845da232989e-4096",
      "bytes": 4096,
      "allocated": 4096,
      "sha256": "ca5f7b964189055679d4219b198fd85efc9edd3ed7c7960de61ad8341b7960d9"
    },
    {
      "path": "state/node/dfs/chunks/blake3-9eaade1bc214e1e554b77885b2f691ab05e48b30dd8658cdd2462b8cf75c25a1-4096",
      "bytes": 4096,
      "allocated": 4096,
      "sha256": "f19b84a2fbb89c7b7bcde983959e0ba2ee0f2ae9f096892025c1ea8ceabba7ba"
    },
    {
      "path": "state/node/dfs/chunks/blake3-7b17ce45a82ba15f0202aeb7e2299138a181099e1bf246481748b21b5f410e9a-4096",
      "bytes": 4096,
      "allocated": 4096,
      "sha256": "f9d04fb537377fb91e9612311a8ff8045f21e221bd554b6902e68ad032c3cd12"
    },
    {
      "path": "state/node/dfs/chunks/blake3-338947f1f6be84eb91e16dfef7284d8657a3867d0350356ebd2bae3fde6aeda1-4096",
      "bytes": 4096,
      "allocated": 4096,
      "sha256": "efef1a48300e97a0c698fa7561fc92113fcfca5869e285dd32653423e1ed385b"
    },
    {
      "path": "state/node/dfs/chunks/blake3-105e2af1895efa68ab4712d260e59c63d0e24d0cf305e27a980c41c2049483a6-4096",
      "bytes": 4096,
      "allocated": 4096,
      "sha256": "e27c8d1f278b9e9c11bb2e75fdb9d0d869e15c55d2bb4ec9b48ffdb64fcd566a"
    },
    {
      "path": "state/node/dfs/chunks/blake3-52b1e3be44d13cede3e0e7f19ea68f98b83f221b7a82b1c112ba1291614daaab-4096",
      "bytes": 4096,
      "allocated": 4096,
      "sha256": "30c948182c126b98895c1244ea4c038237ac8f6716ad0287a8663dcbb5885faf"
    },
    {
      "path": "state/node/dfs/chunks/blake3-7f5be8860f31aaf4fcceb1e07dcafdf45179b265fc140f27a74beff91ad53bf0-4096",
      "bytes": 4096,
      "allocated": 4096,
      "sha256": "df36c0fffc3d39c29b9aa26c3618608a85bdb4a8e206d25ce1150c1c1097ab74"
    },
    {
      "path": "state/node/dfs/chunks/blake3-83325289fa9cb9f80689e45951242fa68d72e98b718a2fa8295b8d71a4dbdada-4096",
      "bytes": 4096,
      "allocated": 4096,
      "sha256": "0cbbdc34420b4934e01673498c696d68effd5d4c24f081b3d83c51bcc632f8ed"
    },
    {
      "path": "state/node/dfs/chunks/blake3-c167491d1f9fc2a3bb48a08d85bd9b9e6d025cbedf410f4b743534e2b29f05fa-4096",
      "bytes": 4096,
      "allocated": 4096,
      "sha256": "cfcfbec9e7ce90fb0d87981b2483000e5ebc69cbdadf69aeb8ce1b9c83606df8"
    },
    {
      "path": "state/node/dfs/chunks/blake3-e07aa371e12e540403b3de8609855c13f6aadebebf170347617f2bce21a3e2f5-4096",
      "bytes": 4096,
      "allocated": 4096,
      "sha256": "d7da6cbfb8bf0b47b45f413cf4bfe56221d4cceec0cfb76cbd3fd5cb9a08494f"
    },
    {
      "path": "state/node/dfs/chunks/blake3-77abe9c500c265d1ffc683b6f6af3f5afbc8aeee4f3096af306f9b1aa391b476-4096",
      "bytes": 4096,
      "allocated": 4096,
      "sha256": "2bad3952a90eb0f9f7a4d8b4fc6dc8159813440b6887d714ac248be672563475"
    },
    {
      "path": "state/node/dfs/chunks/blake3-0f7f748447540f7c4bc6da64ebf7c3d3b343edc12c70dfde10f5bf431755dfda-4096",
      "bytes": 4096,
      "allocated": 4096,
      "sha256": "502e6a40ef3bd8336ad48b04af20beb6a6317162d41343bda063cadcc5695eb5"
    },
    {
      "path": "state/node/dfs/chunks/blake3-47d47089f228b44ea406259564af55a3b95204b775d22081e3695b2d58723c1c-4096",
      "bytes": 4096,
      "allocated": 4096,
      "sha256": "9ce615be31c782108d70b33ae2ddd617ca43e76de2e4c43494e1fbf5969b4da1"
    },
    {
      "path": "state/node/dfs/chunks/blake3-ea021fcca5c30dff29e68ceee695113f9f625fc65797af2de9a3282698df1f32-4096",
      "bytes": 4096,
      "allocated": 4096,
      "sha256": "5d7317a1d5c0e761ae44521b39175df14332c8acb6abd8092cc03786be55d705"
    },
    {
      "path": "state/node/dfs/chunks/blake3-2445d6ff07897eb83369dba55ef106a3c112d4a15ec986e5815a2d55b86a8e64-4096",
      "bytes": 4096,
      "allocated": 4096,
      "sha256": "ea5a40616f1da1cb5400b339a5165f279f7ff0ae48957b1e1c411dd46d00c6a3"
    },
    {
      "path": "state/node/dfs/chunks/blake3-48ca053a5e27b3ffb5980d48e363965502ae855f7b834ec9056652e26f181459-4096",
      "bytes": 4096,
      "allocated": 4096,
      "sha256": "2042370524b63e9c6e139ea79d3cf88949557c9c334238cf230262fb2ff1b33d"
    },
    {
      "path": "state/node/dfs/chunks/blake3-e290bf5d6fb51a164db55b23fa9991dcf85e8a1133227cbc2a503425808c28ce-4096",
      "bytes": 4096,
      "allocated": 4096,
      "sha256": "c1b0e895f95b19ab10de3757aecb6c5198838acfa2951ee8be1c6dc87b9a3b52"
    },
    {
      "path": "state/node/dfs/chunks/blake3-6142197429a3316fff194552bb29487bc80a520e91e39b4f08c80823ef6683af-4096",
      "bytes": 4096,
      "allocated": 4096,
      "sha256": "45c0fa548b265ead7f145a745fd9055f3ba187ecf5659d0b16514f5f408ddb4c"
    },
    {
      "path": "state/node/dfs/chunks/blake3-62465169cfbdc0268eb93adfc3679e28d30053e56d3c9d306190a15785eb1abf-4096",
      "bytes": 4096,
      "allocated": 4096,
      "sha256": "32f2aa8ee14afc29f92df45e59efa4bbc89dc37d537e15e9a7b8e3c0fec280d2"
    },
    {
      "path": "state/node/dfs/chunks/blake3-ebe3b45a5dacb07ae86ae98da08e991c87267e17cbd428cf82298b5eb193b7e2-4096",
      "bytes": 4096,
      "allocated": 4096,
      "sha256": "15ed42df88974124a6f94d3f0e0d07087ee6d1eaf6d29d5e00359e5e163e51aa"
    },
    {
      "path": "state/node/dfs/chunks/blake3-b535cae24ca49b96e77b97c4bc32237962aa70755cfcb7ebe7438593098710cd-4096",
      "bytes": 4096,
      "allocated": 4096,
      "sha256": "0af6124cd8cd2a3d97fc356cde2157a1facd7159c5c102ce626efaa9be9dd8f0"
    },
    {
      "path": "state/node/dfs/chunks/blake3-bd77c4c1e593d6ae4717a2e0faf8b9528ee842895c1253c484059e3c5e1eaa64-4096",
      "bytes": 4096,
      "allocated": 4096,
      "sha256": "82cf6b5bffffafcc4c9b38c4faf60c2f36373704a4bab07407553d18afab886f"
    },
    {
      "path": "state/node/dfs/chunks/blake3-a7359e490f7356cac53e086e4f830e6ba8878bc1bd61fe6b68bda2d84e9ad5be-4096",
      "bytes": 4096,
      "allocated": 4096,
      "sha256": "767a11a92c2f70655368ef9c1977610d8ac685a937a2115ef8124ac01b809541"
    },
    {
      "path": "state/node/dfs/chunks/blake3-cc260b8368f38c8f960497e4d5b3c13c2761107d0622f107e11778e24d6645e4-4096",
      "bytes": 4096,
      "allocated": 4096,
      "sha256": "2409517d668bb2ae9ac811c047fdb495036aa524f512699f5041433c74a9500c"
    },
    {
      "path": "state/node/dfs/chunks/blake3-6c2c223ecd95a80e05a6bffea7809ccea65428fa4e0c2d172b52f66265d02154-4096",
      "bytes": 4096,
      "allocated": 4096,
      "sha256": "e66ce5192b5e967eb9aa87fba6d8a6f1a22d3d3eaf4096f04daef8974a1be51d"
    },
    {
      "path": "state/node/dfs/chunks/blake3-38099d511c64ab3966ae68fa25f9af4292fd2733eb735ec887e5ec9eb79141e9-4096",
      "bytes": 4096,
      "allocated": 4096,
      "sha256": "ad11e365983b2794afda78ed253de3d28472f98cf00b43666c0d5dae4e2bd4ac"
    },
    {
      "path": "state/node/dfs/chunks/blake3-55df0a52e15d723b1f7abcb0fc1b25ebcc5f680aacf1e56f3ed5f08bee131b01-4096",
      "bytes": 4096,
      "allocated": 4096,
      "sha256": "2d62547247c53ff8441dd6433016bbe5a65dd0d72e84b634c6b3291ab20044b1"
    },
    {
      "path": "state/node/dfs/chunks/blake3-fcaf0f349fbaf3190203de172df667596b50661b7da98f7d9da4b376f4b59284-4096",
      "bytes": 4096,
      "allocated": 4096,
      "sha256": "b40d7428843ddf62c4d49dd184684984e0286b88e916965c21348f83806cfeac"
    },
    {
      "path": "state/node/dfs/chunks/blake3-a1beca85bac0c7ffc493ffb726d5c002562c7f5894f7529cdc0e44e3438f6838-4096",
      "bytes": 4096,
      "allocated": 4096,
      "sha256": "32ebeb76603ca49c072a0f5576d48cab0bbc3660e6ceb75d8c705b6ac5fceae2"
    },
    {
      "path": "state/node/dfs/chunks/blake3-38ed39a834ddbf88f154599a78b7b73650737e7a8c5057ce5263da17543c10ab-4096",
      "bytes": 4096,
      "allocated": 4096,
      "sha256": "5ba6c6c955e38106c804da6249c44f164d2eaff6f2c9e1c1eda4400664c444d5"
    },
    {
      "path": "state/node/dfs/chunks/blake3-cc8559c9af57d2ce99d66c0b213151706c9ce6124dfe4e1a0a039d23b23dc3c3-4096",
      "bytes": 4096,
      "allocated": 4096,
      "sha256": "8d32ff1b89633e42e6e9653fe1573065386dcd38c6e6cf77dce14d1f4a4866c2"
    },
    {
      "path": "state/node/dfs/chunks/blake3-b28de9c38cd664875f1d6f1c4c8fa4e219f724a78b3f2fca26e330d341f55f1d-4096",
      "bytes": 4096,
      "allocated": 4096,
      "sha256": "ed9dd2b9c5151956cdb7fc49242e1dff3293ea92e61f3924fbd5a4dc0d93f9d1"
    },
    {
      "path": "state/node/dfs/chunks/blake3-0c254338ce95cc024645ced71e09027192eaad9d627c47994a876a001a8ce557-4096",
      "bytes": 4096,
      "allocated": 4096,
      "sha256": "e484af5c256f28378271443d0fe1949d1a20f595ab1507fbcf8d6bbbfc440703"
    },
    {
      "path": "state/node/dfs/chunks/blake3-03f441722332d0c48c2d56b382096b2e71534fd5fc59c791d61b10bac5ebe2c6-4096",
      "bytes": 4096,
      "allocated": 4096,
      "sha256": "3716a8e611ddc1a4ea6a930f200830e780374a76b809567ce548bd5825e57c7b"
    },
    {
      "path": "state/node/dfs/chunks/blake3-9b6d71fd51b3fc95cb5f5fea5a756a5a8ac401a4d7b3cc2c57ebc333dc5b1818-4096",
      "bytes": 4096,
      "allocated": 4096,
      "sha256": "37f97eb784dc2da1a977d14f03ed1c8da0749a263482e22ea146e66047191f4e"
    },
    {
      "path": "state/node/dfs/chunks/blake3-04551295b34d1141485f27b5a63ddbb9414c778ed4742eb2548a25fffbe08e06-4096",
      "bytes": 4096,
      "allocated": 4096,
      "sha256": "bedbeff7d8240eda4661f2ea2c966cb83fdd2b4794894a9674f2eac74947ef88"
    },
    {
      "path": "state/node/dfs/chunks/blake3-b17a89d82e46b6d60da52835d310382a4fa7ec758bd69c3478b4faa53d0a3dbb-4096",
      "bytes": 4096,
      "allocated": 4096,
      "sha256": "d4ed1c6b9f717f6389645dc19f390a4f1861b302ece5ad919f2a62a6bc776be4"
    },
    {
      "path": "state/node/dfs/chunks/blake3-605e3689f63d8edafcb6e17543cca0ffcdacfc24c78ac9056644dbf91b235a8d-4096",
      "bytes": 4096,
      "allocated": 4096,
      "sha256": "53e56bcc46bb4f7d279a46fc3d3b2b1f097ead0b02bedf2d3b80d0ba8f831b4e"
    },
    {
      "path": "state/node/dfs/chunks/blake3-41b4681386a8e826fd36e83bfa90c97dcbd644b2c325e3408c857e0c88e41148-4096",
      "bytes": 4096,
      "allocated": 4096,
      "sha256": "67af69e10dbdab51088d61e7214ab3c5119cebcc418ba78068bbc635e819e5e1"
    },
    {
      "path": "state/node/dfs/chunks/blake3-16721645eeee1dde19b7381e63690c87b3cf917d549c968862d1507f89b7ed55-4096",
      "bytes": 4096,
      "allocated": 4096,
      "sha256": "aa5d40b70cf37ae3f8c2bd0ab17d0d9c5cb69fb87619e939f5e4b319bfb358d5"
    },
    {
      "path": "state/node/dfs/chunks/blake3-c993121f68a3fa5902e678168edcf4fbf1e8b80843f404ebb60f4f795897a6e2-4096",
      "bytes": 4096,
      "allocated": 4096,
      "sha256": "dcb7740eba55ce5d4b25cb9a766711214856dd9688fbdde938c7437771f02164"
    },
    {
      "path": "state/node/dfs/chunks/blake3-7ba356275187f51c5bfe56525294fbc7eed1a0a64c9130b521274a8e1e06250c-4096",
      "bytes": 4096,
      "allocated": 4096,
      "sha256": "f527c520417a58ddebb34278779cfac2f7a23db7fdb3b9349caa6435013743c8"
    },
    {
      "path": "state/node/dfs/chunks/blake3-e0af4f67ddae6a84fd66bbe5832dd0cc36898de76fa7c43079f1ccc1d2073fef-4096",
      "bytes": 4096,
      "allocated": 4096,
      "sha256": "76ad40560b68c6bdd74ed713f274fe8d1b09be35c66deae07b5119fbfa47c942"
    },
    {
      "path": "state/node/dfs/chunks/blake3-b46bd4e1ea90d0582a4f530069921ce0ace2d1ba9205a73a027016bf9d4843a9-4096",
      "bytes": 4096,
      "allocated": 4096,
      "sha256": "472b91e1ccbc4460935c0761f1720fe4c3f9e3f107c3cf17f594d94ee7bda7ab"
    },
    {
      "path": "state/node/dfs/chunks/blake3-14271a45111db54927b9160da33e01f35a7585e06f4581ccef36617f6aa6737c-4096",
      "bytes": 4096,
      "allocated": 4096,
      "sha256": "59da994eb5c510e484f6ec1a28e91d19d039de5f4b35b2fd8374bf6a630bcc89"
    },
    {
      "path": "state/node/dfs/chunks/blake3-632bde4a38511b0f2ae7336766dae01d64cb8af822fd778fb9d38e72de9733b6-4096",
      "bytes": 4096,
      "allocated": 4096,
      "sha256": "d0e0b35bf565186e591ced4de7c6070edb7cbfbddd93afa8b58dfb754c1e0a9f"
    },
    {
      "path": "state/node/dfs/chunks/blake3-c2361eec55ebda449ad1e12c9f278c82f12d280c063a394fc43e5b5c9654f972-4096",
      "bytes": 4096,
      "allocated": 4096,
      "sha256": "ddfe65572900a4e72c8c0a2b63b1a859ff2d00d2479f30068db641545aef5fdd"
    },
    {
      "path": "state/node/dfs/chunks/blake3-d0508d09d1fe95bac278151d05dc3734530d78509abed26e6dbb8428c823edfa-4096",
      "bytes": 4096,
      "allocated": 4096,
      "sha256": "6ad94c245d2beec84eb3611f7b188c2c46676602b233411aa73cfe7667726b7e"
    },
    {
      "path": "state/node/dfs/chunks/blake3-3dc6875296975684dc0d82deaf7da5b57038ed9c315368db8c1aebe7c59801c0-4096",
      "bytes": 4096,
      "allocated": 4096,
      "sha256": "9b713ce024a61fe822e123c26e98b6e09945153ceff532f26f4fea9ca44c818a"
    },
    {
      "path": "state/node/dfs/chunks/blake3-834400f9841da3f00db161c1a0396e12f9a540b85f03f04604a2085d3cdc9efa-4096",
      "bytes": 4096,
      "allocated": 4096,
      "sha256": "9418854992bf1bff4472ab1879f0333b7d8e866cb6d7bd5f984918ecf116dc6a"
    },
    {
      "path": "state/node/dfs/chunks/blake3-b15f4efd010b1cf2c077820d719100498332057f1101ed01e3f1785480608e39-4096",
      "bytes": 4096,
      "allocated": 4096,
      "sha256": "b7c82993456336dbfc07b5f46f58e5c68c494931bbfed45341ccc609e58a0edc"
    },
    {
      "path": "state/node/dfs/chunks/blake3-dbd7b6a111616e593ce8a091ca0967fc8b8bd97e18a2ec53a87a2eb082ba918a-4096",
      "bytes": 4096,
      "allocated": 4096,
      "sha256": "cde9a59928ab3fd675d989eb77a98a388d7f680fe051a00ddbf321de2fdee1c4"
    },
    {
      "path": "state/node/dfs/chunks/blake3-95e29edfb27c3bda90a5e59b3c69b01a71099c0d5edd7ad40b0b82663ebdb27a-4096",
      "bytes": 4096,
      "allocated": 4096,
      "sha256": "0f1fd08879a95f7dce5a4aa80021baffec5a5a412f141ed12fa5be57deea4e90"
    },
    {
      "path": "state/node/dfs/chunks/blake3-f9a0f87c1d37b13089db61d84183824ec410c03da07e26fafe5e38ce8b4ea8d5-4096",
      "bytes": 4096,
      "allocated": 4096,
      "sha256": "c52c23ba87e058d36906b9c2940ead793f36c50d4ab102cf2975515a6b24eb75"
    },
    {
      "path": "state/node/dfs/chunks/blake3-f9e43cf5aee159e75e308aea22b678e91c42930cc69d662dea4354971f390b94-4096",
      "bytes": 4096,
      "allocated": 4096,
      "sha256": "0a17f8dcd5ee37d6f1f2fad6f1690aa26f55b59e067883936cb258977b4a99e7"
    },
    {
      "path": "state/node/dfs/chunks/blake3-9da7e3381ac00ebdf48180b42a11be546f026b643aacfb1b68e85d1a1c3eecaa-4096",
      "bytes": 4096,
      "allocated": 4096,
      "sha256": "2f361671f3eae20eb8981d8786505742dab126f022363cb205ccc4b49fafc208"
    },
    {
      "path": "state/node/dfs/chunks/blake3-e7484601de1d0dfd82190ed07d7b2e36146d83772be52d7a1bae3435804c3641-4096",
      "bytes": 4096,
      "allocated": 4096,
      "sha256": "ef4c8def7724a7533abcd32acfe7f8efc89c6595ef53dc3f30f6893b22d5c203"
    },
    {
      "path": "state/node/dfs/chunks/blake3-7fd1b7a7dbfd513087939c3faa46b15fe3da33d0fd2d3d1bd61b17f3224ea44f-4096",
      "bytes": 4096,
      "allocated": 4096,
      "sha256": "c5858ed2cca594a899fa9c9ab63bf2c46eb7955c16ba9f0acc941043afbd4a28"
    },
    {
      "path": "state/node/dfs/chunks/blake3-ffcfc4a1ce07e870d1972da25ac2c35e1671926c8248be171fdea865fb21b9b9-4096",
      "bytes": 4096,
      "allocated": 4096,
      "sha256": "13b76393a2c12faae6c5f9c55c36f4d29dbd6f5429dce3a58047a7591a62c37b"
    },
    {
      "path": "state/node/dfs/chunks/blake3-fb687d49bab759608898aa40e18d4ccc01c7072600d2314fdc0ba23b92befb73-4096",
      "bytes": 4096,
      "allocated": 4096,
      "sha256": "b01e447a54374c1768e6504f01f6cc8d8898ed75fa2cc78e091e547bed97b56e"
    },
    {
      "path": "state/node/dfs/chunks/blake3-c6bce2dc7de5053d9bcdef8944e58a31cf7de09cc84f51757d6eb3af8186700e-4096",
      "bytes": 4096,
      "allocated": 4096,
      "sha256": "79d917870cefb81adb33a12bf10a1f7ce17cdc410e0f66ba5a21215a13306e2c"
    },
    {
      "path": "state/node/dfs/chunks/blake3-2196f1acb39b54433ba6563cc570b77f6a0b48aee29131a1f739079829eccba4-4096",
      "bytes": 4096,
      "allocated": 4096,
      "sha256": "5354332812940571b281fa0f01621c50f6d6bf5e1a25dc9c7b3f8d63b90dbf45"
    },
    {
      "path": "state/node/dfs/chunks/blake3-0a8975d71b2d86a8baae151b458b689f2a596ebbc363e9e040bc939f16439e06-4096",
      "bytes": 4096,
      "allocated": 4096,
      "sha256": "b028ad0a237c228b35a58d56213e633a97df466f832d0273445b47457b8ef7ae"
    },
    {
      "path": "state/node/dfs/chunks/blake3-bacce79c72e4a505910c77837e2ff60c76dcd49289abaa88c66c41c70a589c1a-4096",
      "bytes": 4096,
      "allocated": 4096,
      "sha256": "6bbea2e70b3e674202064c5c46e04440a48695504ddec67028a832d0a310bce4"
    },
    {
      "path": "state/node/dfs/chunks/blake3-8084bdcfbbdd69f37decc9c027cb216b12b7625c9fcebd0c444b60d776d74b0b-4096",
      "bytes": 4096,
      "allocated": 4096,
      "sha256": "ede5e099677e04a61ac9b09d909a7c1dc9d61f64ca0c33ae74fff5f8adb3dbb1"
    },
    {
      "path": "state/node/dfs/chunks/blake3-e97e235805fc1652c9b43dfff9c748fe546795c906a8d5c603ee024fa405dfee-4096",
      "bytes": 4096,
      "allocated": 4096,
      "sha256": "37f7ddde47ca66c246260f04dd21b45aa27e154c95f4b6c51586b2826fb6c6df"
    },
    {
      "path": "state/node/dfs/chunks/blake3-2935f8086a6135f2eff22dec509d92a7b5236d66e2a416b00a84ac2baf2df296-4096",
      "bytes": 4096,
      "allocated": 4096,
      "sha256": "47fbe90b6315bc08cbc90ad58c7d41749941dfd761ae3f97c4eb72fa8f0fd592"
    },
    {
      "path": "state/node/dfs/chunks/blake3-de784b722b3de508efea04320b675bb2dc4fb487a98da312927a60939d7b5f31-4096",
      "bytes": 4096,
      "allocated": 4096,
      "sha256": "0cab07fac913bd3d9a2bce7ac16a3a7fac258ed9c1a419941759dc05b3b209e1"
    },
    {
      "path": "state/node/dfs/chunks/blake3-f889096eb2e2623d63cc6a9cb6caadd228dd9d71c2a1a90e5096fe691c6e78f2-4096",
      "bytes": 4096,
      "allocated": 4096,
      "sha256": "adb0bbbd83fa6e94acfacbd7e46f3a42dcb7a2b5650db542c30fe97cfc81221f"
    },
    {
      "path": "state/node/dfs/chunks/blake3-8664b8cf96fbd39963902026e440c09ae9a41c579e930efe5487b65e1ba923bc-4096",
      "bytes": 4096,
      "allocated": 4096,
      "sha256": "491dffb47f7eb17a923fbad45325298255312e1f472e35069f375d00abb0b4c9"
    },
    {
      "path": "state/node/dfs/chunks/blake3-4e0c07392e8ec70813211b78ba79c6b94e4d0fcb87cd7a64cb0cec08247f74d0-4096",
      "bytes": 4096,
      "allocated": 4096,
      "sha256": "61c8c66dc9567b9fb7529240bab7bfb91b40609536851185ccb1eefb9d558d78"
    },
    {
      "path": "state/node/dfs/chunks/blake3-0a668f8177ed10b88589374dbe78f45a0083b3a23736ea9b6e9218d496fc7316-4096",
      "bytes": 4096,
      "allocated": 4096,
      "sha256": "88dce0a714cc8ffa981e9ff6e7b171ad15ff1cf7e7badfc4a2277abca37dcd5e"
    },
    {
      "path": "state/node/dfs/chunks/blake3-b47422792f3606dd992229fa1c8b803ece02ba2aef75041ca25d9a8cfd923eac-4096",
      "bytes": 4096,
      "allocated": 4096,
      "sha256": "366bcb11c90ae4e1fb4f14f54b4d81d2de30972981834670694b02ce5e0bb70c"
    },
    {
      "path": "state/node/dfs/chunks/blake3-f1a1734a3e517cfd8fc535a7787821d21ef385ab7288cc3618996a0aeb6ddd2e-4096",
      "bytes": 4096,
      "allocated": 4096,
      "sha256": "856f8da805d7076ab74f01808aa3d8fb800161572b8408232f76e311f0f9fa6e"
    },
    {
      "path": "state/node/dfs/chunks/blake3-3b50370ade0b13dc0026c851e1dc2ec0d6e08e8af4932875f20c7aa70ff68206-4096",
      "bytes": 4096,
      "allocated": 4096,
      "sha256": "8720736c56cfaec20d30654b4416654ece80dd5cbe7eeb030e2a34062be9693e"
    },
    {
      "path": "state/node/dfs/chunks/blake3-a774a0f4ed3fd120c8bb7fd2ae2e5ae2fc40ba634060bc7b4acb2a8ce24655fd-4096",
      "bytes": 4096,
      "allocated": 4096,
      "sha256": "044bc57c11955e6a71870ad3c7070d5bd121a3fa10b300f793fbd94714f5390c"
    },
    {
      "path": "state/node/dfs/chunks/blake3-c2bf2e61cea8c6854db0a88a56f0b31caeba121b73a339c04a5efe6ecb0c55ff-4096",
      "bytes": 4096,
      "allocated": 4096,
      "sha256": "e0dda57b0af8d2fc633144983f152c239ee3feef34b876b3e7f321d49ccf1a1e"
    },
    {
      "path": "state/node/dfs/chunks/blake3-9c4ae14f53b43c720ce8410ec2f4cc4488fff817206e265d4a2ffa0e9dffcc2d-4096",
      "bytes": 4096,
      "allocated": 4096,
      "sha256": "2ca40661d9c48e3c968e16e6e16bbbbcf8436998e4ec55731fce540d3ca48e1f"
    },
    {
      "path": "state/node/dfs/chunks/blake3-34dbb082f1e9dd24f312432bc93480dd2b5443318a9558d2e911852edf656dca-4096",
      "bytes": 4096,
      "allocated": 4096,
      "sha256": "64e00f10721f30b7353687d2edcb8be51908ec9be025a9026d36397b1772f1cd"
    },
    {
      "path": "state/node/dfs/chunks/blake3-43ecaddab55c25abb3b1033b49df97761e5417657acdd6f5b543f9dfd3de4ddf-4096",
      "bytes": 4096,
      "allocated": 4096,
      "sha256": "5c468f615f2b7a3a3cef81ce8e7091730bd0662b57b130e19658f5825b33971b"
    },
    {
      "path": "state/node/dfs/chunks/blake3-7560951b0b0383afbefdee9ed71cf9ee21782a5b4a414e83d3ba2cce5c3871d0-4096",
      "bytes": 4096,
      "allocated": 4096,
      "sha256": "78f9d03e1513002a06732735bacd1193d0b1a37d0fb16a493e7f98b8bd7899f6"
    },
    {
      "path": "state/node/dfs/chunks/blake3-c424fd1bbb7f1699821b70123297c6031e5c89597998199d9c8f8b4e764984a2-4096",
      "bytes": 4096,
      "allocated": 4096,
      "sha256": "6cc6b57dde559736998930806aca556d1a03241b9e4b8431e1512db2e828649e"
    },
    {
      "path": "state/node/dfs/chunks/blake3-30006e208be199a18089583b3ee085dd3034aaad09c91f0cb226d37c86ef3b49-4096",
      "bytes": 4096,
      "allocated": 4096,
      "sha256": "9192005dee4fe33f487ab41521f497004c5d0edc71f34603357488a3671059f1"
    },
    {
      "path": "state/node/dfs/chunks/blake3-a6a97e2d12bd01bff595a40aac4807d801315b68ed5b8aeb7380ce8b35706d81-4096",
      "bytes": 4096,
      "allocated": 4096,
      "sha256": "4292679da1a488e31b8e8eda8c2736175ef78775b5f437dedc40401a97ed0f57"
    },
    {
      "path": "state/node/dfs/chunks/blake3-61c189b1de084b4442f1e375b6ae98a42daec853fac64557f108bca7fb17b437-4096",
      "bytes": 4096,
      "allocated": 4096,
      "sha256": "b24e76d865275b12d84879a118cdd172a5c66a37a325dfe0702e61b4373218ec"
    },
    {
      "path": "state/node/dfs/chunks/blake3-56bde4d99eacb811157ad6163a54d298f8da18be15fb9d0d15eed4f4a6af9567-4096",
      "bytes": 4096,
      "allocated": 4096,
      "sha256": "94dcf159f1e009e6bdd224bef6ecd36bc0ad323500684f700b5c88b0450eebe1"
    },
    {
      "path": "state/node/dfs/chunks/blake3-9e73f0c302086981f00eb48f9128a3a785e011c7c0c381eb817de81d8a96e862-4096",
      "bytes": 4096,
      "allocated": 4096,
      "sha256": "e818c769b36d67bb1355e48ee2154a9192634379df10a1f5efc85fc370378042"
    },
    {
      "path": "state/node/dfs/chunks/blake3-987d41eaf309d18b70a8e39e52b5e7403c008c55521efe4cdbf27595285955f9-4096",
      "bytes": 4096,
      "allocated": 4096,
      "sha256": "b4a3d28774139781b138bb89161e8f197b02433a9028f1e2fe5c156226a614f4"
    },
    {
      "path": "state/node/dfs/chunks/blake3-f09b789077e2547a8fa15f705fbe463a8db45ea3e8608381b3a5d54d50f7c65c-4096",
      "bytes": 4096,
      "allocated": 4096,
      "sha256": "7ce414cc31226591fb716b966feed93339b96a11606dee1636a402b468ad2162"
    },
    {
      "path": "state/node/dfs/chunks/blake3-f6dc5c6b434c0bc9ecc4c3e7bc3cb615eb4b277c7e2b1a5ef4378d8c03ba7ce4-4096",
      "bytes": 4096,
      "allocated": 4096,
      "sha256": "40cf02203bed4e6047f6ad84af9614cd48cb6a8a4ea204cd7d09c77682e943e1"
    },
    {
      "path": "state/node/dfs/chunks/blake3-c96af825d6f44217b6ebf6bf9252238d4ffddda23c6d103ed98184febcce70df-4096",
      "bytes": 4096,
      "allocated": 4096,
      "sha256": "72f6ffb9347eff112284635cfb8b761f90c73975352aec754e79eadcdb9bad89"
    },
    {
      "path": "state/node/dfs/chunks/blake3-4dc65d849075c3a526b43bc0dbb910eec8db4780cfd65864d5963fb4d42bcf00-4096",
      "bytes": 4096,
      "allocated": 4096,
      "sha256": "8a11e4b9cc7ca08b5e36e2a72420326a59f7c61b86ca5c3237c74dcb9a983eea"
    },
    {
      "path": "state/node/dfs/chunks/blake3-928fe504fedb271b8797e5146e360b7281b1e00866a38a6c33e84a5f3029fa4c-4096",
      "bytes": 4096,
      "allocated": 4096,
      "sha256": "38091b63a677bd3e116a5eac1bfd00341e9794d09872b1164376db0ce7f97319"
    },
    {
      "path": "state/node/dfs/chunks/blake3-c2b38101e66442e427caef9c6c9e89535a75b744b964dc74e39438dcf417934f-4096",
      "bytes": 4096,
      "allocated": 4096,
      "sha256": "527ef90adeacd11971cba658541dd5570b57b76b70e3a4033540243eebeb8cff"
    },
    {
      "path": "state/node/dfs/chunks/blake3-14c10493c586e035d437c89b849f321a9011060e3404abc8b7181d1fbbd26cd9-4096",
      "bytes": 4096,
      "allocated": 4096,
      "sha256": "2820cd74d1dd2ca1cd04436f7c4228fe5a23bcb7f0855880d30d5da9f0cb88ff"
    },
    {
      "path": "state/node/dfs/chunks/blake3-62970f8e3bbbb318b3ca4b0b16e2cdede8fa278e3e135d235f6509338f5585f0-4096",
      "bytes": 4096,
      "allocated": 4096,
      "sha256": "611bae2fb8b8b704c7201c555a318acce0a296151f5aed5206b59ef6bb927598"
    },
    {
      "path": "state/node/dfs/chunks/blake3-d36dd6358c35015baf3c915b4e4f59806949b7a26247c6e89fda36a11a2749d6-4096",
      "bytes": 4096,
      "allocated": 4096,
      "sha256": "06c6feaf327128c77521970dedcac61df039e25ab8cac5e64ca7ce62faab9d1f"
    },
    {
      "path": "state/node/dfs/chunks/blake3-3172b43eaab57b88c7f2c4c618ef9b80e3754c10a19ee23fa6113911a872781d-4096",
      "bytes": 4096,
      "allocated": 4096,
      "sha256": "6a667de4a67ea0b5eb983c33e6c92a29caef16f93fa96cf5606fdd2295d35f41"
    },
    {
      "path": "state/node/dfs/chunks/blake3-9be3d1e1062ab46b1fcf7e8351a5e8a51ef1d67395f123fb17b66c82e1e470df-4096",
      "bytes": 4096,
      "allocated": 4096,
      "sha256": "5957f5903b063b0384737a903959e7031cfd176ceab5916f6e82a20dc789b5cb"
    },
    {
      "path": "state/node/dfs/chunks/blake3-4838d8eec025fc43728435a3cd9154024a9231e7510a76d3a418c545da10ba31-4096",
      "bytes": 4096,
      "allocated": 4096,
      "sha256": "1340fb41710c6160a3fe8a755f6183eb48537521b091aa3f22d40f2200eb49c9"
    },
    {
      "path": "state/node/dfs/chunks/blake3-4971aa9c801b0494da743bfd28ea2f4d089b28e0a2f608fe868c85b35971099f-4096",
      "bytes": 4096,
      "allocated": 4096,
      "sha256": "793866c1b4b73106cac6d2c79d5195126350440a935421eb0ecb114736999fba"
    },
    {
      "path": "state/node/dfs/chunks/blake3-bfcff22f4540cf5e4917b24170cf682eefcf351c0352907c5b7470af31b9722b-4096",
      "bytes": 4096,
      "allocated": 4096,
      "sha256": "262e048dd50f1254ffb961261c89da0b396c263812c8d278e3a8d997180a4f1d"
    },
    {
      "path": "state/node/dfs/chunks/blake3-f6bd8478ed0ab6140cbd06644333bf7a15179843fcaa7bff29ecfedb135237f4-4096",
      "bytes": 4096,
      "allocated": 4096,
      "sha256": "631166336f688fac89fc34b00ab7a8465ce63192a4e567c83fa57c84a146c58c"
    },
    {
      "path": "state/node/dfs/chunks/blake3-7efb0428e4b6d480cb9d69ddd0facfbe0ffe4ea5ebd1007030baa4f29786bd82-4096",
      "bytes": 4096,
      "allocated": 4096,
      "sha256": "b44d5d7bbddfe655bfe4ae0a542ade5b19ae04ce5fa61bd32bde8561415b7cb8"
    },
    {
      "path": "state/node/dfs/chunks/blake3-71332db2f33d4cd1983e76a8fa6fea7b6f306b800f03ae298dd3bb2f24bd367b-4096",
      "bytes": 4096,
      "allocated": 4096,
      "sha256": "86c1dd9fe7ce992402d6e74ed5f0c08d1657e925e85116b3322d9e9a17517514"
    },
    {
      "path": "state/node/dfs/chunks/blake3-d68221169a05fceb1687a1d680b028851adb19c368318bb920266a86015d0b98-4096",
      "bytes": 4096,
      "allocated": 4096,
      "sha256": "9e078f22956c001976f4b936daa70c03498867581b1967ce73d60a8c8b3af184"
    },
    {
      "path": "state/node/dfs/chunks/blake3-96b75fdec9286dab58397c145cabff1a73ce6b5236258fdaa968f75d3f913021-4096",
      "bytes": 4096,
      "allocated": 4096,
      "sha256": "a9e31e09ad5d17bf6e06f55c721fee05160661a23cc0f3377c2572fec6d9ab8b"
    },
    {
      "path": "state/node/dfs/chunks/blake3-6558796ce5928b002c20b1b22a5b4074ca10c08fe31594619ddb399ba7544087-4096",
      "bytes": 4096,
      "allocated": 4096,
      "sha256": "57184ab540897f6ed2281da27ff154a0ff63060bebf30a536ecaebba093ad972"
    },
    {
      "path": "state/node/dfs/chunks/blake3-4ba09aa79733784aa1d72427312154412439799804e6c72e1ee4336b3cb40a7a-4096",
      "bytes": 4096,
      "allocated": 4096,
      "sha256": "c98c8e9b311c1a5f581d6a35ea4cc2736dbea29b2b2563d058f1b318f78effcf"
    },
    {
      "path": "state/node/dfs/chunks/blake3-91f72b6612cda368c9ec2397cdae4820dd4352ed9f76bf3b85e71a8332323d63-4096",
      "bytes": 4096,
      "allocated": 4096,
      "sha256": "b5bc6130fd220148221c699f72d6520e54cb4e88e509389e1951e7a83368d196"
    },
    {
      "path": "state/node/dfs/chunks/blake3-544c517b0e7e5874853317ffd7d9c1609e5bdf336985d4185b6e5691420748a5-4096",
      "bytes": 4096,
      "allocated": 4096,
      "sha256": "4948621cbda44298d4e44c20d77ef7902ba163bd3cad16f5fd0117c76342aa17"
    },
    {
      "path": "state/node/dfs/chunks/blake3-ba3034c24d877693c29eca44ee21cc402148c952454644bd32194180be8f98cc-4096",
      "bytes": 4096,
      "allocated": 4096,
      "sha256": "3c4b875d42bcd2365a1ff9a95f0a4f0f44eb2e77e9a63b9f00b6f4899c2de2ec"
    },
    {
      "path": "state/node/dfs/chunks/blake3-16e1d4bfe82e7a680729b6fbf448995bf35f93e1ecd05ea67173c75a22f14799-4096",
      "bytes": 4096,
      "allocated": 4096,
      "sha256": "3d6ecde5ad1b890b2887e38505b4cb7569d707a3a4eb877da411863310683821"
    },
    {
      "path": "state/node/dfs/chunks/blake3-8d256008c9d277fa13bfd099ada998efc6fa4345c6c7392af849482249d5f75c-4096",
      "bytes": 4096,
      "allocated": 4096,
      "sha256": "69d62256642999dfd350aa531c2cbd0566c1a19264f16dc4fc237bb99fc5e7b8"
    },
    {
      "path": "state/node/dfs/chunks/blake3-5c50b9d55d6748ca90f60f3b133d54f1cc5d880bc678555ff8be5b61c7899442-4096",
      "bytes": 4096,
      "allocated": 4096,
      "sha256": "101acd7e0dc4ab53574096b37624d6e581bf2be4d7674a13e9916be233ea61a3"
    },
    {
      "path": "state/node/dfs/chunks/blake3-cddd574d3cba53894109f98cbdea5b77cc07cc45a42246000e3012d746ca7210-4096",
      "bytes": 4096,
      "allocated": 4096,
      "sha256": "12fc48a5bb99889c5a976b052940aec631aa47842d4eb900a3637d06f55fdad1"
    },
    {
      "path": "state/node/dfs/chunks/blake3-f38b21a9dea48875d2dd3b1bd31922ddb5aab232e9a4f8209cd8cd2583c0cc1d-4096",
      "bytes": 4096,
      "allocated": 4096,
      "sha256": "af57f28c3b59b590b5155a5eec40e8094fdf053e14e9eb83c9ce00bd4da6d64c"
    },
    {
      "path": "state/node/dfs/chunks/blake3-dec978f7c4f6fef7970ce39b5bdc9dfcb962810d032911950a7c2827b834ad5f-4096",
      "bytes": 4096,
      "allocated": 4096,
      "sha256": "263182595d4d8c078591a32def081ef5c57a136cb0123d0c81cbc6dd9fd5e3cf"
    },
    {
      "path": "state/node/dfs/chunks/blake3-0b4dd75ad32bcf90be0d5d1ede1ce4d3837f4bddcb43ae2a78202080f5f71fba-4096",
      "bytes": 4096,
      "allocated": 4096,
      "sha256": "f00f271a9b1d2b9677e914db0e5252512195528312094e1d288ff3c00265d8d5"
    },
    {
      "path": "state/node/dfs/chunks/blake3-adf1c569ddd4b534f63703abc650114806a4a6a8be8d44666b2f81c27032cc75-4096",
      "bytes": 4096,
      "allocated": 4096,
      "sha256": "7c7d8f81e92f844ac204f15f58580e3ffc7e4c242e8881ae7b96cf7b4ca97433"
    },
    {
      "path": "state/node/dfs/chunks/blake3-9473265a937d61f182c58ba03f33610f789df822c4781eb38840c99b30fc0323-4096",
      "bytes": 4096,
      "allocated": 4096,
      "sha256": "841973906409e24accf9fcfe4f66e9e197096297346ff737814278c91134c53a"
    },
    {
      "path": "state/node/dfs/chunks/blake3-474468c8ee40af2bc350a382a3d9759be8b542f3a84eb851c0ce806aa5422fa5-4096",
      "bytes": 4096,
      "allocated": 4096,
      "sha256": "e474476a74d7a540a79e16d7911af1e11feb4ff7c2fa3988e04c2e07f4f894e2"
    },
    {
      "path": "state/node/dfs/chunks/blake3-16addf961c03aa1b98be3d59f0dbed3c508e49293b194d49af567c46652f9fd2-4096",
      "bytes": 4096,
      "allocated": 4096,
      "sha256": "cbd874b48bebe53930a9d3ee7dc2962c41410aa5ba5c9e0a37cc05475653a0e5"
    },
    {
      "path": "state/node/dfs/chunks/blake3-d46391c8bd213aa3b5f70986fa67804462a38512457c1769912e063f4671b4b3-4096",
      "bytes": 4096,
      "allocated": 4096,
      "sha256": "02d95d7b3e7e8eac8b2d1adc188ee18a3a6c872e0d96c1bc4025b592bd51f8f6"
    },
    {
      "path": "state/node/dfs/chunks/blake3-a53f467792cf3b2582a174d9266b7158a10b9939600f8218da60634f56852792-4096",
      "bytes": 4096,
      "allocated": 4096,
      "sha256": "74edc763ff3a1a7cced9b64e7688662393f783e12240fe6f22b93cbcb264c71c"
    },
    {
      "path": "state/node/dfs/chunks/blake3-7d48dcd63c0f4666f97be9092440ea2e3ed887c5f5e6ff446e09a0fae1958497-4096",
      "bytes": 4096,
      "allocated": 4096,
      "sha256": "4be0f78d0156f810033771f1d35af80f9b20424968477448b25885829274e238"
    },
    {
      "path": "state/node/dfs/chunks/blake3-6a1e02329095f0582fc71c0e0553e24beaa16dc37fb7b59d8a827d1fdd83b738-4096",
      "bytes": 4096,
      "allocated": 4096,
      "sha256": "b315eff2df67050e5f222516f85a3df61518a82c43db3797e1c692d2e366c7db"
    },
    {
      "path": "state/node/dfs/chunks/blake3-38fb84113135cacbc098fe911450db721bb60ee38cfd4260352a37a63828d4ab-4096",
      "bytes": 4096,
      "allocated": 4096,
      "sha256": "ff4f4416f8e1266e48d081661ecd2923a2f81bcd4609b8f0c812597109911701"
    },
    {
      "path": "state/node/dfs/chunks/blake3-346aa4138bfb8071f4eb08c454d9e012e6fd7f3b2ab22d0bb10b172e2474d690-4096",
      "bytes": 4096,
      "allocated": 4096,
      "sha256": "1d39837bbf920111aceb556c1a94d754820cdaf7c48ab15d33736d113f286175"
    },
    {
      "path": "state/node/dfs/chunks/blake3-41221a44af9968f555743f42a61853f0c07564074994a7e4f94c0d0d186f8d66-4096",
      "bytes": 4096,
      "allocated": 4096,
      "sha256": "d2f7bc157aad8db64be6d36625b1ab50a5721a5221262112b0ec342ee0ba6cad"
    },
    {
      "path": "state/node/dfs/chunks/blake3-f9de743473fd85aa9c35795af5b713e22d18aeeb650652535eb1caa037b2b4b5-4096",
      "bytes": 4096,
      "allocated": 4096,
      "sha256": "b92f22f2107f2496d3bf84964d9ad12cbfa506740af1adc0fb797a4e0351a0dd"
    },
    {
      "path": "state/node/dfs/chunks/blake3-e5b074147999da4b945135b5947b0548413a9c16cfdeea1e0e9dba249f67f527-4096",
      "bytes": 4096,
      "allocated": 4096,
      "sha256": "2a45283c861b6a89e15a5a7c69ff77a06156b56740f09d2fc3bffa3b88efd7c0"
    },
    {
      "path": "state/node/dfs/chunks/blake3-5831fb6b3bc18a47220fb169839237ddb93e325b4b21b63b7711b653dc8922ac-4096",
      "bytes": 4096,
      "allocated": 4096,
      "sha256": "598379bf36807c540e4687ea6c9f79423471f5110cf801f590cf3ba3359c9e15"
    },
    {
      "path": "state/node/dfs/chunks/blake3-8069108b738187efaf9cede9f4975c122941ed0ea67276a93dd738cba2edba92-4096",
      "bytes": 4096,
      "allocated": 4096,
      "sha256": "fc0cff6da0f2379c8fc3710eccb608216641f23b441ad0e07164a6fbb948c620"
    },
    {
      "path": "state/node/dfs/chunks/blake3-6f2d1e57e12dc83c7b6b809ff7af6be3d44f7003ee024bbecba5ba7ec41ad4a7-4096",
      "bytes": 4096,
      "allocated": 4096,
      "sha256": "bc18e2ccca9a47ddbd8b0eecf7671df31fab1cd321ea431ef8600a7605fd0cde"
    },
    {
      "path": "state/node/dfs/chunks/blake3-d9900be4eac4c4998d32ec7653eaabb439244b05454bd5ee2b730262d9d967cd-4096",
      "bytes": 4096,
      "allocated": 4096,
      "sha256": "c9a6877110e228ff416589abc5506545c9510c9df47ffa9d699cb96e75282557"
    },
    {
      "path": "state/node/dfs/chunks/blake3-bc626f7cdf8a112ec6b347226e95b721805b7a76190c4dd6c7ea8a4cbf272503-4096",
      "bytes": 4096,
      "allocated": 4096,
      "sha256": "0b4d5fbb6892792da2fe6821f20c26508b180cb0d264180b99c6132ab32d7604"
    },
    {
      "path": "state/node/dfs/chunks/blake3-8ca64e328dc98f67c91c2bb7aa45192b3a5e2818baa8b18e29949a70b3a77be1-4096",
      "bytes": 4096,
      "allocated": 4096,
      "sha256": "c521e97edbe9ae88353f380f7ddf49626d020dc3e5c575853ea1ac0674d4c9d6"
    },
    {
      "path": "state/node/dfs/chunks/blake3-1fb57796f63cdcc94ad83357eda66660c12517e5d0383edb948cc6d25f167329-4096",
      "bytes": 4096,
      "allocated": 4096,
      "sha256": "20bb7062a87543f025cb201f520049efd49ba4030e1c3dcec158776fe9801131"
    },
    {
      "path": "state/node/dfs/chunks/blake3-333a40d27f6be9df52cc9b6d03577636ef019776729b433036231acc04fa0858-4096",
      "bytes": 4096,
      "allocated": 4096,
      "sha256": "d1b466d75b067a9c744e95cb282fd545c6ed60fec71488a9aacb1dfe85ea21ea"
    },
    {
      "path": "state/node/dfs/chunks/blake3-2e568925d69dc1f020661bbeb0bbc6b3ebbb64f8576b0b6e72d93b632fd676f5-4096",
      "bytes": 4096,
      "allocated": 4096,
      "sha256": "9c6cacb73bcd2412a2b7e325343d9b4331c9fb60f561e4ca0d63cbc86b268015"
    },
    {
      "path": "state/node/dfs/chunks/blake3-fb2f5ae8b20e1ddbdde45b181cb322c769e234c1e67ae1f733d38be48f70d2a1-4096",
      "bytes": 4096,
      "allocated": 4096,
      "sha256": "d0ef95ab612c01db2a37533b5e803b26baefe85d685663b57afd4166e6ccc312"
    },
    {
      "path": "state/node/dfs/chunks/blake3-3769f6d5f4986915e7ed67996f79291ca87dc20814747a14f49055b406f0aeed-4096",
      "bytes": 4096,
      "allocated": 4096,
      "sha256": "98f6875289788a3b106115e0d98aa87a22e2ece03530b2e171b955483165b600"
    },
    {
      "path": "state/node/dfs/chunks/blake3-c5a560910a8c07b60befef860b00612f68795263163acb8de45fe92f28be290c-4096",
      "bytes": 4096,
      "allocated": 4096,
      "sha256": "82bc46047f36a3c671f80ac03d83a91c9d03a12a06adf894db4ac38cf2bfba2f"
    },
    {
      "path": "state/node/dfs/chunks/blake3-104058f766f7fdb3ef07a8a402b4183f49dc6d834ae3e23cc5e8365a009b6f9c-4096",
      "bytes": 4096,
      "allocated": 4096,
      "sha256": "be1c9f729ed861ccd38344107e8a6139dd014f5e5270089d450aa4184d619cc8"
    },
    {
      "path": "state/node/dfs/chunks/blake3-0929673c252388a8f8ba7ca98d8a36bf12a459da4871d12cd0c16cdac21be9ad-4096",
      "bytes": 4096,
      "allocated": 4096,
      "sha256": "f83ba3edf335604b324c3c4369edfacc9ff22d7261f07cfa1193511160e67cbc"
    },
    {
      "path": "state/node/dfs/chunks/blake3-462423405cc6064a2b34f7c183f495d545ea6f4394f4fba4e3aca8b5b2b530fb-4096",
      "bytes": 4096,
      "allocated": 4096,
      "sha256": "766c97e59a45e7d7b326feacecfe81ebc91ba736aec63c666651722794999ee4"
    },
    {
      "path": "state/node/dfs/chunks/blake3-b41a3f2712d7f66098106fb836c850bc7fb2189cc782631800d8cbb8c9216b8e-4096",
      "bytes": 4096,
      "allocated": 4096,
      "sha256": "bb04ed19a8df018cf659a1aa43467ac500e084672e590da6b15e7ba583b6c3b5"
    },
    {
      "path": "state/node/dfs/chunks/blake3-104fc2a5bd74ad77890e749c751a18fc72950170081103f0e5c1f96de8e5dcd1-4096",
      "bytes": 4096,
      "allocated": 4096,
      "sha256": "b7276a1c8eba088bd5476f73d247e40bd09cf9e4c8c46f7012dd79c980f767d4"
    },
    {
      "path": "state/node/dfs/chunks/blake3-c008883c807e23b89b109605124004ded0d3d5b3f4105c0b1614f51630602550-4096",
      "bytes": 4096,
      "allocated": 4096,
      "sha256": "90bd518c60c15eeb6c158251c5a7bec578e068e6799e5937088b3743191d0048"
    },
    {
      "path": "state/node/dfs/chunks/blake3-59a532f730f89463acc33a09b214ca6c5e091a2c5f14859481ad1af6768b15c5-4096",
      "bytes": 4096,
      "allocated": 4096,
      "sha256": "767384d7c2d03283f091c4698987e55625f75d7dd10799d68c330f0b2561ecde"
    },
    {
      "path": "state/node/dfs/chunks/blake3-1aba60de4dfd9d4f41501b9f07f1c1bd153bbf11a6c018ac8b96df8bb45c5e49-4096",
      "bytes": 4096,
      "allocated": 4096,
      "sha256": "fa5e0cbb88265ca0cbbf4d8d3da26cdeaf21826a789f2025927574a69d2fa9ff"
    },
    {
      "path": "state/node/dfs/chunks/blake3-9e257f9022051bea6758efd29cd82fa4ad11e3af0305ab90233dd22e9c21aafb-4096",
      "bytes": 4096,
      "allocated": 4096,
      "sha256": "831ab5bfcb650b768e3331e2be8e2e60628204460e72b205001946dfcec53104"
    },
    {
      "path": "state/node/dfs/chunks/blake3-f8fcbda6e7146ab9b764eca5adf36ebea0ca3875ef27d93ccfd74116ecf52203-4096",
      "bytes": 4096,
      "allocated": 4096,
      "sha256": "609ed6c7cbb7b184f51fb868be35111f41a6c8e16912b1d8cbfd08a6f2ccfe8e"
    },
    {
      "path": "state/node/dfs/chunks/blake3-58a7310b844a7335fa652034db65b59a6d50bf657b18a7d015789eb43e52ecd4-4096",
      "bytes": 4096,
      "allocated": 4096,
      "sha256": "9257d83dba6bbf584a074bb7a345ba800cb21d49275efb75032b92b52a478bdb"
    },
    {
      "path": "state/node/dfs/chunks/blake3-18f481d6352b55816998103f559137e5348512e61c6af9cb462d7cb7a52bc85b-4096",
      "bytes": 4096,
      "allocated": 4096,
      "sha256": "65272b1cb80e6f877c1cd1e6ce793c19f1882583e02888dc2843fda6923bfd80"
    },
    {
      "path": "state/node/dfs/chunks/blake3-ebd754dbb2a0b910e97eb41bebf503b2540c99f42e6651bf00f5cad845c4ef11-4096",
      "bytes": 4096,
      "allocated": 4096,
      "sha256": "099b15c131bab7607503377522a2e6a582b6b6bea678f5d8a3be82de129b619b"
    },
    {
      "path": "state/node/dfs/chunks/blake3-558c3fded7ae88b854104a3d7da179356ecaa94f2243a6dc0ca98ba9450f9d4a-4096",
      "bytes": 4096,
      "allocated": 4096,
      "sha256": "629c5d4bfdc9ec72965dc9dfcc1d7a54eded34e4eee97dba44d784cb9b01828a"
    },
    {
      "path": "state/node/dfs/chunks/blake3-8cd44ce341a9a6d94e93f291e6e5e2fdf3b866f4250bafd74c8d6ef8f8814136-4096",
      "bytes": 4096,
      "allocated": 4096,
      "sha256": "ef41e263aec89af3154105ffd0a59b4eeda45ac698197b21f47ee68b2cd7d34e"
    },
    {
      "path": "state/node/dfs/chunks/blake3-bb3233f40f29785bd90d2e54b3fcc72af3b5c2b548d9d3f38544f46b005b3bd1-4096",
      "bytes": 4096,
      "allocated": 4096,
      "sha256": "94b9ab8087db8d5bdce53ead5c14108bba4d3d00a7310ef6e3b2b1db4b986cc1"
    },
    {
      "path": "state/node/dfs/chunks/blake3-9148adf45053ea7d4999b4d20ef54b10ff7216db96a37a8b18b066bbd37bbb8b-4096",
      "bytes": 4096,
      "allocated": 4096,
      "sha256": "5207c0684529af5ee6586a71e6df47fac5e5f9fa9cb9f02e4a5dc0ae210f0164"
    },
    {
      "path": "state/node/dfs/chunks/blake3-b9b35bf5b38be3025b85a8df5e9a9deab483c83121f502beda74ebf868530b1c-4096",
      "bytes": 4096,
      "allocated": 4096,
      "sha256": "8c27c710d1fc082b35ef32fca30d28d9951bfef5af7fddd887a992579e7913da"
    },
    {
      "path": "state/node/dfs/chunks/blake3-35311952beb4eced84e83bb1e05d7672c51f49781cb761ec5ceee771664f8e81-4096",
      "bytes": 4096,
      "allocated": 4096,
      "sha256": "410d6217181dfb5300e3b3e722d42534364ad3eb53c2d17e3ac7b1e293334c9d"
    },
    {
      "path": "state/node/dfs/chunks/blake3-677a1ab8da78fb4d6b75b183a667be2f0c7cd4d738234df720b0019b6da9ab45-4096",
      "bytes": 4096,
      "allocated": 4096,
      "sha256": "4ab7dd5b077ab5bf2395bc72c95bfd634ad049daa775a28f2135723397e850c5"
    },
    {
      "path": "state/node/dfs/chunks/blake3-27a5e5ba45a0ddacb9f1828ca4ca718143385f6817cb895b31af70dc53e32854-4096",
      "bytes": 4096,
      "allocated": 4096,
      "sha256": "e77a83d0638e04c1cd36334aeeb5db67c76d1b5d30059910292a5c346e6cbf54"
    },
    {
      "path": "state/node/dfs/chunks/blake3-87273b98d2d1d5f5681e8af6e60af0bc9751f1e9d3249623125233338cb2fc31-4096",
      "bytes": 4096,
      "allocated": 4096,
      "sha256": "8a3375f184fe843820b3003f78831c5945c828b42b1258e262da083193ad44a1"
    },
    {
      "path": "state/node/dfs/chunks/blake3-15ec6a3281a136407ddc19bac0e869085871c950b8a105257e5efdac429501bb-4096",
      "bytes": 4096,
      "allocated": 4096,
      "sha256": "e542843977853c0b37e0d9d22f7c2bc45987c12c77c3f7c472855aa42c79aee9"
    },
    {
      "path": "state/node/dfs/chunks/blake3-b99678d0c3b11e2e1aaf559cef83945c431963ac4177757f1e6d9b2355a09c2c-4096",
      "bytes": 4096,
      "allocated": 4096,
      "sha256": "bb87a5a4a66ac0b21aff32bf1abb23299ae41891de7273ca5004a82dab7cf12f"
    },
    {
      "path": "state/node/dfs/chunks/blake3-b51d46c929296ecf215471c487965dcce25511f215699c385ccccbe8d79a4030-4096",
      "bytes": 4096,
      "allocated": 4096,
      "sha256": "4b12ec96bfd98f3e9de02506efbfe12aff58ff12c71eeedb18324f1b946738fe"
    },
    {
      "path": "state/node/dfs/chunks/blake3-c206428755f8a0c1f72435c746c41a730cfda6496a7133a599afc8986d256c1f-4096",
      "bytes": 4096,
      "allocated": 4096,
      "sha256": "8f7da3bce8306f27d01f3768c4ddb6e178fc9bd75d7b770683f067f254e2cf76"
    },
    {
      "path": "state/node/dfs/chunks/blake3-42c083afec6c2b6231fd86103f82e1b84013330d3b7889319029ddd3adecd9fe-4096",
      "bytes": 4096,
      "allocated": 4096,
      "sha256": "4729a31cd6d983f995ffc76019090f76fb3f04a84958ca3aaef58f3c85e01c58"
    },
    {
      "path": "state/node/dfs/chunks/blake3-66606d04b326cf3926317859722cf1fde327485768c626d708d6086f1a05f0d1-4096",
      "bytes": 4096,
      "allocated": 4096,
      "sha256": "a666f9e982817c79d846624da39efdedd68135de853b096dfce315e1bb2ab902"
    },
    {
      "path": "state/node/dfs/chunks/blake3-3e4354feae9561ea088e14ca64f15bcd4cf7273c422d741278e87db8f11cc26d-4096",
      "bytes": 4096,
      "allocated": 4096,
      "sha256": "0746bf0815536ad92fb46fcc1b4b97c49e41908e57df50630fcbf0d035252b8c"
    },
    {
      "path": "state/node/dfs/chunks/blake3-498a17bcc4c451ce171096b6c4ae75ce7e4fbc7d322cdc09284b340eaa233423-4096",
      "bytes": 4096,
      "allocated": 4096,
      "sha256": "6ba609729585cc8d3036eee697e61a117c4428fed27725ec8b56ce054c9c0e06"
    },
    {
      "path": "state/node/dfs/chunks/blake3-221cdbe2f71652912a0c022e37be862473807530eceab9027cef5fea9450c43c-4096",
      "bytes": 4096,
      "allocated": 4096,
      "sha256": "5cf8684d41c5da218e49a7ec34ac1cb6a4b4298465abd53cebe78fcb05093b00"
    },
    {
      "path": "state/node/dfs/chunks/blake3-43e4c7208a34c69e4156eccfc72fd5c20f1e5eae770d1438425cb9aff733f39f-4096",
      "bytes": 4096,
      "allocated": 4096,
      "sha256": "e0c49b9f683d6e38d7d4049267473dcbb2119e00303aef4d260d61731a1d5cd6"
    },
    {
      "path": "state/node/dfs/chunks/blake3-592df728225917264755e89c79aafd38d88093f7200a9bcf34498fd74a453409-4096",
      "bytes": 4096,
      "allocated": 4096,
      "sha256": "4a286ee57ba963b465732e4167a216b1973a666d897cd80ec5cde8342c542808"
    },
    {
      "path": "state/node/dfs/chunks/blake3-f59ffcb46f05b67e931665e58ea1e8d67c56440d6276e04967b86b0974852621-4096",
      "bytes": 4096,
      "allocated": 4096,
      "sha256": "fba41212f24af9e6e78174c9306d1c0d25a182898a6b6453b2ae75040346e2ed"
    },
    {
      "path": "state/node/dfs/chunks/blake3-6390c46f06b2f1c81f78ddcc02ada460955904dae017aacae67baf6d93dc81de-4096",
      "bytes": 4096,
      "allocated": 4096,
      "sha256": "eff53f541a2baefa0d4a41ea31262af924a936799d569af2739529beaa58eb38"
    },
    {
      "path": "state/node/dfs/chunks/blake3-1b1b1c7542b4d0800cdad20b42c10e93520d4957ebb83794a4352313e85b641a-4096",
      "bytes": 4096,
      "allocated": 4096,
      "sha256": "401dc268253ed4cc4ecf2cb1b16a9ddf3034c0f2dba864d64824e9eaa43367da"
    },
    {
      "path": "state/node/dfs/chunks/blake3-01c1b7379f4fa0114b964257b0c86e9f6fbafec7421c617e50febbe4a338f2ce-4096",
      "bytes": 4096,
      "allocated": 4096,
      "sha256": "1ae056538cf624cb759344c5fdb03a2dcb9115bbf582c206b3e7e6db8bcd6e75"
    },
    {
      "path": "state/node/dfs/chunks/blake3-223ace331f8042922679752d009ce6f426b5e340a0de561ccac518c4793ee2c2-4096",
      "bytes": 4096,
      "allocated": 4096,
      "sha256": "ec455787d6a61fc6a4be36edb15a1a680a00868e22af30a1367be45ffec86155"
    },
    {
      "path": "state/node/dfs/chunks/blake3-45059ef706408f64e9eb09177aaebd902b2fb2340aa9dbbd6882679038a7a69d-4096",
      "bytes": 4096,
      "allocated": 4096,
      "sha256": "69f8ab9328abf4f0fa9f178438fc98adbb08c4faeea8e7c44e12d74dcbd02623"
    },
    {
      "path": "state/node/dfs/chunks/blake3-1857d6a6ee0968c97428717837e5a2e16ba4098407791f8f63b9bf0557b5969e-4096",
      "bytes": 4096,
      "allocated": 4096,
      "sha256": "53a021840c686ebb7796ca63133720767dda9a345cd779b73f1cb062ec1c7fbf"
    },
    {
      "path": "state/node/dfs/chunks/blake3-1efcd4c8a7292ea0caf9fbad2c14e8787ac2c58d175d0d14927797e60bc9e0b4-4096",
      "bytes": 4096,
      "allocated": 4096,
      "sha256": "30c05341f3745da3bb8935961a452ea08bb30c4bb6dd114b794a53a468262829"
    },
    {
      "path": "state/node/dfs/chunks/blake3-ad28550a0b57edf0ffcde4e43ea39274f42ae9d3760571170ded49ed6504c37d-4096",
      "bytes": 4096,
      "allocated": 4096,
      "sha256": "1976a30ab80f92356cec2094b07d8037905ec0f944be8c11fddd147589f0678c"
    },
    {
      "path": "state/node/dfs/chunks/blake3-e16aca891c2121a89eea7429de1dc86502b915cfea11300275e0266a39b5ad65-4096",
      "bytes": 4096,
      "allocated": 4096,
      "sha256": "e690e7cfa28bf2a0d05d7db125225a38b7ebab78279493250848e1695910aa37"
    },
    {
      "path": "state/node/dfs/chunks/blake3-6cfd639ea0cdf4f56c7ee4ae0d21bd0cc2348403a286e17de414e4c6d76ed50d-4096",
      "bytes": 4096,
      "allocated": 4096,
      "sha256": "1004aeead41675bc91bd976698591047c5f3585c9928c8b48d85efbc5218d698"
    },
    {
      "path": "state/node/dfs/chunks/blake3-1d1cc44dfe5bedeb4efdd5942d230a28b06517e47010c3aa08a836a1ed9a0234-4096",
      "bytes": 4096,
      "allocated": 4096,
      "sha256": "6f48e83e8818de03e619233c0a84858a6c1c8f7a461f55277c57f3f9c97ed0f3"
    },
    {
      "path": "state/node/dfs/chunks/blake3-e3acdeecccf660d5bd60828c8f3bc3fd6f9c633321279fb37c7ee6abb91636ef-4096",
      "bytes": 4096,
      "allocated": 4096,
      "sha256": "3885938e8d61b92688110794ea697623e8ce950858e0caf40d55fe4eb4f4359e"
    },
    {
      "path": "state/node/dfs/chunks/blake3-627ac012d86967393b28732753219089fe931b0578663e50ad975cb3169da550-4096",
      "bytes": 4096,
      "allocated": 4096,
      "sha256": "b8516e94b9a0c73c2e4dbb4af753a18c69e68f4b43c6b105a4c0920723e5cbd8"
    },
    {
      "path": "state/node/dfs/chunks/blake3-4f32aa99e676d76aa3487a83b5801bb7aee1b1ef856bb948ebf44cefbcdc130c-4096",
      "bytes": 4096,
      "allocated": 4096,
      "sha256": "59f38a1d28fabb8b427d0d546c51b10ccd2d849ab2c5c0583417c95cc20e3762"
    },
    {
      "path": "state/node/dfs/chunks/blake3-eaafbba37d5b883ee6c4e5a6ab2f45aa4e63739bd05e48c532bfe293b265303a-4096",
      "bytes": 4096,
      "allocated": 4096,
      "sha256": "85da61e29d3df53bdc5445c49ff2a6293b3666f1e6c82c1f1c646f38aef2bfef"
    },
    {
      "path": "state/node/dfs/chunks/blake3-1449cce62dab8ea8e005d39e8731b0efb8b12114e9b88cf5617c737cd225e8e9-4096",
      "bytes": 4096,
      "allocated": 4096,
      "sha256": "cc874b604676416c2b446314340f0b7711c110669c4b865baced16bc2bac3d5f"
    },
    {
      "path": "state/node/dfs/chunks/blake3-d1bde1cc26eaaf2f72a440c4f2ab6de9b7583b82b96423de6a269d71d19965a2-4096",
      "bytes": 4096,
      "allocated": 4096,
      "sha256": "5dc261f9b86c30950f50aca1985e11cfaeb6fd5b8e37d40dc7854fe1f1b9c14e"
    },
    {
      "path": "state/node/dfs/chunks/blake3-7b61aa0e6064ad9bf2657f4efb1105b1c78097ca9d81ee2807ed5b6f0fae4c78-4096",
      "bytes": 4096,
      "allocated": 4096,
      "sha256": "5ab1544a6859becbffd3fb53be2490769d48f88aa0db7e3ffa60a986d1a7297e"
    },
    {
      "path": "state/node/dfs/chunks/blake3-a50fbb541008dbaa904a9f979ebe821ede44a4f17094f0bc4b9dcfac188b070a-4096",
      "bytes": 4096,
      "allocated": 4096,
      "sha256": "e9942fb90114e91e581f436f25584f6dc48a1b1aec0e771bb23fa1824c9db919"
    },
    {
      "path": "state/node/dfs/chunks/blake3-a334089986d8c2e5ed8c2c5a55ab7c40a53e5180306fffec08271024607b2ef6-4096",
      "bytes": 4096,
      "allocated": 4096,
      "sha256": "0583cb68aac9fa0280c11ec26ef6ba58c6ca4571483fb0167a065ac713caaa94"
    },
    {
      "path": "state/node/dfs/chunks/blake3-dbeb9adbd073cdd712ec3b3722bd2a7625e6d8ec228ad350e39722febb6c4ae3-4096",
      "bytes": 4096,
      "allocated": 4096,
      "sha256": "1b870ad516a35fb156dc0359deb2c5999d066bc6c5d12690fde91dc28540ffcb"
    },
    {
      "path": "state/node/dfs/chunks/blake3-72d953d1ed7e9fd1451eb2f84b7f085da64e5f92000836004bceb5211c26451c-4096",
      "bytes": 4096,
      "allocated": 4096,
      "sha256": "ce0d1b404d2511db294837ef8f6d18288ae558ef23f01d9c963c0c10421783e7"
    },
    {
      "path": "state/node/dfs/chunks/blake3-85b90dca23827e999b79f72e9ff308b7f52e3fd6c54ccc482a7a69cba8fd0cc8-4096",
      "bytes": 4096,
      "allocated": 4096,
      "sha256": "30cbf61e1e8d604de9582e553928c9acd3556e36566aff33a7e29d09d7fd86d9"
    },
    {
      "path": "state/node/dfs/chunks/blake3-2ea231c23ca66fe9c6dd73eb455a646e48f7be2f543780a3b65c6240406d9c17-4096",
      "bytes": 4096,
      "allocated": 4096,
      "sha256": "2a05f4ef2a06b320465f4e6a674cbea3bb6ac54409d7dc19d4dbec87a8dcc43b"
    },
    {
      "path": "state/node/dfs/chunks/blake3-d44d4d34f69ad2644689f27d4536803404590891dff667479e558ec729c91d19-4096",
      "bytes": 4096,
      "allocated": 4096,
      "sha256": "1f014abf1735b2299a967df18c125182b6a0516c771a2295bbc36cd2e61ef5be"
    },
    {
      "path": "state/node/dfs/chunks/blake3-5b9a9ac27fb696ba08011ac4c0a3c43e201c71117d734c64927ec449bd62c84d-4096",
      "bytes": 4096,
      "allocated": 4096,
      "sha256": "ca945b395a90cb352076ae37cdf04047f38f50510a939d65e1cb11a5d1d44307"
    },
    {
      "path": "state/node/dfs/chunks/blake3-9d887a3ace0084ffa8152aa338112942c39cabcec72a092933c42193fd22ed89-4096",
      "bytes": 4096,
      "allocated": 4096,
      "sha256": "018070395bdfe101e00a0c119cc0c1e28a9129119b1ba85563bd7fb70f041478"
    },
    {
      "path": "state/node/dfs/chunks/blake3-c9e532d074216c37be467714732ab53a2daf93baf42955c4c8d425ec4b3612e8-4096",
      "bytes": 4096,
      "allocated": 4096,
      "sha256": "41f5c530b4c2f75eabf489e76304e24f3512630f44f1af5039ef255c45b8fa6b"
    },
    {
      "path": "state/node/dfs/chunks/blake3-50252c72dac8c1be8d45ee10523b4a81af71b07ec935742e27163d19fc3e8e71-4096",
      "bytes": 4096,
      "allocated": 4096,
      "sha256": "eb6fee9d88a16dd8fd002c81d778f8071de6bfa21c31bf953909557fa6b09e42"
    },
    {
      "path": "state/node/dfs/chunks/blake3-4ab067a5147bc6ad26e4f76e9e1fd2f3913d694d754141819d09ed91e6e1fd21-4096",
      "bytes": 4096,
      "allocated": 4096,
      "sha256": "a0974d1d86b75865de407bfc4fd394fe14dfdedcffb54779795168cb69fb5226"
    },
    {
      "path": "state/node/dfs/chunks/blake3-a8e57155d15c2df391c1bb03d8c0f6e758bd92e8ede341b85e0d7c55804e597a-4096",
      "bytes": 4096,
      "allocated": 4096,
      "sha256": "289b6930f2de66f991f9549b357d23c33506bdacf081bf3af79defb8b65491be"
    },
    {
      "path": "state/node/dfs/chunks/blake3-f0da7f6f2161a477b9b62b471134a59deb17b2d7d97f9a460f8e3af05c27077d-4096",
      "bytes": 4096,
      "allocated": 4096,
      "sha256": "c424528c881096db723227112ab3fd297d0820fb9abb3fe7776631da6a3dcc33"
    },
    {
      "path": "state/node/dfs/chunks/blake3-19c96ce9a555631687e6ce91db2ac910bd8bfc58260d25e9a13de5cdbd8dac98-4096",
      "bytes": 4096,
      "allocated": 4096,
      "sha256": "5d25a4d3e2dba29f01d0ed1fa90b99913155534abbddf1d50a225894f24fbcfa"
    },
    {
      "path": "state/node/dfs/chunks/blake3-1484df83380ae410cfd4f51bd28ba7ae50b5f516fb099a54a4dbfc15a65c19c0-4096",
      "bytes": 4096,
      "allocated": 4096,
      "sha256": "d1d0e89f4ded4f8ae74c55a4c3e6c096941fa0da9b962ad5cc86a5f7beb51c37"
    },
    {
      "path": "state/node/dfs/chunks/blake3-f02c0814758b0660a48f7b6f68a742487fe9e66381a564782d050a981fbdb895-4096",
      "bytes": 4096,
      "allocated": 4096,
      "sha256": "0443914fd9d35647e7382eab9b76bceb10299bfc30f978452c565b2931938922"
    },
    {
      "path": "state/node/dfs/chunks/blake3-d32887d4d8d78e27bf33ce1e925511147c3160bb400215f7b5fc6afb5c18153d-4096",
      "bytes": 4096,
      "allocated": 4096,
      "sha256": "f30018f9b43bc67c0024f542c0bed742f5c015768e174a4a20e49750c6c37d85"
    },
    {
      "path": "state/node/dfs/chunks/blake3-6604bae0abaf8b89913cb8967d6549df8babb75e057ce545c19c81fbecdb8814-4096",
      "bytes": 4096,
      "allocated": 4096,
      "sha256": "7ce48398795f239b67316e9e984d332b73c268b37eea03088d26621c848cdec7"
    },
    {
      "path": "state/node/dfs/chunks/blake3-a4bb91e652c7d24c5189213e85aa9819f42f685f2510a751654fd186d274f742-4096",
      "bytes": 4096,
      "allocated": 4096,
      "sha256": "1eeea6a41d920af9302a2b43141e4c4f2a15a81754fc62a5e30bcc41f9b6b676"
    },
    {
      "path": "state/node/dfs/chunks/blake3-13c2b0c48961c4e01d26eee2039641e807b2bc5e3d75c939c279f2f638d3a21c-4096",
      "bytes": 4096,
      "allocated": 4096,
      "sha256": "19373924f3065c587471cf8d3a9484daebf2b5ee456cccecf5fbe89681178d78"
    },
    {
      "path": "state/node/dfs/chunks/blake3-c785290d9f61999363d4f715f531b06ecc90ba8d3275a54f6e53b2db3a0c1991-4096",
      "bytes": 4096,
      "allocated": 4096,
      "sha256": "34fc2bdf478fe0feb15b6009aa228410348f0a259cc759faf2fba2e039087383"
    },
    {
      "path": "state/node/dfs/chunks/blake3-49b3a1022230b3851aac33c9b123ef803294d117e77292f5ea7102b5a619aa89-4096",
      "bytes": 4096,
      "allocated": 4096,
      "sha256": "dac1f6c31e82231a2a51bcdc3a44f804bf83d242ac1133b479409154d36edf6f"
    },
    {
      "path": "state/node/dfs/chunks/blake3-7e080755c5a154303b7283d1d41dcda49b350da8327f11c1bf0b9af602feb934-4096",
      "bytes": 4096,
      "allocated": 4096,
      "sha256": "bf6e6a48b88a054432acb68a982260cd8faa8205643dfba246c14b5e9cf062c5"
    },
    {
      "path": "state/node/dfs/chunks/blake3-f3501059baa43b02ca58aa6f0e78438814a8fe76bca1b4f7e541157a01f1e68c-4096",
      "bytes": 4096,
      "allocated": 4096,
      "sha256": "4eb23a9fa57b62a6405ae84f9cbbcdc249b82fd13a9260c557a815a1b21b365b"
    },
    {
      "path": "state/node/dfs/chunks/blake3-9cd3a75cd0920852c43b25a3357f27a26255ccadb5ecee43c438853d9b33a74b-4096",
      "bytes": 4096,
      "allocated": 4096,
      "sha256": "7f8f31e3cbd0233c1684fe373eaa8b7512895e262602b7ba66530a864d7d478f"
    },
    {
      "path": "state/node/dfs/chunks/blake3-d1a083f5e97fde17460afe7517337f97f2a1dfbf64bf149ed8fada8bfb95e055-4096",
      "bytes": 4096,
      "allocated": 4096,
      "sha256": "563e4fc69aa70051225da3b6dc3b3432bb69e77cc3eeff243f92bdd4b3ff50fd"
    },
    {
      "path": "state/node/dfs/chunks/blake3-b3523faa1314e213eee43ba7acd4b544ff85ffa3e6ba8887ce5cbde739aeea61-4096",
      "bytes": 4096,
      "allocated": 4096,
      "sha256": "a5cf5d2e95bc4826303305d5b6269aa1f0573020d624f330eebd63ad065e1c0e"
    },
    {
      "path": "state/node/dfs/chunks/blake3-df8197ab4a0b68b40781d567f5ca34528b8a48d525c3e098cf2c215a6a50a7ba-4096",
      "bytes": 4096,
      "allocated": 4096,
      "sha256": "37f3d4a16b469cf55b72a024e92d3cb13b94f825d9257d109172cac5a3105120"
    },
    {
      "path": "state/node/dfs/chunks/blake3-de5aa80a55a7b8beb39bd5817f003e8f3f496e2206354e8eb199e1d069dee5c1-4096",
      "bytes": 4096,
      "allocated": 4096,
      "sha256": "9928620c1476585dcfeec67188402123403e7f0ce084982a7203660ff94b67ee"
    },
    {
      "path": "state/node/dfs/chunks/blake3-691872cbf181e6719c85f299137739fef1c740e1488fe9dcb4ace7789623a400-4096",
      "bytes": 4096,
      "allocated": 4096,
      "sha256": "b5c49f13c4fc0e64631ac65f51b1138fe8177ff64e7523a1508803e73a3d5b41"
    },
    {
      "path": "state/node/dfs/chunks/blake3-4ad65d15a569cb3482cbb8d35da886895707a11249bed7d85ba184d634a99494-4096",
      "bytes": 4096,
      "allocated": 4096,
      "sha256": "c7a2179c95a8dd8a7f95fbae2d705d7d1a146b4694ccde0013bbcab17555811f"
    },
    {
      "path": "state/node/dfs/chunks/blake3-eb405b02470f940da74b7276de196606da0a380147b5ca506c99e771ada380bc-4096",
      "bytes": 4096,
      "allocated": 4096,
      "sha256": "bb33b6533193a97f6d727da62f5bc03318e441fa100ac11fc45a3f1dddeaf25d"
    },
    {
      "path": "state/node/dfs/chunks/blake3-2f120eb077ab4e568a1721a374fc97dcb644d52a33cb04370265e7a47ab27d89-4096",
      "bytes": 4096,
      "allocated": 4096,
      "sha256": "8584eadb78545e52cbb552eda18e6d2e9d88997d13afeedfb4b3becef44d4ced"
    },
    {
      "path": "state/node/dfs/chunks/blake3-8ed8d43a573c461550c8a3f695fa190563daa72d31c518d17cec18144e61f1be-4096",
      "bytes": 4096,
      "allocated": 4096,
      "sha256": "4f9afc79ff53e27fcb98b9c9bcefc11bbc3f81e32502f6eeaf4b0d71e4970090"
    },
    {
      "path": "state/node/dfs/chunks/blake3-e9115fca92174c926ba66c84438017a8ba63128719618710eae65b1c5c0d1a2f-4096",
      "bytes": 4096,
      "allocated": 4096,
      "sha256": "c496721b781ea03fe67e7d12c465431250576921ce0e2aba09ab651a623cdea9"
    },
    {
      "path": "state/node/dfs/chunks/blake3-fe14bb75e060204bc34f135b8d05acbcc02d8ef92e58c2e4efd62ebfc32e4e97-4096",
      "bytes": 4096,
      "allocated": 4096,
      "sha256": "0ccb7bf4135308a44cb03007aa0b7ee94e7e3d9d2abd44ab5dae894cb48766ef"
    },
    {
      "path": "state/node/dfs/chunks/blake3-8856f2291144c51c03cb70bda7e415fa48f7de75e3fb9edf4f2e2e906922c063-4096",
      "bytes": 4096,
      "allocated": 4096,
      "sha256": "2eccb39af69b1779abe327a108b09878349833c5af014bceaa55d770c3918e09"
    },
    {
      "path": "state/node/dfs/chunks/blake3-e51446444fbad3484e2c099baec0565def20cd3a4e387069e1949d06b1ccbdb4-4096",
      "bytes": 4096,
      "allocated": 4096,
      "sha256": "9e452037ea0f71750f750e0c270ae83c384d1b3e398fefe635787862e817f5cf"
    },
    {
      "path": "state/node/dfs/chunks/blake3-432b2752a43de8aa1e84a7bf65a65c9103b822548a42a0e9114e5eed0194b69f-4096",
      "bytes": 4096,
      "allocated": 4096,
      "sha256": "953d32236e8ff074b4b5aa1f5568341662eaf34ac358ceda0a7c6d132ec682ca"
    },
    {
      "path": "state/node/dfs/chunks/blake3-4189d86555553c64700673ebb7bb9d6753788bc9f51b817681a1c2f9f9920d92-4096",
      "bytes": 4096,
      "allocated": 4096,
      "sha256": "4dd3ca1c1575e13329a2ea49c0061171d907e744dce5e65362fb4b3f54ecb8a3"
    },
    {
      "path": "state/node/dfs/chunks/blake3-80ee116cb2176ef4986b6285192db07e5a5402e5aeb5800b8e8d5b04c58c977e-4096",
      "bytes": 4096,
      "allocated": 4096,
      "sha256": "46f1201863bdfd2953ce676323e29943cd93de8862c2378cfb40c1df83316961"
    },
    {
      "path": "state/node/dfs/chunks/blake3-8593c54838acc3d4eb7d1f7745a9fcf3ec0ca3b4e8ee26c28eaf7f3534801962-4096",
      "bytes": 4096,
      "allocated": 4096,
      "sha256": "0f29f6bf053689285728cbcc03c741c691630e540bfffdaac985477bdf8e5317"
    },
    {
      "path": "state/node/dfs/chunks/blake3-dacdd084271ba8cafb0e9ceae466435182d7d5969e2935f9402d22961ae7d7df-4096",
      "bytes": 4096,
      "allocated": 4096,
      "sha256": "0ca20034afbcee1ddca668899020a9d21a6e40f04a9d0b3d41ec703f61a8a05a"
    },
    {
      "path": "state/node/dfs/chunks/blake3-97726b06be0ff084c91cfa85c719151b46f120eed07aa1d75d232f170df40ed3-4096",
      "bytes": 4096,
      "allocated": 4096,
      "sha256": "59483f6f20c7a2116313e33e1add96a417f57f7b9498ac0b835a45f6dbaebc00"
    },
    {
      "path": "state/node/dfs/chunks/blake3-543d6506e7b4916c89ddeb09e82ece89784f038ae34e9dcd0dd8b848dbd7396f-4096",
      "bytes": 4096,
      "allocated": 4096,
      "sha256": "b50dc2fc445bad77e344bb4790c75d1c84889200f43bc6649692c805a81889b7"
    },
    {
      "path": "state/node/dfs/chunks/blake3-9975229b752c629b5314dd2c77f208f0c07d126cd88802d89d72bd9478abc8fd-4096",
      "bytes": 4096,
      "allocated": 4096,
      "sha256": "01269e24a9d8c8878206aa62b44d43150484930f6ec25c3699dbf0b5a08bf21d"
    },
    {
      "path": "state/node/dfs/chunks/blake3-3846151f72d93cfd25fdaebcc73bf4c1fbcdc7a81395a909bb10d274391c365a-4096",
      "bytes": 4096,
      "allocated": 4096,
      "sha256": "f4671179e9f7d2ab78b493ee7fa5d61089ce9555ced4fa3a891ab9765ec5959c"
    },
    {
      "path": "state/node/dfs/chunks/blake3-642a92c646b4ef3fdab6a390dd192a9a9bee25c85e92266685ccab2e90fda65c-4096",
      "bytes": 4096,
      "allocated": 4096,
      "sha256": "52bdaa6a5d936516b36f4b664f02e5abbb06e482c1cb569910f9c33d1b3f9f1c"
    },
    {
      "path": "state/node/dfs/chunks/blake3-ff6b5db2a7ac3583a59ad2aa137d7f51b1a5ab96ebbacb66c540c458703a4495-4096",
      "bytes": 4096,
      "allocated": 4096,
      "sha256": "9dfef2cf353f7c52b19444bc511b843dafd4995be1ae269ce2026bc46daa0ef8"
    },
    {
      "path": "state/node/dfs/chunks/blake3-1f74c7e5babd609fcccb9000f294bfb45074850bc715ae38778457100b197db6-4096",
      "bytes": 4096,
      "allocated": 4096,
      "sha256": "7007666992000ed41433a341813e3c2791a9ad59276a2a8cfc6829e1776637c6"
    },
    {
      "path": "state/node/dfs/chunks/blake3-9b86f6acafecb0e4a37a76883a609b7574cf2183346661cbf5fb8dd42d90fa7e-4096",
      "bytes": 4096,
      "allocated": 4096,
      "sha256": "05cf3b06a2510c758af2e72275c7451a681f48cba33283627a93e46a5f5362e7"
    },
    {
      "path": "state/node/dfs/chunks/blake3-f69cfc3f4b275e6ef62f9e66f8fa957c23b94906946d5532aa6222193dd4118f-4096",
      "bytes": 4096,
      "allocated": 4096,
      "sha256": "990ecaa538afd8169a1f237fef8b9e1631a8533576b303ca0547f55ca9b77e6e"
    },
    {
      "path": "state/node/dfs/chunks/blake3-d7250f732b67ab8fbbe6346ad2f3ec67ca407ae2d457e93f61c806241501c408-4096",
      "bytes": 4096,
      "allocated": 4096,
      "sha256": "04a8c5efe84abff48509bf4ba9509b50ca7aac6129f077dd427fa066ef24cb33"
    },
    {
      "path": "state/node/dfs/chunks/blake3-8c6a5465c4a1b3ed4d4255aa0432eabf06c959d333c94b246db377ca8b6c2d68-4096",
      "bytes": 4096,
      "allocated": 4096,
      "sha256": "4be164fc3f9f569175368527f04ab13c59bc076f83d0138d961af6e6ed8f4c0c"
    },
    {
      "path": "state/node/dfs/chunks/blake3-c78d89c1980ec8b0d9503fcce2ad6a8a81b19c55a89eccddfccb4ab8c17b1075-4096",
      "bytes": 4096,
      "allocated": 4096,
      "sha256": "32fdc97af66026ec6ac4a13533ab8bdb358740efbd6527b12208de6c646f09d5"
    },
    {
      "path": "state/node/dfs/chunks/blake3-b8cf7a77c668efdf6d74f20185d9de3d4f3b77d186f9991d2eff84162048569b-4096",
      "bytes": 4096,
      "allocated": 4096,
      "sha256": "87fa4978a3ab658fa4aa2241281fe2962af74211b1aab53c36dcb2dd759f39ae"
    },
    {
      "path": "state/node/dfs/chunks/blake3-c2f47d7a15f68512bc3fb1dd9a863f1181dceaa06f9fcbfd1e500011953e44eb-4096",
      "bytes": 4096,
      "allocated": 4096,
      "sha256": "7769c7cc441a59c46074edb5dddfda461d6282b62d66253919596a6054f8be30"
    },
    {
      "path": "state/node/dfs/chunks/blake3-5fc324b362a6d8612d35529b181702276bf0e9ab20a9fd9d426e6c52517f3ad7-4096",
      "bytes": 4096,
      "allocated": 4096,
      "sha256": "87a24a57920a1743dfc90a8348772418580a7ecc0372dc62411052a5e91f2949"
    },
    {
      "path": "state/node/dfs/chunks/blake3-78384f0eab028589546014e33c7ef0fd378984226dad47b5e96a97d7a994a629-4096",
      "bytes": 4096,
      "allocated": 4096,
      "sha256": "ac0f6eb9723e6a673d39f8f615007f7bb126b4d455941e071e64a03a3b0b436a"
    },
    {
      "path": "state/node/dfs/chunks/blake3-cfa2ebaac06266d01434cdbd1dd424dbd768363d8d040087dfb9baeff37dbaa6-4096",
      "bytes": 4096,
      "allocated": 4096,
      "sha256": "b549dcc9be3971f5110ad77bf19d2dc47140fc65afe5623773f439020f0361f9"
    },
    {
      "path": "state/node/dfs/chunks/blake3-5cf84f4d49642fec8ab1cce3cb4fbb2ecd76502b73ceacb4d3647381a8dc3f22-4096",
      "bytes": 4096,
      "allocated": 4096,
      "sha256": "6bb7a359f8a6b7d7ba6bcb2f0b3e8e8dfa75d2eb9546575780df05c16e5a4d32"
    },
    {
      "path": "state/node/dfs/chunks/blake3-56c318f39bc2ded91d56caffb63d5d2208695a2f9ae9030f321396f3225f960c-4096",
      "bytes": 4096,
      "allocated": 4096,
      "sha256": "ea17d21fadfb784898e20a5c7de600cf13e9cd10a11ecd3f8f6c9bce65b7fe09"
    },
    {
      "path": "state/node/dfs/chunks/blake3-b3d5420f3043d3c368ca34f5e8cf76c0d00048868ac6e13f73fd96603e1fd649-4096",
      "bytes": 4096,
      "allocated": 4096,
      "sha256": "c1c2087034e6844d908f5a26897cac76833ce8f78ca2c7ffc795a549975a4b58"
    },
    {
      "path": "state/node/dfs/chunks/blake3-9192d0353ac90871616fccf411578ee194fc779f9774f0f33d2b8d53a09d2acd-4096",
      "bytes": 4096,
      "allocated": 4096,
      "sha256": "84872bdd6a598c09c13bcbcc5b055836f83d7e067980e24a0b256c210a3921ad"
    },
    {
      "path": "state/node/dfs/chunks/blake3-469c0cb6dc1d2a81fbf167e38cdef09762fc2836d2348c90acf4b44beea8c571-4096",
      "bytes": 4096,
      "allocated": 4096,
      "sha256": "c1609e759c7c87fe43993570334a381970b45eb8f986d4eb4a5322d7c64bd4b4"
    },
    {
      "path": "state/node/dfs/chunks/blake3-a6cf9861692eec7a59fc89f84d38c37b059be343bb658102c89000e0da3e8208-4096",
      "bytes": 4096,
      "allocated": 4096,
      "sha256": "60b5b2b0d7c4d8303e8b6b1f7a99683d413b6ba05399ea73f714aa13e8216fee"
    },
    {
      "path": "state/node/dfs/chunks/blake3-06f3dfa7b86477b80790d9c6143a1f3a3dea670164449a6a2441f080a25fe97f-4096",
      "bytes": 4096,
      "allocated": 4096,
      "sha256": "b4b78378792f4ad7487360d676cac1fa21a9972b98993d5900fc72e1dee47f89"
    },
    {
      "path": "state/node/dfs/chunks/blake3-ad93513e8085c8771a187ca9b39c1c3b378812091192a31f7cdf011d433f0f94-4096",
      "bytes": 4096,
      "allocated": 4096,
      "sha256": "ca94e8455999d4d9fa6ab2131c7317872ed7c1c005f284fe11e0680457c8aaee"
    },
    {
      "path": "state/node/dfs/chunks/blake3-0e7dd82048ae17a737b7eb05a098ba1594caa16ce9482244fda059281bbedbb8-4096",
      "bytes": 4096,
      "allocated": 4096,
      "sha256": "913e6f0a691990713c9aa631c730566126d40255cf1e66ad90bc0b423f5af653"
    },
    {
      "path": "state/node/dfs/chunks/blake3-623641b3dbedc1ddf6d620edfa96a1874d3989232b03d85fe4c5cf41e4c08a45-4096",
      "bytes": 4096,
      "allocated": 4096,
      "sha256": "1680ba5561da1fa96b24dfab27c808bd9be774ce7423283623d96767e46e4c90"
    },
    {
      "path": "state/node/dfs/chunks/blake3-2c64f601ee720a2dbd9531c715f2f7c92c5485a0914958561ddce27f85169a85-4096",
      "bytes": 4096,
      "allocated": 4096,
      "sha256": "22bc67aea82d388dfa8bb0fa51aee6a79f64760e5e1584f83652f2d63c9699e7"
    },
    {
      "path": "state/node/dfs/chunks/blake3-7c722102df8674e65d3ea13525815da95afee819083ebac4bb388238b9490e75-4096",
      "bytes": 4096,
      "allocated": 4096,
      "sha256": "54ddecfa63703b41b1536c0f4456d85694d228e56f4d3ef0a92b8dc424dd58b2"
    },
    {
      "path": "state/node/dfs/chunks/blake3-cc15688799317e55e1ca552f4a687ccce6510c69f4c59faad337513b92d807f1-4096",
      "bytes": 4096,
      "allocated": 4096,
      "sha256": "72b90beb2ad6f432514098eb553e0276eb0f4f95cbe8da281a46a98786c6cfce"
    },
    {
      "path": "state/node/dfs/chunks/blake3-82310dcc6ef506cf2d343545ca5e5acfbc09e3f09a5fc6c6c5b3018f6d3bcac4-4096",
      "bytes": 4096,
      "allocated": 4096,
      "sha256": "4697f5eabc7d9319290156375700a726fa517e7bd5f89c119c9a698a8548c264"
    },
    {
      "path": "state/node/dfs/chunks/blake3-2734217dac0b1e961af97bc39b0b17ee3aee8be96c5793e2265872126ac13d0b-4096",
      "bytes": 4096,
      "allocated": 4096,
      "sha256": "755197e82f6dae43d07fd3f04a8ab4652ed9ddfcf687409b1eba0f25940d3bbf"
    },
    {
      "path": "state/node/dfs/chunks/blake3-0f7ee38252c0bf657789916542bc7a2b7ff4081b6092c5a69b4cd9701c2b01ff-4096",
      "bytes": 4096,
      "allocated": 4096,
      "sha256": "3af8491e8d2110de76866f2b7898a998b1083f389b40f7076b677b2ae65aedc3"
    },
    {
      "path": "state/node/dfs/chunks/blake3-fa75adc38d07e3db43bd5457f4deb7965869b82f165112ad1387436a77cb3687-4096",
      "bytes": 4096,
      "allocated": 4096,
      "sha256": "9bc9673a505572ef036aba937c165e68c33e6fca5809b344d282f4b3684faa52"
    },
    {
      "path": "state/node/dfs/chunks/blake3-4cc361aa4a03dc633947fca255a7242902e2b968dc99ff2a54cc62b1e1ef9290-4096",
      "bytes": 4096,
      "allocated": 4096,
      "sha256": "b178d29def8dfadfd23928d6df4dcb9ed87a870399045d4ee2815a432aab91bd"
    },
    {
      "path": "state/node/dfs/chunks/blake3-d9d46c6ee6e415c5ec234673927f637f273651cde6720c12be190c6a874fbe07-4096",
      "bytes": 4096,
      "allocated": 4096,
      "sha256": "4904be14f5e8b14fb2c661f98ad379261240ebcb109bff6c7672ec000254f8a1"
    },
    {
      "path": "state/node/dfs/chunks/blake3-c5f8bb0a00d6a3a6a19156cd5a2f0cea734aea84305da30538f14088559b4d90-4096",
      "bytes": 4096,
      "allocated": 4096,
      "sha256": "fccf5ae156f81e4132f697f27f4fab4ecac9912f5e6f43cc8a3cbbb112401928"
    },
    {
      "path": "state/node/dfs/chunks/blake3-60071772dc147b78e9499e1fc934ebb562fd99058a54eb5e682cce24d934ff92-4096",
      "bytes": 4096,
      "allocated": 4096,
      "sha256": "4bef7a7d04f23dd0f954c8e0a4251c868d22d4d935bca25245cbbddc7931cb90"
    },
    {
      "path": "state/node/dfs/chunks/blake3-d8ca39a10f3b13d9baf991233342955283009af5571e9aa89ab3bba32f4fa0a3-4096",
      "bytes": 4096,
      "allocated": 4096,
      "sha256": "9af3a1c63df8686f07d6a6c3c599c444c5005bd84ac4ad517c03db891e0a0c76"
    },
    {
      "path": "state/node/dfs/chunks/blake3-419275916298754910fa72aec290a1259331cbb713cb1e9f9119eb7d7eafbd3c-4096",
      "bytes": 4096,
      "allocated": 4096,
      "sha256": "414e6a1eb25e2fc6576f2da931bc8d510317effe52e57e5064063c84e59de4ca"
    },
    {
      "path": "state/node/dfs/chunks/blake3-0de69d7d7c4415df5324d2b7dece1875c7252ea9271bcdccb3a808038e9a1da0-4096",
      "bytes": 4096,
      "allocated": 4096,
      "sha256": "c5fdb6e81ee0e8841743bc09ffeb3a72ecb1032fc7512d1bf5120e29fc46d8f9"
    },
    {
      "path": "state/node/dfs/chunks/blake3-c79a9fe8ef65c12abb7b2c25c3083dc572bace89d1c46d4f858c8fb4cdb91ab5-4096",
      "bytes": 4096,
      "allocated": 4096,
      "sha256": "c7addfd191e4f411e005b154709a8d31933db3ae5538a8bec5f15435e3ce9f83"
    },
    {
      "path": "state/node/dfs/chunks/blake3-63c6bacc3579155c0a1875b331036f12c96b2d790a8c4370dcfb7cbfed4dc8c7-4096",
      "bytes": 4096,
      "allocated": 4096,
      "sha256": "b37fceb87504fe31e96754e91ead1701d290ccfebc19af4bce1bdc615bdc2a92"
    },
    {
      "path": "state/node/dfs/chunks/blake3-e09f9d196291c3383ecca2c6146c00141c9123909be4a52123d41a3cacbf118b-4096",
      "bytes": 4096,
      "allocated": 4096,
      "sha256": "4f76d409c4fd427e3fd1172e48bc73b90f496e033e9c32f21ba1629e432b932a"
    },
    {
      "path": "state/node/dfs/chunks/blake3-84fcd524e14fa7a079dbd8eee1395966e497476240ff08ac447fe34dbb002bf3-4096",
      "bytes": 4096,
      "allocated": 4096,
      "sha256": "79eab0d1c37481f7cb4cfab7c2ac32189c7354766b8dfa404c5bcdfa7d984989"
    },
    {
      "path": "state/node/dfs/chunks/blake3-16a07c9075b0317e048fdeb3e7d55511155ac838d24eb5ee219b46242a653a6c-4096",
      "bytes": 4096,
      "allocated": 4096,
      "sha256": "9b71841eca518a988410801b7fe0e7fdfb0aa49bf30bd4b3b7b79578c680f828"
    },
    {
      "path": "state/node/dfs/chunks/blake3-feb03578b60146e708f7bbd12fc10e7b4e17e5c51c90c8df6f07e13cf5ddce1d-4096",
      "bytes": 4096,
      "allocated": 4096,
      "sha256": "5e82c249139bf6d6de8f4f108a5f2c0e1d441991a1f58baf2e05fb7687a5d3a8"
    },
    {
      "path": "state/node/dfs/chunks/blake3-62c49c6ffb8c47586f146c8f5164c24a5db0c15390d5ca07e55038b5e051bcae-4096",
      "bytes": 4096,
      "allocated": 4096,
      "sha256": "b6d11161eb70a9188e432d23063c3513773ec8664e2d479b67168e2cef58b5bf"
    },
    {
      "path": "state/node/dfs/chunks/blake3-205edeb901999cdd67122c4f3ed5cf44883b7fc25279f8943ba67cd491a1e3d0-4096",
      "bytes": 4096,
      "allocated": 4096,
      "sha256": "601e7df284fa4847b700b0dfcd440b26cbabd8891a92e4055fd089bc76bcc4e9"
    },
    {
      "path": "state/node/dfs/chunks/blake3-fe9d393311a449b973b84e7de012320d13deb707253158dec2792428bb0a5622-4096",
      "bytes": 4096,
      "allocated": 4096,
      "sha256": "bdc5674ce13f2a296c7b8490eb6e50c13d925096bc99bfcfa1c1901336a5c799"
    },
    {
      "path": "state/node/dfs/chunks/blake3-fc4d5ce5db189a637b7acc4ca16c980e59e8daec846a7ab6276ce6538d11067d-4096",
      "bytes": 4096,
      "allocated": 4096,
      "sha256": "2a17456191b3def1c539c80a58cda76310f1230c6c7d287dbf04557e49b99955"
    },
    {
      "path": "state/node/dfs/chunks/blake3-e80d16f9c0add2b286a3d06291d0dee52d16d469d70eccd997fd22c292a3191a-4096",
      "bytes": 4096,
      "allocated": 4096,
      "sha256": "c2836b1f4d46396bd0b379b4d7d7d8aeb12386ab98f9c520054159623b53bba3"
    },
    {
      "path": "state/node/dfs/chunks/blake3-59188be5719545d267c66a0883a72c65f52a4c4ba9e5eeaf5eaf50f8487a2bda-4096",
      "bytes": 4096,
      "allocated": 4096,
      "sha256": "73b7480e6ac1efb7124c8b29d627de9cbd1db7128b1f32825fae26af9880eb4f"
    },
    {
      "path": "state/node/dfs/chunks/blake3-6e50174de9a3d4633ed08006c54ed08342397c5b69f386707594fa538f5aa7e9-4096",
      "bytes": 4096,
      "allocated": 4096,
      "sha256": "40635928d50a1d1cb8fecffae427bca17fed1d026f5a5ebc8881b06525f1840b"
    },
    {
      "path": "state/node/dfs/chunks/blake3-2ed7213f7db7b5616530fcd6ce55063c5b63bd5974910a4224c7e11e9db7d45e-4096",
      "bytes": 4096,
      "allocated": 4096,
      "sha256": "b9e989993848cc44f9ccca5bc5b25a12642b3c1e1ca0762d82eea7b5e910d6a3"
    },
    {
      "path": "state/node/dfs/chunks/blake3-d96510e359ce47a162d0b858889bb552fdc430f15217d6985341fdd0f2b50d97-4096",
      "bytes": 4096,
      "allocated": 4096,
      "sha256": "e3bc6cb0a870874c02983b243efdaf05901f93e3372130f85059888ccfe1cdf1"
    },
    {
      "path": "state/node/dfs/chunks/blake3-9a2d1f514e04ff9c50c654533ee4bb0c663738ef028aa98c3b69f4cad8864adc-4096",
      "bytes": 4096,
      "allocated": 4096,
      "sha256": "93b8cb42b426d169e0d77d66295278ff299fe1ffea027f1bed0a9d1520b59c4d"
    }
  ],
  "observation": "post-delete storage only; not each file pre-unlink replica proof"
}
