{
  "status": "PASS_ADMISSION_BEFORE_NEW_ROOT",
  "role": "c",
  "dependencies": {
    "python3": "/usr/bin/python3",
    "openssl": "/usr/bin/openssl",
    "findmnt": "/usr/bin/findmnt",
    "tar": "/usr/bin/tar",
    "sha256sum": "/usr/bin/sha256sum",
    "timeout": "/usr/bin/timeout",
    "ldd": "/usr/bin/ldd",
    "curl": "/usr/bin/curl",
    "ss": "/usr/bin/ss"
  },
  "volume_mount": {
    "target": "/mnt/lima-afscdata",
    "source": "/dev/vdb1",
    "fstype": "ext4",
    "options": "rw,relatime"
  },
  "free": 30741250048,
  "required": 1610612736,
  "selected_ports": [
    24000,
    24001
  ],
  "actual_ipv4": [
    "127.0.0.1",
    "192.168.109.14"
  ],
  "root_absent": "/mnt/lima-afscdata/afs-delivery/dfs-delete-6d-20261007-r1",
  "old_processes": [],
  "boot_id": "0cf26d13-bc67-4f98-999e-7aeac4cc9b30"
}
