{
  "status": "PASS_ADMISSION_BEFORE_NEW_ROOT",
  "role": "ctl",
  "dependencies": {
    "python3": "/usr/bin/python3",
    "openssl": "/usr/bin/openssl",
    "findmnt": "/usr/bin/findmnt",
    "tar": "/usr/bin/tar",
    "sha256sum": "/usr/bin/sha256sum",
    "timeout": "/usr/bin/timeout",
    "ldd": "/usr/bin/ldd",
    "curl": "/usr/bin/curl",
    "ss": "/usr/bin/ss"
  },
  "volume_mount": {
    "target": "/mnt/lima-afsctlstate",
    "source": "/dev/vdb1",
    "fstype": "ext4",
    "options": "rw,relatime"
  },
  "free": 4331786240,
  "required": 805306368,
  "selected_ports": [
    23900,
    23901
  ],
  "actual_ipv4": [
    "127.0.0.1",
    "192.168.109.11"
  ],
  "root_absent": "/mnt/lima-afsctlstate/afs-delivery/dfs-delete-6d-20261007-r1",
  "old_processes": [
    {
      "pid": 1136874,
      "exe": "/mnt/lima-afsctlstate/afs-delivery/p1b/bin/afs-meta",
      "start_ticks": "1233842",
      "exe_dev": 64785,
      "exe_ino": 131098,
      "cmdline": "/mnt/lima-afsctlstate/afs-delivery/p1b/bin/afs-meta --config /mnt/lima-afsctlstate/afs-delivery/p1b/meta.toml "
    },
    {
      "pid": 1418880,
      "exe": "/mnt/lima-afsctlstate/afs-delivery/round1-mainline-v77-archive-async/prefix/bin/afs-meta",
      "start_ticks": "10164420",
      "exe_dev": 64785,
      "exe_ino": 262584,
      "cmdline": "/mnt/lima-afsctlstate/afs-delivery/round1-mainline-v77-archive-async/prefix/bin/afs-meta --config /mnt/lima-afsctlstate/afs-delivery/round1-mainline-v77-archive-async/etc/meta.toml "
    }
  ],
  "boot_id": "18c9c087-49d6-458f-817b-0f84c0effd7a"
}
