{
  "schema": "afs.dfs_small_fixture.v1",
  "action": "prepare",
  "role": "ctl",
  "fixture": "dfs-delete-6d-20261007-r1",
  "root": "/mnt/lima-afsctlstate/afs-delivery/dfs-delete-6d-20261007-r1",
  "time_unix_ns": 1791330836981479755,
  "status": "PREPARED_NOT_ADMITTED",
  "config_sha256": "9f702daccc47288357e6ad1a074ddbb28a11fecb808213c40535b14f824347c7",
  "original_sha256": "f4f01cddad8083b39bb67acbcae31719b87cf67ae3125676bfef9241e7712011",
  "capacity": {
    "volume": {
      "target": "/mnt/lima-afsctlstate",
      "source": "/dev/vdb1",
      "fstype": "ext4",
      "options": "rw,relatime"
    },
    "available_bytes": 4299595776,
    "allocated_bytes": 32190464,
    "budget_bytes": 268435456,
    "free_floor_bytes": 536870912,
    "scope": "single 64MiB file, R2 local storage/dirty view, binaries and bounded logs"
  },
  "inventory": {
    "boot_id": "18c9c087-49d6-458f-817b-0f84c0effd7a",
    "old_processes": [
      {
        "pid": 472165,
        "boot_id": "18c9c087-49d6-458f-817b-0f84c0effd7a",
        "start_ticks": "421560",
        "exe": "/var/tmp/afs-p2e-redis/pkg/redis-server",
        "exe_sha256": "550a5b148fb69040a437e49f762124a92064b92991d3db232e64dc01f2cd346a",
        "argv": [
          "/var/tmp/afs-p2e-redis/pkg/redis-server 0.0.0.0:17637"
        ]
      },
      {
        "pid": 1136874,
        "boot_id": "18c9c087-49d6-458f-817b-0f84c0effd7a",
        "start_ticks": "1233842",
        "exe": "/mnt/lima-afsctlstate/afs-delivery/p1b/bin/afs-meta",
        "exe_sha256": "0cc53e784027582815be40fd89c5b9efb48235bee8061146399d7a4d20fcfac1",
        "argv": [
          "/mnt/lima-afsctlstate/afs-delivery/p1b/bin/afs-meta",
          "--config",
          "/mnt/lima-afsctlstate/afs-delivery/p1b/meta.toml"
        ]
      },
      {
        "pid": 1418880,
        "boot_id": "18c9c087-49d6-458f-817b-0f84c0effd7a",
        "start_ticks": "10164420",
        "exe": "/mnt/lima-afsctlstate/afs-delivery/round1-mainline-v77-archive-async/prefix/bin/afs-meta",
        "exe_sha256": "64d85fc3933637ccd7fdf4eafded5e5c8cb2354e73b4c8d1a27b2b8d43f4c7e7",
        "argv": [
          "/mnt/lima-afsctlstate/afs-delivery/round1-mainline-v77-archive-async/prefix/bin/afs-meta",
          "--config",
          "/mnt/lima-afsctlstate/afs-delivery/round1-mainline-v77-archive-async/etc/meta.toml"
        ]
      }
    ],
    "mount_inventory": [
      {
        "target": "/",
        "source": "/dev/vda1",
        "fstype": "ext4",
        "options": "rw,relatime,discard,errors=remount-ro,commit=30",
        "id": 32,
        "children": [
          {
            "target": "/sys",
            "source": "sysfs",
            "fstype": "sysfs",
            "options": "rw,nosuid,nodev,noexec,relatime",
            "id": 26,
            "children": [
              {
                "target": "/sys/firmware/efi/efivars",
                "source": "efivarfs",
                "fstype": "efivarfs",
                "options": "rw,nosuid,nodev,noexec,relatime",
                "id": 31
              },
              {
                "target": "/sys/kernel/security",
                "source": "securityfs",
                "fstype": "securityfs",
                "options": "rw,nosuid,nodev,noexec,relatime",
                "id": 33
              },
              {
                "target": "/sys/fs/cgroup",
                "source": "cgroup2",
                "fstype": "cgroup2",
                "options": "rw,nosuid,nodev,noexec,relatime,nsdelegate,memory_recursiveprot",
                "id": 36
              },
              {
                "target": "/sys/fs/pstore",
                "source": "pstore",
                "fstype": "pstore",
                "options": "rw,nosuid,nodev,noexec,relatime",
                "id": 37
              },
              {
                "target": "/sys/fs/bpf",
                "source": "bpf",
                "fstype": "bpf",
                "options": "rw,nosuid,nodev,noexec,relatime,mode=700",
                "id": 38
              },
              {
                "target": "/sys/kernel/debug",
                "source": "debugfs",
                "fstype": "debugfs",
                "options": "rw,nosuid,nodev,noexec,relatime",
                "id": 42,
                "children": [
                  {
                    "target": "/sys/kernel/debug/tracing",
                    "source": "tracefs",
                    "fstype": "tracefs",
                    "options": "rw,nosuid,nodev,noexec,relatime",
                    "id": 53
                  }
                ]
              },
              {
                "target": "/sys/kernel/tracing",
                "source": "tracefs",
                "fstype": "tracefs",
                "options": "rw,nosuid,nodev,noexec,relatime",
                "id": 43
              },
              {
                "target": "/sys/fs/fuse/connections",
                "source": "fusectl",
                "fstype": "fusectl",
                "options": "rw,nosuid,nodev,noexec,relatime",
                "id": 44
              },
              {
                "target": "/sys/kernel/config",
                "source": "configfs",
                "fstype": "configfs",
                "options": "rw,nosuid,nodev,noexec,relatime",
                "id": 45
              }
            ]
          },
          {
            "target": "/proc",
            "source": "proc",
            "fstype": "proc",
            "options": "rw,nosuid,nodev,noexec,relatime",
            "id": 27,
            "children": [
              {
                "target": "/proc/sys/fs/binfmt_misc",
                "source": "systemd-1",
                "fstype": "autofs",
                "options": "rw,relatime,fd=32,pgrp=1,timeout=0,minproto=5,maxproto=5,direct,pipe_ino=5004",
                "id": 39,
                "children": [
                  {
                    "target": "/proc/sys/fs/binfmt_misc",
                    "source": "binfmt_misc",
                    "fstype": "binfmt_misc",
                    "options": "rw,nosuid,nodev,noexec,relatime",
                    "id": 51
                  }
                ]
              },
              {
                "target": "/proc/fs/nfsd",
                "source": "nfsd",
                "fstype": "nfsd",
                "options": "rw,relatime",
                "id": 350
              }
            ]
          },
          {
            "target": "/dev",
            "source": "udev",
            "fstype": "devtmpfs",
            "options": "rw,nosuid,relatime,size=1947808k,nr_inodes=486952,mode=755,inode64",
            "id": 28,
            "children": [
              {
                "target": "/dev/pts",
                "source": "devpts",
                "fstype": "devpts",
                "options": "rw,nosuid,noexec,relatime,gid=5,mode=620,ptmxmode=000",
                "id": 29
              },
              {
                "target": "/dev/shm",
                "source": "tmpfs",
                "fstype": "tmpfs",
                "options": "rw,nosuid,nodev,inode64",
                "id": 34
              },
              {
                "target": "/dev/mqueue",
                "source": "mqueue",
                "fstype": "mqueue",
                "options": "rw,nosuid,nodev,noexec,relatime",
                "id": 40
              },
              {
                "target": "/dev/hugepages",
                "source": "hugetlbfs",
                "fstype": "hugetlbfs",
                "options": "rw,nosuid,nodev,relatime,pagesize=2M",
                "id": 41
              }
            ]
          },
          {
            "target": "/run",
            "source": "tmpfs",
            "fstype": "tmpfs",
            "options": "rw,nosuid,nodev,noexec,relatime,size=399960k,mode=755,inode64",
            "id": 30,
            "children": [
              {
                "target": "/run/lock",
                "source": "tmpfs",
                "fstype": "tmpfs",
                "options": "rw,nosuid,nodev,noexec,relatime,size=5120k,inode64",
                "id": 35
              },
              {
                "target": "/run/user/501",
                "source": "tmpfs",
                "fstype": "tmpfs",
                "options": "rw,nosuid,nodev,relatime,size=399956k,nr_inodes=99989,mode=700,uid=501,gid=1000,inode64",
                "id": 58
              },
              {
                "target": "/run/rpc_pipefs",
                "source": "sunrpc",
                "fstype": "rpc_pipefs",
                "options": "rw,relatime",
                "id": 75
              }
            ]
          },
          {
            "target": "/boot",
            "source": "/dev/vda16",
            "fstype": "ext4",
            "options": "rw,relatime",
            "id": 47,
            "children": [
              {
                "target": "/boot/efi",
                "source": "/dev/vda15",
                "fstype": "vfat",
                "options": "rw,relatime,fmask=0077,dmask=0077,codepage=437,iocharset=iso8859-1,shortname=mixed,errors=remount-ro",
                "id": 49
              }
            ]
          },
          {
            "target": "/tmp/afs-ltp-ext4-full/base/.afs-std02-ltp-20260930T101932Z-00dcb4f9/commands/0632-writev03/tmp/LTP_wriNCIqOx/mntpoint",
            "source": "/dev/loop0",
            "fstype": "ext4",
            "options": "rw,relatime",
            "id": 65
          },
          {
            "target": "/tmp/afs-ltp-ext4-full2/base/.afs-std02-ltp-20260930T102850Z-23c1867f/commands/0632-writev03/tmp/LTP_wriSTzuAd/mntpoint",
            "source": "/dev/loop1",
            "fstype": "btrfs",
            "options": "rw,relatime,discard=async,space_cache=v2,subvolid=5,subvol=/",
            "id": 76
          },
          {
            "target": "/mnt/lima-cidata",
            "source": "/dev/vdc",
            "fstype": "iso9660",
            "options": "ro,relatime,nojoliet,overriderockperm,check=s,map=n,blocksize=2048,uid=0,dmode=700,fmode=700,iocharset=utf8",
            "id": 91
          },
          {
            "target": "/mnt/lima-afsctlstate",
            "source": "/dev/vdb1",
            "fstype": "ext4",
            "options": "rw,relatime",
            "id": 100,
            "children": [
              {
                "target": "/mnt/lima-afsctlstate/v102w/ltpfull/.l639898a1/0632/t/LTP_wriBX4FIF/mntpoint",
                "source": "/dev/loop2",
                "fstype": "ext4",
                "options": "rw,relatime",
                "id": 354
              }
            ]
          }
        ]
      }
    ],
    "selected_ports": [
      23900,
      23901
    ]
  },
  "commands": [
    {
      "argv": [
        "findmnt",
        "-J",
        "-o",
        "TARGET,SOURCE,FSTYPE,OPTIONS,ID"
      ],
      "returncode": 0,
      "stdout": "{\n   \"filesystems\": [\n      {\n         \"target\": \"/\",\n         \"source\": \"/dev/vda1\",\n         \"fstype\": \"ext4\",\n         \"options\": \"rw,relatime,discard,errors=remount-ro,commit=30\",\n         \"id\": 32,\n         \"children\": [\n            {\n               \"target\": \"/sys\",\n               \"source\": \"sysfs\",\n               \"fstype\": \"sysfs\",\n               \"options\": \"rw,nosuid,nodev,noexec,relatime\",\n               \"id\": 26,\n               \"children\": [\n                  {\n                     \"target\": \"/sys/firmware/efi/efivars\",\n                     \"source\": \"efivarfs\",\n                     \"fstype\": \"efivarfs\",\n                     \"options\": \"rw,nosuid,nodev,noexec,relatime\",\n                     \"id\": 31\n                  },{\n                     \"target\": \"/sys/kernel/security\",\n                     \"source\": \"securityfs\",\n                     \"fstype\": \"securityfs\",\n                     \"options\": \"rw,nosuid,nodev,noexec,relatime\",\n                     \"id\": 33\n                  },{\n                     \"target\": \"/sys/fs/cgroup\",\n                     \"source\": \"cgroup2\",\n                     \"fstype\": \"cgroup2\",\n                     \"options\": \"rw,nosuid,nodev,noexec,relatime,nsdelegate,memory_recursiveprot\",\n                     \"id\": 36\n                  },{\n                     \"target\": \"/sys/fs/pstore\",\n                     \"source\": \"pstore\",\n                     \"fstype\": \"pstore\",\n                     \"options\": \"rw,nosuid,nodev,noexec,relatime\",\n                     \"id\": 37\n                  },{\n                     \"target\": \"/sys/fs/bpf\",\n                     \"source\": \"bpf\",\n                     \"fstype\": \"bpf\",\n                     \"options\": \"rw,nosuid,nodev,noexec,relatime,mode=700\",\n                     \"id\": 38\n                  },{\n                     \"target\": \"/sys/kernel/debug\",\n                     \"source\": \"debugfs\",\n                     \"fstype\": \"debugfs\",\n                     \"options\": \"rw,nosuid,nodev,noexec,relatime\",\n                     \"id\": 42,\n                     \"children\": [\n                        {\n                           \"target\": \"/sys/kernel/debug/tracing\",\n                           \"source\": \"tracefs\",\n                           \"fstype\": \"tracefs\",\n                           \"options\": \"rw,nosuid,nodev,noexec,relatime\",\n                           \"id\": 53\n                        }\n                     ]\n                  },{\n                     \"target\": \"/sys/kernel/tracing\",\n                     \"source\": \"tracefs\",\n                     \"fstype\": \"tracefs\",\n                     \"options\": \"rw,nosuid,nodev,noexec,relatime\",\n                     \"id\": 43\n                  },{\n                     \"target\": \"/sys/fs/fuse/connections\",\n                     \"source\": \"fusectl\",\n                     \"fstype\": \"fusectl\",\n                     \"options\": \"rw,nosuid,nodev,noexec,relatime\",\n                     \"id\": 44\n                  },{\n                     \"target\": \"/sys/kernel/config\",\n                     \"source\": \"configfs\",\n                     \"fstype\": \"configfs\",\n                     \"options\": \"rw,nosuid,nodev,noexec,relatime\",\n                     \"id\": 45\n                  }\n               ]\n            },{\n               \"target\": \"/proc\",\n               \"source\": \"proc\",\n               \"fstype\": \"proc\",\n               \"options\": \"rw,nosuid,nodev,noexec,relatime\",\n               \"id\": 27,\n               \"children\": [\n                  {\n                     \"target\": \"/proc/sys/fs/binfmt_misc\",\n                     \"source\": \"systemd-1\",\n                     \"fstype\": \"autofs\",\n                     \"options\": \"rw,relatime,fd=32,pgrp=1,timeout=0,minproto=5,maxproto=5,direct,pipe_ino=5004\",\n                     \"id\": 39,\n                     \"children\": [\n                        {\n                           \"target\": \"/proc/sys/fs/binfmt_misc\",\n                           \"source\": \"binfmt_misc\",\n                           \"fstype\": \"binfmt_misc\",\n                           \"options\": \"rw,nosuid,nodev,noexec,relatime\",\n                           \"id\": 51\n                        }\n                     ]\n                  },{\n                     \"target\": \"/proc/fs/nfsd\",\n                     \"source\": \"nfsd\",\n                     \"fstype\": \"nfsd\",\n                     \"options\": \"rw,relatime\",\n                     \"id\": 350\n                  }\n               ]\n            },{\n               \"target\": \"/dev\",\n               \"source\": \"udev\",\n               \"fstype\": \"devtmpfs\",\n               \"options\": \"rw,nosuid,relatime,size=1947808k,nr_inodes=486952,mode=755,inode64\",\n               \"id\": 28,\n               \"children\": [\n                  {\n                     \"target\": \"/dev/pts\",\n                     \"source\": \"devpts\",\n                     \"fstype\": \"devpts\",\n                     \"options\": \"rw,nosuid,noexec,relatime,gid=5,mode=620,ptmxmode=000\",\n                     \"id\": 29\n                  },{\n                     \"target\": \"/dev/shm\",\n                     \"source\": \"tmpfs\",\n                     \"fstype\": \"tmpfs\",\n                     \"options\": \"rw,nosuid,nodev,inode64\",\n                     \"id\": 34\n                  },{\n                     \"target\": \"/dev/mqueue\",\n                     \"source\": \"mqueue\",\n                     \"fstype\": \"mqueue\",\n                     \"options\": \"rw,nosuid,nodev,noexec,relatime\",\n                     \"id\": 40\n                  },{\n                     \"target\": \"/dev/hugepages\",\n                     \"source\": \"hugetlbfs\",\n                     \"fstype\": \"hugetlbfs\",\n                     \"options\": \"rw,nosuid,nodev,relatime,pagesize=2M\",\n                     \"id\": 41\n                  }\n               ]\n            },{\n               \"target\": \"/run\",\n               \"source\": \"tmpfs\",\n               \"fstype\": \"tmpfs\",\n               \"options\": \"rw,nosuid,nodev,noexec,relatime,size=399960k,mode=755,inode64\",\n               \"id\": 30,\n               \"children\": [\n                  {\n                     \"target\": \"/run/lock\",\n                     \"source\": \"tmpfs\",\n                     \"fstype\": \"tmpfs\",\n                     \"options\": \"rw,nosuid,nodev,noexec,relatime,size=5120k,inode64\",\n                     \"id\": 35\n                  },{\n                     \"target\": \"/run/user/501\",\n                     \"source\": \"tmpfs\",\n                     \"fstype\": \"tmpfs\",\n                     \"options\": \"rw,nosuid,nodev,relatime,size=399956k,nr_inodes=99989,mode=700,uid=501,gid=1000,inode64\",\n                     \"id\": 58\n                  },{\n                     \"target\": \"/run/rpc_pipefs\",\n                     \"source\": \"sunrpc\",\n                     \"fstype\": \"rpc_pipefs\",\n                     \"options\": \"rw,relatime\",\n                     \"id\": 75\n                  }\n               ]\n            },{\n               \"target\": \"/boot\",\n               \"source\": \"/dev/vda16\",\n               \"fstype\": \"ext4\",\n               \"options\": \"rw,relatime\",\n               \"id\": 47,\n               \"children\": [\n                  {\n                     \"target\": \"/boot/efi\",\n                     \"source\": \"/dev/vda15\",\n                     \"fstype\": \"vfat\",\n                     \"options\": \"rw,relatime,fmask=0077,dmask=0077,codepage=437,iocharset=iso8859-1,shortname=mixed,errors=remount-ro\",\n                     \"id\": 49\n                  }\n               ]\n            },{\n               \"target\": \"/tmp/afs-ltp-ext4-full/base/.afs-std02-ltp-20260930T101932Z-00dcb4f9/commands/0632-writev03/tmp/LTP_wriNCIqOx/mntpoint\",\n               \"source\": \"/dev/loop0\",\n               \"fstype\": \"ext4\",\n               \"options\": \"rw,relatime\",\n               \"id\": 65\n            },{\n               \"target\": \"/tmp/afs-ltp-ext4-full2/base/.afs-std02-ltp-20260930T102850Z-23c1867f/commands/0632-writev03/tmp/LTP_wriSTzuAd/mntpoint\",\n               \"source\": \"/dev/loop1\",\n               \"fstype\": \"btrfs\",\n               \"options\": \"rw,relatime,discard=async,space_cache=v2,subvolid=5,subvol=/\",\n               \"id\": 76\n            },{\n               \"target\": \"/mnt/lima-cidata\",\n               \"source\": \"/dev/vdc\",\n               \"fstype\": \"iso9660\",\n               \"options\": \"ro,relatime,nojoliet,overriderockperm,check=s,map=n,blocksize=2048,uid=0,dmode=700,fmode=700,iocharset=utf8\",\n               \"id\": 91\n            },{\n               \"target\": \"/mnt/lima-afsctlstate\",\n               \"source\": \"/dev/vdb1\",\n               \"fstype\": \"ext4\",\n               \"options\": \"rw,relatime\",\n               \"id\": 100,\n               \"children\": [\n                  {\n                     \"target\": \"/mnt/lima-afsctlstate/v102w/ltpfull/.l639898a1/0632/t/LTP_wriBX4FIF/mntpoint\",\n                     \"source\": \"/dev/loop2\",\n                     \"fstype\": \"ext4\",\n                     \"options\": \"rw,relatime\",\n                     \"id\": 354\n                  }\n               ]\n            }\n         ]\n      }\n   ]\n}\n",
      "stderr": ""
    },
    {
      "argv": [
        "ss",
        "-ltnp"
      ],
      "returncode": 0,
      "stdout": "State  Recv-Q Send-Q  Local Address:Port  Peer Address:PortProcess                                                       \nLISTEN 0      511           0.0.0.0:17637      0.0.0.0:*    users:((\"redis-server\",pid=472165,fd=6))                     \nLISTEN 0      4096          0.0.0.0:58375      0.0.0.0:*    users:((\"rpc.mountd\",pid=1320469,fd=5))                      \nLISTEN 0      128           0.0.0.0:17501      0.0.0.0:*    users:((\"afs-meta\",pid=1136874,fd=10))                       \nLISTEN 0      128           0.0.0.0:17500      0.0.0.0:*    users:((\"afs-meta\",pid=1136874,fd=9))                        \nLISTEN 0      64            0.0.0.0:40275      0.0.0.0:*                                                                 \nLISTEN 0      128           0.0.0.0:19980      0.0.0.0:*    users:((\"afs-meta\",pid=1418880,fd=9))                        \nLISTEN 0      128    192.168.109.11:19981      0.0.0.0:*    users:((\"afs-meta\",pid=1418880,fd=10))                       \nLISTEN 0      4096    127.0.0.53%lo:53         0.0.0.0:*    users:((\"systemd-resolve\",pid=3556,fd=18))                   \nLISTEN 0      4096          0.0.0.0:32975      0.0.0.0:*    users:((\"rpc.statd\",pid=1320456,fd=9))                       \nLISTEN 0      4096       127.0.0.54:53         0.0.0.0:*    users:((\"systemd-resolve\",pid=3556,fd=20))                   \nLISTEN 0      64            0.0.0.0:2049       0.0.0.0:*                                                                 \nLISTEN 0      4096          0.0.0.0:22         0.0.0.0:*    users:((\"sshd\",pid=3573,fd=3),(\"systemd\",pid=1,fd=92))       \nLISTEN 0      4096          0.0.0.0:111        0.0.0.0:*    users:((\"rpcbind\",pid=1319949,fd=4),(\"systemd\",pid=1,fd=113))\nLISTEN 0      4096          0.0.0.0:35141      0.0.0.0:*    users:((\"rpc.mountd\",pid=1320469,fd=9))                      \nLISTEN 0      4096          0.0.0.0:47739      0.0.0.0:*    users:((\"rpc.mountd\",pid=1320469,fd=13))                     \nLISTEN 0      4096             [::]:36615         [::]:*    users:((\"rpc.statd\",pid=1320456,fd=11))                      \nLISTEN 0      4096             [::]:45227         [::]:*    users:((\"rpc.mountd\",pid=1320469,fd=7))                      \nLISTEN 0      4096             [::]:37091         [::]:*    users:((\"rpc.mountd\",pid=1320469,fd=15))                     \nLISTEN 0      64               [::]:38945         [::]:*                                                                 \nLISTEN 0      64               [::]:2049          [::]:*                                                                 \nLISTEN 0      4096             [::]:22            [::]:*    users:((\"sshd\",pid=3573,fd=4),(\"systemd\",pid=1,fd=93))       \nLISTEN 0      4096             [::]:111           [::]:*    users:((\"rpcbind\",pid=1319949,fd=6),(\"systemd\",pid=1,fd=116))\nLISTEN 0      4096             [::]:45787         [::]:*    users:((\"rpc.mountd\",pid=1320469,fd=11))                     \n",
      "stderr": ""
    },
    {
      "argv": [
        "findmnt",
        "-J",
        "--mountpoint",
        "/mnt/lima-afsctlstate"
      ],
      "returncode": 0,
      "stdout": "{\n   \"filesystems\": [\n      {\n         \"target\": \"/mnt/lima-afsctlstate\",\n         \"source\": \"/dev/vdb1\",\n         \"fstype\": \"ext4\",\n         \"options\": \"rw,relatime\"\n      }\n   ]\n}\n",
      "stderr": ""
    }
  ]
}
