[
  {
    "role": "ctl",
    "tar": "/mnt/lima-afsctlstate/afs-delivery/dfs-delete-6d-20261007-r1/stage/ctl-config.tar",
    "sha256": "3783f766c971f65de26953b70e176dcadb2b7f18b0b51eeed78e5af452efe77e",
    "files": {
      "meta.toml": "f4f01cddad8083b39bb67acbcae31719b87cf67ae3125676bfef9241e7712011",
      "tls/dfs-b-r1.pem": "3fbc54ae56076edc28c5a768c548db2c2e9510ce2bea5b8cd58251c1ee713517",
      "tls/dfs-c-r1.pem": "a418498b6a937fc25481223e3018d7ae02e17997de10c8ae1c5a27f51307f872",
      "tls/dfs-a-r1.pem": "baa6d969e8ab12ff25d8fe35f379588bee3ee2cba2120428b1be67649690dd89",
      "tls/ca.pem": "04e1f297f8bc0a951dbcb2a8417dd9e196f74a95a0de8f71b8eaf8e50f1e4d6b",
      "tls/meta-key.pem": "ab1bb090370a51cdd2284ac1832551a400a413a40757e6bb6bdae87fd1e11cff",
      "tls/meta.pem": "38e82ef3feb333af1cb2c2fca1883943bfcdf19d58e4d7ba998d38ddeb31780c"
    }
  },
  {
    "role": "a",
    "tar": "/mnt/lima-afsctlstate/afs-delivery/dfs-delete-6d-20261007-r1/stage/a-config.tar",
    "sha256": "0d2ce8b6c13825c92eb59b7019607761aa1c09a8ee034315068744c3e204f14a",
    "files": {
      "node.toml": "fef571299fb1c06e903c562c9f094710501515ffaa200f360a3da9e0c555619a",
      "tls/dfs-b-r1.pem": "3fbc54ae56076edc28c5a768c548db2c2e9510ce2bea5b8cd58251c1ee713517",
      "tls/dfs-a-r1-key.pem": "42950d975475fe56d96bf3e6f516e47a5c90cbdea8522be9b1ddca69be56c24e",
      "tls/dfs-c-r1.pem": "a418498b6a937fc25481223e3018d7ae02e17997de10c8ae1c5a27f51307f872",
      "tls/dfs-a-r1.pem": "baa6d969e8ab12ff25d8fe35f379588bee3ee2cba2120428b1be67649690dd89",
      "tls/ca.pem": "04e1f297f8bc0a951dbcb2a8417dd9e196f74a95a0de8f71b8eaf8e50f1e4d6b",
      "tls/meta.pem": "38e82ef3feb333af1cb2c2fca1883943bfcdf19d58e4d7ba998d38ddeb31780c"
    }
  },
  {
    "role": "b",
    "tar": "/mnt/lima-afsctlstate/afs-delivery/dfs-delete-6d-20261007-r1/stage/b-config.tar",
    "sha256": "01f67e5e1a144869cdd8c5b5f3e454f5f101acc51b40b0b6aaf3e2e825c07923",
    "files": {
      "node.toml": "e792219ba348c0e49f83ecf3b12e7aa3cf08146b92b6b21175ffce4e33f7fee8",
      "tls/dfs-b-r1.pem": "3fbc54ae56076edc28c5a768c548db2c2e9510ce2bea5b8cd58251c1ee713517",
      "tls/dfs-c-r1.pem": "a418498b6a937fc25481223e3018d7ae02e17997de10c8ae1c5a27f51307f872",
      "tls/dfs-a-r1.pem": "baa6d969e8ab12ff25d8fe35f379588bee3ee2cba2120428b1be67649690dd89",
      "tls/ca.pem": "04e1f297f8bc0a951dbcb2a8417dd9e196f74a95a0de8f71b8eaf8e50f1e4d6b",
      "tls/meta.pem": "38e82ef3feb333af1cb2c2fca1883943bfcdf19d58e4d7ba998d38ddeb31780c",
      "tls/dfs-b-r1-key.pem": "238f60dbeea89b4961f1f0890a8919aa56159186f6fc248764f3924110a75345"
    }
  },
  {
    "role": "c",
    "tar": "/mnt/lima-afsctlstate/afs-delivery/dfs-delete-6d-20261007-r1/stage/c-config.tar",
    "sha256": "52880e883938999dd2ea752638eb4c0517846ccf820a895119c0a4bd7b7c66a6",
    "files": {
      "node.toml": "51bdc811f7f0f3cd95884fcefa5310da4deaa14697f488f21fc299b627cc1210",
      "tls/dfs-b-r1.pem": "3fbc54ae56076edc28c5a768c548db2c2e9510ce2bea5b8cd58251c1ee713517",
      "tls/dfs-c-r1.pem": "a418498b6a937fc25481223e3018d7ae02e17997de10c8ae1c5a27f51307f872",
      "tls/dfs-a-r1.pem": "baa6d969e8ab12ff25d8fe35f379588bee3ee2cba2120428b1be67649690dd89",
      "tls/ca.pem": "04e1f297f8bc0a951dbcb2a8417dd9e196f74a95a0de8f71b8eaf8e50f1e4d6b",
      "tls/dfs-c-r1-key.pem": "f4fb28687e07c6f3a2ba326f95e9625bdf6dc9ff47136102be492568696233dc",
      "tls/meta.pem": "38e82ef3feb333af1cb2c2fca1883943bfcdf19d58e4d7ba998d38ddeb31780c"
    }
  }
]
