./DEPENDENCIES.md: OK
./bin/afs-meta: OK
./bin/afs-node: OK
./bin/afs-processctl: OK
./bin/dep02-smoke.sh: OK
./install.sh: OK
./ldd.txt: OK
./manifest.json: OK
./templates/meta.toml: OK
./templates/node-dfs.toml: OK
./templates/node-ownerfs.toml: OK
./templates/node.toml: OK
created local TLS bootstrap files: /mnt/lima-afscdata/afs-delivery/round1-mainline-v77-archive-r1/etc/tls
created config: /mnt/lima-afscdata/afs-delivery/round1-mainline-v77-archive-r1/etc/meta.toml
created config: /mnt/lima-afscdata/afs-delivery/round1-mainline-v77-archive-r1/etc/node.toml
created compatibility config: /mnt/lima-afscdata/afs-delivery/round1-mainline-v77-archive-r1/etc/node-dfs.toml -> node.toml
created compatibility config: /mnt/lima-afscdata/afs-delivery/round1-mainline-v77-archive-r1/etc/node-ownerfs.toml -> node.toml
installed AFS package under /mnt/lima-afscdata/afs-delivery/round1-mainline-v77-archive-r1/prefix
config: /mnt/lima-afscdata/afs-delivery/round1-mainline-v77-archive-r1/etc
state:  /mnt/lima-afscdata/afs-delivery/round1-mainline-v77-archive-r1/state
mount:  /mnt/lima-afscdata/afs-delivery/round1-mainline-v77-archive-r1/mount
