AFS_RDMA_GID index=1 address=::ffff:192.168.109.12 family=ipv4
AFS_RDMA_GID index=1 address=::ffff:192.168.109.12 family=ipv4
{"msg":"Mounting /mnt/lima-afsadata/afs-delivery/round2-overall-v82/mount/ownerfs","level":"INFO","ts":"2026-10-01T12:32:35.469749252Z","instance":"round1-a","service_name":"afs-node"}
{"msg":"Mounting /mnt/lima-afsadata/afs-delivery/round2-overall-v82/mount/dfs","level":"INFO","ts":"2026-10-01T12:32:35.470852469Z","instance":"round1-a","service_name":"afs-node"}
{"msg":"node.ready","level":"INFO","ts":"2026-10-01T12:32:35.472157108Z","instance":"round1-a","service_name":"afs-node","dfs":true,"ownerfs":true,"uds":"/mnt/lima-afsadata/afs-delivery/round2-overall-v82/run/node.sock","rest":"192.168.109.12:20583","grpc":"0.0.0.0:20582"}
{"msg":"FUSE request failed","level":"ERRO","ts":"2026-10-01T12:32:42.065267031Z","instance":"round1-a","service_name":"afs-node","message":"OwnerFs root is not registered in Meta","kind":"NotFound","code":34078721}
{"msg":"FUSE request failed","level":"ERRO","ts":"2026-10-01T12:32:42.214124748Z","instance":"round1-a","service_name":"afs-node","message":"DFS dentry not found","kind":"NotFound","code":34078721}
{"msg":"fuse.create","level":"INFO","ts":"2026-10-01T12:32:42.214178156Z","instance":"round1-a","service_name":"afs-node","name":"regression-v82.bin","parent":1}
{"msg":"FUSE request failed","level":"ERRO","ts":"2026-10-01T12:32:42.221777168Z","instance":"round1-a","service_name":"afs-node","message":"DFS currently supports only user.* xattrs","kind":"FailedPrecondition","code":67305489}
AFS_RDMA_GID index=1 address=::ffff:192.168.109.12 family=ipv4
AFS_RDMA_PROBE send_complete
{"msg":"dfs.replication_task_reported","level":"INFO","ts":"2026-10-01T12:32:42.576330737Z","instance":"round1-a","service_name":"afs-node","attempt":1,"state":"Completed","task":"repair:blake3-f83d6cd3abc23c88a9cc567bc3812ef70553a1074321a2a806cdcea2ed4ce84b-65536"}
{"msg":"FUSE request failed","level":"ERRO","ts":"2026-10-01T12:33:04.225840753Z","instance":"round1-a","service_name":"afs-node","message":"No such file or directory (os error 2)","kind":"NotFound","code":67305473}
{"msg":"FUSE request failed","level":"ERRO","ts":"2026-10-01T12:33:04.22609176Z","instance":"round1-a","service_name":"afs-node","message":"No such file or directory (os error 2)","kind":"NotFound","code":67305473}
{"msg":"FUSE request failed","level":"ERRO","ts":"2026-10-01T12:33:04.226254571Z","instance":"round1-a","service_name":"afs-node","message":"No such file or directory (os error 2)","kind":"NotFound","code":67305473}
{"msg":"FUSE request failed","level":"ERRO","ts":"2026-10-01T12:33:04.226404134Z","instance":"round1-a","service_name":"afs-node","message":"No such file or directory (os error 2)","kind":"NotFound","code":67305473}
{"msg":"FUSE request failed","level":"ERRO","ts":"2026-10-01T12:33:04.229666352Z","instance":"round1-a","service_name":"afs-node","message":"No such file or directory (os error 2)","kind":"NotFound","code":67305473}
{"msg":"fuse.create","level":"INFO","ts":"2026-10-01T12:33:04.229715179Z","instance":"round1-a","service_name":"afs-node","name":"owner-same-mount.txt","parent":3}
{"msg":"[Not Implemented] ioctl(ino: 0x4, fh: 1, flags: 0, cmd: 21505, in_data.len(): 0, out_size: 0)","level":"WARN","ts":"2026-10-01T12:33:04.229935398Z","instance":"round1-a","service_name":"afs-node"}
{"msg":"FUSE request failed","level":"ERRO","ts":"2026-10-01T12:33:04.232038817Z","instance":"round1-a","service_name":"afs-node","message":"OwnerFs currently supports only user.* xattrs","kind":"FailedPrecondition","code":67305489}
{"msg":"[Not Implemented] ioctl(ino: 0x4, fh: 4, flags: 0, cmd: 21505, in_data.len(): 0, out_size: 0)","level":"WARN","ts":"2026-10-01T12:33:04.23294136Z","instance":"round1-a","service_name":"afs-node"}
{"msg":"[Not Implemented] ioctl(ino: 0x4, fh: 5, flags: 0, cmd: 21505, in_data.len(): 0, out_size: 0)","level":"WARN","ts":"2026-10-01T12:33:04.233637222Z","instance":"round1-a","service_name":"afs-node"}
{"msg":"FUSE request failed","level":"ERRO","ts":"2026-10-01T12:33:04.329394759Z","instance":"round1-a","service_name":"afs-node","message":"DFS dentry not found","kind":"NotFound","code":34078721}
{"msg":"FUSE request failed","level":"ERRO","ts":"2026-10-01T12:33:04.330336671Z","instance":"round1-a","service_name":"afs-node","message":"DFS dentry not found","kind":"NotFound","code":34078721}
{"msg":"FUSE request failed","level":"ERRO","ts":"2026-10-01T12:33:04.331201511Z","instance":"round1-a","service_name":"afs-node","message":"DFS dentry not found","kind":"NotFound","code":34078721}
{"msg":"FUSE request failed","level":"ERRO","ts":"2026-10-01T12:33:04.332188875Z","instance":"round1-a","service_name":"afs-node","message":"DFS dentry not found","kind":"NotFound","code":34078721}
{"msg":"FUSE request failed","level":"ERRO","ts":"2026-10-01T12:33:04.339273692Z","instance":"round1-a","service_name":"afs-node","message":"DFS dentry not found","kind":"NotFound","code":34078721}
{"msg":"fuse.create","level":"INFO","ts":"2026-10-01T12:33:04.339298772Z","instance":"round1-a","service_name":"afs-node","name":"dfs-same-mount.txt","parent":3}
{"msg":"[Not Implemented] ioctl(ino: 0x4, fh: 3, flags: 0, cmd: 21505, in_data.len(): 0, out_size: 0)","level":"WARN","ts":"2026-10-01T12:33:04.344560256Z","instance":"round1-a","service_name":"afs-node"}
{"msg":"FUSE request failed","level":"ERRO","ts":"2026-10-01T12:33:04.345211292Z","instance":"round1-a","service_name":"afs-node","message":"DFS currently supports only user.* xattrs","kind":"FailedPrecondition","code":67305489}
{"msg":"FUSE request failed","level":"ERRO","ts":"2026-10-01T12:33:04.363080834Z","instance":"round1-a","service_name":"afs-node","message":"DFS currently supports only user.* xattrs","kind":"FailedPrecondition","code":67305489}
{"msg":"FUSE request failed","level":"ERRO","ts":"2026-10-01T12:33:04.363977544Z","instance":"round1-a","service_name":"afs-node","message":"DFS currently supports only user.* xattrs","kind":"FailedPrecondition","code":67305489}
{"msg":"[Not Implemented] ioctl(ino: 0x4, fh: 6, flags: 0, cmd: 21505, in_data.len(): 0, out_size: 0)","level":"WARN","ts":"2026-10-01T12:33:04.377987825Z","instance":"round1-a","service_name":"afs-node"}
{"msg":"[Not Implemented] ioctl(ino: 0x4, fh: 7, flags: 0, cmd: 21505, in_data.len(): 0, out_size: 0)","level":"WARN","ts":"2026-10-01T12:33:04.385655229Z","instance":"round1-a","service_name":"afs-node"}
{"msg":"FUSE request failed","level":"ERRO","ts":"2026-10-01T12:33:04.490735983Z","instance":"round1-a","service_name":"afs-node","message":"No such file or directory (os error 2)","kind":"NotFound","code":67305473}
{"msg":"FUSE request failed","level":"ERRO","ts":"2026-10-01T12:33:04.490962119Z","instance":"round1-a","service_name":"afs-node","message":"No such file or directory (os error 2)","kind":"NotFound","code":67305473}
{"msg":"FUSE request failed","level":"ERRO","ts":"2026-10-01T12:33:04.491414931Z","instance":"round1-a","service_name":"afs-node","message":"No such file or directory (os error 2)","kind":"NotFound","code":67305473}
{"msg":"fuse.create","level":"INFO","ts":"2026-10-01T12:33:04.491463591Z","instance":"round1-a","service_name":"afs-node","name":"owner-close-to-open.txt","parent":3}
{"msg":"[Not Implemented] ioctl(ino: 0x5, fh: 7, flags: 0, cmd: 21505, in_data.len(): 0, out_size: 0)","level":"WARN","ts":"2026-10-01T12:33:04.495512076Z","instance":"round1-a","service_name":"afs-node"}
{"msg":"[Not Implemented] ioctl(ino: 0x5, fh: 8, flags: 0, cmd: 21505, in_data.len(): 0, out_size: 0)","level":"WARN","ts":"2026-10-01T12:33:04.496326881Z","instance":"round1-a","service_name":"afs-node"}
AFS_RDMA_GID index=1 address=::ffff:192.168.109.12 family=ipv4
AFS_RDMA_PROBE receive_complete
AFS_RDMA_COMPLETE op=WRITE bytes=22
AFS_RDMA_GID index=1 address=::ffff:192.168.109.12 family=ipv4
AFS_RDMA_PROBE receive_complete
AFS_RDMA_GID index=1 address=::ffff:192.168.109.12 family=ipv4
AFS_RDMA_PROBE receive_complete
AFS_RDMA_COMPLETE op=WRITE bytes=22
AFS_RDMA_GID index=1 address=::ffff:192.168.109.12 family=ipv4
AFS_RDMA_PROBE receive_complete
AFS_RDMA_GID index=1 address=::ffff:192.168.109.12 family=ipv4
AFS_RDMA_PROBE receive_complete
{"msg":"dfs.replication_task_reported","level":"INFO","ts":"2026-10-01T12:33:04.728722373Z","instance":"round1-a","service_name":"afs-node","attempt":1,"state":"Completed","task":"repair:blake3-8cd368e464b46a39a341399463fc725d7353b679f79239bc23a30be167e70eb9-17"}
AFS_RDMA_GID index=1 address=::ffff:192.168.109.12 family=ipv4
AFS_RDMA_PROBE receive_complete
AFS_RDMA_COMPLETE op=WRITE bytes=22
{"msg":"dfs.replication_task_reported","level":"INFO","ts":"2026-10-01T12:33:04.744739295Z","instance":"round1-a","service_name":"afs-node","attempt":1,"state":"Completed","task":"repair:blake3-f823caef657a78476ebcb5464839e1efc58df85bb73ca50f1e1476c64aade7d3-5"}
{"msg":"FUSE request failed","level":"ERRO","ts":"2026-10-01T12:33:04.839533089Z","instance":"round1-a","service_name":"afs-node","message":"OwnerFs currently supports only user.* xattrs","kind":"FailedPrecondition","code":67305489}
{"msg":"[Not Implemented] ioctl(ino: 0x5, fh: 10, flags: 0, cmd: 21505, in_data.len(): 0, out_size: 0)","level":"WARN","ts":"2026-10-01T12:33:04.843648606Z","instance":"round1-a","service_name":"afs-node"}
{"msg":"[Not Implemented] ioctl(ino: 0x5, fh: 11, flags: 0, cmd: 21505, in_data.len(): 0, out_size: 0)","level":"WARN","ts":"2026-10-01T12:33:04.844597226Z","instance":"round1-a","service_name":"afs-node"}
AFS_RDMA_GID index=1 address=::ffff:192.168.109.12 family=ipv4
AFS_RDMA_PROBE receive_complete
AFS_RDMA_COMPLETE op=WRITE bytes=25
AFS_RDMA_GID index=1 address=::ffff:192.168.109.12 family=ipv4
AFS_RDMA_PROBE receive_complete
{"msg":"FUSE request failed","level":"ERRO","ts":"2026-10-01T12:33:05.001417113Z","instance":"round1-a","service_name":"afs-node","message":"DFS dentry not found","kind":"NotFound","code":34078721}
{"msg":"FUSE request failed","level":"ERRO","ts":"2026-10-01T12:33:05.003053557Z","instance":"round1-a","service_name":"afs-node","message":"DFS dentry not found","kind":"NotFound","code":34078721}
{"msg":"FUSE request failed","level":"ERRO","ts":"2026-10-01T12:33:05.007156539Z","instance":"round1-a","service_name":"afs-node","message":"DFS dentry not found","kind":"NotFound","code":34078721}
{"msg":"fuse.create","level":"INFO","ts":"2026-10-01T12:33:05.007211115Z","instance":"round1-a","service_name":"afs-node","name":"dfs-close-to-open.txt","parent":3}
{"msg":"FUSE request failed","level":"ERRO","ts":"2026-10-01T12:33:05.013482259Z","instance":"round1-a","service_name":"afs-node","message":"DFS currently supports only user.* xattrs","kind":"FailedPrecondition","code":67305489}
{"msg":"[Not Implemented] ioctl(ino: 0x5, fh: 9, flags: 0, cmd: 21505, in_data.len(): 0, out_size: 0)","level":"WARN","ts":"2026-10-01T12:33:05.028491046Z","instance":"round1-a","service_name":"afs-node"}
{"msg":"[Not Implemented] ioctl(ino: 0x5, fh: 10, flags: 0, cmd: 21505, in_data.len(): 0, out_size: 0)","level":"WARN","ts":"2026-10-01T12:33:05.038242383Z","instance":"round1-a","service_name":"afs-node"}
AFS_RDMA_GID index=1 address=::ffff:192.168.109.12 family=ipv4
AFS_RDMA_PROBE receive_complete
AFS_RDMA_COMPLETE op=WRITE bytes=20
AFS_RDMA_COMPLETE op=WRITE bytes=20
AFS_RDMA_COMPLETE op=WRITE bytes=20
{"msg":"FUSE request failed","level":"ERRO","ts":"2026-10-01T12:33:05.409767087Z","instance":"round1-a","service_name":"afs-node","message":"DFS currently supports only user.* xattrs","kind":"FailedPrecondition","code":67305489}
{"msg":"FUSE request failed","level":"ERRO","ts":"2026-10-01T12:33:05.415416191Z","instance":"round1-a","service_name":"afs-node","message":"DFS currently supports only user.* xattrs","kind":"FailedPrecondition","code":67305489}
{"msg":"[Not Implemented] ioctl(ino: 0x5, fh: 12, flags: 0, cmd: 21505, in_data.len(): 0, out_size: 0)","level":"WARN","ts":"2026-10-01T12:33:05.425959503Z","instance":"round1-a","service_name":"afs-node"}
{"msg":"[Not Implemented] ioctl(ino: 0x5, fh: 13, flags: 0, cmd: 21505, in_data.len(): 0, out_size: 0)","level":"WARN","ts":"2026-10-01T12:33:05.435899773Z","instance":"round1-a","service_name":"afs-node"}
AFS_RDMA_COMPLETE op=WRITE bytes=23
{"msg":"FUSE request failed","level":"ERRO","ts":"2026-10-01T12:33:05.59229011Z","instance":"round1-a","service_name":"afs-node","message":"No such file or directory (os error 2)","kind":"NotFound","code":67305473}
{"msg":"FUSE request failed","level":"ERRO","ts":"2026-10-01T12:33:05.592525619Z","instance":"round1-a","service_name":"afs-node","message":"No such file or directory (os error 2)","kind":"NotFound","code":67305473}
{"msg":"FUSE request failed","level":"ERRO","ts":"2026-10-01T12:33:05.592961643Z","instance":"round1-a","service_name":"afs-node","message":"No such file or directory (os error 2)","kind":"NotFound","code":67305473}
{"msg":"fuse.create","level":"INFO","ts":"2026-10-01T12:33:05.592998138Z","instance":"round1-a","service_name":"afs-node","name":"owner-remote-owner.txt","parent":3}
{"msg":"[Not Implemented] ioctl(ino: 0x6, fh: 13, flags: 0, cmd: 21505, in_data.len(): 0, out_size: 0)","level":"WARN","ts":"2026-10-01T12:33:05.59618512Z","instance":"round1-a","service_name":"afs-node"}
{"msg":"[Not Implemented] ioctl(ino: 0x6, fh: 14, flags: 0, cmd: 21505, in_data.len(): 0, out_size: 0)","level":"WARN","ts":"2026-10-01T12:33:05.596986594Z","instance":"round1-a","service_name":"afs-node"}
AFS_RDMA_GID index=1 address=::ffff:192.168.109.12 family=ipv4
AFS_RDMA_PROBE receive_complete
AFS_RDMA_COMPLETE op=READ bytes=26
AFS_RDMA_GID index=1 address=::ffff:192.168.109.12 family=ipv4
AFS_RDMA_PROBE receive_complete
AFS_RDMA_COMPLETE op=WRITE bytes=18
AFS_RDMA_GID index=1 address=::ffff:192.168.109.12 family=ipv4
AFS_RDMA_PROBE receive_complete
AFS_RDMA_GID index=1 address=::ffff:192.168.109.12 family=ipv4
AFS_RDMA_PROBE receive_complete
AFS_RDMA_COMPLETE op=WRITE bytes=18
AFS_RDMA_GID index=1 address=::ffff:192.168.109.12 family=ipv4
AFS_RDMA_PROBE receive_complete
AFS_RDMA_GID index=1 address=::ffff:192.168.109.12 family=ipv4
AFS_RDMA_PROBE receive_complete
{"msg":"dfs.replication_task_reported","level":"INFO","ts":"2026-10-01T12:33:05.763243503Z","instance":"round1-a","service_name":"afs-node","attempt":1,"state":"Completed","task":"repair:blake3-50364a7fdde9e6f79ebae7d003d928a32ffdc27ae2b657d8a34971641f24ada7-23"}
{"msg":"dfs.replication_task_reported","level":"INFO","ts":"2026-10-01T12:33:05.782340148Z","instance":"round1-a","service_name":"afs-node","attempt":1,"state":"Completed","task":"repair:blake3-b906dc48668e3d802ff614cae95390a8f2f4c636bf406116f630cbfca8e4f921-20"}
{"msg":"[Not Implemented] ioctl(ino: 0x6, fh: 15, flags: 0, cmd: 21505, in_data.len(): 0, out_size: 0)","level":"WARN","ts":"2026-10-01T12:33:05.844497587Z","instance":"round1-a","service_name":"afs-node"}
{"msg":"[Not Implemented] ioctl(ino: 0x6, fh: 16, flags: 0, cmd: 21505, in_data.len(): 0, out_size: 0)","level":"WARN","ts":"2026-10-01T12:33:05.845308018Z","instance":"round1-a","service_name":"afs-node"}
{"msg":"FUSE request failed","level":"ERRO","ts":"2026-10-01T12:33:05.942474766Z","instance":"round1-a","service_name":"afs-node","message":"No such file or directory (os error 2)","kind":"NotFound","code":67305473}
{"msg":"FUSE request failed","level":"ERRO","ts":"2026-10-01T12:33:05.942667948Z","instance":"round1-a","service_name":"afs-node","message":"No such file or directory (os error 2)","kind":"NotFound","code":67305473}
{"msg":"FUSE request failed","level":"ERRO","ts":"2026-10-01T12:33:05.942832259Z","instance":"round1-a","service_name":"afs-node","message":"No such file or directory (os error 2)","kind":"NotFound","code":67305473}
{"msg":"FUSE request failed","level":"ERRO","ts":"2026-10-01T12:33:05.944087421Z","instance":"round1-a","service_name":"afs-node","message":"No such file or directory (os error 2)","kind":"NotFound","code":67305473}
{"msg":"fuse.create","level":"INFO","ts":"2026-10-01T12:33:05.944125124Z","instance":"round1-a","service_name":"afs-node","name":"src","parent":7}
{"msg":"[Not Implemented] ioctl(ino: 0x8, fh: 17, flags: 0, cmd: 21505, in_data.len(): 0, out_size: 0)","level":"WARN","ts":"2026-10-01T12:33:05.944659343Z","instance":"round1-a","service_name":"afs-node"}
{"msg":"FUSE request failed","level":"ERRO","ts":"2026-10-01T12:33:05.945382661Z","instance":"round1-a","service_name":"afs-node","message":"No such file or directory (os error 2)","kind":"NotFound","code":67305473}
{"msg":"fuse.create","level":"INFO","ts":"2026-10-01T12:33:05.945421114Z","instance":"round1-a","service_name":"afs-node","name":"dst","parent":7}
{"msg":"[Not Implemented] ioctl(ino: 0x9, fh: 18, flags: 0, cmd: 21505, in_data.len(): 0, out_size: 0)","level":"WARN","ts":"2026-10-01T12:33:05.945618879Z","instance":"round1-a","service_name":"afs-node"}
{"msg":"FUSE request failed","level":"ERRO","ts":"2026-10-01T12:33:05.946416562Z","instance":"round1-a","service_name":"afs-node","message":"No such file or directory (os error 2)","kind":"NotFound","code":67305473}
{"msg":"FUSE request failed","level":"ERRO","ts":"2026-10-01T12:33:05.948159366Z","instance":"round1-a","service_name":"afs-node","message":"No such file or directory (os error 2)","kind":"NotFound","code":67305473}
{"msg":"[Not Implemented] ioctl(ino: 0x9, fh: 19, flags: 0, cmd: 21505, in_data.len(): 0, out_size: 0)","level":"WARN","ts":"2026-10-01T12:33:05.948429371Z","instance":"round1-a","service_name":"afs-node"}
{"msg":"[Not Implemented] ioctl(ino: 0x8, fh: 20, flags: 0, cmd: 21505, in_data.len(): 0, out_size: 0)","level":"WARN","ts":"2026-10-01T12:33:05.948829066Z","instance":"round1-a","service_name":"afs-node"}
AFS_RDMA_GID index=1 address=::ffff:192.168.109.12 family=ipv4
AFS_RDMA_PROBE receive_complete
AFS_RDMA_COMPLETE op=READ bytes=16
AFS_RDMA_GID index=1 address=::ffff:192.168.109.12 family=ipv4
AFS_RDMA_PROBE receive_complete
AFS_RDMA_COMPLETE op=READ bytes=19
AFS_RDMA_GID index=1 address=::ffff:192.168.109.12 family=ipv4
AFS_RDMA_PROBE receive_complete
AFS_RDMA_COMPLETE op=WRITE bytes=19
AFS_RDMA_GID index=1 address=::ffff:192.168.109.12 family=ipv4
AFS_RDMA_PROBE receive_complete
AFS_RDMA_GID index=1 address=::ffff:192.168.109.12 family=ipv4
AFS_RDMA_PROBE receive_complete
AFS_RDMA_COMPLETE op=WRITE bytes=16
AFS_RDMA_GID index=1 address=::ffff:192.168.109.12 family=ipv4
AFS_RDMA_PROBE receive_complete
{"msg":"FUSE request failed","level":"ERRO","ts":"2026-10-01T12:33:06.232572675Z","instance":"round1-a","service_name":"afs-node","message":"DFS dentry not found","kind":"NotFound","code":34078721}
{"msg":"FUSE request failed","level":"ERRO","ts":"2026-10-01T12:33:06.234513162Z","instance":"round1-a","service_name":"afs-node","message":"DFS dentry not found","kind":"NotFound","code":34078721}
{"msg":"FUSE request failed","level":"ERRO","ts":"2026-10-01T12:33:06.238725843Z","instance":"round1-a","service_name":"afs-node","message":"DFS dentry not found","kind":"NotFound","code":34078721}
{"msg":"fuse.create","level":"INFO","ts":"2026-10-01T12:33:06.238781418Z","instance":"round1-a","service_name":"afs-node","name":"dfs-remote-owner.txt","parent":3}
{"msg":"FUSE request failed","level":"ERRO","ts":"2026-10-01T12:33:06.247290559Z","instance":"round1-a","service_name":"afs-node","message":"DFS currently supports only user.* xattrs","kind":"FailedPrecondition","code":67305489}
{"msg":"[Not Implemented] ioctl(ino: 0x6, fh: 15, flags: 0, cmd: 21505, in_data.len(): 0, out_size: 0)","level":"WARN","ts":"2026-10-01T12:33:06.25908838Z","instance":"round1-a","service_name":"afs-node"}
{"msg":"[Not Implemented] ioctl(ino: 0x6, fh: 16, flags: 0, cmd: 21505, in_data.len(): 0, out_size: 0)","level":"WARN","ts":"2026-10-01T12:33:06.268618133Z","instance":"round1-a","service_name":"afs-node"}
AFS_RDMA_COMPLETE op=WRITE bytes=16
AFS_RDMA_COMPLETE op=WRITE bytes=16
{"msg":"[Not Implemented] ioctl(ino: 0x6, fh: 17, flags: 0, cmd: 21505, in_data.len(): 0, out_size: 0)","level":"WARN","ts":"2026-10-01T12:33:06.595213132Z","instance":"round1-a","service_name":"afs-node"}
{"msg":"[Not Implemented] ioctl(ino: 0x6, fh: 18, flags: 0, cmd: 21505, in_data.len(): 0, out_size: 0)","level":"WARN","ts":"2026-10-01T12:33:06.605375424Z","instance":"round1-a","service_name":"afs-node"}
{"msg":"FUSE request failed","level":"ERRO","ts":"2026-10-01T12:33:06.711173574Z","instance":"round1-a","service_name":"afs-node","message":"DFS dentry not found","kind":"NotFound","code":34078721}
{"msg":"FUSE request failed","level":"ERRO","ts":"2026-10-01T12:33:06.713368278Z","instance":"round1-a","service_name":"afs-node","message":"DFS dentry not found","kind":"NotFound","code":34078721}
{"msg":"FUSE request failed","level":"ERRO","ts":"2026-10-01T12:33:06.717672779Z","instance":"round1-a","service_name":"afs-node","message":"DFS dentry not found","kind":"NotFound","code":34078721}
{"msg":"fuse.create","level":"INFO","ts":"2026-10-01T12:33:06.717694193Z","instance":"round1-a","service_name":"afs-node","name":"dfs-handover-after-idle.txt","parent":3}
{"msg":"FUSE request failed","level":"ERRO","ts":"2026-10-01T12:33:06.725454893Z","instance":"round1-a","service_name":"afs-node","message":"DFS currently supports only user.* xattrs","kind":"FailedPrecondition","code":67305489}
{"msg":"[Not Implemented] ioctl(ino: 0x7, fh: 20, flags: 0, cmd: 21505, in_data.len(): 0, out_size: 0)","level":"WARN","ts":"2026-10-01T12:33:06.739866444Z","instance":"round1-a","service_name":"afs-node"}
{"msg":"[Not Implemented] ioctl(ino: 0x7, fh: 21, flags: 0, cmd: 21505, in_data.len(): 0, out_size: 0)","level":"WARN","ts":"2026-10-01T12:33:06.749356036Z","instance":"round1-a","service_name":"afs-node"}
{"msg":"dfs.replication_task_reported","level":"INFO","ts":"2026-10-01T12:33:06.805111204Z","instance":"round1-a","service_name":"afs-node","attempt":1,"state":"Completed","task":"repair:blake3-837a07a77599db1e9e643aeb740835281f4a65fb87e0874034daad7a01a4dea5-20"}
{"msg":"dfs.replication_task_reported","level":"INFO","ts":"2026-10-01T12:33:06.823821173Z","instance":"round1-a","service_name":"afs-node","attempt":1,"state":"Completed","task":"repair:blake3-9cf8e8095070ef6713d2b9253bf0c551bf5c3fcb06bde34be9f40cace09cd72d-16"}
{"msg":"dfs.replication_task_reported","level":"INFO","ts":"2026-10-01T12:33:06.843828843Z","instance":"round1-a","service_name":"afs-node","attempt":1,"state":"Completed","task":"repair:blake3-fec9a5a7e8b7ab1ba65510162830717080a214e7b230c414a4a3c952de6de9d6-18"}
{"msg":"[Not Implemented] ioctl(ino: 0x7, fh: 22, flags: 0, cmd: 21505, in_data.len(): 0, out_size: 0)","level":"WARN","ts":"2026-10-01T12:33:42.123548972Z","instance":"round1-a","service_name":"afs-node"}
{"msg":"[Not Implemented] ioctl(ino: 0x7, fh: 23, flags: 0, cmd: 21505, in_data.len(): 0, out_size: 0)","level":"WARN","ts":"2026-10-01T12:33:42.13617141Z","instance":"round1-a","service_name":"afs-node"}
{"msg":"[Not Implemented] ioctl(ino: 0x7, fh: 24, flags: 0, cmd: 21505, in_data.len(): 0, out_size: 0)","level":"WARN","ts":"2026-10-01T12:33:42.248421783Z","instance":"round1-a","service_name":"afs-node"}
{"msg":"FUSE request failed","level":"ERRO","ts":"2026-10-01T12:33:42.275242453Z","instance":"round1-a","service_name":"afs-node","message":"DFS currently supports only user.* xattrs","kind":"FailedPrecondition","code":67305489}
{"msg":"FUSE request failed","level":"ERRO","ts":"2026-10-01T12:33:42.307986341Z","instance":"round1-a","service_name":"afs-node","message":"DFS currently supports only user.* xattrs","kind":"FailedPrecondition","code":67305489}
{"msg":"[Not Implemented] ioctl(ino: 0x7, fh: 26, flags: 0, cmd: 21505, in_data.len(): 0, out_size: 0)","level":"WARN","ts":"2026-10-01T12:33:42.315933431Z","instance":"round1-a","service_name":"afs-node"}
{"msg":"[Not Implemented] ioctl(ino: 0x7, fh: 27, flags: 0, cmd: 21505, in_data.len(): 0, out_size: 0)","level":"WARN","ts":"2026-10-01T12:33:42.339676838Z","instance":"round1-a","service_name":"afs-node"}
{"msg":"[Not Implemented] ioctl(ino: 0x7, fh: 28, flags: 0, cmd: 21505, in_data.len(): 0, out_size: 0)","level":"WARN","ts":"2026-10-01T12:33:42.35188961Z","instance":"round1-a","service_name":"afs-node"}
AFS_RDMA_COMPLETE op=READ bytes=18
{"msg":"FUSE request failed","level":"ERRO","ts":"2026-10-01T12:33:42.593448374Z","instance":"round1-a","service_name":"afs-node","message":"DFS dentry not found","kind":"NotFound","code":34078721}
{"msg":"FUSE request failed","level":"ERRO","ts":"2026-10-01T12:33:42.595226272Z","instance":"round1-a","service_name":"afs-node","message":"DFS dentry not found","kind":"NotFound","code":34078721}
{"msg":"FUSE request failed","level":"ERRO","ts":"2026-10-01T12:33:42.599035585Z","instance":"round1-a","service_name":"afs-node","message":"DFS dentry not found","kind":"NotFound","code":34078721}
{"msg":"fuse.create","level":"INFO","ts":"2026-10-01T12:33:42.599048792Z","instance":"round1-a","service_name":"afs-node","name":"dfs-provider-existing-handle.txt","parent":3}
AFS_RDMA_COMPLETE op=READ bytes=27
{"msg":"FUSE request failed","level":"ERRO","ts":"2026-10-01T12:33:42.607552158Z","instance":"round1-a","service_name":"afs-node","message":"DFS currently supports only user.* xattrs","kind":"FailedPrecondition","code":67305489}
{"msg":"[Not Implemented] ioctl(ino: 0x8, fh: 30, flags: 0, cmd: 21505, in_data.len(): 0, out_size: 0)","level":"WARN","ts":"2026-10-01T12:33:42.625287314Z","instance":"round1-a","service_name":"afs-node"}
{"msg":"[Not Implemented] ioctl(ino: 0x8, fh: 31, flags: 0, cmd: 21505, in_data.len(): 0, out_size: 0)","level":"WARN","ts":"2026-10-01T12:33:42.634584014Z","instance":"round1-a","service_name":"afs-node"}
AFS_RDMA_COMPLETE op=WRITE bytes=20
AFS_RDMA_COMPLETE op=WRITE bytes=18
AFS_RDMA_COMPLETE op=WRITE bytes=18
{"msg":"[Not Implemented] ioctl(ino: 0x8, fh: 32, flags: 0, cmd: 21505, in_data.len(): 0, out_size: 0)","level":"WARN","ts":"2026-10-01T12:33:42.997723597Z","instance":"round1-a","service_name":"afs-node"}
{"msg":"[Not Implemented] ioctl(ino: 0x8, fh: 33, flags: 0, cmd: 21505, in_data.len(): 0, out_size: 0)","level":"WARN","ts":"2026-10-01T12:33:43.00739997Z","instance":"round1-a","service_name":"afs-node"}
{"msg":"dfs.replication_task_reported","level":"INFO","ts":"2026-10-01T12:33:43.106850029Z","instance":"round1-a","service_name":"afs-node","attempt":1,"state":"Completed","task":"repair:blake3-6aa8d9ed04e1cc9264a035693a2eaf4c05d493aabba927f477adcf1f8ddd5ed6-18"}
{"msg":"dfs.replication_task_reported","level":"INFO","ts":"2026-10-01T12:33:43.131587723Z","instance":"round1-a","service_name":"afs-node","attempt":1,"state":"Completed","task":"repair:blake3-b7a6c0e2483872c2079c4d001a629230727b238f4ee7949241dffa96b19224ef-20"}
{"msg":"services.stopped","level":"INFO","ts":"2026-10-01T12:35:11.360399107Z","instance":"round1-a","service_name":"afs-node"}
AFS_RDMA_GID index=1 address=::ffff:192.168.109.12 family=ipv4
AFS_RDMA_GID index=1 address=::ffff:192.168.109.12 family=ipv4
{"msg":"Mounting /mnt/lima-afsadata/afs-delivery/round2-overall-v82/mount/ownerfs","level":"INFO","ts":"2026-10-01T12:35:11.575527226Z","instance":"round1-a","service_name":"afs-node"}
{"msg":"Mounting /mnt/lima-afsadata/afs-delivery/round2-overall-v82/mount/dfs","level":"INFO","ts":"2026-10-01T12:35:11.57984991Z","instance":"round1-a","service_name":"afs-node"}
{"msg":"node.ready","level":"INFO","ts":"2026-10-01T12:35:11.580189385Z","instance":"round1-a","service_name":"afs-node","dfs":true,"ownerfs":true,"uds":"/mnt/lima-afsadata/afs-delivery/round2-overall-v82/run/node.sock","rest":"192.168.109.12:20583","grpc":"0.0.0.0:20582"}
{"msg":"FUSE request failed","level":"ERRO","ts":"2026-10-01T12:36:01.981119236Z","instance":"round1-a","service_name":"afs-node","message":"No such file or directory (os error 2)","kind":"NotFound","code":67305473}
{"msg":"FUSE request failed","level":"ERRO","ts":"2026-10-01T12:36:01.98130739Z","instance":"round1-a","service_name":"afs-node","message":"No such file or directory (os error 2)","kind":"NotFound","code":67305473}
{"msg":"FUSE request failed","level":"ERRO","ts":"2026-10-01T12:36:01.981447963Z","instance":"round1-a","service_name":"afs-node","message":"No such file or directory (os error 2)","kind":"NotFound","code":67305473}
{"msg":"FUSE request failed","level":"ERRO","ts":"2026-10-01T12:36:01.981579329Z","instance":"round1-a","service_name":"afs-node","message":"No such file or directory (os error 2)","kind":"NotFound","code":67305473}
{"msg":"FUSE request failed","level":"ERRO","ts":"2026-10-01T12:36:01.983921921Z","instance":"round1-a","service_name":"afs-node","message":"No such file or directory (os error 2)","kind":"NotFound","code":67305473}
{"msg":"fuse.create","level":"INFO","ts":"2026-10-01T12:36:01.983999208Z","instance":"round1-a","service_name":"afs-node","name":"owner-same-mount.txt","parent":3}
{"msg":"[Not Implemented] ioctl(ino: 0x4, fh: 1, flags: 0, cmd: 21505, in_data.len(): 0, out_size: 0)","level":"WARN","ts":"2026-10-01T12:36:01.984213985Z","instance":"round1-a","service_name":"afs-node"}
{"msg":"FUSE request failed","level":"ERRO","ts":"2026-10-01T12:36:01.985959825Z","instance":"round1-a","service_name":"afs-node","message":"OwnerFs currently supports only user.* xattrs","kind":"FailedPrecondition","code":67305489}
{"msg":"[Not Implemented] ioctl(ino: 0x4, fh: 4, flags: 0, cmd: 21505, in_data.len(): 0, out_size: 0)","level":"WARN","ts":"2026-10-01T12:36:01.986903387Z","instance":"round1-a","service_name":"afs-node"}
{"msg":"[Not Implemented] ioctl(ino: 0x4, fh: 5, flags: 0, cmd: 21505, in_data.len(): 0, out_size: 0)","level":"WARN","ts":"2026-10-01T12:36:01.987685Z","instance":"round1-a","service_name":"afs-node"}
{"msg":"FUSE request failed","level":"ERRO","ts":"2026-10-01T12:36:02.104028941Z","instance":"round1-a","service_name":"afs-node","message":"DFS dentry not found","kind":"NotFound","code":34078721}
{"msg":"FUSE request failed","level":"ERRO","ts":"2026-10-01T12:36:02.105661706Z","instance":"round1-a","service_name":"afs-node","message":"DFS dentry not found","kind":"NotFound","code":34078721}
{"msg":"FUSE request failed","level":"ERRO","ts":"2026-10-01T12:36:02.107044154Z","instance":"round1-a","service_name":"afs-node","message":"DFS dentry not found","kind":"NotFound","code":34078721}
{"msg":"FUSE request failed","level":"ERRO","ts":"2026-10-01T12:36:02.108672711Z","instance":"round1-a","service_name":"afs-node","message":"DFS dentry not found","kind":"NotFound","code":34078721}
{"msg":"FUSE request failed","level":"ERRO","ts":"2026-10-01T12:36:02.124862077Z","instance":"round1-a","service_name":"afs-node","message":"DFS dentry not found","kind":"NotFound","code":34078721}
{"msg":"fuse.create","level":"INFO","ts":"2026-10-01T12:36:02.124960612Z","instance":"round1-a","service_name":"afs-node","name":"dfs-same-mount.txt","parent":3}
{"msg":"[Not Implemented] ioctl(ino: 0x4, fh: 2, flags: 0, cmd: 21505, in_data.len(): 0, out_size: 0)","level":"WARN","ts":"2026-10-01T12:36:02.13931306Z","instance":"round1-a","service_name":"afs-node"}
{"msg":"FUSE request failed","level":"ERRO","ts":"2026-10-01T12:36:02.140262038Z","instance":"round1-a","service_name":"afs-node","message":"DFS currently supports only user.* xattrs","kind":"FailedPrecondition","code":67305489}
{"msg":"FUSE request failed","level":"ERRO","ts":"2026-10-01T12:36:02.174630886Z","instance":"round1-a","service_name":"afs-node","message":"DFS currently supports only user.* xattrs","kind":"FailedPrecondition","code":67305489}
{"msg":"FUSE request failed","level":"ERRO","ts":"2026-10-01T12:36:02.176156574Z","instance":"round1-a","service_name":"afs-node","message":"DFS currently supports only user.* xattrs","kind":"FailedPrecondition","code":67305489}
{"msg":"[Not Implemented] ioctl(ino: 0x4, fh: 5, flags: 0, cmd: 21505, in_data.len(): 0, out_size: 0)","level":"WARN","ts":"2026-10-01T12:36:02.196365961Z","instance":"round1-a","service_name":"afs-node"}
{"msg":"[Not Implemented] ioctl(ino: 0x4, fh: 6, flags: 0, cmd: 21505, in_data.len(): 0, out_size: 0)","level":"WARN","ts":"2026-10-01T12:36:02.208427147Z","instance":"round1-a","service_name":"afs-node"}
{"msg":"FUSE request failed","level":"ERRO","ts":"2026-10-01T12:36:02.327507862Z","instance":"round1-a","service_name":"afs-node","message":"No such file or directory (os error 2)","kind":"NotFound","code":67305473}
{"msg":"FUSE request failed","level":"ERRO","ts":"2026-10-01T12:36:02.327783469Z","instance":"round1-a","service_name":"afs-node","message":"No such file or directory (os error 2)","kind":"NotFound","code":67305473}
{"msg":"FUSE request failed","level":"ERRO","ts":"2026-10-01T12:36:02.328142528Z","instance":"round1-a","service_name":"afs-node","message":"No such file or directory (os error 2)","kind":"NotFound","code":67305473}
{"msg":"fuse.create","level":"INFO","ts":"2026-10-01T12:36:02.328177942Z","instance":"round1-a","service_name":"afs-node","name":"owner-close-to-open.txt","parent":3}
{"msg":"[Not Implemented] ioctl(ino: 0x5, fh: 7, flags: 0, cmd: 21505, in_data.len(): 0, out_size: 0)","level":"WARN","ts":"2026-10-01T12:36:02.332198754Z","instance":"round1-a","service_name":"afs-node"}
{"msg":"[Not Implemented] ioctl(ino: 0x5, fh: 8, flags: 0, cmd: 21505, in_data.len(): 0, out_size: 0)","level":"WARN","ts":"2026-10-01T12:36:02.33393997Z","instance":"round1-a","service_name":"afs-node"}
AFS_RDMA_GID index=1 address=::ffff:192.168.109.12 family=ipv4
AFS_RDMA_PROBE receive_complete
AFS_RDMA_COMPLETE op=WRITE bytes=22
AFS_RDMA_GID index=1 address=::ffff:192.168.109.12 family=ipv4
AFS_RDMA_PROBE receive_complete
AFS_RDMA_GID index=1 address=::ffff:192.168.109.12 family=ipv4
AFS_RDMA_PROBE receive_complete
AFS_RDMA_COMPLETE op=WRITE bytes=22
AFS_RDMA_GID index=1 address=::ffff:192.168.109.12 family=ipv4
AFS_RDMA_PROBE receive_complete
AFS_RDMA_GID index=1 address=::ffff:192.168.109.12 family=ipv4
AFS_RDMA_PROBE receive_complete
AFS_RDMA_GID index=1 address=::ffff:192.168.109.12 family=ipv4
AFS_RDMA_PROBE receive_complete
AFS_RDMA_COMPLETE op=WRITE bytes=22
{"msg":"FUSE request failed","level":"ERRO","ts":"2026-10-01T12:36:02.768634431Z","instance":"round1-a","service_name":"afs-node","message":"OwnerFs currently supports only user.* xattrs","kind":"FailedPrecondition","code":67305489}
{"msg":"[Not Implemented] ioctl(ino: 0x5, fh: 10, flags: 0, cmd: 21505, in_data.len(): 0, out_size: 0)","level":"WARN","ts":"2026-10-01T12:36:02.774449747Z","instance":"round1-a","service_name":"afs-node"}
{"msg":"[Not Implemented] ioctl(ino: 0x5, fh: 11, flags: 0, cmd: 21505, in_data.len(): 0, out_size: 0)","level":"WARN","ts":"2026-10-01T12:36:02.776120176Z","instance":"round1-a","service_name":"afs-node"}
AFS_RDMA_GID index=1 address=::ffff:192.168.109.12 family=ipv4
AFS_RDMA_PROBE receive_complete
AFS_RDMA_COMPLETE op=WRITE bytes=25
AFS_RDMA_GID index=1 address=::ffff:192.168.109.12 family=ipv4
AFS_RDMA_PROBE receive_complete
AFS_RDMA_GID index=1 address=::ffff:192.168.109.12 family=ipv4
{"msg":"FUSE request failed","level":"ERRO","ts":"2026-10-01T12:36:02.970731962Z","instance":"round1-a","service_name":"afs-node","message":"DFS dentry not found","kind":"NotFound","code":34078721}
AFS_RDMA_PROBE send_complete
{"msg":"FUSE request failed","level":"ERRO","ts":"2026-10-01T12:36:02.97435555Z","instance":"round1-a","service_name":"afs-node","message":"DFS dentry not found","kind":"NotFound","code":34078721}
{"msg":"dfs.replication_task_reported","level":"INFO","ts":"2026-10-01T12:36:02.987937467Z","instance":"round1-a","service_name":"afs-node","attempt":1,"state":"Completed","task":"repair:blake3-8cd368e464b46a39a341399463fc725d7353b679f79239bc23a30be167e70eb9-17"}
{"msg":"FUSE request failed","level":"ERRO","ts":"2026-10-01T12:36:02.989848005Z","instance":"round1-a","service_name":"afs-node","message":"DFS dentry not found","kind":"NotFound","code":34078721}
{"msg":"fuse.create","level":"INFO","ts":"2026-10-01T12:36:02.989942499Z","instance":"round1-a","service_name":"afs-node","name":"dfs-close-to-open.txt","parent":3}
{"msg":"FUSE request failed","level":"ERRO","ts":"2026-10-01T12:36:03.004654131Z","instance":"round1-a","service_name":"afs-node","message":"DFS currently supports only user.* xattrs","kind":"FailedPrecondition","code":67305489}
{"msg":"dfs.replication_task_reported","level":"INFO","ts":"2026-10-01T12:36:03.019056494Z","instance":"round1-a","service_name":"afs-node","attempt":1,"state":"Completed","task":"repair:blake3-f823caef657a78476ebcb5464839e1efc58df85bb73ca50f1e1476c64aade7d3-5"}
{"msg":"[Not Implemented] ioctl(ino: 0x5, fh: 8, flags: 0, cmd: 21505, in_data.len(): 0, out_size: 0)","level":"WARN","ts":"2026-10-01T12:36:03.024113986Z","instance":"round1-a","service_name":"afs-node"}
{"msg":"dfs.replication_task_reported","level":"INFO","ts":"2026-10-01T12:36:03.051007049Z","instance":"round1-a","service_name":"afs-node","attempt":1,"state":"Completed","task":"repair:blake3-b906dc48668e3d802ff614cae95390a8f2f4c636bf406116f630cbfca8e4f921-20"}
{"msg":"[Not Implemented] ioctl(ino: 0x5, fh: 9, flags: 0, cmd: 21505, in_data.len(): 0, out_size: 0)","level":"WARN","ts":"2026-10-01T12:36:03.052403579Z","instance":"round1-a","service_name":"afs-node"}
{"msg":"FUSE request failed","level":"ERRO","ts":"2026-10-01T12:36:03.457221585Z","instance":"round1-a","service_name":"afs-node","message":"DFS currently supports only user.* xattrs","kind":"FailedPrecondition","code":67305489}
{"msg":"FUSE request failed","level":"ERRO","ts":"2026-10-01T12:36:03.470831835Z","instance":"round1-a","service_name":"afs-node","message":"DFS currently supports only user.* xattrs","kind":"FailedPrecondition","code":67305489}
{"msg":"[Not Implemented] ioctl(ino: 0x5, fh: 11, flags: 0, cmd: 21505, in_data.len(): 0, out_size: 0)","level":"WARN","ts":"2026-10-01T12:36:03.488590429Z","instance":"round1-a","service_name":"afs-node"}
{"msg":"[Not Implemented] ioctl(ino: 0x5, fh: 12, flags: 0, cmd: 21505, in_data.len(): 0, out_size: 0)","level":"WARN","ts":"2026-10-01T12:36:03.500764025Z","instance":"round1-a","service_name":"afs-node"}
{"msg":"FUSE request failed","level":"ERRO","ts":"2026-10-01T12:36:03.669731886Z","instance":"round1-a","service_name":"afs-node","message":"No such file or directory (os error 2)","kind":"NotFound","code":67305473}
{"msg":"FUSE request failed","level":"ERRO","ts":"2026-10-01T12:36:03.669931373Z","instance":"round1-a","service_name":"afs-node","message":"No such file or directory (os error 2)","kind":"NotFound","code":67305473}
{"msg":"FUSE request failed","level":"ERRO","ts":"2026-10-01T12:36:03.670333304Z","instance":"round1-a","service_name":"afs-node","message":"No such file or directory (os error 2)","kind":"NotFound","code":67305473}
{"msg":"fuse.create","level":"INFO","ts":"2026-10-01T12:36:03.670376093Z","instance":"round1-a","service_name":"afs-node","name":"owner-remote-owner.txt","parent":3}
{"msg":"[Not Implemented] ioctl(ino: 0x6, fh: 13, flags: 0, cmd: 21505, in_data.len(): 0, out_size: 0)","level":"WARN","ts":"2026-10-01T12:36:03.674725758Z","instance":"round1-a","service_name":"afs-node"}
{"msg":"[Not Implemented] ioctl(ino: 0x6, fh: 14, flags: 0, cmd: 21505, in_data.len(): 0, out_size: 0)","level":"WARN","ts":"2026-10-01T12:36:03.675716816Z","instance":"round1-a","service_name":"afs-node"}
AFS_RDMA_GID index=1 address=::ffff:192.168.109.12 family=ipv4
AFS_RDMA_PROBE receive_complete
AFS_RDMA_COMPLETE op=READ bytes=26
AFS_RDMA_GID index=1 address=::ffff:192.168.109.12 family=ipv4
AFS_RDMA_PROBE receive_complete
AFS_RDMA_COMPLETE op=WRITE bytes=18
AFS_RDMA_GID index=1 address=::ffff:192.168.109.12 family=ipv4
AFS_RDMA_PROBE receive_complete
AFS_RDMA_GID index=1 address=::ffff:192.168.109.12 family=ipv4
AFS_RDMA_PROBE receive_complete
AFS_RDMA_COMPLETE op=WRITE bytes=18
AFS_RDMA_GID index=1 address=::ffff:192.168.109.12 family=ipv4
AFS_RDMA_PROBE receive_complete
AFS_RDMA_GID index=1 address=::ffff:192.168.109.12 family=ipv4
AFS_RDMA_PROBE receive_complete
{"msg":"[Not Implemented] ioctl(ino: 0x6, fh: 15, flags: 0, cmd: 21505, in_data.len(): 0, out_size: 0)","level":"WARN","ts":"2026-10-01T12:36:03.963280642Z","instance":"round1-a","service_name":"afs-node"}
{"msg":"[Not Implemented] ioctl(ino: 0x6, fh: 16, flags: 0, cmd: 21505, in_data.len(): 0, out_size: 0)","level":"WARN","ts":"2026-10-01T12:36:03.964143251Z","instance":"round1-a","service_name":"afs-node"}
{"msg":"FUSE request failed","level":"ERRO","ts":"2026-10-01T12:36:04.075235726Z","instance":"round1-a","service_name":"afs-node","message":"No such file or directory (os error 2)","kind":"NotFound","code":67305473}
{"msg":"FUSE request failed","level":"ERRO","ts":"2026-10-01T12:36:04.07548246Z","instance":"round1-a","service_name":"afs-node","message":"No such file or directory (os error 2)","kind":"NotFound","code":67305473}
{"msg":"FUSE request failed","level":"ERRO","ts":"2026-10-01T12:36:04.07566853Z","instance":"round1-a","service_name":"afs-node","message":"No such file or directory (os error 2)","kind":"NotFound","code":67305473}
{"msg":"FUSE request failed","level":"ERRO","ts":"2026-10-01T12:36:04.079254206Z","instance":"round1-a","service_name":"afs-node","message":"No such file or directory (os error 2)","kind":"NotFound","code":67305473}
{"msg":"fuse.create","level":"INFO","ts":"2026-10-01T12:36:04.079351283Z","instance":"round1-a","service_name":"afs-node","name":"src","parent":7}
{"msg":"[Not Implemented] ioctl(ino: 0x8, fh: 17, flags: 0, cmd: 21505, in_data.len(): 0, out_size: 0)","level":"WARN","ts":"2026-10-01T12:36:04.079612973Z","instance":"round1-a","service_name":"afs-node"}
{"msg":"FUSE request failed","level":"ERRO","ts":"2026-10-01T12:36:04.080647112Z","instance":"round1-a","service_name":"afs-node","message":"No such file or directory (os error 2)","kind":"NotFound","code":67305473}
{"msg":"fuse.create","level":"INFO","ts":"2026-10-01T12:36:04.080716857Z","instance":"round1-a","service_name":"afs-node","name":"dst","parent":7}
{"msg":"[Not Implemented] ioctl(ino: 0x9, fh: 18, flags: 0, cmd: 21505, in_data.len(): 0, out_size: 0)","level":"WARN","ts":"2026-10-01T12:36:04.080966132Z","instance":"round1-a","service_name":"afs-node"}
{"msg":"FUSE request failed","level":"ERRO","ts":"2026-10-01T12:36:04.082191966Z","instance":"round1-a","service_name":"afs-node","message":"No such file or directory (os error 2)","kind":"NotFound","code":67305473}
{"msg":"FUSE request failed","level":"ERRO","ts":"2026-10-01T12:36:04.084604429Z","instance":"round1-a","service_name":"afs-node","message":"No such file or directory (os error 2)","kind":"NotFound","code":67305473}
{"msg":"[Not Implemented] ioctl(ino: 0x9, fh: 19, flags: 0, cmd: 21505, in_data.len(): 0, out_size: 0)","level":"WARN","ts":"2026-10-01T12:36:04.085096687Z","instance":"round1-a","service_name":"afs-node"}
{"msg":"[Not Implemented] ioctl(ino: 0x8, fh: 20, flags: 0, cmd: 21505, in_data.len(): 0, out_size: 0)","level":"WARN","ts":"2026-10-01T12:36:04.085747185Z","instance":"round1-a","service_name":"afs-node"}
{"msg":"dfs.replication_task_reported","level":"INFO","ts":"2026-10-01T12:36:04.090189553Z","instance":"round1-a","service_name":"afs-node","attempt":1,"state":"Completed","task":"repair:blake3-50364a7fdde9e6f79ebae7d003d928a32ffdc27ae2b657d8a34971641f24ada7-23"}
AFS_RDMA_GID index=1 address=::ffff:192.168.109.12 family=ipv4
AFS_RDMA_PROBE receive_complete
AFS_RDMA_COMPLETE op=READ bytes=16
AFS_RDMA_GID index=1 address=::ffff:192.168.109.12 family=ipv4
AFS_RDMA_PROBE receive_complete
AFS_RDMA_COMPLETE op=READ bytes=19
AFS_RDMA_GID index=1 address=::ffff:192.168.109.12 family=ipv4
AFS_RDMA_PROBE receive_complete
AFS_RDMA_COMPLETE op=WRITE bytes=19
AFS_RDMA_GID index=1 address=::ffff:192.168.109.12 family=ipv4
AFS_RDMA_PROBE receive_complete
AFS_RDMA_GID index=1 address=::ffff:192.168.109.12 family=ipv4
AFS_RDMA_PROBE receive_complete
AFS_RDMA_COMPLETE op=WRITE bytes=16
AFS_RDMA_GID index=1 address=::ffff:192.168.109.12 family=ipv4
AFS_RDMA_PROBE receive_complete
{"msg":"FUSE request failed","level":"ERRO","ts":"2026-10-01T12:36:04.405962624Z","instance":"round1-a","service_name":"afs-node","message":"DFS dentry not found","kind":"NotFound","code":34078721}
{"msg":"FUSE request failed","level":"ERRO","ts":"2026-10-01T12:36:04.408691774Z","instance":"round1-a","service_name":"afs-node","message":"DFS dentry not found","kind":"NotFound","code":34078721}
{"msg":"FUSE request failed","level":"ERRO","ts":"2026-10-01T12:36:04.413449703Z","instance":"round1-a","service_name":"afs-node","message":"DFS dentry not found","kind":"NotFound","code":34078721}
{"msg":"fuse.create","level":"INFO","ts":"2026-10-01T12:36:04.413481618Z","instance":"round1-a","service_name":"afs-node","name":"dfs-remote-owner.txt","parent":3}
{"msg":"FUSE request failed","level":"ERRO","ts":"2026-10-01T12:36:04.428635722Z","instance":"round1-a","service_name":"afs-node","message":"DFS currently supports only user.* xattrs","kind":"FailedPrecondition","code":67305489}
{"msg":"[Not Implemented] ioctl(ino: 0x6, fh: 14, flags: 0, cmd: 21505, in_data.len(): 0, out_size: 0)","level":"WARN","ts":"2026-10-01T12:36:04.447715688Z","instance":"round1-a","service_name":"afs-node"}
{"msg":"[Not Implemented] ioctl(ino: 0x6, fh: 15, flags: 0, cmd: 21505, in_data.len(): 0, out_size: 0)","level":"WARN","ts":"2026-10-01T12:36:04.462419823Z","instance":"round1-a","service_name":"afs-node"}
{"msg":"[Not Implemented] ioctl(ino: 0x6, fh: 16, flags: 0, cmd: 21505, in_data.len(): 0, out_size: 0)","level":"WARN","ts":"2026-10-01T12:36:04.850823462Z","instance":"round1-a","service_name":"afs-node"}
{"msg":"[Not Implemented] ioctl(ino: 0x6, fh: 17, flags: 0, cmd: 21505, in_data.len(): 0, out_size: 0)","level":"WARN","ts":"2026-10-01T12:36:04.866218842Z","instance":"round1-a","service_name":"afs-node"}
{"msg":"FUSE request failed","level":"ERRO","ts":"2026-10-01T12:36:04.993024345Z","instance":"round1-a","service_name":"afs-node","message":"DFS dentry not found","kind":"NotFound","code":34078721}
{"msg":"FUSE request failed","level":"ERRO","ts":"2026-10-01T12:36:04.995523385Z","instance":"round1-a","service_name":"afs-node","message":"DFS dentry not found","kind":"NotFound","code":34078721}
{"msg":"FUSE request failed","level":"ERRO","ts":"2026-10-01T12:36:05.000894732Z","instance":"round1-a","service_name":"afs-node","message":"DFS dentry not found","kind":"NotFound","code":34078721}
{"msg":"fuse.create","level":"INFO","ts":"2026-10-01T12:36:05.000983184Z","instance":"round1-a","service_name":"afs-node","name":"dfs-handover-after-idle.txt","parent":3}
{"msg":"FUSE request failed","level":"ERRO","ts":"2026-10-01T12:36:05.016731167Z","instance":"round1-a","service_name":"afs-node","message":"DFS currently supports only user.* xattrs","kind":"FailedPrecondition","code":67305489}
{"msg":"[Not Implemented] ioctl(ino: 0x7, fh: 19, flags: 0, cmd: 21505, in_data.len(): 0, out_size: 0)","level":"WARN","ts":"2026-10-01T12:36:05.036972305Z","instance":"round1-a","service_name":"afs-node"}
{"msg":"[Not Implemented] ioctl(ino: 0x7, fh: 20, flags: 0, cmd: 21505, in_data.len(): 0, out_size: 0)","level":"WARN","ts":"2026-10-01T12:36:05.049861647Z","instance":"round1-a","service_name":"afs-node"}
{"msg":"dfs.replication_task_reported","level":"INFO","ts":"2026-10-01T12:36:05.127540172Z","instance":"round1-a","service_name":"afs-node","attempt":1,"state":"Completed","task":"repair:blake3-837a07a77599db1e9e643aeb740835281f4a65fb87e0874034daad7a01a4dea5-20"}
{"msg":"dfs.replication_task_reported","level":"INFO","ts":"2026-10-01T12:36:05.16249982Z","instance":"round1-a","service_name":"afs-node","attempt":1,"state":"Completed","task":"repair:blake3-9cf8e8095070ef6713d2b9253bf0c551bf5c3fcb06bde34be9f40cace09cd72d-16"}
{"msg":"dfs.replication_task_reported","level":"INFO","ts":"2026-10-01T12:36:05.198135631Z","instance":"round1-a","service_name":"afs-node","attempt":1,"state":"Completed","task":"repair:blake3-fec9a5a7e8b7ab1ba65510162830717080a214e7b230c414a4a3c952de6de9d6-18"}
{"msg":"[Not Implemented] ioctl(ino: 0x7, fh: 21, flags: 0, cmd: 21505, in_data.len(): 0, out_size: 0)","level":"WARN","ts":"2026-10-01T12:36:40.490385788Z","instance":"round1-a","service_name":"afs-node"}
{"msg":"[Not Implemented] ioctl(ino: 0x7, fh: 22, flags: 0, cmd: 21505, in_data.len(): 0, out_size: 0)","level":"WARN","ts":"2026-10-01T12:36:40.501708672Z","instance":"round1-a","service_name":"afs-node"}
{"msg":"[Not Implemented] ioctl(ino: 0x7, fh: 23, flags: 0, cmd: 21505, in_data.len(): 0, out_size: 0)","level":"WARN","ts":"2026-10-01T12:36:40.66538367Z","instance":"round1-a","service_name":"afs-node"}
{"msg":"FUSE request failed","level":"ERRO","ts":"2026-10-01T12:36:40.708087625Z","instance":"round1-a","service_name":"afs-node","message":"DFS currently supports only user.* xattrs","kind":"FailedPrecondition","code":67305489}
{"msg":"FUSE request failed","level":"ERRO","ts":"2026-10-01T12:36:40.76299999Z","instance":"round1-a","service_name":"afs-node","message":"DFS currently supports only user.* xattrs","kind":"FailedPrecondition","code":67305489}
{"msg":"[Not Implemented] ioctl(ino: 0x7, fh: 25, flags: 0, cmd: 21505, in_data.len(): 0, out_size: 0)","level":"WARN","ts":"2026-10-01T12:36:40.772252218Z","instance":"round1-a","service_name":"afs-node"}
{"msg":"[Not Implemented] ioctl(ino: 0x7, fh: 26, flags: 0, cmd: 21505, in_data.len(): 0, out_size: 0)","level":"WARN","ts":"2026-10-01T12:36:40.801394853Z","instance":"round1-a","service_name":"afs-node"}
{"msg":"[Not Implemented] ioctl(ino: 0x7, fh: 27, flags: 0, cmd: 21505, in_data.len(): 0, out_size: 0)","level":"WARN","ts":"2026-10-01T12:36:40.811695887Z","instance":"round1-a","service_name":"afs-node"}
AFS_RDMA_GID index=1 address=::ffff:192.168.109.12 family=ipv4
AFS_RDMA_PROBE receive_complete
AFS_RDMA_COMPLETE op=READ bytes=18
AFS_RDMA_COMPLETE op=READ bytes=27
{"msg":"FUSE request failed","level":"ERRO","ts":"2026-10-01T12:36:41.118621724Z","instance":"round1-a","service_name":"afs-node","message":"DFS dentry not found","kind":"NotFound","code":34078721}
{"msg":"FUSE request failed","level":"ERRO","ts":"2026-10-01T12:36:41.120340653Z","instance":"round1-a","service_name":"afs-node","message":"DFS dentry not found","kind":"NotFound","code":34078721}
{"msg":"FUSE request failed","level":"ERRO","ts":"2026-10-01T12:36:41.124752281Z","instance":"round1-a","service_name":"afs-node","message":"DFS dentry not found","kind":"NotFound","code":34078721}
{"msg":"fuse.create","level":"INFO","ts":"2026-10-01T12:36:41.12477403Z","instance":"round1-a","service_name":"afs-node","name":"dfs-provider-existing-handle.txt","parent":3}
{"msg":"FUSE request failed","level":"ERRO","ts":"2026-10-01T12:36:41.142043484Z","instance":"round1-a","service_name":"afs-node","message":"DFS currently supports only user.* xattrs","kind":"FailedPrecondition","code":67305489}
{"msg":"[Not Implemented] ioctl(ino: 0x8, fh: 29, flags: 0, cmd: 21505, in_data.len(): 0, out_size: 0)","level":"WARN","ts":"2026-10-01T12:36:41.162446191Z","instance":"round1-a","service_name":"afs-node"}
{"msg":"[Not Implemented] ioctl(ino: 0x8, fh: 30, flags: 0, cmd: 21505, in_data.len(): 0, out_size: 0)","level":"WARN","ts":"2026-10-01T12:36:41.173765992Z","instance":"round1-a","service_name":"afs-node"}
{"msg":"dfs.replication_task_reported","level":"INFO","ts":"2026-10-01T12:36:41.478364822Z","instance":"round1-a","service_name":"afs-node","attempt":1,"state":"Completed","task":"repair:blake3-6aa8d9ed04e1cc9264a035693a2eaf4c05d493aabba927f477adcf1f8ddd5ed6-18"}
{"msg":"dfs.replication_task_reported","level":"INFO","ts":"2026-10-01T12:36:41.514503875Z","instance":"round1-a","service_name":"afs-node","attempt":1,"state":"Completed","task":"repair:blake3-b7a6c0e2483872c2079c4d001a629230727b238f4ee7949241dffa96b19224ef-20"}
{"msg":"[Not Implemented] ioctl(ino: 0x8, fh: 31, flags: 0, cmd: 21505, in_data.len(): 0, out_size: 0)","level":"WARN","ts":"2026-10-01T12:36:41.619747909Z","instance":"round1-a","service_name":"afs-node"}
{"msg":"[Not Implemented] ioctl(ino: 0x8, fh: 32, flags: 0, cmd: 21505, in_data.len(): 0, out_size: 0)","level":"WARN","ts":"2026-10-01T12:36:41.62990412Z","instance":"round1-a","service_name":"afs-node"}
{"msg":"services.stopped","level":"INFO","ts":"2026-10-01T12:37:14.724532732Z","instance":"round1-a","service_name":"afs-node"}
