verbose
validate data
size 256
count 3
port 19669
created cm_id 0xb4202cbb2cf0
rdma_bind_addr successful
rdma_listen
cma_event type RDMA_CM_EVENT_CONNECT_REQUEST cma_id 0xe2ed74000ce0 (child)
child cma 0xe2ed74000ce0
created pd 0xb4202cba7b80
created channel 0xb4202cba7bc0
created cq 0xb4202cbb35c0
created qp 0xb4202cbb3730
rping_setup_buffers called on cb 0xb4202cba57c0
allocated & registered buffers...
accepting client connection request
cq_thread started.
recv completion
Received rkey 290e0 addr b864c0f51580 len 256 from peer
cma_event type RDMA_CM_EVENT_ESTABLISHED cma_id 0xe2ed74000ce0 (child)
ESTABLISHED
server received sink adv
server posted rdma read req 
rdma read completion
server received read complete
server ping data: rdma-ping-0: ABCDEFGHIJKLMNOPQRSTUVWXYZ[\]^_`abcdefghijklmnopqrstuvwxyzABCDEFGHIJKLMNOPQRSTUVWXYZ[\]^_`abcdefghijklmnopqrstuvwxyzABCDEFGHIJKLMNOPQRSTUVWXYZ[\]^_`abcdefghijklmnopqrstuvwxyzABCDEFGHIJKLMNOPQRSTUVWXYZ[\]^_`abcdefghijklmnopqrstuvwxyzABCDEFGHIJ
server posted go ahead
send completion
recv completion
Received rkey 28f7b addr b864c0f51430 len 256 from peer
server received sink adv
rdma write from lkey 271a laddr b4202cbb3990 len 256
rdma write completion
server rdma write complete 
server posted go ahead
send completion
recv completion
Received rkey 290e0 addr b864c0f51580 len 256 from peer
server received sink adv
server posted rdma read req 
rdma read completion
server received read complete
server ping data: rdma-ping-1: BCDEFGHIJKLMNOPQRSTUVWXYZ[\]^_`abcdefghijklmnopqrstuvwxyzABCDEFGHIJKLMNOPQRSTUVWXYZ[\]^_`abcdefghijklmnopqrstuvwxyzABCDEFGHIJKLMNOPQRSTUVWXYZ[\]^_`abcdefghijklmnopqrstuvwxyzABCDEFGHIJKLMNOPQRSTUVWXYZ[\]^_`abcdefghijklmnopqrstuvwxyzABCDEFGHIJK
server posted go ahead
send completion
recv completion
Received rkey 28f7b addr b864c0f51430 len 256 from peer
server received sink adv
rdma write from lkey 271a laddr b4202cbb3990 len 256
rdma write completion
server rdma write complete 
server posted go ahead
send completion
recv completion
Received rkey 290e0 addr b864c0f51580 len 256 from peer
server received sink adv
server posted rdma read req 
rdma read completion
server received read complete
server ping data: rdma-ping-2: CDEFGHIJKLMNOPQRSTUVWXYZ[\]^_`abcdefghijklmnopqrstuvwxyzABCDEFGHIJKLMNOPQRSTUVWXYZ[\]^_`abcdefghijklmnopqrstuvwxyzABCDEFGHIJKLMNOPQRSTUVWXYZ[\]^_`abcdefghijklmnopqrstuvwxyzABCDEFGHIJKLMNOPQRSTUVWXYZ[\]^_`abcdefghijklmnopqrstuvwxyzABCDEFGHIJKL
server posted go ahead
send completion
recv completion
Received rkey 28f7b addr b864c0f51430 len 256 from peer
server received sink adv
rdma write from lkey 271a laddr b4202cbb3990 len 256
rdma write completion
server rdma write complete 
server posted go ahead
send completion
cma_event type RDMA_CM_EVENT_DISCONNECTED cma_id 0xe2ed74000ce0 (child)
server DISCONNECT EVENT...
wait for RDMA_READ_ADV state 10
rping_free_buffers called on cb 0xb4202cba57c0
destroy cm_id 0xb4202cbb2cf0
