{
  "role": "a",
  "hostname": "lima-afs-accept-a",
  "uid": 0,
  "platform": {
    "system": "Linux",
    "machine": "aarch64",
    "release": "6.8.0-142-generic"
  },
  "prefix": "/opt/afs-moose-round3-v85",
  "volume": "/mnt/lima-afsadata",
  "run_root": "/mnt/lima-afsadata/afs-delivery/round3-moose-read-v85",
  "scope": "read-only admission; no workload/full dataset reads/service or VM changes",
  "commands": [
    {
      "argv": [
        "ip",
        "-j",
        "-4",
        "addr"
      ],
      "returncode": 0,
      "stdout": "[{\"ifindex\":1,\"ifname\":\"lo\",\"flags\":[\"LOOPBACK\",\"UP\",\"LOWER_UP\"],\"mtu\":65536,\"qdisc\":\"noqueue\",\"operstate\":\"UNKNOWN\",\"group\":\"default\",\"txqlen\":1000,\"addr_info\":[{\"family\":\"inet\",\"local\":\"127.0.0.1\",\"prefixlen\":8,\"scope\":\"host\",\"label\":\"lo\",\"valid_life_time\":4294967295,\"preferred_life_time\":4294967295}]},{\"ifindex\":2,\"ifname\":\"eth0\",\"flags\":[\"BROADCAST\",\"MULTICAST\",\"UP\",\"LOWER_UP\"],\"mtu\":1500,\"qdisc\":\"fq_codel\",\"operstate\":\"UP\",\"group\":\"default\",\"txqlen\":1000,\"addr_info\":[{\"family\":\"inet\",\"local\":\"192.168.109.12\",\"prefixlen\":24,\"metric\":200,\"broadcast\":\"192.168.109.255\",\"scope\":\"global\",\"dynamic\":true,\"label\":\"eth0\",\"valid_life_time\":3333,\"preferred_life_time\":3333}]}]\n",
      "stderr": ""
    },
    {
      "argv": [
        "findmnt",
        "-J",
        "-T",
        "/mnt/lima-afsadata"
      ],
      "returncode": 0,
      "stdout": "{\n   \"filesystems\": [\n      {\n         \"target\": \"/mnt/lima-afsadata\",\n         \"source\": \"/dev/vdb1\",\n         \"fstype\": \"ext4\",\n         \"options\": \"rw,relatime\"\n      }\n   ]\n}\n",
      "stderr": ""
    },
    {
      "argv": [
        "findmnt",
        "-J",
        "--mountpoint",
        "/mnt/lima-afsadata/afs-delivery/round3-moose-read-v85/mount"
      ],
      "returncode": 1,
      "stdout": "",
      "stderr": ""
    },
    {
      "argv": [
        "findmnt",
        "-J",
        "-t",
        "fuse,fuse.afs-ownerfs,fuse.afs-dfs,fuse.mfs,ext4",
        "-o",
        "TARGET,SOURCE,FSTYPE,OPTIONS"
      ],
      "returncode": 0,
      "stdout": "{\n   \"filesystems\": [\n      {\n         \"target\": \"/\",\n         \"source\": \"/dev/vda1\",\n         \"fstype\": \"ext4\",\n         \"options\": \"rw,relatime,discard,errors=remount-ro,commit=30\",\n         \"children\": [\n            {\n               \"target\": \"/boot\",\n               \"source\": \"/dev/vda16\",\n               \"fstype\": \"ext4\",\n               \"options\": \"rw,relatime\"\n            },{\n               \"target\": \"/mnt/lima-afsadata\",\n               \"source\": \"/dev/vdb1\",\n               \"fstype\": \"ext4\",\n               \"options\": \"rw,relatime\",\n               \"children\": [\n                  {\n                     \"target\": \"/mnt/lima-afsadata/afs-delivery/p2-shutdown-v47/mount-ownerfs\",\n                     \"source\": \"afs-ownerfs\",\n                     \"fstype\": \"fuse\",\n                     \"options\": \"rw,nosuid,nodev,noatime,user_id=0,group_id=0,default_permissions,allow_other\"\n                  },{\n                     \"target\": \"/mnt/lima-afsadata/afs-delivery/p2-shutdown-v47/mount-dfs\",\n                     \"source\": \"afs-dfs\",\n                     \"fstype\": \"fuse\",\n                     \"options\": \"rw,nosuid,nodev,noatime,user_id=0,group_id=0,default_permissions,allow_other\"\n                  }\n               ]\n            }\n         ]\n      }\n   ]\n}\n",
      "stderr": ""
    },
    {
      "argv": [
        "ldd",
        "/opt/afs-moose-round3-v85/sbin/mfsmaster"
      ],
      "returncode": 0,
      "stdout": "\tlinux-vdso.so.1 (0x0000e279f2087000)\n\tlibz.so.1 => /lib/aarch64-linux-gnu/libz.so.1 (0x0000e279f0ee0000)\n\tlibc.so.6 => /lib/aarch64-linux-gnu/libc.so.6 (0x0000e279f0d20000)\n\t/lib/ld-linux-aarch64.so.1 (0x0000e279f2040000)\n",
      "stderr": ""
    },
    {
      "argv": [
        "ldd",
        "/opt/afs-moose-round3-v85/sbin/mfschunkserver"
      ],
      "returncode": 0,
      "stdout": "\tlinux-vdso.so.1 (0x0000f945b0607000)\n\tlibz.so.1 => /lib/aarch64-linux-gnu/libz.so.1 (0x0000f945a8430000)\n\tlibc.so.6 => /lib/aarch64-linux-gnu/libc.so.6 (0x0000f945a8270000)\n\t/lib/ld-linux-aarch64.so.1 (0x0000f945b05c0000)\n",
      "stderr": ""
    },
    {
      "argv": [
        "ldd",
        "/opt/afs-moose-round3-v85/bin/mfsmount"
      ],
      "returncode": 0,
      "stdout": "\tlinux-vdso.so.1 (0x0000f7cd1ae5e000)\n\tlibfuse3.so.3 => /lib/aarch64-linux-gnu/libfuse3.so.3 (0x0000f7cd19bb0000)\n\tlibc.so.6 => /lib/aarch64-linux-gnu/libc.so.6 (0x0000f7cd199f0000)\n\t/lib/ld-linux-aarch64.so.1 (0x0000f7cd1ae10000)\n",
      "stderr": ""
    },
    {
      "argv": [
        "ldd",
        "/opt/afs-moose-round3-v85/sbin/mfschunktool"
      ],
      "returncode": 0,
      "stdout": "\tlinux-vdso.so.1 (0x0000f495a1f4f000)\n\tlibc.so.6 => /lib/aarch64-linux-gnu/libc.so.6 (0x0000f495a1cf0000)\n\t/lib/ld-linux-aarch64.so.1 (0x0000f495a1f00000)\n",
      "stderr": ""
    },
    {
      "argv": [
        "ps",
        "-eo",
        "pid,comm,args"
      ],
      "returncode": 0,
      "stdout": "    PID COMMAND         COMMAND\n 150904 fdbserver       /usr/sbin/fdbserver --cluster-file /etc/foundationdb/fdb.cluster --datadir /var/lib/foundationdb/data/4500 --listen-address public --logdir /var/log/foundationdb --public-address auto:4500\n 706366 afs-meta        /mnt/lima-afsadata/afs-delivery/p2-memory-lane-v45/bin/afs-meta --config /mnt/lima-afsadata/afs-delivery/p2-memory-lane-v45/meta.toml\n 707560 afs-meta        /mnt/lima-afsadata/afs-delivery/p2-memory-lane-v48/bin/afs-meta --config /mnt/lima-afsadata/afs-delivery/p2-memory-lane-v48/meta.toml\n 722421 afs-meta        /mnt/lima-afsadata/afs-delivery/p2-memory-lane-v51/prefix/bin/afs-meta --config /mnt/lima-afsadata/afs-delivery/p2-memory-lane-v51/etc/meta.toml\n 723627 afs-meta        /mnt/lima-afsadata/afs-delivery/repair-v55-a/prefix/bin/afs-meta --config /mnt/lima-afsadata/afs-delivery/repair-v55-a/etc/meta.toml\n 724361 afs-meta        /mnt/lima-afsadata/afs-delivery/repair-v60-a/prefix/bin/afs-meta --config /mnt/lima-afsadata/afs-delivery/repair-v60-a/etc/meta.toml\n 727122 afs-meta        /mnt/lima-afsadata/afs-delivery/corrupt-v62-a/prefix/bin/afs-meta --config /mnt/lima-afsadata/afs-delivery/corrupt-v62-a/etc/meta.toml\n 729413 afs-meta        /mnt/lima-afsadata/afs-delivery/rxe-repair-v62-a/prefix/bin/afs-meta --config /mnt/lima-afsadata/afs-delivery/rxe-repair-v62-a/etc/meta.toml\n",
      "stderr": ""
    },
    {
      "argv": [
        "ss",
        "-ltnp"
      ],
      "returncode": 0,
      "stdout": "State  Recv-Q Send-Q Local Address:Port  Peer Address:PortProcess                                                  \nLISTEN 0      4096       127.0.0.1:4500       0.0.0.0:*    users:((\"fdbserver\",pid=150904,fd=17))                  \nLISTEN 0      128          0.0.0.0:18580      0.0.0.0:*    users:((\"afs-meta\",pid=727122,fd=9))                    \nLISTEN 0      128          0.0.0.0:18581      0.0.0.0:*    users:((\"afs-meta\",pid=727122,fd=10))                   \nLISTEN 0      128          0.0.0.0:18680      0.0.0.0:*    users:((\"afs-meta\",pid=729413,fd=9))                    \nLISTEN 0      128          0.0.0.0:18681      0.0.0.0:*    users:((\"afs-meta\",pid=729413,fd=10))                   \nLISTEN 0      128          0.0.0.0:18480      0.0.0.0:*    users:((\"afs-meta\",pid=724361,fd=9))                    \nLISTEN 0      128          0.0.0.0:18481      0.0.0.0:*    users:((\"afs-meta\",pid=724361,fd=10))                   \nLISTEN 0      128          0.0.0.0:17980      0.0.0.0:*    users:((\"afs-meta\",pid=707560,fd=9))                    \nLISTEN 0      128          0.0.0.0:17981      0.0.0.0:*    users:((\"afs-meta\",pid=707560,fd=10))                   \nLISTEN 0      128          0.0.0.0:18380      0.0.0.0:*    users:((\"afs-meta\",pid=723627,fd=9))                    \nLISTEN 0      128          0.0.0.0:18381      0.0.0.0:*    users:((\"afs-meta\",pid=723627,fd=10))                   \nLISTEN 0      4096      127.0.0.54:53         0.0.0.0:*    users:((\"systemd-resolve\",pid=150891,fd=20))            \nLISTEN 0      128          0.0.0.0:18280      0.0.0.0:*    users:((\"afs-meta\",pid=722421,fd=9))                    \nLISTEN 0      128          0.0.0.0:18281      0.0.0.0:*    users:((\"afs-meta\",pid=722421,fd=10))                   \nLISTEN 0      128          0.0.0.0:17880      0.0.0.0:*    users:((\"afs-meta\",pid=706366,fd=9))                    \nLISTEN 0      128          0.0.0.0:17881      0.0.0.0:*    users:((\"afs-meta\",pid=706366,fd=10))                   \nLISTEN 0      4096   127.0.0.53%lo:53         0.0.0.0:*    users:((\"systemd-resolve\",pid=150891,fd=18))            \nLISTEN 0      4096         0.0.0.0:22         0.0.0.0:*    users:((\"sshd\",pid=150925,fd=3),(\"systemd\",pid=1,fd=87))\nLISTEN 0      4096            [::]:22            [::]:*    users:((\"sshd\",pid=150925,fd=4),(\"systemd\",pid=1,fd=88))\n",
      "stderr": ""
    }
  ],
  "issues": [
    {
      "kind": "capacity-under-preserved-reserve",
      "capacity": {
        "available_bytes": 4322222080,
        "total_bytes": 33633878016,
        "old_helper_reserve_bytes": 4294967296,
        "new_64MiB_dataset_over_old_reserve_bytes": 4362485760,
        "reserve_pass": false
      }
    }
  ],
  "dependencies": {
    "bash": "/usr/bin/bash",
    "python3": "/usr/bin/python3",
    "findmnt": "/usr/bin/findmnt",
    "sha256sum": "/usr/bin/sha256sum",
    "ss": "/usr/bin/ss",
    "mountpoint": "/usr/bin/mountpoint",
    "fusermount3": "/usr/bin/fusermount3",
    "openssl": "/usr/bin/openssl",
    "curl": "/usr/bin/curl",
    "ldd": "/usr/bin/ldd",
    "ip": "/usr/sbin/ip"
  },
  "old_moose_exact_mount_observed": false,
  "capacity": {
    "available_bytes": 4322222080,
    "total_bytes": 33633878016,
    "old_helper_reserve_bytes": 4294967296,
    "new_64MiB_dataset_over_old_reserve_bytes": 4362485760,
    "reserve_pass": false
  },
  "prefix_exists": true,
  "core_elf": {
    "sbin/mfsmaster": {
      "path": "/opt/afs-moose-round3-v85/sbin/mfsmaster",
      "resolved_path": "/opt/afs-moose-round3-v85/sbin/mfsmaster",
      "bytes": 4119248,
      "sha256": "9febf4e7a9ae5285c4e792024f98d8a5531ae325f19268e103693981be509b70",
      "expected_sha256": "9febf4e7a9ae5285c4e792024f98d8a5531ae325f19268e103693981be509b70",
      "matches": true
    },
    "sbin/mfschunkserver": {
      "path": "/opt/afs-moose-round3-v85/sbin/mfschunkserver",
      "resolved_path": "/opt/afs-moose-round3-v85/sbin/mfschunkserver",
      "bytes": 2409944,
      "sha256": "422a36b7e31a6aa0bfbef08efe083d9d55003aca0a9a7bd0121b730c33f97303",
      "expected_sha256": "422a36b7e31a6aa0bfbef08efe083d9d55003aca0a9a7bd0121b730c33f97303",
      "matches": true
    },
    "bin/mfsmount": {
      "path": "/opt/afs-moose-round3-v85/bin/mfsmount",
      "resolved_path": "/opt/afs-moose-round3-v85/bin/mfsmount",
      "bytes": 3070208,
      "sha256": "5752f91e2d174cc8a0a53df7b3713b3bed31fde5fe72a6f38cd86237ae3ebc37",
      "expected_sha256": "5752f91e2d174cc8a0a53df7b3713b3bed31fde5fe72a6f38cd86237ae3ebc37",
      "matches": true
    },
    "sbin/mfschunktool": {
      "path": "/opt/afs-moose-round3-v85/sbin/mfschunktool",
      "resolved_path": "/opt/afs-moose-round3-v85/sbin/mfschunktool",
      "bytes": 156424,
      "sha256": "802ef5ed82e80bba8ecbb9bb0a9320fa862601575008a2b9cae708a242528cbf",
      "expected_sha256": "802ef5ed82e80bba8ecbb9bb0a9320fa862601575008a2b9cae708a242528cbf",
      "matches": true
    }
  },
  "relevant_processes": "    PID COMMAND         COMMAND\n 150904 fdbserver       /usr/sbin/fdbserver --cluster-file /etc/foundationdb/fdb.cluster --datadir /var/lib/foundationdb/data/4500 --listen-address public --logdir /var/log/foundationdb --public-address auto:4500\n 706366 afs-meta        /mnt/lima-afsadata/afs-delivery/p2-memory-lane-v45/bin/afs-meta --config /mnt/lima-afsadata/afs-delivery/p2-memory-lane-v45/meta.toml\n 707560 afs-meta        /mnt/lima-afsadata/afs-delivery/p2-memory-lane-v48/bin/afs-meta --config /mnt/lima-afsadata/afs-delivery/p2-memory-lane-v48/meta.toml\n 722421 afs-meta        /mnt/lima-afsadata/afs-delivery/p2-memory-lane-v51/prefix/bin/afs-meta --config /mnt/lima-afsadata/afs-delivery/p2-memory-lane-v51/etc/meta.toml\n 723627 afs-meta        /mnt/lima-afsadata/afs-delivery/repair-v55-a/prefix/bin/afs-meta --config /mnt/lima-afsadata/afs-delivery/repair-v55-a/etc/meta.toml\n 724361 afs-meta        /mnt/lima-afsadata/afs-delivery/repair-v60-a/prefix/bin/afs-meta --config /mnt/lima-afsadata/afs-delivery/repair-v60-a/etc/meta.toml\n 727122 afs-meta        /mnt/lima-afsadata/afs-delivery/corrupt-v62-a/prefix/bin/afs-meta --config /mnt/lima-afsadata/afs-delivery/corrupt-v62-a/etc/meta.toml\n 729413 afs-meta        /mnt/lima-afsadata/afs-delivery/rxe-repair-v62-a/prefix/bin/afs-meta --config /mnt/lima-afsadata/afs-delivery/rxe-repair-v62-a/etc/meta.toml\n",
  "stat_only": [
    {
      "path": "/mnt/lima-afsadata/afs-delivery/round3-moose-read-v85",
      "exists": true,
      "is_symlink": false,
      "bytes": 4096,
      "dev": 64785,
      "ino": 1578994,
      "uid": 0,
      "mode": "0o755"
    },
    {
      "path": "/mnt/lima-afsadata/afs-delivery/round3-moose-read-v85/config",
      "exists": true,
      "is_symlink": false,
      "bytes": 4096,
      "dev": 64785,
      "ino": 1578995,
      "uid": 0,
      "mode": "0o755"
    },
    {
      "path": "/mnt/lima-afsadata/afs-delivery/round3-moose-read-v85/run",
      "exists": true,
      "is_symlink": false,
      "bytes": 4096,
      "dev": 64785,
      "ino": 1579000,
      "uid": 0,
      "mode": "0o755"
    },
    {
      "path": "/mnt/lima-afsadata/afs-delivery/round3-moose-read-v85/mount",
      "exists": true,
      "is_symlink": false,
      "bytes": 4096,
      "dev": 64785,
      "ino": 1578999,
      "uid": 0,
      "mode": "0o755"
    },
    {
      "path": "/mnt/lima-afsadata/afs-delivery/round3-moose-read-v85/mount/goal1-qualification",
      "exists": false,
      "is_symlink": false
    },
    {
      "path": "/mnt/lima-afsadata/afs-delivery/round3-moose-read-v85/mount/goal1-qualification/goal1-32m.bin",
      "exists": false,
      "is_symlink": false
    }
  ],
  "dataset_interpretation": "stat only; absence under currently unmounted path does not prove retained Moose dataset lost",
  "status": "BLOCKED_ADMISSION"
}
