{
  "platform": {
    "system": "Linux",
    "node": "lima-afs-g2-micro",
    "release": "6.8.0-106-generic",
    "version": "#106-Ubuntu SMP PREEMPT_DYNAMIC Fri Mar  6 07:44:40 UTC 2026",
    "machine": "aarch64",
    "processor": "aarch64"
  },
  "uid": 0,
  "dependencies": {
    "bash": "/usr/bin/bash",
    "python3": "/usr/bin/python3",
    "timeout": "/usr/bin/timeout",
    "openssl": "/usr/bin/openssl",
    "findmnt": "/usr/bin/findmnt",
    "fusermount3": "/usr/bin/fusermount3",
    "ldd": "/usr/bin/ldd",
    "sha256sum": "/usr/bin/sha256sum",
    "tar": "/usr/bin/tar",
    "ss": "/usr/bin/ss",
    "curl": "/usr/bin/curl",
    "flock": "/usr/bin/flock",
    "sed": "/usr/bin/sed",
    "awk": "/usr/bin/awk",
    "grep": "/usr/bin/grep",
    "mountpoint": "/usr/bin/mountpoint",
    "install": "/usr/bin/install",
    "readlink": "/usr/bin/readlink",
    "setsid": "/usr/bin/setsid"
  },
  "compilers": {
    "cargo": null,
    "rustc": null,
    "cc": null,
    "gcc": null,
    "clang": null
  },
  "ports": {
    "22400": "FREE",
    "22401": "FREE",
    "22500": "FREE",
    "22501": "FREE"
  },
  "fresh_paths": {
    "/var/tmp/afs-current-trial-7e6-20261007-r1": true,
    "/var/tmp/afs-current-trial-7e6-20261007-r1-results": true,
    "/var/tmp/afs-current-trial-7e6-20261007-r1-driver.py": true,
    "/var/tmp/afs-current-trial-7e6-20261007-r1-package.tar.gz": true
  },
  "disk_var_tmp": {
    "total": 15523123200,
    "used": 7579525120,
    "free": 7926820864
  },
  "meminfo": "MemTotal:        8113632 kB\nMemFree:          573104 kB\nMemAvailable:    7664200 kB\nBuffers:           85280 kB\nCached:          6891636 kB\nSwapCached:            0 kB\nActive:           170916 kB\nInactive:        6868216 kB\nActive(anon):      70684 kB\nInactive(anon):        0 kB\nActive(file):     100232 kB\nInactive(file):  6868216 kB\nUnevictable:       26104 kB\nMlocked:           26104 kB\nSwapTotal:             0 kB\nSwapFree:              0 kB\nZswap:                 0 kB\nZswapped:              0 kB\nDirty:               176 kB\nWriteback:             0 kB\nAnonPages:         88364 kB\nMapped:            80956 kB\nShmem:              1016 kB\nKReclaimable:     325672 kB\nSlab:             418968 kB\nSReclaimable:     325672 kB\nSUnreclaim:        93296 kB\nKernelStack:        2432 kB\nShadowCallStack:     612 kB\nPageTables:         2408 kB\nSecPageTables:         0 kB\nNFS_Unstable:          0 kB\nBounce:                0 kB\nWritebackTmp:          0 kB\nCommitLimit:     4056816 kB\nCommitted_AS:     413152 kB\nVmallocTotal:   133141626880 kB\nVmallocUsed:       11660 kB\nVmallocChunk:          0 kB\nPercpu:             3008 kB\nHardwareCorrupted:     0 kB\nAnonHugePages:         0 kB\nShmemHugePages:        0 kB\nShmemPmdMapped:        0 kB\nFileHugePages:         0 kB\nFilePmdMapped:         0 kB\nCmaTotal:          32768 kB\nCmaFree:           29696 kB\nHugePages_Total:       0\nHugePages_Free:        0\nHugePages_Rsvd:        0\nHugePages_Surp:        0\nHugepagesize:       2048 kB\nHugetlb:               0 kB\n",
  "mountinfo": "26 32 0:24 / /sys rw,nosuid,nodev,noexec,relatime shared:7 - sysfs sysfs rw\n27 32 0:25 / /proc rw,nosuid,nodev,noexec,relatime shared:13 - proc proc rw\n28 32 0:5 / /dev rw,nosuid,relatime shared:2 - devtmpfs udev rw,size=4020012k,nr_inodes=1005003,mode=755,inode64\n29 28 0:26 / /dev/pts rw,nosuid,noexec,relatime shared:3 - devpts devpts rw,gid=5,mode=620,ptmxmode=000\n30 32 0:27 / /run rw,nosuid,nodev,noexec,relatime shared:5 - tmpfs tmpfs rw,size=811364k,mode=755,inode64\n31 26 0:28 / /sys/firmware/efi/efivars rw,nosuid,nodev,noexec,relatime shared:8 - efivarfs efivarfs rw\n32 1 253:1 / / rw,relatime shared:1 - ext4 /dev/vda1 rw,discard,errors=remount-ro,commit=30\n33 26 0:6 / /sys/kernel/security rw,nosuid,nodev,noexec,relatime shared:9 - securityfs securityfs rw\n34 28 0:29 / /dev/shm rw,nosuid,nodev shared:4 - tmpfs tmpfs rw,inode64\n35 30 0:30 / /run/lock rw,nosuid,nodev,noexec,relatime shared:6 - tmpfs tmpfs rw,size=5120k,inode64\n36 26 0:31 / /sys/fs/cgroup rw,nosuid,nodev,noexec,relatime shared:10 - cgroup2 cgroup2 rw,nsdelegate,memory_recursiveprot\n37 26 0:32 / /sys/fs/pstore rw,nosuid,nodev,noexec,relatime shared:11 - pstore pstore rw\n38 26 0:33 / /sys/fs/bpf rw,nosuid,nodev,noexec,relatime shared:12 - bpf bpf rw,mode=700\n40 27 0:34 / /proc/sys/fs/binfmt_misc rw,relatime shared:14 - autofs systemd-1 rw,fd=32,pgrp=1,timeout=0,minproto=5,maxproto=5,direct,pipe_ino=3230\n41 28 0:22 / /dev/mqueue rw,nosuid,nodev,noexec,relatime shared:15 - mqueue mqueue rw\n42 26 0:7 / /sys/kernel/debug rw,nosuid,nodev,noexec,relatime shared:16 - debugfs debugfs rw\n43 28 0:35 / /dev/hugepages rw,nosuid,nodev,relatime shared:17 - hugetlbfs hugetlbfs rw,pagesize=2M\n44 26 0:12 / /sys/kernel/tracing rw,nosuid,nodev,noexec,relatime shared:18 - tracefs tracefs rw\n45 26 0:36 / /sys/fs/fuse/connections rw,nosuid,nodev,noexec,relatime shared:19 - fusectl fusectl rw\n46 26 0:23 / /sys/kernel/config rw,nosuid,nodev,noexec,relatime shared:20 - configfs configfs rw\n48 32 259:0 / /boot rw,relatime shared:30 - ext4 /dev/vda16 rw\n50 48 253:15 / /boot/efi rw,relatime shared:47 - vfat /dev/vda15 rw,fmask=0077,dmask=0077,codepage=437,iocharset=iso8859-1,shortname=mixed,errors=remount-ro\n52 40 0:37 / /proc/sys/fs/binfmt_misc rw,nosuid,nodev,noexec,relatime shared:49 - binfmt_misc binfmt_misc rw\n56 32 0:44 / /workspace/dms ro,relatime shared:147 - virtiofs lima-a7a710dc212e898d ro\n98 32 253:16 / /mnt/lima-cidata ro,relatime shared:350 - iso9660 /dev/vdb ro,nojoliet,overriderockperm,check=s,map=n,blocksize=2048,uid=0,dmode=700,fmode=700,iocharset=utf8\n58 30 0:49 / /run/user/501 rw,nosuid,nodev,relatime shared:99 - tmpfs tmpfs rw,size=811360k,nr_inodes=202840,mode=700,uid=501,gid=1000,inode64\n",
  "boot_id": "57e1dc25-0d6c-4738-ba94-015bc45428dd",
  "fuse": true,
  "gpg": {
    "exe": "/usr/bin/gpg-agent (deleted)",
    "starttick": "4412560",
    "argv": "gpg-agent --homedir /var/tmp/afs-runc-admission-20261007-r1/gnupg --use-standard-socket --daemon "
  }
}
