{
  "status": "PASS_PACKAGE_REPRODUCIBILITY",
  "package_name": "afs-0.1.0-g2-main-7e6e00a-linux-aarch64.tar.gz",
  "bytes": 14429532,
  "sha256": "c3bb5a30a1dd74a4b00d45388298e0b0628bb84d8aefbddf29ed2ec633b5f8e6",
  "second_sha256": "c3bb5a30a1dd74a4b00d45388298e0b0628bb84d8aefbddf29ed2ec633b5f8e6",
  "manifest": {
    "schema": "afs.release-package.v1",
    "name": "afs",
    "version": "0.1.0-g2-main-7e6e00a",
    "target": "linux-aarch64",
    "source_commit": "7e6e00a6e2d7fdf3c1d606ee743a016a419ec25d",
    "source_date_epoch": 1791365213,
    "features": "ownerfs,dfs",
    "rust_toolchain": "1.95.0",
    "binaries": {
      "afs-meta": {
        "sha256": "76a1e34c91697382cba9b3ad1e7bc5a758dd90ca8ededc823fefb9f13708cba2"
      },
      "afs-node": {
        "sha256": "c47be268dc894aac089a020130f7527c58fbc6ada0152ff57f99061c73997fb7"
      }
    },
    "contains": [
      "afs-meta",
      "afs-node",
      "afs-processctl",
      "afs-trial-config",
      "afs-selfcheck",
      "dep02-smoke.sh",
      "docs/guides/trial.md"
    ],
    "installer": "install.sh",
    "notes": "Built from existing Linux release binaries; no Cargo or Git required on target guests."
  },
  "file_sha256": {
    "DEPENDENCIES.md": "23252af9e85749e0ba1bc780165a4aecb0bb040a37885654a388173864f6a8ad",
    "SHA256SUMS": "cbfaeb24c85c5f2989b175a33f37dac21e0c6afbffdb2ca13470cae3b45786b5",
    "bin/afs-meta": "76a1e34c91697382cba9b3ad1e7bc5a758dd90ca8ededc823fefb9f13708cba2",
    "bin/afs-node": "c47be268dc894aac089a020130f7527c58fbc6ada0152ff57f99061c73997fb7",
    "bin/afs-processctl": "1ea10552180c917da2c598bee9dd8fecee7be26ae9d70dcdcba2e4829150d896",
    "bin/afs-selfcheck": "573d174c6cae3581e080532ae59e207d92e27b730f08190b1ee99d457bedfb4a",
    "bin/afs-trial-config": "c47783f9525826d4a0e137499bb1a779f94b3474c7355dd53aec0e615b98889b",
    "bin/dep02-smoke.sh": "0a5d929c9a6da73235c3fe8e2e4623ea9813b5e6a59027d95a1cc9d2d886f0c2",
    "docs/guides/trial.md": "53fbe5e5bf992708d90eee5c8484f361e6bfd0cc73a35de40887cc8c73800aca",
    "install.sh": "3b69d83e246980c50686abf58b8d92ed076954d2b97aa4283daef6694955be59",
    "ldd.txt": "ebcc5ed6ba5020cc2212ed7dc2d50d9ed0b31c2fbcc64931e315794551de984c",
    "manifest.json": "8b55955fb20ed67915c7f6e06d82fc795f66df7d90e3865e4f15634f36c4d79c",
    "templates/meta.toml": "ffffb928c8d483aaccd7907665cb7c19f49510b71ba83f06a7e23a4f60ee4d28",
    "templates/node-dfs.toml": "476395c58108a65a6361fd658f5a35eb3dfdc0ae4f862fd489b285702bb9424c",
    "templates/node-ownerfs.toml": "f9cab784ec4d08d4d2cd7308d1c7aea67bafe03b77772119057367ce3099fc41",
    "templates/node.toml": "91dcf1810865783bd5fe4e222802378a98654ba5ba4ebb0acab8e314531c8159"
  },
  "guide_sha256": "53fbe5e5bf992708d90eee5c8484f361e6bfd0cc73a35de40887cc8c73800aca",
  "ordinary_probe_absent": true
}
