{
  "status": "PASS",
  "mode": "closed",
  "commands": [
    {
      "argv": [
        "findmnt",
        "-J",
        "-T",
        "/var/tmp"
      ],
      "rc": 0,
      "stdout": "{\n   \"filesystems\": [\n      {\n         \"target\": \"/\",\n         \"source\": \"/dev/vda1\",\n         \"fstype\": \"ext4\",\n         \"options\": \"rw,relatime,discard,errors=remount-ro,commit=30\"\n      }\n   ]\n}\n",
      "stderr": ""
    }
  ],
  "candidate": {
    "source_commit": "7e6e00a6e2d7fdf3c1d606ee743a016a419ec25d",
    "compiler_input_map": "151a2c6d0de361c1aa3ed2bc9d197102f59563a1ad2a98f56930c981f902c8f2",
    "package_sha256": "c3bb5a30a1dd74a4b00d45388298e0b0628bb84d8aefbddf29ed2ec633b5f8e6",
    "package_name": "afs-0.1.0-g2-main-7e6e00a-linux-aarch64.tar.gz",
    "binaries": {
      "afs-meta": "76a1e34c91697382cba9b3ad1e7bc5a758dd90ca8ededc823fefb9f13708cba2",
      "afs-node": "c47be268dc894aac089a020130f7527c58fbc6ada0152ff57f99061c73997fb7"
    },
    "driver_sha256": "d19937cac0146045eacd750c8a4465095ed76bc095e7d451b3e37fe329fa8153",
    "observer_sha256": "1ad2c41425199fa7cd5bfc36f01d7d7d21bef1c4670feb661e05bdc051fbeab7"
  },
  "inventory": {
    "boot_id": "57e1dc25-0d6c-4738-ba94-015bc45428dd",
    "processes": [
      {
        "pid": 3554,
        "exe": "/usr/bin/gpg-agent (deleted)",
        "starttick": 4412560,
        "argv": [
          "gpg-agent",
          "--homedir",
          "/var/tmp/afs-runc-admission-20261007-r1/gnupg",
          "--use-standard-socket",
          "--daemon",
          ""
        ],
        "sha256": "5bd7c61c431192d41478e288e6f5bba0287aa5e766b007db82d25f27c8b8cdd7"
      }
    ],
    "old_elfs": {
      "/opt/afs-active-node-stop-20261007-r1/prefix/bin/afs-meta": {
        "sha256": "78e7ad556b8767af4bcc34c81fb94075011152254e26ed24b26a8f528b97d3a8",
        "dev": 64769,
        "ino": 826463,
        "size": 15788960
      },
      "/opt/afs-active-node-stop-20261007-r1/prefix/bin/afs-node": {
        "sha256": "d264a470372593ab00bd6c691f1e389492decf8e4c750a6b29b608719407d58a",
        "dev": 64769,
        "ino": 826464,
        "size": 25980792
      },
      "/opt/afs-hostbind-93169c8-r1/prefix/bin/afs-meta": {
        "sha256": "4150942fd873b879ab6dc9034904116cf1670904a259d6a081f3b0c1fd1e7343",
        "dev": 64769,
        "ino": 827430,
        "size": 15882088
      },
      "/opt/afs-hostbind-93169c8-r1/prefix/bin/afs-node": {
        "sha256": "9478f3e89905b310689c0727ce0adf28fc11a25444c9634f82055a664069b41d",
        "dev": 64769,
        "ino": 827431,
        "size": 26181088
      },
      "/opt/afs-main-bind-accepted-20261007-r1/prefix/bin/afs-meta": {
        "sha256": "f4d423fcced38cd0a6624b1104ff05c136974150d21590522a90a40e637aca0c",
        "dev": 64769,
        "ino": 825930,
        "size": 15879736
      },
      "/opt/afs-main-bind-accepted-20261007-r1/prefix/bin/afs-node": {
        "sha256": "de1d16895c062651aa9e9de375b9ac5bb5da5b52672a7d70093bebdd090bc9ee",
        "dev": 64769,
        "ino": 825931,
        "size": 26022400
      },
      "/opt/afs-managed-append-20261007-r8/prefix/bin/afs-meta": {
        "sha256": "2c7b7d088b759e3b9375080002182aa484a424b4fa216da1fb79a1004e96168e",
        "dev": 64769,
        "ino": 787201,
        "size": 15821088
      },
      "/opt/afs-managed-append-20261007-r8/prefix/bin/afs-node": {
        "sha256": "2cf1f538fe7af332a711f3c66a074ace140c00773826a182709a6445b8ae2645",
        "dev": 64769,
        "ino": 787202,
        "size": 25880120
      },
      "/opt/afs-managed-control-capacity-20261007-r1/prefix/bin/afs-meta": {
        "sha256": "2c7b7d088b759e3b9375080002182aa484a424b4fa216da1fb79a1004e96168e",
        "dev": 64769,
        "ino": 824929,
        "size": 15821088
      },
      "/opt/afs-managed-control-capacity-20261007-r1/prefix/bin/afs-node": {
        "sha256": "2cf1f538fe7af332a711f3c66a074ace140c00773826a182709a6445b8ae2645",
        "dev": 64769,
        "ino": 824930,
        "size": 25880120
      },
      "/opt/afs-managed-orderly-recovery-20261007-r1/prefix/bin/afs-meta": {
        "sha256": "8c53c693023249b69c22f51d8aad7d0950b0f1d3452534e219c3d1c7c906e286",
        "dev": 64769,
        "ino": 825362,
        "size": 15816704
      },
      "/opt/afs-managed-orderly-recovery-20261007-r1/prefix/bin/afs-node": {
        "sha256": "738ea5eaf0fe8f6412c99f79e26d1e3a92fba78a068510e7e27b129301d85324",
        "dev": 64769,
        "ino": 825363,
        "size": 25943584
      },
      "/opt/afs-managed-source-rejection-20261007-r1/prefix/bin/afs-meta": {
        "sha256": "2c7b7d088b759e3b9375080002182aa484a424b4fa216da1fb79a1004e96168e",
        "dev": 64769,
        "ino": 824619,
        "size": 15821088
      },
      "/opt/afs-managed-source-rejection-20261007-r1/prefix/bin/afs-node": {
        "sha256": "2cf1f538fe7af332a711f3c66a074ace140c00773826a182709a6445b8ae2645",
        "dev": 64769,
        "ino": 824620,
        "size": 25880120
      },
      "/opt/afs-managed-workspace-20261007-r1/prefix/bin/afs-meta": {
        "sha256": "08aee9fec2e7e12ce03912fa85e8bded28b2162de78c2c9c36703a9a1a6e58b8",
        "dev": 64769,
        "ino": 524440,
        "size": 15795096
      },
      "/opt/afs-managed-workspace-20261007-r1/prefix/bin/afs-node": {
        "sha256": "d6e7cd11a610e7f0839d2a3d2337cd92678432e15fcffb6fd2fa6a00860058b8",
        "dev": 64769,
        "ino": 524441,
        "size": 25966344
      },
      "/opt/afs-managed-workspace-20261007-r2/prefix/bin/afs-meta": {
        "sha256": "08aee9fec2e7e12ce03912fa85e8bded28b2162de78c2c9c36703a9a1a6e58b8",
        "dev": 64769,
        "ino": 524576,
        "size": 15795096
      },
      "/opt/afs-managed-workspace-20261007-r2/prefix/bin/afs-node": {
        "sha256": "d6e7cd11a610e7f0839d2a3d2337cd92678432e15fcffb6fd2fa6a00860058b8",
        "dev": 64769,
        "ino": 524577,
        "size": 25966344
      },
      "/opt/afs-managed-workspace-20261007-r4/prefix/bin/afs-meta": {
        "sha256": "2c7b7d088b759e3b9375080002182aa484a424b4fa216da1fb79a1004e96168e",
        "dev": 64769,
        "ino": 524880,
        "size": 15821088
      },
      "/opt/afs-managed-workspace-20261007-r4/prefix/bin/afs-node": {
        "sha256": "2cf1f538fe7af332a711f3c66a074ace140c00773826a182709a6445b8ae2645",
        "dev": 64769,
        "ino": 524881,
        "size": 25880120
      },
      "/opt/afs-managed-workspace-20261007-r5/prefix/bin/afs-meta": {
        "sha256": "2c7b7d088b759e3b9375080002182aa484a424b4fa216da1fb79a1004e96168e",
        "dev": 64769,
        "ino": 525309,
        "size": 15821088
      },
      "/opt/afs-managed-workspace-20261007-r5/prefix/bin/afs-node": {
        "sha256": "2cf1f538fe7af332a711f3c66a074ace140c00773826a182709a6445b8ae2645",
        "dev": 64769,
        "ino": 525310,
        "size": 25880120
      },
      "/opt/afs-managed-workspace-20261007-r6/prefix/bin/afs-meta": {
        "sha256": "2c7b7d088b759e3b9375080002182aa484a424b4fa216da1fb79a1004e96168e",
        "dev": 64769,
        "ino": 525673,
        "size": 15821088
      },
      "/opt/afs-managed-workspace-20261007-r6/prefix/bin/afs-node": {
        "sha256": "2cf1f538fe7af332a711f3c66a074ace140c00773826a182709a6445b8ae2645",
        "dev": 64769,
        "ino": 525674,
        "size": 25880120
      },
      "/opt/afs-managed-workspace-20261007-r7/prefix/bin/afs-meta": {
        "sha256": "2c7b7d088b759e3b9375080002182aa484a424b4fa216da1fb79a1004e96168e",
        "dev": 64769,
        "ino": 526080,
        "size": 15821088
      },
      "/opt/afs-managed-workspace-20261007-r7/prefix/bin/afs-node": {
        "sha256": "2cf1f538fe7af332a711f3c66a074ace140c00773826a182709a6445b8ae2645",
        "dev": 64769,
        "ino": 526081,
        "size": 25880120
      },
      "/opt/afs-managed-workspace-probe-remediation-20261007-r1/prefix/bin/afs-meta": {
        "sha256": "76a1e34c91697382cba9b3ad1e7bc5a758dd90ca8ededc823fefb9f13708cba2",
        "dev": 64769,
        "ino": 829133,
        "size": 15863760
      },
      "/opt/afs-managed-workspace-probe-remediation-20261007-r1/prefix/bin/afs-node": {
        "sha256": "c47be268dc894aac089a020130f7527c58fbc6ada0152ff57f99061c73997fb7",
        "dev": 64769,
        "ino": 829134,
        "size": 25026384
      },
      "/opt/afs-workspace-bind-data-perf-20261007-r1/prefix/bin/afs-meta": {
        "sha256": "4150942fd873b879ab6dc9034904116cf1670904a259d6a081f3b0c1fd1e7343",
        "dev": 64769,
        "ino": 828055,
        "size": 15882088
      },
      "/opt/afs-workspace-bind-data-perf-20261007-r1/prefix/bin/afs-node": {
        "sha256": "9478f3e89905b310689c0727ce0adf28fc11a25444c9634f82055a664069b41d",
        "dev": 64769,
        "ino": 828056,
        "size": 26181088
      },
      "/opt/afs-workspace-bind-metadata-perf-20261007-r1/prefix/bin/afs-meta": {
        "sha256": "4150942fd873b879ab6dc9034904116cf1670904a259d6a081f3b0c1fd1e7343",
        "dev": 64769,
        "ino": 828708,
        "size": 15882088
      },
      "/opt/afs-workspace-bind-metadata-perf-20261007-r1/prefix/bin/afs-node": {
        "sha256": "9478f3e89905b310689c0727ce0adf28fc11a25444c9634f82055a664069b41d",
        "dev": 64769,
        "ino": 828709,
        "size": 26181088
      },
      "/opt/afs-workspace-callback-observed-20261007-r1/prefix/bin/afs-meta": {
        "sha256": "75864631b10ec053bb3ed09cc00dbf57befc967413be721cd539ec976d3bebb2",
        "dev": 64769,
        "ino": 826778,
        "size": 15811096
      },
      "/opt/afs-workspace-callback-observed-20261007-r1/prefix/bin/afs-node": {
        "sha256": "d54c2dc27f7915aaf907f7741699f91508d2e2c147dc9445de3ed72f08279ea9",
        "dev": 64769,
        "ino": 826779,
        "size": 26080848
      },
      "/opt/afs-workspace-host-runtime-20261007-r1/prefix/bin/afs-meta": {
        "sha256": "4150942fd873b879ab6dc9034904116cf1670904a259d6a081f3b0c1fd1e7343",
        "dev": 64769,
        "ino": 827626,
        "size": 15882088
      },
      "/opt/afs-workspace-host-runtime-20261007-r1/prefix/bin/afs-node": {
        "sha256": "9478f3e89905b310689c0727ce0adf28fc11a25444c9634f82055a664069b41d",
        "dev": 64769,
        "ino": 827627,
        "size": 26181088
      },
      "/opt/afs-workspace-host-runtime-20261007-r2/prefix/bin/afs-meta": {
        "sha256": "4150942fd873b879ab6dc9034904116cf1670904a259d6a081f3b0c1fd1e7343",
        "dev": 64769,
        "ino": 827830,
        "size": 15882088
      },
      "/opt/afs-workspace-host-runtime-20261007-r2/prefix/bin/afs-node": {
        "sha256": "9478f3e89905b310689c0727ce0adf28fc11a25444c9634f82055a664069b41d",
        "dev": 64769,
        "ino": 827831,
        "size": 26181088
      },
      "/opt/afs-workspace-metadata-callbacks-20261007-r1/prefix/bin/afs-meta": {
        "sha256": "75864631b10ec053bb3ed09cc00dbf57befc967413be721cd539ec976d3bebb2",
        "dev": 64769,
        "ino": 827112,
        "size": 15811096
      },
      "/opt/afs-workspace-metadata-callbacks-20261007-r1/prefix/bin/afs-node": {
        "sha256": "d54c2dc27f7915aaf907f7741699f91508d2e2c147dc9445de3ed72f08279ea9",
        "dev": 64769,
        "ino": 827113,
        "size": 26080848
      }
    },
    "mountinfo": [
      "26 32 0:24 / /sys rw,nosuid,nodev,noexec,relatime shared:7 - sysfs sysfs rw",
      "27 32 0:25 / /proc rw,nosuid,nodev,noexec,relatime shared:13 - proc proc rw",
      "28 32 0:5 / /dev rw,nosuid,relatime shared:2 - devtmpfs udev rw,size=4020012k,nr_inodes=1005003,mode=755,inode64",
      "29 28 0:26 / /dev/pts rw,nosuid,noexec,relatime shared:3 - devpts devpts rw,gid=5,mode=620,ptmxmode=000",
      "30 32 0:27 / /run rw,nosuid,nodev,noexec,relatime shared:5 - tmpfs tmpfs rw,size=811364k,mode=755,inode64",
      "31 26 0:28 / /sys/firmware/efi/efivars rw,nosuid,nodev,noexec,relatime shared:8 - efivarfs efivarfs rw",
      "32 1 253:1 / / rw,relatime shared:1 - ext4 /dev/vda1 rw,discard,errors=remount-ro,commit=30",
      "33 26 0:6 / /sys/kernel/security rw,nosuid,nodev,noexec,relatime shared:9 - securityfs securityfs rw",
      "34 28 0:29 / /dev/shm rw,nosuid,nodev shared:4 - tmpfs tmpfs rw,inode64",
      "35 30 0:30 / /run/lock rw,nosuid,nodev,noexec,relatime shared:6 - tmpfs tmpfs rw,size=5120k,inode64",
      "36 26 0:31 / /sys/fs/cgroup rw,nosuid,nodev,noexec,relatime shared:10 - cgroup2 cgroup2 rw,nsdelegate,memory_recursiveprot",
      "37 26 0:32 / /sys/fs/pstore rw,nosuid,nodev,noexec,relatime shared:11 - pstore pstore rw",
      "38 26 0:33 / /sys/fs/bpf rw,nosuid,nodev,noexec,relatime shared:12 - bpf bpf rw,mode=700",
      "40 27 0:34 / /proc/sys/fs/binfmt_misc rw,relatime shared:14 - autofs systemd-1 rw,fd=32,pgrp=1,timeout=0,minproto=5,maxproto=5,direct,pipe_ino=3230",
      "41 28 0:22 / /dev/mqueue rw,nosuid,nodev,noexec,relatime shared:15 - mqueue mqueue rw",
      "42 26 0:7 / /sys/kernel/debug rw,nosuid,nodev,noexec,relatime shared:16 - debugfs debugfs rw",
      "43 28 0:35 / /dev/hugepages rw,nosuid,nodev,relatime shared:17 - hugetlbfs hugetlbfs rw,pagesize=2M",
      "44 26 0:12 / /sys/kernel/tracing rw,nosuid,nodev,noexec,relatime shared:18 - tracefs tracefs rw",
      "45 26 0:36 / /sys/fs/fuse/connections rw,nosuid,nodev,noexec,relatime shared:19 - fusectl fusectl rw",
      "46 26 0:23 / /sys/kernel/config rw,nosuid,nodev,noexec,relatime shared:20 - configfs configfs rw",
      "48 32 259:0 / /boot rw,relatime shared:30 - ext4 /dev/vda16 rw",
      "50 48 253:15 / /boot/efi rw,relatime shared:47 - vfat /dev/vda15 rw,fmask=0077,dmask=0077,codepage=437,iocharset=iso8859-1,shortname=mixed,errors=remount-ro",
      "52 40 0:37 / /proc/sys/fs/binfmt_misc rw,nosuid,nodev,noexec,relatime shared:49 - binfmt_misc binfmt_misc rw",
      "56 32 0:44 / /workspace/dms ro,relatime shared:147 - virtiofs lima-a7a710dc212e898d ro",
      "98 32 253:16 / /mnt/lima-cidata ro,relatime shared:350 - iso9660 /dev/vdb ro,nojoliet,overriderockperm,check=s,map=n,blocksize=2048,uid=0,dmode=700,fmode=700,iocharset=utf8",
      "58 30 0:49 / /run/user/501 rw,nosuid,nodev,relatime shared:99 - tmpfs tmpfs rw,size=811360k,nr_inodes=202840,mode=700,uid=501,gid=1000,inode64"
    ]
  },
  "receipts": {
    "first-meta-meta": {
      "path": "/var/tmp/afs-current-trial-7e6-20261007-r1/run/meta.lifecycle.EZb4Ce",
      "child": {
        "pid": "90337",
        "exe": "/var/tmp/afs-current-trial-7e6-20261007-r1/prefix/bin/afs-meta",
        "config": "/var/tmp/afs-current-trial-7e6-20261007-r1/etc/meta.toml",
        "start_ticks": "9874467",
        "boot_id": "57e1dc25-0d6c-4738-ba94-015bc45428dd",
        "lifecycle": "/var/tmp/afs-current-trial-7e6-20261007-r1/run/meta.lifecycle.EZb4Ce",
        "supervisor_pid": "90321"
      },
      "ready": {
        "supervisor_pid": "90321"
      },
      "exit": {
        "pid": "90337",
        "exe": "/var/tmp/afs-current-trial-7e6-20261007-r1/prefix/bin/afs-meta",
        "config": "/var/tmp/afs-current-trial-7e6-20261007-r1/etc/meta.toml",
        "start_ticks": "9874467",
        "boot_id": "57e1dc25-0d6c-4738-ba94-015bc45428dd",
        "lifecycle": "/var/tmp/afs-current-trial-7e6-20261007-r1/run/meta.lifecycle.EZb4Ce",
        "supervisor_pid": "90321",
        "exit_code": "0"
      },
      "child_supervisor_gone": true,
      "pids": [
        90337,
        90321
      ]
    },
    "final-meta": {
      "path": "/var/tmp/afs-current-trial-7e6-20261007-r1/run/meta.lifecycle.iUFyjB",
      "child": {
        "pid": "90983",
        "exe": "/var/tmp/afs-current-trial-7e6-20261007-r1/prefix/bin/afs-meta",
        "config": "/var/tmp/afs-current-trial-7e6-20261007-r1/etc/meta.toml",
        "start_ticks": "9874704",
        "boot_id": "57e1dc25-0d6c-4738-ba94-015bc45428dd",
        "lifecycle": "/var/tmp/afs-current-trial-7e6-20261007-r1/run/meta.lifecycle.iUFyjB",
        "supervisor_pid": "90967"
      },
      "ready": {
        "supervisor_pid": "90967"
      },
      "exit": {
        "pid": "90983",
        "exe": "/var/tmp/afs-current-trial-7e6-20261007-r1/prefix/bin/afs-meta",
        "config": "/var/tmp/afs-current-trial-7e6-20261007-r1/etc/meta.toml",
        "start_ticks": "9874704",
        "boot_id": "57e1dc25-0d6c-4738-ba94-015bc45428dd",
        "lifecycle": "/var/tmp/afs-current-trial-7e6-20261007-r1/run/meta.lifecycle.iUFyjB",
        "supervisor_pid": "90967",
        "exit_code": "0"
      },
      "child_supervisor_gone": true,
      "pids": [
        90983,
        90967
      ]
    },
    "final-node": {
      "path": "/var/tmp/afs-current-trial-7e6-20261007-r1/run/node.lifecycle.60jBw7",
      "child": {
        "pid": "90529",
        "exe": "/var/tmp/afs-current-trial-7e6-20261007-r1/prefix/bin/afs-node",
        "config": "/var/tmp/afs-current-trial-7e6-20261007-r1/etc/node.toml",
        "start_ticks": "9874482",
        "boot_id": "57e1dc25-0d6c-4738-ba94-015bc45428dd",
        "lifecycle": "/var/tmp/afs-current-trial-7e6-20261007-r1/run/node.lifecycle.60jBw7",
        "supervisor_pid": "90513"
      },
      "ready": {
        "supervisor_pid": "90513"
      },
      "exit": {
        "pid": "90529",
        "exe": "/var/tmp/afs-current-trial-7e6-20261007-r1/prefix/bin/afs-node",
        "config": "/var/tmp/afs-current-trial-7e6-20261007-r1/etc/node.toml",
        "start_ticks": "9874482",
        "boot_id": "57e1dc25-0d6c-4738-ba94-015bc45428dd",
        "lifecycle": "/var/tmp/afs-current-trial-7e6-20261007-r1/run/node.lifecycle.60jBw7",
        "supervisor_pid": "90513",
        "exit_code": "0"
      },
      "child_supervisor_gone": true,
      "pids": [
        90529,
        90513
      ]
    }
  },
  "recovery": {
    "status": "PASS",
    "first_meta": 90337,
    "new_meta": 90983,
    "node_unchanged": true,
    "mounts_unchanged": true
  },
  "capacity": {
    "allocated_bytes": 234819584,
    "ceiling_bytes": 536870912,
    "free_bytes": 7691952128,
    "floor_bytes": 1073741824,
    "mount_tree_excluded": "/var/tmp/afs-current-trial-7e6-20261007-r1/mount"
  }
}
