{
  "status": "FAIL",
  "error": "PermissionError(13, 'Permission denied')",
  "events": [
    {
      "environment": {
        "platform": "Linux-6.8.0-142-generic-aarch64-with-glibc2.39",
        "boot_id": "36a572e0-859b-4a94-adc7-789210a83fc8",
        "filesystem": "{\n   \"filesystems\": [\n      {\n         \"fstype\": \"ext4\",\n         \"source\": \"/dev/vdb1\",\n         \"target\": \"/mnt/lima-afsadata\"\n      }\n   ]\n}\n",
        "controller_sha256": "b5dd0fa011475fb94658d3b1322ed8395c69aa1f85fbff5b5e1e4a307eec83a1",
        "binary_sha256": {
          "afs-node": "dbbf2ccd5eb47f06178bfc3140599865c1b7ad5f28851e244e728fbcdfc136af",
          "afs-meta": "917432057950380da208b057a4d94156841e1eab03e533f56675433d5184fd9c"
        },
        "config_sha256": {
          "node": "deec90fa4c6cc34fae309511ed72dc1f6a3990be54e108efebae4998196244b6",
          "meta": "f72ddc3554aae64cd5a96e8f04ae09e27a467590fe32de7cc566bb3c7d649c0e"
        }
      }
    },
    {
      "start_all": {
        "returncode": 0,
        "stdout": "started meta pid=708557 ready=true\nstarted node pid=708722 ready=true\n",
        "stderr": ""
      }
    }
  ],
  "cleanup": [
    {
      "cleanup_stop_node": {
        "returncode": 0,
        "stdout": "node stopped exit_code=0\n",
        "stderr": ""
      }
    },
    {
      "cleanup_stop_meta": {
        "returncode": 0,
        "stdout": "meta stopped exit_code=0\n",
        "stderr": ""
      }
    }
  ]
}
