    Finished `test` profile [unoptimized + debuginfo] target(s) in 0.04s
     Running unittests src/lib.rs (/home/lzc.guest/afs-build/target/debug/deps/afs-586e1b701367e588)

running 25 tests
test node::replication::tests::async_desired_three_sync_one_does_not_wait_for_tail ... ok
test node::replication::tests::corruption_worker_retains_exact_report_and_does_not_resend_after_ack ... ok
test node::replication::tests::duplicate_node_placement_is_rejected_before_any_chunk_side_effect ... ok
test node::replication::tests::corruption_worker_keeps_quarantine_but_does_not_wedge_on_definitive_rejection ... ok
test node::replication::tests::failure_domain_constraint_extends_synchronous_prefix ... ok
test node::replication::tests::missing_or_duplicate_tail_ack_is_not_a_successful_receipt ... ok
test node::replication::tests::next_hop_preserves_initiator_and_stops_at_sync_prefix ... ok
test node::replication::tests::non_head_local_rn_fails_before_prepare_or_local_persist ... ok
test node::replication::tests::configurable_two_and_four_copy_chains_return_distinct_durable_acks ... ok
test node::replication::tests::corruption_worker_retries_cas_with_exact_identity ... ok
test node::replication::tests::preferred_remote_head_does_not_create_unassigned_local_copy ... ok
test node::replication::tests::receiver_execution_requires_meta_target_and_authenticated_predecessor ... ok
test node::replication::tests::repair_worker_advances_only_after_specific_superseded_proof ... ok
test node::replication::tests::repair_claim_survives_common_grpc_and_rdma_replica_header ... ok
test node::replication::tests::put_batch_groups_by_stable_chunk_plan_and_preserves_receipt_order ... ok
test node::replication::tests::durable_middle_with_missing_tail_retries_content_and_returns_complete_receipt ... ok
test node::replication::tests::repair_worker_preserves_claim_identity_after_unknown_ack ... ok
test node::replication::tests::repair_worker_refuses_expired_claim_without_transfer_or_report ... ok
test node::replication::tests::repair_worker_refuses_oversized_chunk_before_allocating_or_transfer ... ok
test node::replication::tests::repair_worker_replays_report_without_retransferring_chunk ... ok
test node::replication::tests::repair_worker_reports_corrupt_source_without_peer_bytes ... ok
test node::replication::tests::repair_worker_retains_exact_report_after_generic_cas_conflict ... ok
test node::replication::tests::repair_worker_reports_missing_source_without_peer_bytes ... ok
test node::replication::tests::repair_worker_retains_report_after_unrelated_reply ... ok
test node::replication::tests::rn_write_batch_refreshes_placement_before_replica_receipts ... ok

test result: ok. 25 passed; 0 failed; 0 ignored; 0 measured; 372 filtered out; finished in 0.04s

