{"msg":"Mounting /var/tmp/afs-current-trial-7e6-20261007-r1/mount/ownerfs","level":"INFO","ts":"2026-10-07T10:15:27.434443859Z","instance":"node-a","service_name":"afs-node"}
{"msg":"Mounting /var/tmp/afs-current-trial-7e6-20261007-r1/mount/dfs","level":"INFO","ts":"2026-10-07T10:15:27.437510771Z","instance":"node-a","service_name":"afs-node"}
{"msg":"node.ready","level":"INFO","ts":"2026-10-07T10:15:27.437515229Z","instance":"node-a","service_name":"afs-node","dfs":true,"ownerfs":true,"uds":"/var/tmp/afs-current-trial-7e6-20261007-r1/run/node.sock","rest":"127.0.0.1:22501","grpc":"127.0.0.1:22500"}
{"msg":"FUSE request failed","level":"ERRO","ts":"2026-10-07T10:15:27.572479837Z","instance":"node-a","service_name":"afs-node","message":"OwnerFs root is not registered in Meta","kind":"NotFound","code":34078721}
{"msg":"FUSE request failed","level":"ERRO","ts":"2026-10-07T10:15:27.581208829Z","instance":"node-a","service_name":"afs-node","message":"No such file or directory (os error 2)","kind":"NotFound","code":67305473}
{"msg":"fuse.create","level":"INFO","ts":"2026-10-07T10:15:27.58125137Z","instance":"node-a","service_name":"afs-node","name":"ops-small.txt","parent":2}
{"msg":"FUSE request failed","level":"ERRO","ts":"2026-10-07T10:15:27.581375951Z","instance":"node-a","service_name":"afs-node","message":"OwnerFs currently supports only user.* xattrs","kind":"FailedPrecondition","code":67305489}
{"msg":"FUSE request failed","level":"ERRO","ts":"2026-10-07T10:15:27.582304395Z","instance":"node-a","service_name":"afs-node","message":"OwnerFs currently supports only user.* xattrs","kind":"FailedPrecondition","code":67305489}
{"msg":"[Not Implemented] ioctl(ino: 0x3, fh: 3, flags: 0, cmd: 21505, in_data.len(): 0, out_size: 0)","level":"WARN","ts":"2026-10-07T10:15:27.582931053Z","instance":"node-a","service_name":"afs-node"}
{"msg":"FUSE request failed","level":"ERRO","ts":"2026-10-07T10:15:27.583095175Z","instance":"node-a","service_name":"afs-node","message":"OwnerFs currently supports only user.* xattrs","kind":"FailedPrecondition","code":67305489}
{"msg":"[Not Implemented] ioctl(ino: 0x3, fh: 5, flags: 0, cmd: 21505, in_data.len(): 0, out_size: 0)","level":"WARN","ts":"2026-10-07T10:15:27.583845164Z","instance":"node-a","service_name":"afs-node"}
{"msg":"FUSE request failed","level":"ERRO","ts":"2026-10-07T10:15:27.584021828Z","instance":"node-a","service_name":"afs-node","message":"No such file or directory (os error 2)","kind":"NotFound","code":67305473}
{"msg":"FUSE request failed","level":"ERRO","ts":"2026-10-07T10:15:27.58409916Z","instance":"node-a","service_name":"afs-node","message":"No such file or directory (os error 2)","kind":"NotFound","code":67305473}
{"msg":"[Not Implemented] ioctl(ino: 0x3, fh: 6, flags: 0, cmd: 21505, in_data.len(): 0, out_size: 0)","level":"WARN","ts":"2026-10-07T10:15:27.584167617Z","instance":"node-a","service_name":"afs-node"}
{"msg":"[Not Implemented] ioctl(ino: 0x3, fh: 7, flags: 0, cmd: 21505, in_data.len(): 0, out_size: 0)","level":"WARN","ts":"2026-10-07T10:15:27.584268657Z","instance":"node-a","service_name":"afs-node"}
{"msg":"FUSE request failed","level":"ERRO","ts":"2026-10-07T10:15:27.586491998Z","instance":"node-a","service_name":"afs-node","message":"No such file or directory (os error 2)","kind":"NotFound","code":67305473}
{"msg":"fuse.create","level":"INFO","ts":"2026-10-07T10:15:27.586509456Z","instance":"node-a","service_name":"afs-node","name":"ops-mmap.bin","parent":2}
{"msg":"[Not Implemented] ioctl(ino: 0x4, fh: 8, flags: 0, cmd: 21505, in_data.len(): 0, out_size: 0)","level":"WARN","ts":"2026-10-07T10:15:27.586571664Z","instance":"node-a","service_name":"afs-node"}
{"msg":"FUSE request failed","level":"ERRO","ts":"2026-10-07T10:15:27.586624538Z","instance":"node-a","service_name":"afs-node","message":"OwnerFs currently supports only user.* xattrs","kind":"FailedPrecondition","code":67305489}
{"msg":"[Not Implemented] ioctl(ino: 0x4, fh: 9, flags: 0, cmd: 21505, in_data.len(): 0, out_size: 0)","level":"WARN","ts":"2026-10-07T10:15:27.587579482Z","instance":"node-a","service_name":"afs-node"}
{"msg":"FUSE request failed","level":"ERRO","ts":"2026-10-07T10:15:27.587779187Z","instance":"node-a","service_name":"afs-node","message":"No such file or directory (os error 2)","kind":"NotFound","code":67305473}
{"msg":"FUSE request failed","level":"ERRO","ts":"2026-10-07T10:15:27.587828561Z","instance":"node-a","service_name":"afs-node","message":"No such file or directory (os error 2)","kind":"NotFound","code":67305473}
{"msg":"fuse.create","level":"INFO","ts":"2026-10-07T10:15:27.587847936Z","instance":"node-a","service_name":"afs-node","name":"g1-stream.bin","parent":2}
{"msg":"FUSE request failed","level":"ERRO","ts":"2026-10-07T10:15:27.589058709Z","instance":"node-a","service_name":"afs-node","message":"OwnerFs currently supports only user.* xattrs","kind":"FailedPrecondition","code":67305489}
{"msg":"FUSE request failed","level":"ERRO","ts":"2026-10-07T10:15:27.703330299Z","instance":"node-a","service_name":"afs-node","message":"OwnerFs currently supports only user.* xattrs","kind":"FailedPrecondition","code":67305489}
{"msg":"FUSE request failed","level":"ERRO","ts":"2026-10-07T10:15:27.905343302Z","instance":"node-a","service_name":"afs-node","message":"DFS dentry not found","kind":"NotFound","code":34078721}
{"msg":"FUSE request failed","level":"ERRO","ts":"2026-10-07T10:15:27.91541644Z","instance":"node-a","service_name":"afs-node","message":"DFS dentry not found","kind":"NotFound","code":34078721}
{"msg":"fuse.create","level":"INFO","ts":"2026-10-07T10:15:27.915440606Z","instance":"node-a","service_name":"afs-node","name":"ops-small.txt","parent":2}
{"msg":"FUSE request failed","level":"ERRO","ts":"2026-10-07T10:15:27.920030786Z","instance":"node-a","service_name":"afs-node","message":"DFS currently supports only user.* xattrs","kind":"FailedPrecondition","code":67305489}
{"msg":"FUSE request failed","level":"ERRO","ts":"2026-10-07T10:15:27.926985221Z","instance":"node-a","service_name":"afs-node","message":"DFS currently supports only user.* xattrs","kind":"FailedPrecondition","code":67305489}
{"msg":"[Not Implemented] ioctl(ino: 0x3, fh: 3, flags: 0, cmd: 21505, in_data.len(): 0, out_size: 0)","level":"WARN","ts":"2026-10-07T10:15:27.933256626Z","instance":"node-a","service_name":"afs-node"}
{"msg":"FUSE request failed","level":"ERRO","ts":"2026-10-07T10:15:27.934541148Z","instance":"node-a","service_name":"afs-node","message":"DFS currently supports only user.* xattrs","kind":"FailedPrecondition","code":67305489}
{"msg":"[Not Implemented] ioctl(ino: 0x3, fh: 5, flags: 0, cmd: 21505, in_data.len(): 0, out_size: 0)","level":"WARN","ts":"2026-10-07T10:15:27.939326658Z","instance":"node-a","service_name":"afs-node"}
{"msg":"FUSE request failed","level":"ERRO","ts":"2026-10-07T10:15:27.945902558Z","instance":"node-a","service_name":"afs-node","message":"DFS dentry not found","kind":"NotFound","code":34078721}
{"msg":"FUSE request failed","level":"ERRO","ts":"2026-10-07T10:15:27.951100729Z","instance":"node-a","service_name":"afs-node","message":"DFS dentry not found","kind":"NotFound","code":34078721}
{"msg":"[Not Implemented] ioctl(ino: 0x3, fh: 6, flags: 0, cmd: 21505, in_data.len(): 0, out_size: 0)","level":"WARN","ts":"2026-10-07T10:15:27.951987715Z","instance":"node-a","service_name":"afs-node"}
{"msg":"[Not Implemented] ioctl(ino: 0x3, fh: 7, flags: 0, cmd: 21505, in_data.len(): 0, out_size: 0)","level":"WARN","ts":"2026-10-07T10:15:27.953360111Z","instance":"node-a","service_name":"afs-node"}
{"msg":"FUSE request failed","level":"ERRO","ts":"2026-10-07T10:15:27.954299055Z","instance":"node-a","service_name":"afs-node","message":"DFS dentry not found","kind":"NotFound","code":34078721}
{"msg":"fuse.create","level":"INFO","ts":"2026-10-07T10:15:27.954320804Z","instance":"node-a","service_name":"afs-node","name":"ops-mmap.bin","parent":2}
{"msg":"[Not Implemented] ioctl(ino: 0x4, fh: 8, flags: 0, cmd: 21505, in_data.len(): 0, out_size: 0)","level":"WARN","ts":"2026-10-07T10:15:27.958651447Z","instance":"node-a","service_name":"afs-node"}
{"msg":"FUSE request failed","level":"ERRO","ts":"2026-10-07T10:15:27.958816153Z","instance":"node-a","service_name":"afs-node","message":"DFS currently supports only user.* xattrs","kind":"FailedPrecondition","code":67305489}
{"msg":"[Not Implemented] ioctl(ino: 0x4, fh: 9, flags: 0, cmd: 21505, in_data.len(): 0, out_size: 0)","level":"WARN","ts":"2026-10-07T10:15:27.971927953Z","instance":"node-a","service_name":"afs-node"}
{"msg":"FUSE request failed","level":"ERRO","ts":"2026-10-07T10:15:27.981069355Z","instance":"node-a","service_name":"afs-node","message":"DFS dentry not found","kind":"NotFound","code":34078721}
{"msg":"FUSE request failed","level":"ERRO","ts":"2026-10-07T10:15:27.981560931Z","instance":"node-a","service_name":"afs-node","message":"DFS dentry not found","kind":"NotFound","code":34078721}
{"msg":"fuse.create","level":"INFO","ts":"2026-10-07T10:15:27.98157593Z","instance":"node-a","service_name":"afs-node","name":"g1-stream.bin","parent":2}
{"msg":"FUSE request failed","level":"ERRO","ts":"2026-10-07T10:15:27.986544605Z","instance":"node-a","service_name":"afs-node","message":"DFS currently supports only user.* xattrs","kind":"FailedPrecondition","code":67305489}
{"msg":"FUSE request failed","level":"ERRO","ts":"2026-10-07T10:15:28.325121284Z","instance":"node-a","service_name":"afs-node","message":"DFS currently supports only user.* xattrs","kind":"FailedPrecondition","code":67305489}
{"msg":"dfs.replication_task_retry","level":"WARN","ts":"2026-10-07T10:15:29.441471389Z","instance":"node-a","service_name":"afs-node","error":"0x01030003 Unavailable: tcp connect error"}
{"msg":"services.stopped","level":"INFO","ts":"2026-10-07T10:15:30.983875532Z","instance":"node-a","service_name":"afs-node"}
