Diff in /home/lzc.guest/afs-build/work/owner-deadline-v77-r1/tests/ownerfs_peer_contract.rs:497:
 }
 
 #[cfg(feature = "rdma")]
-fn owner_fixture_file_path(
-    fixture: &OwnerRdmaFixture,
-    file_name: &str,
-) -> std::path::PathBuf {
+fn owner_fixture_file_path(fixture: &OwnerRdmaFixture, file_name: &str) -> std::path::PathBuf {
     fixture
         ._temp
         .path()
Diff in /home/lzc.guest/afs-build/work/owner-deadline-v77-r1/tests/ownerfs_peer_contract.rs:561:
     let authenticator = Arc::new(RequireMtlsNodeB);
     let rdma_registry = RdmaSessionRegistry::new(device);
     let metrics_registry = afs_metrics::Registry::new();
-    let metrics = afs::node::rpc::OwnerRpcMetrics::register(&metrics_registry)
-        .expect("Owner metrics");
+    let metrics =
+        afs::node::rpc::OwnerRpcMetrics::register(&metrics_registry).expect("Owner metrics");
     let control = afs::node::rpc::control::NodeControlService::new(RdmaSessionRegistry::new(None))
         .with_owner_locks(executor.clone(), authenticator.clone())
         .with_owner_rdma_registry(rdma_registry.clone())
