Host information
	Hostname:   lima-afs-g1-clean
	Python:     3.12.3 (main, Mar  3 2026, 12:15:18) [GCC 13.3.0]
	Directory:  /var/tmp/afs-e2e-20261006-r1/results/owner-ltp-r1/artifacts/std-02-ltp/commands/0005-chmod01/kirk-tmp/kirk.root/tmpacbi5i6u

Connecting to SUT: default

cd '/var/tmp/afs-e2e-20261006-r1/mount/ownerfs/g2-e2e-owner/.lca0c596c/0005/w' && export LTPROOT='/var/tmp/afs-e2e-20261006-r1/suites/ltp-small-install' && export PATH='/var/tmp/afs-e2e-20261006-r1/suites/ltp-small-install/testcases/bin:/var/tmp/afs-e2e-20261006-r1/suites/ltp-small-install/bin':"$PATH" && export TMPDIR='/var/tmp/afs-e2e-20261006-r1/mount/ownerfs/g2-e2e-owner/.lca0c596c/0005/t' && export TMP='/var/tmp/afs-e2e-20261006-r1/mount/ownerfs/g2-e2e-owner/.lca0c596c/0005/t' && export TEMP='/var/tmp/afs-e2e-20261006-r1/mount/ownerfs/g2-e2e-owner/.lca0c596c/0005/t' && chmod01
tst_buffers.c:57: TINFO: Test is using guarded buffers
tst_tmpdir.c:308: TINFO: Using /var/tmp/afs-e2e-20261006-r1/mount/ownerfs/g2-e2e-owner/.lca0c596c/0005/t/LTP_chmGN8puL as tmpdir (fuse filesystem)
tst_test.c:2042: TINFO: LTP version: 20260529
tst_test.c:2045: TINFO: Tested kernel: 6.8.0-106-generic #106-Ubuntu SMP PREEMPT_DYNAMIC Fri Mar  6 07:44:40 UTC 2026 aarch64
tst_kconfig.c:90: TINFO: Parsing kernel config '/lib/modules/6.8.0-106-generic/build/.config'
tst_test.c:1870: TINFO: Overall timeout per run is 0h 00m 30s
chmod01.c:58: TINFO: Testing variant: verify permissions of file
chmod01.c:38: TPASS: chmod(testfile, 0000) passed
chmod01.c:48: TPASS: stat(testfile) mode=0000
chmod01.c:38: TPASS: chmod(testfile, 0007) passed
chmod01.c:48: TPASS: stat(testfile) mode=0007
chmod01.c:38: TPASS: chmod(testfile, 0070) passed
chmod01.c:48: TPASS: stat(testfile) mode=0070
chmod01.c:38: TPASS: chmod(testfile, 0700) passed
chmod01.c:48: TPASS: stat(testfile) mode=0700
chmod01.c:38: TPASS: chmod(testfile, 0777) passed
chmod01.c:48: TPASS: stat(testfile) mode=0777
chmod01.c:38: TPASS: chmod(testfile, 2777) passed
chmod01.c:48: TPASS: stat(testfile) mode=2777
chmod01.c:38: TPASS: chmod(testfile, 4777) passed
chmod01.c:48: TPASS: stat(testfile) mode=4777
chmod01.c:38: TPASS: chmod(testfile, 6777) passed
chmod01.c:48: TPASS: stat(testfile) mode=6777
chmod01.c:58: TINFO: Testing variant: verify permissions of directory
chmod01.c:38: TPASS: chmod(testdir_1, 0000) passed
chmod01.c:48: TPASS: stat(testdir_1) mode=0000
chmod01.c:38: TPASS: chmod(testdir_1, 0007) passed
chmod01.c:48: TPASS: stat(testdir_1) mode=0007
chmod01.c:38: TPASS: chmod(testdir_1, 0070) passed
chmod01.c:48: TPASS: stat(testdir_1) mode=0070
chmod01.c:38: TPASS: chmod(testdir_1, 0700) passed
chmod01.c:48: TPASS: stat(testdir_1) mode=0700
chmod01.c:38: TPASS: chmod(testdir_1, 0777) passed
chmod01.c:48: TPASS: stat(testdir_1) mode=0777
chmod01.c:38: TPASS: chmod(testdir_1, 2777) passed
chmod01.c:48: TPASS: stat(testdir_1) mode=2777
chmod01.c:38: TPASS: chmod(testdir_1, 4777) passed
chmod01.c:48: TPASS: stat(testdir_1) mode=4777
chmod01.c:38: TPASS: chmod(testdir_1, 6777) passed
chmod01.c:48: TPASS: stat(testdir_1) mode=6777

Summary:
passed   32
failed   0
broken   0
skipped  0
warnings 0

Exit code: 0

Disconnecting from SUT: default
Session stopped
