test_full_flags_and_four_hashes_without_environment_cannot_pass (test_runner.RunnerTests.test_full_flags_and_four_hashes_without_environment_cannot_pass) ... FAIL
test_changed_actual_contract_cannot_pass_with_old_contract_hash (test_runner.RunnerTests.test_changed_actual_contract_cannot_pass_with_old_contract_hash) ... FAIL

======================================================================
FAIL: test_full_flags_and_four_hashes_without_environment_cannot_pass (test_runner.RunnerTests.test_full_flags_and_four_hashes_without_environment_cannot_pass)
----------------------------------------------------------------------
Traceback (most recent call last):
  File "/tmp/afs-environment-v66/original/test_runner.py", line 419, in test_full_flags_and_four_hashes_without_environment_cannot_pass
    self.assertEqual(report["summary"]["status"], "BLOCKED")
AssertionError: 'PASS' != 'BLOCKED'
- PASS
+ BLOCKED


======================================================================
FAIL: test_changed_actual_contract_cannot_pass_with_old_contract_hash (test_runner.RunnerTests.test_changed_actual_contract_cannot_pass_with_old_contract_hash)
----------------------------------------------------------------------
Traceback (most recent call last):
  File "/tmp/afs-environment-v66/original/test_runner.py", line 438, in test_changed_actual_contract_cannot_pass_with_old_contract_hash
    self.assertEqual(report["summary"]["status"], "BLOCKED")
AssertionError: 'PASS' != 'BLOCKED'
- PASS
+ BLOCKED


----------------------------------------------------------------------
Ran 2 tests in 0.120s

FAILED (failures=2)
