test_bounded_frame_rejects_oversize (test_env_network.EnvNetworkUnitTest.test_bounded_frame_rejects_oversize) ... ok
test_check_selection_defaults_to_all_without_vacuous_empty (test_env_network.EnvNetworkUnitTest.test_check_selection_defaults_to_all_without_vacuous_empty) ... ok
test_connect_tcp_closes_socket_on_connect_failure (test_env_network.EnvNetworkUnitTest.test_connect_tcp_closes_socket_on_connect_failure) ... ok
test_good_echo (test_env_network.EnvNetworkUnitTest.test_good_echo) ... ok
test_mismatch_echo_fails (test_env_network.EnvNetworkUnitTest.test_mismatch_echo_fails) ... ok
test_timeout_fails (test_env_network.EnvNetworkUnitTest.test_timeout_fails) ... ok
test_tls_negative_classification (test_env_network.EnvNetworkUnitTest.test_tls_negative_classification) ... 
  test_tls_negative_classification (test_env_network.EnvNetworkUnitTest.test_tls_negative_classification) (expected='transport_reset_without_tls_alert') ... FAIL
test_wrong_check_selection_is_rejected_by_parser (test_env_network.EnvNetworkUnitTest.test_wrong_check_selection_is_rejected_by_parser) ... usage: python3 -m unittest client [-h] --source-ip SOURCE_IP --target-ip
                                  TARGET_IP --port PORT --tls-port TLS_PORT
                                  --ca CA --client-cert CLIENT_CERT
                                  --client-key CLIENT_KEY --server-hostname
                                  SERVER_HOSTNAME [--timeout TIMEOUT]
                                  [--check {all,tcp,udp,tls}] [--untrusted-ca]
                                  [--bad-ca BAD_CA] [--untrusted-client-cert]
                                  [--bad-client-cert BAD_CLIENT_CERT]
                                  [--bad-client-key BAD_CLIENT_KEY]
                                  [--wrong-hostname] [--missing-client-cert]
python3 -m unittest client: error: argument --check: invalid choice: 'bogus' (choose from 'all', 'tcp', 'udp', 'tls')
ok

======================================================================
FAIL: test_tls_negative_classification (test_env_network.EnvNetworkUnitTest.test_tls_negative_classification) (expected='transport_reset_without_tls_alert')
----------------------------------------------------------------------
Traceback (most recent call last):
  File "/tmp/afs-network-v67-local/test_env_network.py", line 75, in test_tls_negative_classification
    self.assertEqual(expected, env_network.classify_tls_failure(error)["classification"])
AssertionError: 'transport_reset_without_tls_alert' != 'not_tls_handshake_rejection'
- transport_reset_without_tls_alert
+ not_tls_handshake_rejection


----------------------------------------------------------------------
Ran 8 tests in 0.062s

FAILED (failures=1)
