   Compiling afs v0.1.0 (/home/lzc.guest/afs-build/work/root-merged-v49)
warning: unused variable: `timeout`
    --> src/node/rpc/meta.rs:1012:9
     |
1012 |         timeout: Duration,
     |         ^^^^^^^ help: if this is intentional, prefix it with an underscore: `_timeout`
     |
     = note: `#[warn(unused_variables)]` (part of `#[warn(unused)]`) on by default

warning: unused variable: `timeout`
    --> src/node/rpc/meta.rs:1075:9
     |
1075 |         timeout: Duration,
     |         ^^^^^^^ help: if this is intentional, prefix it with an underscore: `_timeout`

warning: unused variable: `timeout`
    --> src/node/rpc/meta.rs:1257:9
     |
1257 |         timeout: Duration,
     |         ^^^^^^^ help: if this is intentional, prefix it with an underscore: `_timeout`

warning: `afs` (lib test) generated 3 warnings (run `cargo fix --lib -p afs --tests` to apply 3 suggestions)
    Finished `test` profile [unoptimized + debuginfo] target(s) in 18.01s
     Running unittests src/lib.rs (/home/lzc.guest/afs-build/target/debug/deps/afs-586e1b701367e588)

running 1 test

thread 'node::rpc::meta::tests::grpc_dfs_meta_focused_timeouts_bound_hanging_rpc' (374937) panicked at src/node/rpc/meta.rs:1993:9:
renew lease timeout: unexpected error Error { code: ErrorCode(16973827), kind: Cancelled, message: "Timeout expired" }
note: run with `RUST_BACKTRACE=1` environment variable to display a backtrace
test node::rpc::meta::tests::grpc_dfs_meta_focused_timeouts_bound_hanging_rpc ... FAILED

failures:

failures:
    node::rpc::meta::tests::grpc_dfs_meta_focused_timeouts_bound_hanging_rpc

test result: FAILED. 0 passed; 1 failed; 0 ignored; 0 measured; 351 filtered out; finished in 1.01s

error: test failed, to rerun pass `--lib`
