   Compiling proc-macro2 v1.0.107
   Compiling quote v1.0.47
   Compiling unicode-ident v1.0.26
   Compiling libc v0.2.189
   Compiling syn v3.0.6
   Compiling cfg-if v1.0.5
   Compiling syn v2.0.119
   Compiling pin-project-lite v0.2.17
   Compiling smallvec v1.16.1
   Compiling bytes v1.12.1
   Compiling futures-core v0.3.34
   Compiling parking_lot_core v0.9.12
   Compiling serde_core v1.0.229
   Compiling scopeguard v1.2.0
   Compiling lock_api v0.4.14
   Compiling parking_lot v0.12.5
   Compiling itoa v1.0.18
   Compiling futures-sink v0.3.34
   Compiling errno v0.3.14
   Compiling shlex v2.0.1
   Compiling find-msvc-tools v0.1.13
   Compiling once_cell v1.21.4
   Compiling log v0.4.34
   Compiling cc v1.4.7
   Compiling signal-hook-registry v1.4.8
   Compiling tokio-macros v2.7.2
   Compiling mio v1.2.3
   Compiling socket2 v0.6.5
   Compiling anyhow v1.0.104
   Compiling tokio v1.53.1
   Compiling either v1.18.0
   Compiling itertools v0.14.0
   Compiling tracing-core v0.1.36
   Compiling serde v1.0.229
   Compiling slab v0.4.12
   Compiling prost-derive v0.14.4
   Compiling tracing-attributes v0.1.31
   Compiling serde_derive v1.0.229
   Compiling tracing v0.1.44
   Compiling tokio-util v0.7.19
   Compiling http v1.5.0
   Compiling futures-macro v0.3.34
   Compiling futures-task v0.3.34
   Compiling memchr v2.8.3
   Compiling futures-util v0.3.34
   Compiling synstructure v0.14.0
   Compiling equivalent v1.0.2
   Compiling hashbrown v0.17.1
   Compiling fnv v1.0.7
   Compiling indexmap v2.14.2
   Compiling http-body v1.1.0
   Compiling ring v0.17.14
   Compiling httparse v1.10.1
   Compiling percent-encoding v2.3.2
   Compiling zerofrom-derive v0.1.8
   Compiling futures-channel v0.3.34
   Compiling atomic-waker v1.1.2
   Compiling zmij v1.0.23
   Compiling tower-service v0.3.3
   Compiling try-lock v0.2.5
   Compiling want v0.3.1
   Compiling h2 v0.4.19
   Compiling zerofrom v0.1.8
   Compiling form_urlencoded v1.2.2
   Compiling yoke-derive v0.8.3
   Compiling getrandom v0.2.17
   Compiling untrusted v0.9.0
   Compiling zeroize v1.9.0
   Compiling stable_deref_trait v1.2.1
   Compiling serde_json v1.0.151
   Compiling httpdate v1.0.3
   Compiling hyper v1.11.1
   Compiling yoke v0.8.3
   Compiling rustls-pki-types v1.15.1
   Compiling sync_wrapper v1.0.2
   Compiling ryu v1.0.23
   Compiling tower-layer v0.3.3
   Compiling rustls v0.23.45
   Compiling bitflags v2.13.2
   Compiling rustls-webpki v0.103.15
   Compiling hyper-util v0.1.20
   Compiling http-body-util v0.1.5
   Compiling zerovec-derive v0.11.6
   Compiling subtle v2.6.1
   Compiling mime v0.3.17
   Compiling pulldown-cmark v0.13.4
   Compiling autocfg v1.5.1
   Compiling prettyplease v0.2.37
   Compiling thiserror v2.0.21
   Compiling rustix v1.1.5
   Compiling getrandom v0.4.3
   Compiling axum-core v0.5.6
   Compiling zerovec v0.11.8
   Compiling tower v0.5.3
   Compiling serde_urlencoded v0.7.1
   Compiling serde_path_to_error v0.1.20
   Compiling pin-project-internal v1.1.13
   Compiling displaydoc v0.2.7
   Compiling thiserror-impl v2.0.21
   Compiling heck v0.5.0
   Compiling linux-raw-sys v0.12.1
   Compiling unicase v2.9.0
   Compiling matchit v0.8.4
   Compiling foldhash v0.1.5
   Compiling regex-syntax v0.8.11
   Compiling zerocopy v0.8.58
   Compiling prost v0.14.4
   Compiling regex-automata v0.4.18
   Compiling hashbrown v0.15.5
   Compiling axum v0.8.9
   Compiling pin-project v1.1.13
   Compiling tokio-rustls v0.26.5
   Compiling hyper-timeout v0.5.2
   Compiling tokio-stream v0.1.19
   Compiling zerocopy-derive v0.8.58
   Compiling async-trait v0.1.92
   Compiling fastrand v2.5.0
   Compiling fixedbitset v0.5.7
   Compiling getrandom v0.3.4
   Compiling base64 v0.22.1
   Compiling rustversion v1.0.23
   Compiling tonic v0.14.6
   Compiling tempfile v3.27.0
   Compiling petgraph v0.8.3
   Compiling pulldown-cmark-to-cmark v22.0.1
   Compiling regex v1.13.1
   Compiling prost-types v0.14.4
   Compiling multimap v0.10.1
   Compiling prost-build v0.14.4
   Compiling tonic-build v0.14.6
   Compiling tinystr v0.8.4
   Compiling lazy_static v1.5.0
   Compiling litemap v0.8.3
   Compiling writeable v0.6.4
   Compiling icu_locale_core v2.1.1
   Compiling tonic-prost-build v0.14.6
   Compiling slog v2.8.2
   Compiling rand_core v0.9.5
   Compiling ppv-lite86 v0.2.21
   Compiling tonic-prost v0.14.6
   Compiling zerotrie v0.2.5
   Compiling potential_utf v0.1.6
   Compiling icu_normalizer_data v2.1.1
   Compiling icu_properties_data v2.1.2
   Compiling icu_collections v2.1.1
   Compiling icu_provider v2.1.1
   Compiling rand_chacha v0.9.0
   Compiling opentelemetry v0.32.0
   Compiling erased-serde v0.3.31
   Compiling thread_local v1.1.10
   Compiling rand v0.9.5
   Compiling num-traits v0.2.19
   Compiling memoffset v0.9.1
   Compiling futures-executor v0.3.34
   Compiling cfg_aliases v0.2.2
   Compiling num-conv v0.2.2
   Compiling prometheus v0.14.0
   Compiling crossbeam-utils v0.8.23
   Compiling time-core v0.1.9
   Compiling time-macros v0.2.32
   Compiling nix v0.29.0
   Compiling opentelemetry_sdk v0.32.1
   Compiling tonic-types v0.14.6
   Compiling icu_properties v2.1.2
   Compiling icu_normalizer v2.1.1
   Compiling sharded-slab v0.1.7
   Compiling parking v2.2.1
   Compiling deranged v0.5.8
   Compiling utf8parse v0.2.2
   Compiling powerfmt v0.2.0
   Compiling anstyle-parse v1.0.0
   Compiling event-listener v5.4.2
   Compiling time v0.3.55
   Compiling tracing-subscriber v0.3.23
   Compiling idna_adapter v1.2.1
   Compiling opentelemetry-proto v0.32.0
   Compiling afs-protocol v0.1.0 (/var/tmp/afs-e2e-release-20261006-r1/source/common/protocol)
   Compiling slog-async v2.8.0
   Compiling anstyle-query v1.1.5
   Compiling iana-time-zone v0.1.65
   Compiling utf8_iter v1.0.4
   Compiling anstyle v1.0.14
   Compiling is_terminal_polyfill v1.70.2
   Compiling colorchoice v1.0.5
   Compiling anstream v1.0.0
   Compiling idna v1.1.0
   Compiling chrono v0.4.45
   Compiling crossbeam-channel v0.5.17
   Compiling afs-metrics v0.1.0 (/var/tmp/afs-e2e-release-20261006-r1/source/common/metrics)
   Compiling opentelemetry-otlp v0.32.0
   Compiling tracing-opentelemetry v0.33.0
   Compiling event-listener-strategy v0.5.4
   Compiling etcd-client v0.20.0
   Compiling afs-transport v0.1.0 (/var/tmp/afs-e2e-release-20261006-r1/source/common/transport)
   Compiling blake3 v1.8.7
   Compiling is-terminal v0.4.17
   Compiling arc-swap v0.4.8
   Compiling winnow v1.0.4
   Compiling strsim v0.11.1
   Compiling term v1.2.1
   Compiling fuser v0.16.0 (/var/tmp/afs-e2e-release-20261006-r1/source/third_party/fuser)
   Compiling take_mut v0.2.2
   Compiling clap_lex v1.1.1
   Compiling clap_builder v4.6.7
   Compiling slog-term v2.9.2
   Compiling toml_parser v1.1.3+spec-1.1.0
   Compiling slog-global v0.1.0 (https://github.com/tikv/slog-global.git?rev=d592f88e4dbba5eb439998463054f1a44fbf17b9#d592f88e)
   Compiling async-lock v3.4.2
   Compiling afs-tracing v0.1.0 (/var/tmp/afs-e2e-release-20261006-r1/source/common/tracing)
   Compiling url v2.5.8
   Compiling slog-json v2.6.1
   Compiling clap_derive v4.6.7
   Compiling combine v4.6.8
   Compiling toml_datetime v0.7.5+spec-1.1.0
   Compiling serde_spanned v1.1.1
   Compiling page_size v0.6.0
   Compiling toml_writer v1.1.2+spec-1.1.0
   Compiling xxhash-rust v0.8.19
   Compiling arrayvec v0.7.8
   Compiling winnow v0.7.15
   Compiling arcstr v1.2.0
   Compiling constant_time_eq v0.4.2
   Compiling afs-error v0.1.0 (/var/tmp/afs-e2e-release-20261006-r1/source/common/error)
   Compiling redis v1.2.2
   Compiling toml v0.9.12+spec-1.1.0
   Compiling clap v4.6.7
   Compiling afs-logging v0.1.0 (/var/tmp/afs-e2e-release-20261006-r1/source/common/logging)
   Compiling afs v0.1.0 (/var/tmp/afs-e2e-release-20261006-r1/source)
    Finished `release` profile [optimized] target(s) in 2m 00s
