{"msg":"Mounting /mnt/lima-afsbdata/afs-delivery/p2-memory-peer-v51/mount-ownerfs","level":"INFO","ts":"2026-09-30T23:56:28.10864483Z","instance":"memory-node-b","service_name":"afs-node"}
{"msg":"Mounting /mnt/lima-afsbdata/afs-delivery/p2-memory-peer-v51/mount-dfs","level":"INFO","ts":"2026-09-30T23:56:28.113130333Z","instance":"memory-node-b","service_name":"afs-node"}
{"msg":"node.ready","level":"INFO","ts":"2026-09-30T23:56:28.114562376Z","instance":"memory-node-b","service_name":"afs-node","dfs":true,"ownerfs":true,"uds":"/mnt/lima-afsbdata/afs-delivery/p2-memory-peer-v51/run/node.sock","rest":"0.0.0.0:18285","grpc":"0.0.0.0:18284"}
{"msg":"[Not Implemented] ioctl(ino: 0x4, fh: 1, flags: 0, cmd: 21505, in_data.len(): 0, out_size: 0)","level":"WARN","ts":"2026-09-30T23:56:32.575314789Z","instance":"memory-node-b","service_name":"afs-node"}
{"msg":"[Not Implemented] ioctl(ino: 0x4, fh: 2, flags: 0, cmd: 21505, in_data.len(): 0, out_size: 0)","level":"WARN","ts":"2026-09-30T23:56:32.58266967Z","instance":"memory-node-b","service_name":"afs-node"}
{"msg":"[Not Implemented] ioctl(ino: 0x4, fh: 4, flags: 0, cmd: 21505, in_data.len(): 0, out_size: 0)","level":"WARN","ts":"2026-09-30T23:56:33.199440251Z","instance":"memory-node-b","service_name":"afs-node"}
{"msg":"[Not Implemented] ioctl(ino: 0x3, fh: 1, flags: 0, cmd: 21505, in_data.len(): 0, out_size: 0)","level":"WARN","ts":"2026-09-30T23:56:33.745395317Z","instance":"memory-node-b","service_name":"afs-node"}
{"msg":"[Not Implemented] ioctl(ino: 0x3, fh: 2, flags: 0, cmd: 21505, in_data.len(): 0, out_size: 0)","level":"WARN","ts":"2026-09-30T23:56:33.762301497Z","instance":"memory-node-b","service_name":"afs-node"}
{"msg":"[Not Implemented] ioctl(ino: 0x3, fh: 4, flags: 0, cmd: 21505, in_data.len(): 0, out_size: 0)","level":"WARN","ts":"2026-09-30T23:56:34.414238483Z","instance":"memory-node-b","service_name":"afs-node"}
{"msg":"FUSE request failed","level":"ERRO","ts":"2026-09-30T23:56:34.926263897Z","instance":"memory-node-b","service_name":"afs-node","message":"OwnerFs currently supports only user.* xattrs","kind":"FailedPrecondition","code":67305489}
{"msg":"FUSE request failed","level":"ERRO","ts":"2026-09-30T23:56:34.92751369Z","instance":"memory-node-b","service_name":"afs-node","message":"OwnerFs currently supports only user.* xattrs","kind":"FailedPrecondition","code":67305489}
{"msg":"[Not Implemented] ioctl(ino: 0x5, fh: 6, flags: 0, cmd: 21505, in_data.len(): 0, out_size: 0)","level":"WARN","ts":"2026-09-30T23:56:34.934287029Z","instance":"memory-node-b","service_name":"afs-node"}
{"msg":"[Not Implemented] ioctl(ino: 0x5, fh: 7, flags: 0, cmd: 21505, in_data.len(): 0, out_size: 0)","level":"WARN","ts":"2026-09-30T23:56:34.941569826Z","instance":"memory-node-b","service_name":"afs-node"}
{"msg":"FUSE request failed","level":"ERRO","ts":"2026-09-30T23:56:35.741828559Z","instance":"memory-node-b","service_name":"afs-node","message":"No such file or directory (os error 2)","kind":"NotFound","code":67305473}
{"msg":"FUSE request failed","level":"ERRO","ts":"2026-09-30T23:56:35.743473644Z","instance":"memory-node-b","service_name":"afs-node","message":"No such file or directory (os error 2)","kind":"NotFound","code":67305473}
{"msg":"FUSE request failed","level":"ERRO","ts":"2026-09-30T23:56:35.744863561Z","instance":"memory-node-b","service_name":"afs-node","message":"No such file or directory (os error 2)","kind":"NotFound","code":67305473}
{"msg":"FUSE request failed","level":"ERRO","ts":"2026-09-30T23:56:35.7515374Z","instance":"memory-node-b","service_name":"afs-node","message":"No such file or directory (os error 2)","kind":"NotFound","code":67305473}
{"msg":"fuse.create","level":"INFO","ts":"2026-09-30T23:56:35.751549692Z","instance":"memory-node-b","service_name":"afs-node","name":"src","parent":6}
{"msg":"[Not Implemented] ioctl(ino: 0x7, fh: 8, flags: 0, cmd: 21505, in_data.len(): 0, out_size: 0)","level":"WARN","ts":"2026-09-30T23:56:35.753104693Z","instance":"memory-node-b","service_name":"afs-node"}
{"msg":"FUSE request failed","level":"ERRO","ts":"2026-09-30T23:56:35.757559322Z","instance":"memory-node-b","service_name":"afs-node","message":"No such file or directory (os error 2)","kind":"NotFound","code":67305473}
{"msg":"fuse.create","level":"INFO","ts":"2026-09-30T23:56:35.75758528Z","instance":"memory-node-b","service_name":"afs-node","name":"dst","parent":6}
{"msg":"[Not Implemented] ioctl(ino: 0x8, fh: 9, flags: 0, cmd: 21505, in_data.len(): 0, out_size: 0)","level":"WARN","ts":"2026-09-30T23:56:35.758932198Z","instance":"memory-node-b","service_name":"afs-node"}
{"msg":"FUSE request failed","level":"ERRO","ts":"2026-09-30T23:56:35.764345702Z","instance":"memory-node-b","service_name":"afs-node","message":"No such file or directory (os error 2)","kind":"NotFound","code":67305473}
{"msg":"FUSE request failed","level":"ERRO","ts":"2026-09-30T23:56:35.782394842Z","instance":"memory-node-b","service_name":"afs-node","message":"No such file or directory (os error 2)","kind":"NotFound","code":67305473}
{"msg":"[Not Implemented] ioctl(ino: 0x8, fh: 10, flags: 0, cmd: 21505, in_data.len(): 0, out_size: 0)","level":"WARN","ts":"2026-09-30T23:56:35.785125011Z","instance":"memory-node-b","service_name":"afs-node"}
{"msg":"[Not Implemented] ioctl(ino: 0x7, fh: 11, flags: 0, cmd: 21505, in_data.len(): 0, out_size: 0)","level":"WARN","ts":"2026-09-30T23:56:35.788909722Z","instance":"memory-node-b","service_name":"afs-node"}
{"msg":"FUSE request failed","level":"ERRO","ts":"2026-09-30T23:56:36.332717247Z","instance":"memory-node-b","service_name":"afs-node","message":"DFS currently supports only user.* xattrs","kind":"FailedPrecondition","code":67305489}
{"msg":"FUSE request failed","level":"ERRO","ts":"2026-09-30T23:56:36.353515847Z","instance":"memory-node-b","service_name":"afs-node","message":"DFS currently supports only user.* xattrs","kind":"FailedPrecondition","code":67305489}
{"msg":"[Not Implemented] ioctl(ino: 0x4, fh: 6, flags: 0, cmd: 21505, in_data.len(): 0, out_size: 0)","level":"WARN","ts":"2026-09-30T23:56:36.367483109Z","instance":"memory-node-b","service_name":"afs-node"}
{"msg":"[Not Implemented] ioctl(ino: 0x4, fh: 7, flags: 0, cmd: 21505, in_data.len(): 0, out_size: 0)","level":"WARN","ts":"2026-09-30T23:56:36.383184121Z","instance":"memory-node-b","service_name":"afs-node"}
{"msg":"FUSE request failed","level":"ERRO","ts":"2026-09-30T23:57:12.324646923Z","instance":"memory-node-b","service_name":"afs-node","message":"DFS currently supports only user.* xattrs","kind":"FailedPrecondition","code":67305489}
{"msg":"FUSE request failed","level":"ERRO","ts":"2026-09-30T23:57:12.331506304Z","instance":"memory-node-b","service_name":"afs-node","message":"DFS currently supports only user.* xattrs","kind":"FailedPrecondition","code":67305489}
{"msg":"[Not Implemented] ioctl(ino: 0x5, fh: 9, flags: 0, cmd: 21505, in_data.len(): 0, out_size: 0)","level":"WARN","ts":"2026-09-30T23:57:12.343908106Z","instance":"memory-node-b","service_name":"afs-node"}
{"msg":"[Not Implemented] ioctl(ino: 0x5, fh: 10, flags: 0, cmd: 21505, in_data.len(): 0, out_size: 0)","level":"WARN","ts":"2026-09-30T23:57:12.353495323Z","instance":"memory-node-b","service_name":"afs-node"}
{"msg":"[Not Implemented] ioctl(ino: 0x5, fh: 11, flags: 0, cmd: 21505, in_data.len(): 0, out_size: 0)","level":"WARN","ts":"2026-09-30T23:57:13.272252249Z","instance":"memory-node-b","service_name":"afs-node"}
{"msg":"[Not Implemented] ioctl(ino: 0x5, fh: 12, flags: 0, cmd: 21505, in_data.len(): 0, out_size: 0)","level":"WARN","ts":"2026-09-30T23:57:13.281644965Z","instance":"memory-node-b","service_name":"afs-node"}
{"msg":"[Not Implemented] ioctl(ino: 0x6, fh: 13, flags: 0, cmd: 21505, in_data.len(): 0, out_size: 0)","level":"WARN","ts":"2026-09-30T23:57:13.815335222Z","instance":"memory-node-b","service_name":"afs-node"}
{"msg":"FUSE request failed","level":"ERRO","ts":"2026-09-30T23:57:13.840357369Z","instance":"memory-node-b","service_name":"afs-node","message":"DFS currently supports only user.* xattrs","kind":"FailedPrecondition","code":67305489}
{"msg":"FUSE request failed","level":"ERRO","ts":"2026-09-30T23:57:13.865812267Z","instance":"memory-node-b","service_name":"afs-node","message":"DFS currently supports only user.* xattrs","kind":"FailedPrecondition","code":67305489}
{"msg":"[Not Implemented] ioctl(ino: 0x6, fh: 15, flags: 0, cmd: 21505, in_data.len(): 0, out_size: 0)","level":"WARN","ts":"2026-09-30T23:57:13.87372069Z","instance":"memory-node-b","service_name":"afs-node"}
{"msg":"[Not Implemented] ioctl(ino: 0x6, fh: 16, flags: 0, cmd: 21505, in_data.len(): 0, out_size: 0)","level":"WARN","ts":"2026-09-30T23:57:13.895897126Z","instance":"memory-node-b","service_name":"afs-node"}
{"msg":"[Not Implemented] ioctl(ino: 0x6, fh: 17, flags: 0, cmd: 21505, in_data.len(): 0, out_size: 0)","level":"WARN","ts":"2026-09-30T23:57:13.911187389Z","instance":"memory-node-b","service_name":"afs-node"}
{"msg":"[Not Implemented] ioctl(ino: 0x9, fh: 12, flags: 0, cmd: 21505, in_data.len(): 0, out_size: 0)","level":"WARN","ts":"2026-09-30T23:57:14.90531905Z","instance":"memory-node-b","service_name":"afs-node"}
{"msg":"[Not Implemented] ioctl(ino: 0x9, fh: 13, flags: 0, cmd: 21505, in_data.len(): 0, out_size: 0)","level":"WARN","ts":"2026-09-30T23:57:14.911324763Z","instance":"memory-node-b","service_name":"afs-node"}
{"msg":"[Not Implemented] ioctl(ino: 0x9, fh: 14, flags: 0, cmd: 21505, in_data.len(): 0, out_size: 0)","level":"WARN","ts":"2026-09-30T23:57:15.410811034Z","instance":"memory-node-b","service_name":"afs-node"}
{"msg":"[Not Implemented] ioctl(ino: 0x9, fh: 15, flags: 0, cmd: 21505, in_data.len(): 0, out_size: 0)","level":"WARN","ts":"2026-09-30T23:57:15.912879432Z","instance":"memory-node-b","service_name":"afs-node"}
{"msg":"[Not Implemented] ioctl(ino: 0x9, fh: 16, flags: 0, cmd: 21505, in_data.len(): 0, out_size: 0)","level":"WARN","ts":"2026-09-30T23:57:15.918777604Z","instance":"memory-node-b","service_name":"afs-node"}
{"msg":"FUSE request failed","level":"ERRO","ts":"2026-09-30T23:57:16.426465924Z","instance":"memory-node-b","service_name":"afs-node","message":"Resource temporarily unavailable (os error 11)","kind":"Unavailable","code":67305494}
{"msg":"[Not Implemented] ioctl(ino: 0x9, fh: 18, flags: 0, cmd: 21505, in_data.len(): 0, out_size: 0)","level":"WARN","ts":"2026-09-30T23:57:16.43029526Z","instance":"memory-node-b","service_name":"afs-node"}
{"msg":"[Not Implemented] ioctl(ino: 0x9, fh: 20, flags: 0, cmd: 21505, in_data.len(): 0, out_size: 0)","level":"WARN","ts":"2026-09-30T23:57:16.634313606Z","instance":"memory-node-b","service_name":"afs-node"}
{"msg":"[Not Implemented] ioctl(ino: 0x9, fh: 22, flags: 0, cmd: 21505, in_data.len(): 0, out_size: 0)","level":"WARN","ts":"2026-09-30T23:57:16.828525026Z","instance":"memory-node-b","service_name":"afs-node"}
{"msg":"FUSE request failed","level":"ERRO","ts":"2026-09-30T23:57:53.213853913Z","instance":"memory-node-b","service_name":"afs-node","message":"Interrupted system call (os error 4)","kind":"Cancelled","code":67305493}
{"msg":"[Not Implemented] ioctl(ino: 0x9, fh: 26, flags: 0, cmd: 21505, in_data.len(): 0, out_size: 0)","level":"WARN","ts":"2026-09-30T23:57:53.729193518Z","instance":"memory-node-b","service_name":"afs-node"}
{"msg":"FUSE request failed","level":"ERRO","ts":"2026-09-30T23:57:54.23359653Z","instance":"memory-node-b","service_name":"afs-node","message":"Resource temporarily unavailable (os error 11)","kind":"Unavailable","code":67305494}
{"msg":"[Not Implemented] ioctl(ino: 0x9, fh: 28, flags: 0, cmd: 21505, in_data.len(): 0, out_size: 0)","level":"WARN","ts":"2026-09-30T23:57:54.237229242Z","instance":"memory-node-b","service_name":"afs-node"}
{"msg":"[Not Implemented] ioctl(ino: 0x9, fh: 30, flags: 0, cmd: 21505, in_data.len(): 0, out_size: 0)","level":"WARN","ts":"2026-09-30T23:57:54.316434816Z","instance":"memory-node-b","service_name":"afs-node"}
{"msg":"[Not Implemented] ioctl(ino: 0x9, fh: 32, flags: 0, cmd: 21505, in_data.len(): 0, out_size: 0)","level":"WARN","ts":"2026-09-30T23:57:54.518070962Z","instance":"memory-node-b","service_name":"afs-node"}
{"msg":"[Not Implemented] ioctl(ino: 0x9, fh: 34, flags: 0, cmd: 21505, in_data.len(): 0, out_size: 0)","level":"WARN","ts":"2026-09-30T23:57:54.9068707Z","instance":"memory-node-b","service_name":"afs-node"}
{"msg":"FUSE request failed","level":"ERRO","ts":"2026-09-30T23:57:55.291408768Z","instance":"memory-node-b","service_name":"afs-node","message":"file identity no longer matches expected identity","kind":"FailedPrecondition","code":34275333}
{"msg":"[Not Implemented] ioctl(ino: 0xb, fh: 36, flags: 0, cmd: 21505, in_data.len(): 0, out_size: 0)","level":"WARN","ts":"2026-09-30T23:57:55.300987027Z","instance":"memory-node-b","service_name":"afs-node"}
{"msg":"FUSE request failed","level":"ERRO","ts":"2026-09-30T23:57:55.492410873Z","instance":"memory-node-b","service_name":"afs-node","message":"Resource temporarily unavailable (os error 11)","kind":"Unavailable","code":67305494}
{"msg":"[Not Implemented] ioctl(ino: 0xc, fh: 38, flags: 0, cmd: 21505, in_data.len(): 0, out_size: 0)","level":"WARN","ts":"2026-09-30T23:57:55.496124918Z","instance":"memory-node-b","service_name":"afs-node"}
{"msg":"[Not Implemented] ioctl(ino: 0xb, fh: 40, flags: 0, cmd: 21505, in_data.len(): 0, out_size: 0)","level":"WARN","ts":"2026-09-30T23:57:55.930465574Z","instance":"memory-node-b","service_name":"afs-node"}
{"msg":"[Not Implemented] ioctl(ino: 0xb, fh: 42, flags: 0, cmd: 21505, in_data.len(): 0, out_size: 0)","level":"WARN","ts":"2026-09-30T23:57:56.135753516Z","instance":"memory-node-b","service_name":"afs-node"}
{"msg":"[Not Implemented] ioctl(ino: 0x7, fh: 18, flags: 0, cmd: 21505, in_data.len(): 0, out_size: 0)","level":"WARN","ts":"2026-09-30T23:57:57.372869675Z","instance":"memory-node-b","service_name":"afs-node"}
{"msg":"[Not Implemented] ioctl(ino: 0x7, fh: 19, flags: 0, cmd: 21505, in_data.len(): 0, out_size: 0)","level":"WARN","ts":"2026-09-30T23:57:57.384695561Z","instance":"memory-node-b","service_name":"afs-node"}
{"msg":"[Not Implemented] ioctl(ino: 0x7, fh: 20, flags: 0, cmd: 21505, in_data.len(): 0, out_size: 0)","level":"WARN","ts":"2026-09-30T23:57:57.900087586Z","instance":"memory-node-b","service_name":"afs-node"}
{"msg":"[Not Implemented] ioctl(ino: 0x7, fh: 21, flags: 0, cmd: 21505, in_data.len(): 0, out_size: 0)","level":"WARN","ts":"2026-09-30T23:57:58.40973994Z","instance":"memory-node-b","service_name":"afs-node"}
{"msg":"[Not Implemented] ioctl(ino: 0x7, fh: 22, flags: 0, cmd: 21505, in_data.len(): 0, out_size: 0)","level":"WARN","ts":"2026-09-30T23:57:58.421344534Z","instance":"memory-node-b","service_name":"afs-node"}
{"msg":"FUSE request failed","level":"ERRO","ts":"2026-09-30T23:57:58.95308145Z","instance":"memory-node-b","service_name":"afs-node","message":"Resource temporarily unavailable (os error 11)","kind":"Unavailable","code":67305494}
{"msg":"[Not Implemented] ioctl(ino: 0x7, fh: 24, flags: 0, cmd: 21505, in_data.len(): 0, out_size: 0)","level":"WARN","ts":"2026-09-30T23:57:58.960678707Z","instance":"memory-node-b","service_name":"afs-node"}
{"msg":"[Not Implemented] ioctl(ino: 0x7, fh: 26, flags: 0, cmd: 21505, in_data.len(): 0, out_size: 0)","level":"WARN","ts":"2026-09-30T23:57:59.203188977Z","instance":"memory-node-b","service_name":"afs-node"}
{"msg":"[Not Implemented] ioctl(ino: 0x7, fh: 28, flags: 0, cmd: 21505, in_data.len(): 0, out_size: 0)","level":"WARN","ts":"2026-09-30T23:57:59.425153394Z","instance":"memory-node-b","service_name":"afs-node"}
{"msg":"FUSE request failed","level":"ERRO","ts":"2026-09-30T23:58:35.913552556Z","instance":"memory-node-b","service_name":"afs-node","message":"Interrupted system call (os error 4)","kind":"Cancelled","code":67305493}
{"msg":"Failed to send FUSE reply: No such file or directory (os error 2)","level":"ERRO","ts":"2026-09-30T23:58:35.914746724Z","instance":"memory-node-b","service_name":"afs-node"}
{"msg":"[Not Implemented] ioctl(ino: 0x7, fh: 32, flags: 0, cmd: 21505, in_data.len(): 0, out_size: 0)","level":"WARN","ts":"2026-09-30T23:58:36.492712089Z","instance":"memory-node-b","service_name":"afs-node"}
{"msg":"FUSE request failed","level":"ERRO","ts":"2026-09-30T23:58:37.047248513Z","instance":"memory-node-b","service_name":"afs-node","message":"Resource temporarily unavailable (os error 11)","kind":"Unavailable","code":67305494}
{"msg":"[Not Implemented] ioctl(ino: 0x7, fh: 34, flags: 0, cmd: 21505, in_data.len(): 0, out_size: 0)","level":"WARN","ts":"2026-09-30T23:58:37.055078771Z","instance":"memory-node-b","service_name":"afs-node"}
{"msg":"[Not Implemented] ioctl(ino: 0x7, fh: 36, flags: 0, cmd: 21505, in_data.len(): 0, out_size: 0)","level":"WARN","ts":"2026-09-30T23:58:37.174385473Z","instance":"memory-node-b","service_name":"afs-node"}
{"msg":"[Not Implemented] ioctl(ino: 0x7, fh: 38, flags: 0, cmd: 21505, in_data.len(): 0, out_size: 0)","level":"WARN","ts":"2026-09-30T23:58:37.428589434Z","instance":"memory-node-b","service_name":"afs-node"}
{"msg":"[Not Implemented] ioctl(ino: 0x7, fh: 40, flags: 0, cmd: 21505, in_data.len(): 0, out_size: 0)","level":"WARN","ts":"2026-09-30T23:58:37.886158805Z","instance":"memory-node-b","service_name":"afs-node"}
{"msg":"[Not Implemented] ioctl(ino: 0x9, fh: 42, flags: 0, cmd: 21505, in_data.len(): 0, out_size: 0)","level":"WARN","ts":"2026-09-30T23:58:38.384104049Z","instance":"memory-node-b","service_name":"afs-node"}
{"msg":"FUSE request failed","level":"ERRO","ts":"2026-09-30T23:58:38.596493802Z","instance":"memory-node-b","service_name":"afs-node","message":"Resource temporarily unavailable (os error 11)","kind":"Unavailable","code":67305494}
{"msg":"[Not Implemented] ioctl(ino: 0xa, fh: 44, flags: 0, cmd: 21505, in_data.len(): 0, out_size: 0)","level":"WARN","ts":"2026-09-30T23:58:38.603920643Z","instance":"memory-node-b","service_name":"afs-node"}
{"msg":"[Not Implemented] ioctl(ino: 0x9, fh: 46, flags: 0, cmd: 21505, in_data.len(): 0, out_size: 0)","level":"WARN","ts":"2026-09-30T23:58:39.084384496Z","instance":"memory-node-b","service_name":"afs-node"}
{"msg":"[Not Implemented] ioctl(ino: 0x9, fh: 48, flags: 0, cmd: 21505, in_data.len(): 0, out_size: 0)","level":"WARN","ts":"2026-09-30T23:58:39.308311052Z","instance":"memory-node-b","service_name":"afs-node"}
