   Compiling afs v0.1.0 (/home/lzc.guest/afs-build/work/root-merged-v60-cache-original)
warning: field `placement` is never read
   --> src/node/replication.rs:328:5
    |
324 | pub struct ReplicationEngine {
    |            ----------------- field in this struct
...
328 |     placement: Arc<dyn PlacementProvider>,
    |     ^^^^^^^^^
    |
    = note: `#[warn(dead_code)]` (part of `#[warn(unused)]`) on by default

warning: `afs` (lib test) generated 1 warning
    Finished `test` profile [unoptimized + debuginfo] target(s) in 20.25s
     Running unittests src/lib.rs (/home/lzc.guest/afs-build/target/debug/deps/afs-586e1b701367e588)

running 1 test

thread 'node::replication::tests::rn_write_batch_refreshes_placement_before_replica_receipts' (469381) panicked at src/node/replication.rs:1253:13:
assertion `left == right` failed
  left: 7
 right: 8
note: run with `RUST_BACKTRACE=1` environment variable to display a backtrace
test node::replication::tests::rn_write_batch_refreshes_placement_before_replica_receipts ... FAILED

failures:

failures:
    node::replication::tests::rn_write_batch_refreshes_placement_before_replica_receipts

test result: FAILED. 0 passed; 1 failed; 0 ignored; 0 measured; 376 filtered out; finished in 0.03s

error: test failed, to rerun pass `--lib`
