warning: Missing auto-load script at offset 0 in section .debug_gdb_scripts
of file /home/lzc.guest/afs-build/target/debug/deps/rdma_lifecycle-eea104b028b9190b.
Use `info auto-load python-scripts [REGEXP]' to list them.
Breakpoint 1 at 0x420530: file native/rdma.c, line 339.
[Thread debugging using libthread_db enabled]
Using host libthread_db library "/lib/aarch64-linux-gnu/libthread_db.so.1".

running 1 test
test posted_rdma_cancel_keeps_endpoint_until_worker_drains ... [Detaching after vfork from child process 1891]
[Detaching after vfork from child process 1892]
[Detaching after vfork from child process 1893]
[Detaching after vfork from child process 1894]
[Detaching after vfork from child process 1895]
AFS_RDMA_GID index=1 address=::ffff:192.168.109.1 family=ipv4
AFS_RDMA_GID index=1 address=::ffff:192.168.109.1 family=ipv4
AFS_RDMA_PROBE send_complete
AFS_RDMA_PROBE receive_complete
[Detaching after vfork from child process 1897]
[Detaching after vfork from child process 1898]
[Detaching after vfork from child process 1899]
[Detaching after vfork from child process 1900]
[Detaching after vfork from child process 1901]

Thread 5 "tokio-rt-worker" hit Breakpoint 1, afs_rdma_transfer (opaque=0xffffe0000cf0, operation=1, len=4096, timeout_ms=5000, err=0xfffff70fb3e0 "", errlen=256) at native/rdma.c:339
339	    uint64_t deadline=monotonic_ms()+timeout_ms;
