{"msg":"Mounting /mnt/lima-afsadata/afs-delivery/p2-memory-lane-v51/mount-ownerfs","level":"INFO","ts":"2026-09-30T23:56:27.797457811Z","instance":"memory-node-a","service_name":"afs-node"}
{"msg":"Mounting /mnt/lima-afsadata/afs-delivery/p2-memory-lane-v51/mount-dfs","level":"INFO","ts":"2026-09-30T23:56:27.806008141Z","instance":"memory-node-a","service_name":"afs-node"}
{"msg":"node.ready","level":"INFO","ts":"2026-09-30T23:56:27.806024432Z","instance":"memory-node-a","service_name":"afs-node","dfs":true,"ownerfs":true,"uds":"/mnt/lima-afsadata/afs-delivery/p2-memory-lane-v51/run/node.sock","rest":"0.0.0.0:18283","grpc":"0.0.0.0:18282"}
{"msg":"FUSE request failed","level":"ERRO","ts":"2026-09-30T23:56:29.358480486Z","instance":"memory-node-a","service_name":"afs-node","message":"OwnerFs root is not registered in Meta","kind":"NotFound","code":34078721}
{"msg":"FUSE request failed","level":"ERRO","ts":"2026-09-30T23:56:31.512900639Z","instance":"memory-node-a","service_name":"afs-node","message":"No such file or directory (os error 2)","kind":"NotFound","code":67305473}
{"msg":"FUSE request failed","level":"ERRO","ts":"2026-09-30T23:56:31.513020718Z","instance":"memory-node-a","service_name":"afs-node","message":"No such file or directory (os error 2)","kind":"NotFound","code":67305473}
{"msg":"FUSE request failed","level":"ERRO","ts":"2026-09-30T23:56:31.513163546Z","instance":"memory-node-a","service_name":"afs-node","message":"No such file or directory (os error 2)","kind":"NotFound","code":67305473}
{"msg":"FUSE request failed","level":"ERRO","ts":"2026-09-30T23:56:31.513280417Z","instance":"memory-node-a","service_name":"afs-node","message":"No such file or directory (os error 2)","kind":"NotFound","code":67305473}
{"msg":"FUSE request failed","level":"ERRO","ts":"2026-09-30T23:56:31.514100556Z","instance":"memory-node-a","service_name":"afs-node","message":"No such file or directory (os error 2)","kind":"NotFound","code":67305473}
{"msg":"fuse.create","level":"INFO","ts":"2026-09-30T23:56:31.514152638Z","instance":"memory-node-a","service_name":"afs-node","name":"owner-same-mount.txt","parent":3}
{"msg":"[Not Implemented] ioctl(ino: 0x4, fh: 1, flags: 0, cmd: 21505, in_data.len(): 0, out_size: 0)","level":"WARN","ts":"2026-09-30T23:56:31.514361047Z","instance":"memory-node-a","service_name":"afs-node"}
{"msg":"FUSE request failed","level":"ERRO","ts":"2026-09-30T23:56:31.515677793Z","instance":"memory-node-a","service_name":"afs-node","message":"OwnerFs currently supports only user.* xattrs","kind":"FailedPrecondition","code":67305489}
{"msg":"[Not Implemented] ioctl(ino: 0x4, fh: 4, flags: 0, cmd: 21505, in_data.len(): 0, out_size: 0)","level":"WARN","ts":"2026-09-30T23:56:31.516557055Z","instance":"memory-node-a","service_name":"afs-node"}
{"msg":"[Not Implemented] ioctl(ino: 0x4, fh: 5, flags: 0, cmd: 21505, in_data.len(): 0, out_size: 0)","level":"WARN","ts":"2026-09-30T23:56:31.517219907Z","instance":"memory-node-a","service_name":"afs-node"}
{"msg":"FUSE request failed","level":"ERRO","ts":"2026-09-30T23:56:31.816127387Z","instance":"memory-node-a","service_name":"afs-node","message":"DFS dentry not found","kind":"NotFound","code":34078721}
{"msg":"FUSE request failed","level":"ERRO","ts":"2026-09-30T23:56:31.816784656Z","instance":"memory-node-a","service_name":"afs-node","message":"DFS dentry not found","kind":"NotFound","code":34078721}
{"msg":"FUSE request failed","level":"ERRO","ts":"2026-09-30T23:56:31.817420718Z","instance":"memory-node-a","service_name":"afs-node","message":"DFS dentry not found","kind":"NotFound","code":34078721}
{"msg":"FUSE request failed","level":"ERRO","ts":"2026-09-30T23:56:31.818068362Z","instance":"memory-node-a","service_name":"afs-node","message":"DFS dentry not found","kind":"NotFound","code":34078721}
{"msg":"FUSE request failed","level":"ERRO","ts":"2026-09-30T23:56:31.825935425Z","instance":"memory-node-a","service_name":"afs-node","message":"DFS dentry not found","kind":"NotFound","code":34078721}
{"msg":"fuse.create","level":"INFO","ts":"2026-09-30T23:56:31.825961466Z","instance":"memory-node-a","service_name":"afs-node","name":"dfs-same-mount.txt","parent":2}
{"msg":"[Not Implemented] ioctl(ino: 0x3, fh: 1, flags: 0, cmd: 21505, in_data.len(): 0, out_size: 0)","level":"WARN","ts":"2026-09-30T23:56:31.830087074Z","instance":"memory-node-a","service_name":"afs-node"}
{"msg":"FUSE request failed","level":"ERRO","ts":"2026-09-30T23:56:31.830619598Z","instance":"memory-node-a","service_name":"afs-node","message":"DFS currently supports only user.* xattrs","kind":"FailedPrecondition","code":67305489}
{"msg":"FUSE request failed","level":"ERRO","ts":"2026-09-30T23:56:31.846967661Z","instance":"memory-node-a","service_name":"afs-node","message":"DFS currently supports only user.* xattrs","kind":"FailedPrecondition","code":67305489}
{"msg":"FUSE request failed","level":"ERRO","ts":"2026-09-30T23:56:31.847775842Z","instance":"memory-node-a","service_name":"afs-node","message":"DFS currently supports only user.* xattrs","kind":"FailedPrecondition","code":67305489}
{"msg":"[Not Implemented] ioctl(ino: 0x3, fh: 4, flags: 0, cmd: 21505, in_data.len(): 0, out_size: 0)","level":"WARN","ts":"2026-09-30T23:56:31.856592372Z","instance":"memory-node-a","service_name":"afs-node"}
{"msg":"[Not Implemented] ioctl(ino: 0x3, fh: 5, flags: 0, cmd: 21505, in_data.len(): 0, out_size: 0)","level":"WARN","ts":"2026-09-30T23:56:31.86265683Z","instance":"memory-node-a","service_name":"afs-node"}
{"msg":"FUSE request failed","level":"ERRO","ts":"2026-09-30T23:56:32.170036108Z","instance":"memory-node-a","service_name":"afs-node","message":"No such file or directory (os error 2)","kind":"NotFound","code":67305473}
{"msg":"FUSE request failed","level":"ERRO","ts":"2026-09-30T23:56:32.17022631Z","instance":"memory-node-a","service_name":"afs-node","message":"No such file or directory (os error 2)","kind":"NotFound","code":67305473}
{"msg":"FUSE request failed","level":"ERRO","ts":"2026-09-30T23:56:32.170609214Z","instance":"memory-node-a","service_name":"afs-node","message":"No such file or directory (os error 2)","kind":"NotFound","code":67305473}
{"msg":"fuse.create","level":"INFO","ts":"2026-09-30T23:56:32.170645504Z","instance":"memory-node-a","service_name":"afs-node","name":"owner-close-to-open.txt","parent":3}
{"msg":"[Not Implemented] ioctl(ino: 0x5, fh: 7, flags: 0, cmd: 21505, in_data.len(): 0, out_size: 0)","level":"WARN","ts":"2026-09-30T23:56:32.1739136Z","instance":"memory-node-a","service_name":"afs-node"}
{"msg":"[Not Implemented] ioctl(ino: 0x5, fh: 8, flags: 0, cmd: 21505, in_data.len(): 0, out_size: 0)","level":"WARN","ts":"2026-09-30T23:56:32.174668199Z","instance":"memory-node-a","service_name":"afs-node"}
{"msg":"FUSE request failed","level":"ERRO","ts":"2026-09-30T23:56:32.869570597Z","instance":"memory-node-a","service_name":"afs-node","message":"OwnerFs currently supports only user.* xattrs","kind":"FailedPrecondition","code":67305489}
{"msg":"[Not Implemented] ioctl(ino: 0x5, fh: 10, flags: 0, cmd: 21505, in_data.len(): 0, out_size: 0)","level":"WARN","ts":"2026-09-30T23:56:32.870566479Z","instance":"memory-node-a","service_name":"afs-node"}
{"msg":"[Not Implemented] ioctl(ino: 0x5, fh: 11, flags: 0, cmd: 21505, in_data.len(): 0, out_size: 0)","level":"WARN","ts":"2026-09-30T23:56:32.87136991Z","instance":"memory-node-a","service_name":"afs-node"}
{"msg":"FUSE request failed","level":"ERRO","ts":"2026-09-30T23:56:33.309691416Z","instance":"memory-node-a","service_name":"afs-node","message":"DFS dentry not found","kind":"NotFound","code":34078721}
{"msg":"FUSE request failed","level":"ERRO","ts":"2026-09-30T23:56:33.310760171Z","instance":"memory-node-a","service_name":"afs-node","message":"DFS dentry not found","kind":"NotFound","code":34078721}
{"msg":"FUSE request failed","level":"ERRO","ts":"2026-09-30T23:56:33.313401206Z","instance":"memory-node-a","service_name":"afs-node","message":"DFS dentry not found","kind":"NotFound","code":34078721}
{"msg":"fuse.create","level":"INFO","ts":"2026-09-30T23:56:33.313514202Z","instance":"memory-node-a","service_name":"afs-node","name":"dfs-close-to-open.txt","parent":2}
{"msg":"FUSE request failed","level":"ERRO","ts":"2026-09-30T23:56:33.317637811Z","instance":"memory-node-a","service_name":"afs-node","message":"DFS currently supports only user.* xattrs","kind":"FailedPrecondition","code":67305489}
{"msg":"[Not Implemented] ioctl(ino: 0x4, fh: 7, flags: 0, cmd: 21505, in_data.len(): 0, out_size: 0)","level":"WARN","ts":"2026-09-30T23:56:33.327182983Z","instance":"memory-node-a","service_name":"afs-node"}
{"msg":"[Not Implemented] ioctl(ino: 0x4, fh: 8, flags: 0, cmd: 21505, in_data.len(): 0, out_size: 0)","level":"WARN","ts":"2026-09-30T23:56:33.333584055Z","instance":"memory-node-a","service_name":"afs-node"}
{"msg":"FUSE request failed","level":"ERRO","ts":"2026-09-30T23:56:34.056718384Z","instance":"memory-node-a","service_name":"afs-node","message":"DFS currently supports only user.* xattrs","kind":"FailedPrecondition","code":67305489}
{"msg":"FUSE request failed","level":"ERRO","ts":"2026-09-30T23:56:34.060825327Z","instance":"memory-node-a","service_name":"afs-node","message":"DFS currently supports only user.* xattrs","kind":"FailedPrecondition","code":67305489}
{"msg":"[Not Implemented] ioctl(ino: 0x4, fh: 10, flags: 0, cmd: 21505, in_data.len(): 0, out_size: 0)","level":"WARN","ts":"2026-09-30T23:56:34.073494685Z","instance":"memory-node-a","service_name":"afs-node"}
{"msg":"[Not Implemented] ioctl(ino: 0x4, fh: 11, flags: 0, cmd: 21505, in_data.len(): 0, out_size: 0)","level":"WARN","ts":"2026-09-30T23:56:34.080881682Z","instance":"memory-node-a","service_name":"afs-node"}
{"msg":"FUSE request failed","level":"ERRO","ts":"2026-09-30T23:56:34.504766826Z","instance":"memory-node-a","service_name":"afs-node","message":"No such file or directory (os error 2)","kind":"NotFound","code":67305473}
{"msg":"FUSE request failed","level":"ERRO","ts":"2026-09-30T23:56:34.504899947Z","instance":"memory-node-a","service_name":"afs-node","message":"No such file or directory (os error 2)","kind":"NotFound","code":67305473}
{"msg":"FUSE request failed","level":"ERRO","ts":"2026-09-30T23:56:34.505140272Z","instance":"memory-node-a","service_name":"afs-node","message":"No such file or directory (os error 2)","kind":"NotFound","code":67305473}
{"msg":"fuse.create","level":"INFO","ts":"2026-09-30T23:56:34.505169729Z","instance":"memory-node-a","service_name":"afs-node","name":"owner-remote-owner.txt","parent":3}
{"msg":"[Not Implemented] ioctl(ino: 0x6, fh: 13, flags: 0, cmd: 21505, in_data.len(): 0, out_size: 0)","level":"WARN","ts":"2026-09-30T23:56:34.508374619Z","instance":"memory-node-a","service_name":"afs-node"}
{"msg":"[Not Implemented] ioctl(ino: 0x6, fh: 14, flags: 0, cmd: 21505, in_data.len(): 0, out_size: 0)","level":"WARN","ts":"2026-09-30T23:56:34.510170683Z","instance":"memory-node-a","service_name":"afs-node"}
{"msg":"[Not Implemented] ioctl(ino: 0x6, fh: 15, flags: 0, cmd: 21505, in_data.len(): 0, out_size: 0)","level":"WARN","ts":"2026-09-30T23:56:35.031669234Z","instance":"memory-node-a","service_name":"afs-node"}
{"msg":"[Not Implemented] ioctl(ino: 0x6, fh: 16, flags: 0, cmd: 21505, in_data.len(): 0, out_size: 0)","level":"WARN","ts":"2026-09-30T23:56:35.032456374Z","instance":"memory-node-a","service_name":"afs-node"}
{"msg":"FUSE request failed","level":"ERRO","ts":"2026-09-30T23:56:35.334790318Z","instance":"memory-node-a","service_name":"afs-node","message":"No such file or directory (os error 2)","kind":"NotFound","code":67305473}
{"msg":"FUSE request failed","level":"ERRO","ts":"2026-09-30T23:56:35.334980436Z","instance":"memory-node-a","service_name":"afs-node","message":"No such file or directory (os error 2)","kind":"NotFound","code":67305473}
{"msg":"FUSE request failed","level":"ERRO","ts":"2026-09-30T23:56:35.335143097Z","instance":"memory-node-a","service_name":"afs-node","message":"No such file or directory (os error 2)","kind":"NotFound","code":67305473}
{"msg":"FUSE request failed","level":"ERRO","ts":"2026-09-30T23:56:35.338397569Z","instance":"memory-node-a","service_name":"afs-node","message":"No such file or directory (os error 2)","kind":"NotFound","code":67305473}
{"msg":"fuse.create","level":"INFO","ts":"2026-09-30T23:56:35.338440568Z","instance":"memory-node-a","service_name":"afs-node","name":"src","parent":7}
{"msg":"[Not Implemented] ioctl(ino: 0x8, fh: 17, flags: 0, cmd: 21505, in_data.len(): 0, out_size: 0)","level":"WARN","ts":"2026-09-30T23:56:35.338644478Z","instance":"memory-node-a","service_name":"afs-node"}
{"msg":"FUSE request failed","level":"ERRO","ts":"2026-09-30T23:56:35.340435875Z","instance":"memory-node-a","service_name":"afs-node","message":"No such file or directory (os error 2)","kind":"NotFound","code":67305473}
{"msg":"fuse.create","level":"INFO","ts":"2026-09-30T23:56:35.340480456Z","instance":"memory-node-a","service_name":"afs-node","name":"dst","parent":7}
{"msg":"[Not Implemented] ioctl(ino: 0x9, fh: 18, flags: 0, cmd: 21505, in_data.len(): 0, out_size: 0)","level":"WARN","ts":"2026-09-30T23:56:35.3406717Z","instance":"memory-node-a","service_name":"afs-node"}
{"msg":"FUSE request failed","level":"ERRO","ts":"2026-09-30T23:56:35.34154317Z","instance":"memory-node-a","service_name":"afs-node","message":"No such file or directory (os error 2)","kind":"NotFound","code":67305473}
{"msg":"FUSE request failed","level":"ERRO","ts":"2026-09-30T23:56:35.343233445Z","instance":"memory-node-a","service_name":"afs-node","message":"No such file or directory (os error 2)","kind":"NotFound","code":67305473}
{"msg":"[Not Implemented] ioctl(ino: 0x9, fh: 19, flags: 0, cmd: 21505, in_data.len(): 0, out_size: 0)","level":"WARN","ts":"2026-09-30T23:56:35.343522477Z","instance":"memory-node-a","service_name":"afs-node"}
{"msg":"[Not Implemented] ioctl(ino: 0x8, fh: 20, flags: 0, cmd: 21505, in_data.len(): 0, out_size: 0)","level":"WARN","ts":"2026-09-30T23:56:35.34392013Z","instance":"memory-node-a","service_name":"afs-node"}
{"msg":"FUSE request failed","level":"ERRO","ts":"2026-09-30T23:56:35.882332119Z","instance":"memory-node-a","service_name":"afs-node","message":"DFS dentry not found","kind":"NotFound","code":34078721}
{"msg":"FUSE request failed","level":"ERRO","ts":"2026-09-30T23:56:35.883631199Z","instance":"memory-node-a","service_name":"afs-node","message":"DFS dentry not found","kind":"NotFound","code":34078721}
{"msg":"FUSE request failed","level":"ERRO","ts":"2026-09-30T23:56:35.886267359Z","instance":"memory-node-a","service_name":"afs-node","message":"DFS dentry not found","kind":"NotFound","code":34078721}
{"msg":"fuse.create","level":"INFO","ts":"2026-09-30T23:56:35.886278317Z","instance":"memory-node-a","service_name":"afs-node","name":"dfs-remote-owner.txt","parent":2}
{"msg":"FUSE request failed","level":"ERRO","ts":"2026-09-30T23:56:35.890792746Z","instance":"memory-node-a","service_name":"afs-node","message":"DFS currently supports only user.* xattrs","kind":"FailedPrecondition","code":67305489}
{"msg":"[Not Implemented] ioctl(ino: 0x5, fh: 13, flags: 0, cmd: 21505, in_data.len(): 0, out_size: 0)","level":"WARN","ts":"2026-09-30T23:56:35.902341517Z","instance":"memory-node-a","service_name":"afs-node"}
{"msg":"[Not Implemented] ioctl(ino: 0x5, fh: 14, flags: 0, cmd: 21505, in_data.len(): 0, out_size: 0)","level":"WARN","ts":"2026-09-30T23:56:35.909060829Z","instance":"memory-node-a","service_name":"afs-node"}
{"msg":"[Not Implemented] ioctl(ino: 0x5, fh: 15, flags: 0, cmd: 21505, in_data.len(): 0, out_size: 0)","level":"WARN","ts":"2026-09-30T23:56:36.484946259Z","instance":"memory-node-a","service_name":"afs-node"}
{"msg":"[Not Implemented] ioctl(ino: 0x5, fh: 16, flags: 0, cmd: 21505, in_data.len(): 0, out_size: 0)","level":"WARN","ts":"2026-09-30T23:56:36.491627239Z","instance":"memory-node-a","service_name":"afs-node"}
{"msg":"FUSE request failed","level":"ERRO","ts":"2026-09-30T23:56:36.803090464Z","instance":"memory-node-a","service_name":"afs-node","message":"DFS dentry not found","kind":"NotFound","code":34078721}
{"msg":"FUSE request failed","level":"ERRO","ts":"2026-09-30T23:56:36.804211134Z","instance":"memory-node-a","service_name":"afs-node","message":"DFS dentry not found","kind":"NotFound","code":34078721}
{"msg":"FUSE request failed","level":"ERRO","ts":"2026-09-30T23:56:36.806755339Z","instance":"memory-node-a","service_name":"afs-node","message":"DFS dentry not found","kind":"NotFound","code":34078721}
{"msg":"fuse.create","level":"INFO","ts":"2026-09-30T23:56:36.806795504Z","instance":"memory-node-a","service_name":"afs-node","name":"dfs-handover-after-idle.txt","parent":2}
{"msg":"FUSE request failed","level":"ERRO","ts":"2026-09-30T23:56:36.811990826Z","instance":"memory-node-a","service_name":"afs-node","message":"DFS currently supports only user.* xattrs","kind":"FailedPrecondition","code":67305489}
{"msg":"[Not Implemented] ioctl(ino: 0x6, fh: 18, flags: 0, cmd: 21505, in_data.len(): 0, out_size: 0)","level":"WARN","ts":"2026-09-30T23:56:36.823576764Z","instance":"memory-node-a","service_name":"afs-node"}
{"msg":"[Not Implemented] ioctl(ino: 0x6, fh: 19, flags: 0, cmd: 21505, in_data.len(): 0, out_size: 0)","level":"WARN","ts":"2026-09-30T23:56:36.831097715Z","instance":"memory-node-a","service_name":"afs-node"}
{"msg":"[Not Implemented] ioctl(ino: 0x6, fh: 20, flags: 0, cmd: 21505, in_data.len(): 0, out_size: 0)","level":"WARN","ts":"2026-09-30T23:57:12.449499834Z","instance":"memory-node-a","service_name":"afs-node"}
{"msg":"[Not Implemented] ioctl(ino: 0x6, fh: 21, flags: 0, cmd: 21505, in_data.len(): 0, out_size: 0)","level":"WARN","ts":"2026-09-30T23:57:12.462662982Z","instance":"memory-node-a","service_name":"afs-node"}
{"msg":"[Not Implemented] ioctl(ino: 0x6, fh: 22, flags: 0, cmd: 21505, in_data.len(): 0, out_size: 0)","level":"WARN","ts":"2026-09-30T23:57:12.779059022Z","instance":"memory-node-a","service_name":"afs-node"}
{"msg":"FUSE request failed","level":"ERRO","ts":"2026-09-30T23:57:12.799191731Z","instance":"memory-node-a","service_name":"afs-node","message":"DFS currently supports only user.* xattrs","kind":"FailedPrecondition","code":67305489}
{"msg":"FUSE request failed","level":"ERRO","ts":"2026-09-30T23:57:12.823633798Z","instance":"memory-node-a","service_name":"afs-node","message":"DFS currently supports only user.* xattrs","kind":"FailedPrecondition","code":67305489}
{"msg":"[Not Implemented] ioctl(ino: 0x6, fh: 24, flags: 0, cmd: 21505, in_data.len(): 0, out_size: 0)","level":"WARN","ts":"2026-09-30T23:57:12.829988671Z","instance":"memory-node-a","service_name":"afs-node"}
{"msg":"[Not Implemented] ioctl(ino: 0x6, fh: 25, flags: 0, cmd: 21505, in_data.len(): 0, out_size: 0)","level":"WARN","ts":"2026-09-30T23:57:12.848576182Z","instance":"memory-node-a","service_name":"afs-node"}
{"msg":"[Not Implemented] ioctl(ino: 0x6, fh: 26, flags: 0, cmd: 21505, in_data.len(): 0, out_size: 0)","level":"WARN","ts":"2026-09-30T23:57:12.857456722Z","instance":"memory-node-a","service_name":"afs-node"}
{"msg":"FUSE request failed","level":"ERRO","ts":"2026-09-30T23:57:13.37278728Z","instance":"memory-node-a","service_name":"afs-node","message":"DFS dentry not found","kind":"NotFound","code":34078721}
{"msg":"FUSE request failed","level":"ERRO","ts":"2026-09-30T23:57:13.373909159Z","instance":"memory-node-a","service_name":"afs-node","message":"DFS dentry not found","kind":"NotFound","code":34078721}
{"msg":"FUSE request failed","level":"ERRO","ts":"2026-09-30T23:57:13.37669965Z","instance":"memory-node-a","service_name":"afs-node","message":"DFS dentry not found","kind":"NotFound","code":34078721}
{"msg":"fuse.create","level":"INFO","ts":"2026-09-30T23:57:13.376744857Z","instance":"memory-node-a","service_name":"afs-node","name":"dfs-provider-existing-handle.txt","parent":2}
{"msg":"FUSE request failed","level":"ERRO","ts":"2026-09-30T23:57:13.383721918Z","instance":"memory-node-a","service_name":"afs-node","message":"DFS currently supports only user.* xattrs","kind":"FailedPrecondition","code":67305489}
{"msg":"[Not Implemented] ioctl(ino: 0x7, fh: 28, flags: 0, cmd: 21505, in_data.len(): 0, out_size: 0)","level":"WARN","ts":"2026-09-30T23:57:13.395557944Z","instance":"memory-node-a","service_name":"afs-node"}
{"msg":"[Not Implemented] ioctl(ino: 0x7, fh: 29, flags: 0, cmd: 21505, in_data.len(): 0, out_size: 0)","level":"WARN","ts":"2026-09-30T23:57:13.402583212Z","instance":"memory-node-a","service_name":"afs-node"}
{"msg":"[Not Implemented] ioctl(ino: 0x7, fh: 30, flags: 0, cmd: 21505, in_data.len(): 0, out_size: 0)","level":"WARN","ts":"2026-09-30T23:57:14.010125437Z","instance":"memory-node-a","service_name":"afs-node"}
{"msg":"[Not Implemented] ioctl(ino: 0x7, fh: 31, flags: 0, cmd: 21505, in_data.len(): 0, out_size: 0)","level":"WARN","ts":"2026-09-30T23:57:14.017176788Z","instance":"memory-node-a","service_name":"afs-node"}
{"msg":"FUSE request failed","level":"ERRO","ts":"2026-09-30T23:57:14.483014624Z","instance":"memory-node-a","service_name":"afs-node","message":"No such file or directory (os error 2)","kind":"NotFound","code":67305473}
{"msg":"FUSE request failed","level":"ERRO","ts":"2026-09-30T23:57:14.483250866Z","instance":"memory-node-a","service_name":"afs-node","message":"No such file or directory (os error 2)","kind":"NotFound","code":67305473}
{"msg":"FUSE request failed","level":"ERRO","ts":"2026-09-30T23:57:14.483616313Z","instance":"memory-node-a","service_name":"afs-node","message":"No such file or directory (os error 2)","kind":"NotFound","code":67305473}
{"msg":"fuse.create","level":"INFO","ts":"2026-09-30T23:57:14.483670769Z","instance":"memory-node-a","service_name":"afs-node","name":"lock-v51-ownerfs.txt","parent":2}
{"msg":"[Not Implemented] ioctl(ino: 0xa, fh: 22, flags: 0, cmd: 21505, in_data.len(): 0, out_size: 0)","level":"WARN","ts":"2026-09-30T23:57:14.488030167Z","instance":"memory-node-a","service_name":"afs-node"}
{"msg":"[Not Implemented] ioctl(ino: 0xa, fh: 23, flags: 0, cmd: 21505, in_data.len(): 0, out_size: 0)","level":"WARN","ts":"2026-09-30T23:57:15.003420451Z","instance":"memory-node-a","service_name":"afs-node"}
{"msg":"[Not Implemented] ioctl(ino: 0xa, fh: 24, flags: 0, cmd: 21505, in_data.len(): 0, out_size: 0)","level":"WARN","ts":"2026-09-30T23:57:15.50741946Z","instance":"memory-node-a","service_name":"afs-node"}
{"msg":"[Not Implemented] ioctl(ino: 0xa, fh: 25, flags: 0, cmd: 21505, in_data.len(): 0, out_size: 0)","level":"WARN","ts":"2026-09-30T23:57:15.5079694Z","instance":"memory-node-a","service_name":"afs-node"}
{"msg":"[Not Implemented] ioctl(ino: 0xa, fh: 32, flags: 0, cmd: 21505, in_data.len(): 0, out_size: 0)","level":"WARN","ts":"2026-09-30T23:57:54.049784254Z","instance":"memory-node-a","service_name":"afs-node"}
{"msg":"FUSE request failed","level":"ERRO","ts":"2026-09-30T23:57:54.885394821Z","instance":"memory-node-a","service_name":"afs-node","message":"No such file or directory (os error 2)","kind":"NotFound","code":67305473}
{"msg":"FUSE request failed","level":"ERRO","ts":"2026-09-30T23:57:54.885528733Z","instance":"memory-node-a","service_name":"afs-node","message":"No such file or directory (os error 2)","kind":"NotFound","code":67305473}
{"msg":"FUSE request failed","level":"ERRO","ts":"2026-09-30T23:57:54.885823307Z","instance":"memory-node-a","service_name":"afs-node","message":"No such file or directory (os error 2)","kind":"NotFound","code":67305473}
{"msg":"FUSE request failed","level":"ERRO","ts":"2026-09-30T23:57:54.885983552Z","instance":"memory-node-a","service_name":"afs-node","message":"No such file or directory (os error 2)","kind":"NotFound","code":67305473}
{"msg":"FUSE request failed","level":"ERRO","ts":"2026-09-30T23:57:54.886268584Z","instance":"memory-node-a","service_name":"afs-node","message":"No such file or directory (os error 2)","kind":"NotFound","code":67305473}
{"msg":"fuse.create","level":"INFO","ts":"2026-09-30T23:57:54.886307625Z","instance":"memory-node-a","service_name":"afs-node","name":"lock-v51-ownerfs.txt","parent":2}
{"msg":"[Not Implemented] ioctl(ino: 0xb, fh: 35, flags: 0, cmd: 21505, in_data.len(): 0, out_size: 0)","level":"WARN","ts":"2026-09-30T23:57:54.886508077Z","instance":"memory-node-a","service_name":"afs-node"}
{"msg":"[Not Implemented] ioctl(ino: 0xb, fh: 36, flags: 0, cmd: 21505, in_data.len(): 0, out_size: 0)","level":"WARN","ts":"2026-09-30T23:57:55.115531539Z","instance":"memory-node-a","service_name":"afs-node"}
{"msg":"FUSE request failed","level":"ERRO","ts":"2026-09-30T23:57:56.223927751Z","instance":"memory-node-a","service_name":"afs-node","message":"No such file or directory (os error 2)","kind":"NotFound","code":67305473}
{"msg":"FUSE request failed","level":"ERRO","ts":"2026-09-30T23:57:56.228011954Z","instance":"memory-node-a","service_name":"afs-node","message":"No such file or directory (os error 2)","kind":"NotFound","code":67305473}
{"msg":"FUSE request failed","level":"ERRO","ts":"2026-09-30T23:57:56.228138159Z","instance":"memory-node-a","service_name":"afs-node","message":"No such file or directory (os error 2)","kind":"NotFound","code":67305473}
{"msg":"FUSE request failed","level":"ERRO","ts":"2026-09-30T23:57:56.535976251Z","instance":"memory-node-a","service_name":"afs-node","message":"No such file or directory (os error 2)","kind":"NotFound","code":67305473}
{"msg":"FUSE request failed","level":"ERRO","ts":"2026-09-30T23:57:56.536115539Z","instance":"memory-node-a","service_name":"afs-node","message":"No such file or directory (os error 2)","kind":"NotFound","code":67305473}
{"msg":"FUSE request failed","level":"ERRO","ts":"2026-09-30T23:57:56.536232118Z","instance":"memory-node-a","service_name":"afs-node","message":"No such file or directory (os error 2)","kind":"NotFound","code":67305473}
{"msg":"FUSE request failed","level":"ERRO","ts":"2026-09-30T23:57:56.536338698Z","instance":"memory-node-a","service_name":"afs-node","message":"No such file or directory (os error 2)","kind":"NotFound","code":67305473}
{"msg":"FUSE request failed","level":"ERRO","ts":"2026-09-30T23:57:56.540189201Z","instance":"memory-node-a","service_name":"afs-node","message":"No such file or directory (os error 2)","kind":"NotFound","code":67305473}
{"msg":"FUSE request failed","level":"ERRO","ts":"2026-09-30T23:57:56.540314197Z","instance":"memory-node-a","service_name":"afs-node","message":"No such file or directory (os error 2)","kind":"NotFound","code":67305473}
{"msg":"FUSE request failed","level":"ERRO","ts":"2026-09-30T23:57:56.936110453Z","instance":"memory-node-a","service_name":"afs-node","message":"DFS dentry not found","kind":"NotFound","code":34078721}
{"msg":"FUSE request failed","level":"ERRO","ts":"2026-09-30T23:57:56.936954801Z","instance":"memory-node-a","service_name":"afs-node","message":"DFS dentry not found","kind":"NotFound","code":34078721}
{"msg":"FUSE request failed","level":"ERRO","ts":"2026-09-30T23:57:56.938313508Z","instance":"memory-node-a","service_name":"afs-node","message":"DFS dentry not found","kind":"NotFound","code":34078721}
{"msg":"fuse.create","level":"INFO","ts":"2026-09-30T23:57:56.93833284Z","instance":"memory-node-a","service_name":"afs-node","name":"lock-v51-dfs.txt","parent":1}
{"msg":"FUSE request failed","level":"ERRO","ts":"2026-09-30T23:57:56.946726074Z","instance":"memory-node-a","service_name":"afs-node","message":"DFS currently supports only user.* xattrs","kind":"FailedPrecondition","code":67305489}
{"msg":"[Not Implemented] ioctl(ino: 0x8, fh: 33, flags: 0, cmd: 21505, in_data.len(): 0, out_size: 0)","level":"WARN","ts":"2026-09-30T23:57:56.960437055Z","instance":"memory-node-a","service_name":"afs-node"}
{"msg":"[Not Implemented] ioctl(ino: 0x8, fh: 34, flags: 0, cmd: 21505, in_data.len(): 0, out_size: 0)","level":"WARN","ts":"2026-09-30T23:57:57.479784856Z","instance":"memory-node-a","service_name":"afs-node"}
{"msg":"[Not Implemented] ioctl(ino: 0x8, fh: 35, flags: 0, cmd: 21505, in_data.len(): 0, out_size: 0)","level":"WARN","ts":"2026-09-30T23:57:57.995780682Z","instance":"memory-node-a","service_name":"afs-node"}
{"msg":"[Not Implemented] ioctl(ino: 0x8, fh: 36, flags: 0, cmd: 21505, in_data.len(): 0, out_size: 0)","level":"WARN","ts":"2026-09-30T23:57:57.999685808Z","instance":"memory-node-a","service_name":"afs-node"}
{"msg":"[Not Implemented] ioctl(ino: 0x8, fh: 43, flags: 0, cmd: 21505, in_data.len(): 0, out_size: 0)","level":"WARN","ts":"2026-09-30T23:58:36.844365344Z","instance":"memory-node-a","service_name":"afs-node"}
{"msg":"FUSE request failed","level":"ERRO","ts":"2026-09-30T23:58:37.888349313Z","instance":"memory-node-a","service_name":"afs-node","message":"DFS dentry not found","kind":"NotFound","code":34078721}
{"msg":"FUSE request failed","level":"ERRO","ts":"2026-09-30T23:58:37.888941003Z","instance":"memory-node-a","service_name":"afs-node","message":"DFS dentry not found","kind":"NotFound","code":34078721}
{"msg":"FUSE request failed","level":"ERRO","ts":"2026-09-30T23:58:37.906580503Z","instance":"memory-node-a","service_name":"afs-node","message":"DFS dentry not found","kind":"NotFound","code":34078721}
{"msg":"FUSE request failed","level":"ERRO","ts":"2026-09-30T23:58:37.907641804Z","instance":"memory-node-a","service_name":"afs-node","message":"DFS dentry not found","kind":"NotFound","code":34078721}
{"msg":"FUSE request failed","level":"ERRO","ts":"2026-09-30T23:58:37.91623529Z","instance":"memory-node-a","service_name":"afs-node","message":"DFS dentry not found","kind":"NotFound","code":34078721}
{"msg":"fuse.create","level":"INFO","ts":"2026-09-30T23:58:37.916286039Z","instance":"memory-node-a","service_name":"afs-node","name":"lock-v51-dfs.txt","parent":1}
{"msg":"[Not Implemented] ioctl(ino: 0x9, fh: 46, flags: 0, cmd: 21505, in_data.len(): 0, out_size: 0)","level":"WARN","ts":"2026-09-30T23:58:37.924899566Z","instance":"memory-node-a","service_name":"afs-node"}
{"msg":"FUSE request failed","level":"ERRO","ts":"2026-09-30T23:58:37.925269638Z","instance":"memory-node-a","service_name":"afs-node","message":"DFS currently supports only user.* xattrs","kind":"FailedPrecondition","code":67305489}
{"msg":"[Not Implemented] ioctl(ino: 0x9, fh: 47, flags: 0, cmd: 21505, in_data.len(): 0, out_size: 0)","level":"WARN","ts":"2026-09-30T23:58:38.167615833Z","instance":"memory-node-a","service_name":"afs-node"}
{"msg":"FUSE request failed","level":"ERRO","ts":"2026-09-30T23:58:39.413118207Z","instance":"memory-node-a","service_name":"afs-node","message":"DFS dentry not found","kind":"NotFound","code":34078721}
{"msg":"FUSE request failed","level":"ERRO","ts":"2026-09-30T23:58:39.417664527Z","instance":"memory-node-a","service_name":"afs-node","message":"DFS dentry not found","kind":"NotFound","code":34078721}
{"msg":"FUSE request failed","level":"ERRO","ts":"2026-09-30T23:58:39.418235176Z","instance":"memory-node-a","service_name":"afs-node","message":"DFS dentry not found","kind":"NotFound","code":34078721}
{"msg":"FUSE request failed","level":"ERRO","ts":"2026-09-30T23:58:39.722974926Z","instance":"memory-node-a","service_name":"afs-node","message":"DFS dentry not found","kind":"NotFound","code":34078721}
{"msg":"FUSE request failed","level":"ERRO","ts":"2026-09-30T23:58:39.723636822Z","instance":"memory-node-a","service_name":"afs-node","message":"DFS dentry not found","kind":"NotFound","code":34078721}
{"msg":"FUSE request failed","level":"ERRO","ts":"2026-09-30T23:58:39.724190639Z","instance":"memory-node-a","service_name":"afs-node","message":"DFS dentry not found","kind":"NotFound","code":34078721}
{"msg":"FUSE request failed","level":"ERRO","ts":"2026-09-30T23:58:39.724725872Z","instance":"memory-node-a","service_name":"afs-node","message":"DFS dentry not found","kind":"NotFound","code":34078721}
{"msg":"FUSE request failed","level":"ERRO","ts":"2026-09-30T23:58:39.729151653Z","instance":"memory-node-a","service_name":"afs-node","message":"DFS dentry not found","kind":"NotFound","code":34078721}
{"msg":"FUSE request failed","level":"ERRO","ts":"2026-09-30T23:58:39.729690845Z","instance":"memory-node-a","service_name":"afs-node","message":"DFS dentry not found","kind":"NotFound","code":34078721}
