bash: line 1: cd: /Users/lzc/workspace/code/agentruntime/rust-distributed-memory-store: No such file or directory
bash: line 1: cd: /Users/lzc: No such file or directory
    Checking afs v0.1.0 (/home/lzc.guest/afs-build/work/root-merged-v30)
    Finished `dev` profile [unoptimized + debuginfo] target(s) in 3.95s
   Compiling afs v0.1.0 (/home/lzc.guest/afs-build/work/root-merged-v30)
    Finished `test` profile [unoptimized + debuginfo] target(s) in 16.55s
     Running unittests src/lib.rs (/home/lzc.guest/afs-build/target/debug/deps/afs-586e1b701367e588)

running 280 tests
test meta::rpc::tests::validate_root_access_binds_meta_tls_to_validator_not_presented_holder ... ok
test meta::rpc::tests::validate_root_access_rejects_wrong_meta_tls_validator ... ok
test meta::rpc::tests::validate_root_access_rejects_wrong_observed_peer ... ok
test config::certificate_tests::trusted_certificates_normalize_pem_and_preserve_der ... ok
test meta::store::etcd::tests::etcd_ack_reconnect_and_stale_cas_on_dedicated_instance ... ok
test config::certificate_tests::malformed_or_empty_trusted_certificate_fails_closed ... ok
test meta::store::local_file::tests::empty_snapshot_is_corruption_not_fresh_authority ... ok
test meta::store::local_file::tests::process_lock_rejects_second_open ... ok
test meta::store::local_file::tests::checksum_corruption_is_rejected ... ok
test meta::store::redis::tests::parses_required_config_get_shape ... ok
test meta::store::redis::tests::redis_ack_reconnect_and_stale_cas_on_dedicated_instance ... ignored, requires a fresh dedicated durable Redis; see development/validation.md
test meta::store::tests::concurrent_commands_keep_distinct_ordered_logical_revisions ... ok
test meta::store::tests::current_session_match_rejects_expired_session ... ok
test meta::store::tests::entity_names_are_stable_for_diagnostics ... ok
test meta::store::local_file::tests::replays_committed_frames_after_reopen ... ok
test meta::store::local_file::tests::torn_wal_tail_is_truncated_and_ignored ... ok
test meta::store::tests::meta_store_is_replaceable_behind_a_trait_object ... ok
test meta::store::tests::node_session_liveness_uses_strict_expiry_boundary ... ok
test meta::store::tests::failed_commit_poison_store_instead_of_exposing_stale_authority ... ok
test meta::store::tests::expired_session_id_cannot_be_registered_again ... ok
test meta::store::tests::pinned_read_view_keeps_one_revision_across_later_commits ... ok
test meta::store::tests::pending_write_is_invisible_until_backend_ack ... ok
test meta::store::tests::root_grant_read_rejects_expired_holder_session ... ok
test meta::store::tests::root_grant_read_rejects_expired_home_session ... ok
test meta::store::tests::store_replays_business_state_from_dedicated_etcd ... ok
test meta::store::tests::transaction_rejects_reused_request_id_for_other_operation ... ok
test meta::store::tests::snapshot_bytes_are_independent_of_hash_map_insertion_order ... ok
test meta::store::tests::transaction_requires_same_commit_idempotent_outcome ... ok
test meta::store::tests::unavailable_store_is_explicit_not_an_in_memory_fallback ... ok
test meta::store::tests::watch_allows_multiple_ordered_keys_in_one_revision ... ok
test meta::store::tests::watch_batch_rejects_duplicate_positions_within_a_revision ... ok
test meta::tests::lookup_node_treats_expired_current_session_as_absent ... ok
test meta::store::tests::replay_and_session_fencing_survive_store_reopen ... ok
test node::dfs_read::tests::failed_batch_retries_each_original_copy_before_advancing_candidates ... ok
test node::chunk::replica_replay_tests::immutable_chunk_retry_preserves_content_after_catalog_advances_and_restart ... ok
test node::dfs_read::tests::read_configuration_is_explicitly_bounded_by_the_wire_contract ... ok
test node::dfs_read::tests::local_read_uses_verified_reader_without_source_lookup ... ok
test node::dfs_read::tests::peer_batch_keeps_each_copy_and_grant_while_coalescing_one_peer ... ok
test node::dfs_read::tests::remote_read_uses_scratch_and_falls_back_between_sources ... ok
test node::fuse::dispatch_tests::blocking_lock_pool_rejects_when_queue_is_full_without_running_inline ... ok

thread 'afs-fuse-0' (326830) panicked at src/node/fuse.rs:2109:44:
called `Result::unwrap()` on an `Err` value: SendError { .. }
note: run with `RUST_BACKTRACE=1` environment variable to display a backtrace

thread 'afs-fuse-0' (326830) panicked at src/node/fuse.rs:2109:44:
called `Result::unwrap()` on an `Err` value: SendError { .. }

thread 'afs-fuse-0' (326830) panicked at src/node/fuse.rs:2109:44:
called `Result::unwrap()` on an `Err` value: SendError { .. }

thread 'afs-fuse-0' (326830) panicked at src/node/fuse.rs:2109:44:
called `Result::unwrap()` on an `Err` value: SendError { .. }

thread 'afs-fuse-0' (326830) panicked at src/node/fuse.rs:2109:44:
called `Result::unwrap()` on an `Err` value: SendError { .. }

thread 'afs-fuse-0' (326830) panicked at src/node/fuse.rs:2109:44:
called `Result::unwrap()` on an `Err` value: SendError { .. }

thread 'afs-fuse-0' (326830) panicked at src/node/fuse.rs:2109:44:
called `Result::unwrap()` on an `Err` value: SendError { .. }
test node::fuse::dispatch_tests::lock_request_conversion_preserves_flock_namespace_and_unlock ... ok
test node::fuse::dispatch_tests::independent_fuse_jobs_overlap_before_either_finishes ... ok
test node::dfs_read::tests::same_chunk_in_another_version_refreshes_grant_without_rewriting_identity ... ok
test node::fuse::dispatch_tests::process_start_ignores_spaces_and_parentheses_in_command_name ... ok
test node::fuse::dispatch_tests::pending_lock_registry_remembers_interrupt_before_worker_registration ... ok
test node::fuse::dispatch_tests::metadata_groups_require_matching_kernel_identity ... ok
test node::fuse::dispatch_tests::sparse_file_attributes_keep_allocated_blocks_separate_from_eof ... ok
test node::fuse::dispatch_tests::queued_same_handle_attribute_callbacks_do_not_block_unrelated_handles ... ok
test node::fuse::dispatch_tests::xattr_create_replace_and_invalid_flags_keep_linux_contract ... ok
test node::fuse::dispatch_tests::xattr_size_query_short_buffer_and_empty_value_are_distinct ... ok
test node::fuse::state::tests::forget_drops_backend_inode_after_lookup_refs_are_released ... ok
test node::fuse::dispatch_tests::same_handle_callbacks_keep_order_while_other_handles_progress ... ok
test node::fuse::state::tests::forget_never_drops_backend_root ... ok
test node::fuse::state::tests::handles_survive_inode_lookup_forget ... ok
test node::replication::tests::duplicate_node_placement_is_rejected_before_any_chunk_side_effect ... ok
test node::replication::tests::async_desired_three_sync_one_does_not_wait_for_tail ... ok
test node::replication::tests::failure_domain_constraint_extends_synchronous_prefix ... ok
test node::replication::tests::missing_or_duplicate_tail_ack_is_not_a_successful_receipt ... ok
test node::replication::tests::next_hop_preserves_initiator_and_stops_at_sync_prefix ... ok
test node::replication::tests::non_head_local_rn_fails_before_prepare_or_local_persist ... ok
test node::replication::tests::preferred_remote_head_does_not_create_unassigned_local_copy ... ok
test node::replication::tests::configurable_two_and_four_copy_chains_return_distinct_durable_acks ... ok
test node::replication::tests::receiver_execution_requires_meta_target_and_authenticated_predecessor ... ok
test node::rpc::control::tests::legacy_handshake_is_rejected_before_allocating_rdma_resources ... ok
test node::rpc::control::tests::ping_returns_pong_for_literal_ping ... ok
test node::rpc::control::tests::unknown_and_closed_sessions_are_rejected ... ok
test node::rpc::data::owner_tests::mtls_authenticator_binds_peer_identity_to_exact_leaf_der ... ok
test node::rpc::data::owner_tests::mtls_authenticator_fails_closed_without_verified_cert ... ok
test node::rpc::data::owner_tests::mtls_authenticator_rejects_ambiguous_cert_config ... ok
test node::rpc::data::tests::auto_without_rdma_device_falls_back_to_grpc ... ok
test node::rpc::data::tests::dfs_product_rdma_replica_and_read_real_verbs ... ignored, requires explicit Linux RXE device; product payload, not diagnostic NodeData
test node::rpc::data::tests::dfs_range_request_rejects_expired_grants_and_unbounded_batches ... ok
test node::replication::tests::durable_middle_with_missing_tail_retries_content_and_returns_complete_receipt ... ok
test node::rpc::data::tests::dfs_rdma_packed_ranges_reject_gaps_capacity_and_wrong_caller ... ok
test node::replication::tests::put_batch_groups_by_stable_chunk_plan_and_preserves_receipt_order ... ok
test node::rpc::data::tests::dfs_range_service_requires_authority_and_streams_bounded_frames ... ok
test node::rpc::data::tests::dfs_read_authority_batch_cache_and_adversarial_identity ... ok
test node::rpc::data::tests::dfs_read_authority_session_rotation_is_bounded_by_original_cache_lease ... ok
test meta::store::local_file::tests::compaction_bounds_wal_growth ... ok
test node::rpc::data::tests::forced_rdma_without_device_does_not_fallback_to_grpc ... ok
test node::rpc::data::tests::grpc_inline_write_then_read_uses_storage ... ok
test node::rpc::data::tests::owner_files_attr_dir_and_fsync_rpcs_are_registered_but_not_faked ... ok
test node::rpc::data::tests::owner_files_namespace_rpcs_forward_caller_and_expected_identity ... ok
test node::rpc::data::tests::owner_files_service_is_registered_but_not_faked ... ok
test node::rpc::data::tests::public_grpc_client_and_servers_move_eight_bytes ... ok
test node::rpc::data::tests::rdma_read_validates_session_before_touching_storage ... ok
test node::rpc::peer::dfs_rdma_tests::read_completion_binds_attempt_copy_range_and_payload_checksum ... ok
test node::rpc::peer::dfs_rdma_tests::read_windows_split_at_registered_capacity_and_preserve_destinations ... ok
test node::rpc::peer::tests::cancellation_guard_poisons_unfinished_session_and_disarm_preserves_it ... ok
test node::rpc::peer::tests::grpc_client_rejects_read_reply_shape_mismatch ... ok
test node::rpc::peer::tests::grpc_client_rejects_write_count_mismatch ... ok
test node::rpc::data::tests::dfs_read_grants_meta_and_peer_grpc_stream_real_authority ... ok
test node::rpc::peer::tests::owner_release_retries_transient_failures_without_losing_handle ... ok
test node::rpc::peer::tests::peer_pool_never_regresses_epoch_even_after_channel_eviction ... ok
test node::rpc::peer::tests::poisoning_preserves_failure_category ... ok
test node::rpc::peer::tests::range_decoder_rejects_duplicate_stale_and_corrupt_frames ... ok
test node::rpc::peer::tests::range_decoder_requires_every_operation_and_completion ... ok
test node::shutdown_tests::cleanup_keeps_first_failure_after_later_cleanup ... ok
test node::shutdown_tests::heartbeat_retries_transport_failure_but_stops_expired_session ... ok
test node::storage::tests::rejects_paths_outside_single_component_scope ... ok
test node::storage::tests::rejects_reads_past_end_without_padding ... ok
test node::storage::tests::writes_and_reads_exact_requested_range ... ok
test node::rpc::peer::tests::owner_release_treats_stale_handle_as_idempotent_success ... ok
test node::rpc::data::tests::dfs_replica_grpc_stream_durable_retry_and_malformed_body ... ok
test node::vfs::dfs::tests::clean_retained_write_state_rejects_delayed_older_epoch ... ok
test node::vfs::dfs::tests::clean_retained_write_state_path_resize_reacquires_fresh_epoch ... ok
test node::vfs::dfs::tests::close_flush_reports_a_commit_error_instead_of_success ... ok
test node::vfs::dfs::tests::closed_metadata_dirty_write_state_reopen_adopts_fresh_epoch_without_old_renewal ... ok
test node::vfs::dfs::tests::close_flush_commits_dirty_data_without_an_explicit_sync ... ok
test node::vfs::dfs::tests::dfs_closed_lock_session_rejects_late_waiter ... ok
test node::vfs::dfs::tests::dfs_local_posix_locks_conflict_and_release_by_owner ... ok
test node::vfs::dfs::tests::deadline_commit_error_preserves_exact_batch_for_retry ... ok
test node::vfs::dfs::tests::definite_meta_invalid_blocks_subsequent_mutation ... ok
test node::vfs::dfs::tests::dfs_local_setlk_postgrant_transient_renewal_keeps_lock ... ok
test node::vfs::dfs::tests::dfs_lock_background_renewal_starts_with_retry_budget ... ok
test node::vfs::dfs::tests::dfs_lock_authority_epoch_replaces_old_table ... ok
test node::vfs::dfs::tests::dfs_lock_renewal_confirmed_fence_invalidates_same_identity_extended_state ... ok
test node::vfs::dfs::tests::dfs_lock_renewal_old_success_hint_does_not_shorten_newer_state ... ok
test node::vfs::dfs::tests::dfs_lock_renewal_retry_after_expiry_records_local_stale_error ... ok
test node::vfs::dfs::tests::dfs_lock_renewal_stale_retry_error_does_not_fence_extended_state ... ok
test node::vfs::dfs::tests::dfs_lock_renewal_success_accepts_live_response_after_old_expiry ... ok
test node::vfs::dfs::tests::dfs_lock_authority_refresh_waits_for_renewal_guard_and_preserves_terminal_state ... ok
test node::vfs::dfs::tests::dfs_lock_expiry_waits_for_inflight_renewal_completion ... ok
test node::vfs::dfs::tests::dfs_lock_renewal_success_does_not_resurrect_terminal_authority ... ok
test node::vfs::dfs::tests::dfs_lock_renewal_terminal_fence_invalidates_locks_and_waiters ... ok
test node::vfs::dfs::tests::dfs_lock_renewal_transient_error_preserves_locks_and_waiters ... ok
test node::vfs::dfs::tests::dfs_owner_cancel_before_authority_precancels_replayed_waiter ... ok
test node::vfs::dfs::tests::dfs_owner_lock_authority_is_bound_to_authenticated_peer ... ok
test node::vfs::dfs::tests::dfs_owner_lock_release_is_scoped_by_authenticated_process_session ... ok
test node::vfs::dfs::tests::dfs_owner_lock_waiter_must_share_owner_ingress_scope ... ok
test node::vfs::dfs::tests::dfs_owner_lock_session_release_is_scoped_by_authenticated_process_session ... ok
test node::vfs::dfs::tests::dfs_owner_set_lock_postgrant_transient_renewal_keeps_lock ... ok
test node::vfs::dfs::tests::dfs_reaps_lock_scopes_for_expired_peer_process_session ... ok
test node::vfs::dfs::tests::dfs_posix_lock_checks_file_access ... ok
test node::vfs::dfs::tests::dfs_release_locks_without_authority_does_not_open_write ... ok
test node::vfs::dfs::tests::dfs_remote_lock_session_presence_is_not_refcounted_by_lock_count ... ok
test node::vfs::dfs::tests::dfs_remote_lock_precancel_survives_replayed_waiter_identity ... ok
test node::vfs::dfs::tests::dfs_release_scoped_session_cleans_scope_when_closed_tombstones_are_full ... ok
test node::vfs::dfs::tests::dfs_remote_lock_waiter_route_rejects_duplicate_identity ... ok
test node::vfs::dfs::tests::dfs_remote_lock_session_release_failure_retains_identity_for_retry ... ok
test node::vfs::dfs::tests::dirty_budget_counts_payload_not_sparse_holes ... ok
test node::vfs::dfs::tests::dirty_budget_append_write_serializes_concurrent_full_sync ... ok
test node::vfs::dfs::tests::dirty_budget_append_write_serializes_concurrent_resize ... ok
test node::vfs::dfs::tests::dirty_budget_returns_admitted_bytes_and_latches_later_error ... ok
test node::vfs::dfs::tests::dirty_budget_sync_write_error_does_not_report_unconfirmed_bytes ... ok
test node::vfs::dfs::tests::dirty_budget_unknown_commit_ack_preserves_exact_request_and_backpressures_next_write ... ok
test node::vfs::dfs::tests::dirty_write_state_rejects_fresh_epoch_without_losing_dirty_data ... ok
test node::vfs::dfs::tests::dsync_write_commits_data_without_promoting_to_full_inode_sync ... ok
test node::vfs::dfs::tests::explicit_mtime_refresh_overrides_dirty_write_mtime_for_full_sync ... ok
test node::vfs::dfs::tests::dirty_budget_writeback_splits_streaming_writes_without_per_write_meta_rpc ... ok
test node::vfs::dfs::tests::failed_metadata_only_sync_keeps_request_identity_and_blocks_writes ... ok
test node::vfs::dfs::tests::failed_resize_commit_keeps_batch_identity_and_blocks_new_dirty_for_retry ... ok
test node::vfs::dfs::tests::fresh_readonly_open_refreshes_retained_committed_view_after_external_commit ... ok
test node::vfs::dfs::tests::getattr_refreshes_active_write_state_from_meta_without_losing_dirty_mtime ... ok
test node::vfs::dfs::tests::full_sync_after_pending_data_only_commit_also_syncs_metadata ... ok
test node::vfs::dfs::tests::handle_resize_shrink_then_grow_masks_old_tail_without_new_chunk ... ok
test node::vfs::dfs::tests::hardlink_refreshes_active_write_state_nlink ... ok
test node::vfs::dfs::tests::killpriv_resize_clears_mode_on_explicit_cause ... ok
test node::vfs::dfs::tests::killpriv_pending_clear_commits_before_plain_chmod ... ok
test node::vfs::dfs::tests::killpriv_positive_write_clears_suid_and_executable_sgid_until_commit ... ok
test node::vfs::dfs::tests::killpriv_setattr_on_special_inode_uses_normal_meta_attribute_path ... ok
test node::vfs::dfs::tests::killpriv_zero_write_does_not_clear_mode ... ok
test node::vfs::dfs::tests::mknod_creates_special_inode_without_write_session ... ok
test node::vfs::dfs::tests::metadata_changes_refresh_active_write_state_after_close ... ok
test node::vfs::dfs::tests::metadata_dirty_write_state_rejects_fresh_epoch_after_head_change ... ok
test node::vfs::dfs::tests::namespace_and_xattr_refresh_preserve_dirty_write_mtime_for_full_sync ... ok
test node::vfs::dfs::tests::path_resize_uses_inode_state_without_opening_a_writer ... ok
test node::vfs::dfs::tests::previously_open_readonly_handle_tracks_append_and_shrink_grow ... ok
test node::vfs::dfs::tests::readonly_close_does_not_commit_another_handles_dirty_writes ... ok
test node::vfs::dfs::tests::remote_owner_append_retry_is_idempotent_and_dirty_read_is_visible ... ok
test node::vfs::dfs::tests::readonly_handles_share_the_current_mount_dirty_and_committed_view ... ok
test node::vfs::dfs::tests::remote_status_metadata_error_preserves_exact_request_for_retry ... ok
test node::vfs::dfs::tests::remote_owner_write_after_local_close_rebinds_metadata_dirty_state ... ok
test node::vfs::dfs::tests::writeonly_handle_cannot_read_the_inode_view ... ok
test node::vfs::locks::tests::ack_higher_waiter_does_not_retire_delayed_lower_waiter ... ok
test node::vfs::locks::tests::acknowledged_terminal_outcome_retains_replay_capacity_until_session_close ... ok
test node::vfs::locks::tests::acknowledged_waiter_id_cannot_regrant ... ok
test node::vfs::locks::tests::bounded_waiters_fail_closed ... ok
test node::vfs::locks::tests::cancel_after_blocking_grant_reports_granted_without_releasing_owner ... ok
test node::vfs::locks::tests::cancel_live_waiter_reports_cancelled_and_does_not_grant ... ok
test node::vfs::locks::tests::cancelled_waiter_capacity_does_not_drop_existing_marker ... ok
test node::vfs::locks::tests::closed_session_capacity_preserves_other_session_locks ... ok
test node::vfs::locks::tests::detects_simple_blocking_deadlock_cycle ... ok
test node::vfs::locks::tests::detects_transitive_deadlock_cycle ... ok
test node::vfs::locks::tests::duplicate_live_waiter_id_is_rejected ... ok
test node::vfs::locks::tests::flush_owner_releases_all_posix_locks_without_flock ... ok
test node::vfs::locks::tests::interrupt_after_register_wakes_blocking_waiter ... ok
test node::vfs::locks::tests::interrupt_before_register_is_observed ... ok
test node::vfs::locks::tests::live_cancel_at_outcome_capacity_keeps_waiter_registered ... ok
test node::vfs::locks::tests::nonblocking_conflict_returns_would_block_and_first_conflict ... ok
test node::vfs::locks::tests::owner_release_converts_unacked_grant_to_cancelled_terminal ... ok
test node::vfs::locks::tests::owner_release_does_not_reclaim_cancelled_outcomes_before_ack ... ok
test node::vfs::locks::tests::owner_release_does_not_reclaim_retired_replay_fence ... ok
test node::vfs::locks::tests::owner_release_reclaims_matching_granted_outcomes ... ok
test node::vfs::locks::tests::partial_unlock_that_would_exceed_capacity_keeps_original_locks ... ok
test node::vfs::locks::tests::pending_lower_waiter_survives_newer_ack ... ok
test node::vfs::locks::tests::posix_and_flock_do_not_conflict ... ok
test node::vfs::dfs::tests::unknown_commit_ack_replays_original_request_after_namespace_revision_change ... ok
test node::vfs::locks::tests::release_final_ofd_releases_flock_only ... ok
test node::vfs::dfs::tests::sparse_write_materializes_only_payload_chunk ... ok
test node::vfs::locks::tests::release_session_prevents_late_waiter_from_recreating_lock ... ok
test node::vfs::locks::tests::release_session_reclaims_retired_capacity ... ok
test node::vfs::locks::tests::retired_identity_capacity_is_bounded ... ok
test node::vfs::locks::tests::same_owner_ranges_merge_split_and_unlock_at_eof ... ok
test node::vfs::locks::tests::release_session_cancels_blocked_waiters_and_drops_active_locks ... ok
test node::vfs::locks::tests::waiter_id_includes_ingress_session ... ok
test node::vfs::locks::tests::upgrade_trims_only_same_owner_ranges ... ok
test node::vfs::ownerfs::root::tests::active_meta_root_without_catalog_fails_closed ... ok
test node::vfs::ownerfs::root::tests::invalidation_prevents_new_local_operations ... ok
test node::vfs::ownerfs::catalog::tests::long_workspace_name_does_not_expand_catalog_temp_basename ... ok
test node::vfs::ownerfs::root::tests::activate_reply_loss_keeps_catalog_for_recovery ... ok
test node::vfs::ownerfs::root::tests::mismatched_node_session_never_enters_cache ... ok
test node::vfs::ownerfs::root::tests::old_home_session_never_enters_new_process_cache ... ok
test node::vfs::ownerfs::root::tests::pending_root_with_unexpected_file_fails_without_deleting_data ... ok
test node::vfs::ownerfs::root::tests::only_activated_root_with_requested_right_can_enter ... ok
test node::vfs::ownerfs::root::tests::peer_access_is_validated_once_then_cached ... ok
test node::vfs::ownerfs::root::tests::watch_disconnect_blocks_new_admission_without_marking_revoke_ack_done ... ok
test node::vfs::ownerfs::root::tests::startup_finishes_cleanup_after_abort_commit ... ok
test node::vfs::ownerfs::tests::cached_root_entry_allocates_fresh_inode_when_active_root_identity_changes ... ok
test node::vfs::ownerfs::tests::expired_peer_session_reaps_only_its_home_handles ... ok
test node::vfs::ownerfs::tests::freshly_created_root_getattr_uses_real_directory_identity ... ok
test node::vfs::ownerfs::root::tests::startup_cancels_each_pending_create_cut_without_exposing_a_root ... ok
test node::vfs::ownerfs::tests::getattr_without_fh_observes_held_unlinked_inode_not_reused_path ... ok
test node::vfs::ownerfs::tests::home_handle_is_bound_to_its_peer_root_session_and_identity ... ok
test node::vfs::ownerfs::tests::local_and_peer_create_inherit_sgid_parent ... ok
test node::vfs::ownerfs::tests::local_and_peer_rename_enforce_sticky_destination_victim ... ok
test node::vfs::ownerfs::tests::local_create_existing_does_not_reset_owner_or_mode ... ok
test node::vfs::ownerfs::tests::local_create_mkdir_and_mknod_preserve_kernel_filtered_modes ... ok
test node::vfs::ownerfs::tests::local_directory_listing_uses_backend_entries ... ok
test node::vfs::ownerfs::tests::local_hardlink_refreshes_nlink_and_shares_data ... ok
test node::vfs::ownerfs::tests::local_killpriv_preserves_sgid_without_group_execute ... ok

running 1 test
test node::vfs::ownerfs::tests::local_killpriv_truncate_setattr_and_create_existing_clear_privilege_bits ... ok
test node::vfs::ownerfs::tests::local_killpriv_write_clears_suid_and_executable_sgid_only_after_positive_write ... ok
test node::vfs::ownerfs::tests::local_killpriv_zero_and_failed_writes_do_not_clear_privilege_bits ... ok
test node::vfs::ownerfs::tests::local_flush_after_write_reaches_file_data_sync ... ok

test result: ok. 1 passed; 0 failed; 0 ignored; 0 measured; 279 filtered out; finished in 0.01s

test node::vfs::ownerfs::tests::local_flush_after_write_reaches_file_data_sync ... ok
test node::vfs::ownerfs::tests::local_mknod_fifo_records_special_metadata_and_permissions ... ok
test node::vfs::ownerfs::tests::local_namespace_mutations_enforce_parent_permissions_and_sticky ... ok
test node::vfs::ownerfs::tests::local_non_user_xattr_does_not_disable_getxattr_operation ... ok
test node::vfs::ownerfs::tests::local_readonly_create_does_not_require_created_file_write_access ... ok
test node::vfs::ownerfs::tests::local_rename_hardlink_to_itself_keeps_source_alias_cached ... ok
test node::vfs::ownerfs::tests::local_root_and_file_round_trip_without_per_write_meta ... ok

running 1 test
test node::vfs::ownerfs::tests::local_setattr_rejects_non_owner_chmod ... ok
test node::vfs::ownerfs::tests::local_setattr_updates_mode_and_times ... ok
test node::vfs::ownerfs::tests::local_symlink_readlink_roundtrip ... ok
test node::vfs::ownerfs::tests::local_user_xattr_roundtrip_and_remove ... ok
test node::vfs::ownerfs::tests::namespace_remove_checks_search_and_sticky_source_or_destination ... ok
test node::vfs::ownerfs::tests::local_odsync_write_reaches_file_data_sync_before_return ... ok

test result: ok. 1 passed; 0 failed; 0 ignored; 0 measured; 279 filtered out; finished in 0.01s

test node::vfs::ownerfs::tests::local_odsync_write_reaches_file_data_sync_before_return ... ok
test node::vfs::ownerfs::tests::old_fd_survives_unlink_and_same_name_recreate ... ok
test node::vfs::ownerfs::tests::owner_cancelled_waits_do_not_leak_routed_slots ... ok
test node::vfs::ownerfs::tests::owner_closed_scope_capacity_preserves_live_locks_and_cleanup ... ok
test node::vfs::ownerfs::tests::owner_lock_interrupt_before_registration_and_closed_session_do_not_revive ... ok
test node::vfs::ownerfs::tests::owner_locks_share_inode_identity_across_handles_and_unlink ... ok
test node::vfs::ownerfs::tests::owner_peer_waiter_scope_binds_root_epoch_and_process ... ok
test node::vfs::ownerfs::tests::owner_posix_fd_access_and_flock_conflict_namespaces_are_distinct ... ok
test node::vfs::ownerfs::tests::owner_remote_session_cleanup_retries_only_unacknowledged_targets ... ok
test node::vfs::ownerfs::tests::peer_hardlink_uses_caller_permissions_and_refreshes_nlink ... ok
test node::vfs::ownerfs::tests::peer_mknod_uses_caller_permissions_and_parent_identity ... ok
test node::vfs::ownerfs::tests::peer_namespace_mutations_enforce_parent_permissions_and_sticky ... ok
test node::vfs::ownerfs::tests::peer_rename_hardlink_to_itself_keeps_source_alias_cached ... ok
test node::vfs::ownerfs::tests::peer_rename_uncached_hardlink_destination_keeps_source_alias_cached ... ok
test node::vfs::ownerfs::tests::peer_symlink_uses_caller_permissions_and_parent_identity ... ok
test node::vfs::ownerfs::tests::peer_user_xattr_roundtrip_uses_original_caller_permissions ... ok
test node::vfs::ownerfs::tests::owner_blocked_lock_wakes_on_unlock_and_authority_invalidation ... ok
test node::vfs::ownerfs::tests::remote_flush_runs_once_after_write_and_release_only_cleans_up ... ok
test node::vfs::ownerfs::tests::remote_lookup_refreshes_cached_grant_after_home_restart ... ok
test node::vfs::ownerfs::tests::remote_open_receives_kernel_killpriv_cause ... ok
test node::vfs::ownerfs::tests::remote_open_refreshes_cached_grant_after_home_restart ... ok
test node::vfs::ownerfs::tests::remote_write_receives_kernel_killpriv_cause ... ok
test node::vfs::ownerfs::tests::rename_across_roots_returns_exdev_io_error ... ok
test node::vfs::ownerfs::tests::independent_remote_file_handles_write_without_global_owner_lock ... ok
test node::vfs::ownerfs::tests::rename_no_replace_moves_when_destination_absent_and_preserves_existing_destination ... ok
test node::vfs::ownerfs::tests::rename_uncached_source_purges_cached_destination_path ... ok
test node::vfs::ownerfs::tests::renamed_directory_keeps_cached_descendant_inodes_at_new_path ... ok
test node::vfs::ownerfs::tests::setattr_authorization_allows_owner_uid_noop_and_member_chgrp ... ok
test node::vfs::ownerfs::tests::stale_open_with_truncate_does_not_modify_recreated_path ... ok
test node::vfs::ownerfs::tests::startup_recovery_hydrates_root_entries_from_local_catalog ... ok
test node::vfs::ownerfs::tests::write_sync_mode_distinguishes_odsync_from_osync ... ok
test node::vfs::ownerfs::tests::writable_created_mode_zero_handle_can_ftruncate_but_readonly_cannot ... ok
test node::vfs::ownerfs::tests::release_waits_for_same_handle_and_marks_it_closed ... ok
test node::rpc::data::tests::dfs_replica_grpc_three_hops_retry_missing_tail ... ok

test result: ok. 278 passed; 0 failed; 2 ignored; 0 measured; 0 filtered out; finished in 2.24s

    Finished `test` profile [unoptimized + debuginfo] target(s) in 0.03s

running 4 tests
test tests::io_keeps_linux_raw_errno_for_xattr_and_operation_permissions ... ok
test tests::unknown_code_is_preserved ... ok
test tests::io_keeps_permission_capacity_and_type_categories ... ok
     Running unittests src/lib.rs (/home/lzc.guest/afs-build/target/debug/deps/afs_error-826c9a2d05548ba5)
test tests::catalog_matches_unique_nonzero_numbered_constants ... ok

test result: ok. 4 passed; 0 failed; 0 ignored; 0 measured; 0 filtered out; finished in 0.00s

   Doc-tests afs_error

running 0 tests

test result: ok. 0 passed; 0 failed; 0 ignored; 0 measured; 0 filtered out; finished in 0.00s

   Compiling afs v0.1.0 (/home/lzc.guest/afs-build/work/root-merged-v30)
    Finished `test` profile [unoptimized + debuginfo] target(s) in 27.91s
     Running tests/config_contract.rs (/home/lzc.guest/afs-build/target/debug/deps/config_contract-9417159af4f7531e)

running 4 tests
test invalid_limits_and_uncompiled_mode_fail ... ok
test file_values_are_overridden_only_by_explicit_cli ... ok
test unknown_field_is_rejected ... ok
test meta_store_defaults_to_etcd_and_cli_overrides_toml ... ok

test result: ok. 4 passed; 0 failed; 0 ignored; 0 measured; 0 filtered out; finished in 0.00s

     Running tests/error_contract.rs (/home/lzc.guest/afs-build/target/debug/deps/error_contract-ff5cebc17d0e5865)

running 4 tests
test linux_raw_errno_preserves_posix_file_errors ... ok
test rest_body_and_posix_errno_preserve_meaning ... ok
test meta_grpc_keeps_native_validation_code ... ok
test tcp_peer_and_local_sdk_preserve_identical_storage_identity ... ok

test result: ok. 4 passed; 0 failed; 0 ignored; 0 measured; 0 filtered out; finished in 2.01s

     Running tests/fuse_contract.rs (/home/lzc.guest/afs-build/target/debug/deps/fuse_contract-5880fa7c0a8b9650)

running 8 tests
test fuse_ftruncate_on_same_handle_waits_for_prior_write ... ignored, requires Linux /dev/fuse and fusermount3
test fuse_mount_binds_backend_at_mount_root ... ignored, requires Linux /dev/fuse and fusermount3
test fuse_mount_dispatches_real_backend_and_preserves_open_handle_identity ... ignored, requires Linux /dev/fuse and fusermount3
test fuse_mount_does_not_invent_backend_namespace_directories ... ignored, requires Linux /dev/fuse and fusermount3
test fuse_mount_rejects_existing_live_mount ... ignored, requires Linux /dev/fuse and fusermount3
test vfs_advisory_lock_methods_fail_closed_until_backend_supports_them ... ok
test vfs_killpriv_options_fail_closed_until_backend_supports_them ... ok
test vfs_options_preserve_legacy_paths_without_killpriv ... ok

test result: ok. 3 passed; 0 failed; 5 ignored; 0 measured; 0 filtered out; finished in 0.00s


running 39 tests
test dfs_commit_keeps_file_layout_and_durable_chunk_receipt_explicit ... ok
test both_edges_can_reuse_the_same_meta_state ... ok
test contract_rpc_does_not_issue_fake_grants_without_store ... ok
     Running tests/meta_contract.rs (/home/lzc.guest/afs-build/target/debug/deps/meta_contract-93da30cdbe5dc1a1)
test dfs_metadata_sync_allows_metadata_revision_drift_without_losing_xattrs ... ok
test dfs_commit_accepts_durable_ack_after_unrelated_catalog_advance ... ok
test dfs_kernel_killpriv_commit_requires_lease_and_preserves_nonexecutable_sgid ... ok
test dfs_data_commit_allows_metadata_revision_drift_without_losing_attrs ... ok
test dfs_namespace_errors_preserve_posix_errno ... ok
test dfs_namespace_hardlink_symlink_and_readlink_are_metadata_operations ... ok
test dfs_namespace_mkdir_readdir_and_rmdir_update_directory_links ... ok
test dfs_namespace_attrs_and_user_xattrs_are_revision_fenced ... ok
test dfs_namespace_mutations_update_parent_times_and_replay_is_stable ... ok
test dfs_namespace_permissions_require_parent_write_and_search ... ok
test dfs_namespace_rename_rejects_directory_into_its_subtree ... ok
test dfs_namespace_rpc_requires_caller_context_for_mutations ... ok
test dfs_namespace_rename_no_replace_and_replace_are_atomic ... ok
test dfs_namespace_root_rejects_aliasing_another_namespace ... ok
test dfs_namespace_retry_binds_semantics_and_new_inode_identity_scopes_caller ... ok
test dfs_namespace_sgid_parent_sets_child_group_for_directories_and_symlinks ... ok
test dfs_namespace_sticky_directories_require_victim_or_directory_owner ... ok
test dfs_namespace_unlink_removes_name_but_keeps_orphan_inode_for_open_handles ... ok
test dfs_placement_allows_remote_head_when_local_copy_not_required ... ok
test dfs_placement_rejects_unsatisfied_sync_minima ... ok
test dfs_placement_uses_global_live_devices_for_required_local_copy ... ok
test dfs_removed_directory_cannot_receive_new_entries ... ok
test dfs_readonly_owner_can_set_times_and_directory_chown_preserves_special_bits ... ok
test dfs_rename_preserves_other_hardlinks_and_same_inode_is_noop ... ok
test dfs_renewal_accepts_same_epoch_expiry_drift_and_replays_exact_result ... ok
test dfs_replica_write_grant_accepts_frozen_target_catalog_floor ... ok
test dfs_same_owner_reopen_cannot_shorten_live_lease_expiry ... ok
test dfs_renewal_concurrent_same_epoch_callers_preserve_authority ... ok
test meta_services_share_one_package_but_remain_separate_routes ... ok
test dfs_write_lease_reuses_one_owner_and_fences_stale_commits ... ok
test dfs_special_inode_has_metadata_without_chunks_and_enforces_parent_access ... ok
test owner_authority_stale_abort_cannot_delete_new_pending_reservation ... ok
test owner_root_messages_keep_location_reservation_and_access_separate ... ok
test owner_authority_reserve_activate_acquire_validate_and_recover ... ok
test node_rpc_store_local_file_recovers_committed_session_and_reply ... ok
test dfs_renewal_cannot_resurrect_expired_or_reassigned_authority ... ok

test result: ok. 39 passed; 0 failed; 0 ignored; 0 measured; 0 filtered out; finished in 1.19s

     Running tests/ownerfs_peer_contract.rs (/home/lzc.guest/afs-build/target/debug/deps/ownerfs_peer_contract-7ec0db08fd55e38d)

running 2 tests
test mtls_authenticator_is_available_for_exact_der_mapping ... ok
test mtls_ownerfiles_grpc_roundtrip_uses_real_ownerfs_backend ... ok

test result: ok. 2 passed; 0 failed; 0 ignored; 0 measured; 0 filtered out; finished in 5.28s

     Running tests/rest_contract.rs (/home/lzc.guest/afs-build/target/debug/deps/rest_contract-9e374fd62d7a6769)

running 4 tests
test health_requires_a_meta_store ... ok
test health_uses_backend_probe_not_cached_read_view ... ok
test root_location_reports_serving_for_live_exact_home_session ... ok
test root_location_keeps_owner_but_reports_unavailable_for_expired_home_session ... ok

test result: ok. 4 passed; 0 failed; 0 ignored; 0 measured; 0 filtered out; finished in 0.09s

     Running tests/vfs_contract.rs (/home/lzc.guest/afs-build/target/debug/deps/vfs_contract-2c9f84997e13e36e)

running 1 test
test backend_contract_binds_one_root_and_rejects_unimplemented_operations ... ok

test result: ok. 1 passed; 0 failed; 0 ignored; 0 measured; 0 filtered out; finished in 0.00s

    Finished `test` profile [unoptimized + debuginfo] target(s) in 0.08s

running 5 tests
test fuse_ftruncate_on_same_handle_waits_for_prior_write ... fusermount3: failed to unmount /tmp/.tmp6Q6J8h/mnt: Invalid argument
ok
test fuse_mount_binds_backend_at_mount_root ... fusermount3: failed to unmount /tmp/.tmpRQWVP8/mnt: Invalid argument
ok
test fuse_mount_dispatches_real_backend_and_preserves_open_handle_identity ... fusermount3: failed to unmount /tmp/.tmpgiITYf/mnt: Invalid argument
ok
test fuse_mount_does_not_invent_backend_namespace_directories ... fusermount3: failed to unmount /tmp/.tmpalyP8X/mnt: Invalid argument
ok
test fuse_mount_rejects_existing_live_mount ... fusermount3: failed to unmount /tmp/.tmpwZIlfE/mnt: Invalid argument
ok

test result: ok. 5 passed; 0 failed; 0 ignored; 0 measured; 3 filtered out; finished in 0.12s

    Checking afs v0.1.0 (/home/lzc.guest/afs-build/work/root-merged-v30)
    Finished `dev` profile [unoptimized + debuginfo] target(s) in 1.48s
    Checking afs v0.1.0 (/home/lzc.guest/afs-build/work/root-merged-v30)
    Finished `dev` profile [unoptimized + debuginfo] target(s) in 1.79s
    Checking afs v0.1.0 (/home/lzc.guest/afs-build/work/root-merged-v30)
    Finished `dev` profile [unoptimized + debuginfo] target(s) in 1.77s
   Compiling afs v0.1.0 (/home/lzc.guest/afs-build/work/root-merged-v30)
    Finished `dev` profile [unoptimized + debuginfo] target(s) in 15.64s
e4fd549487967518fb982963f3291096327d5f38c16a59cac0f5561ba07e442a  /home/lzc.guest/afs-build/artifacts/v30/afs-node
ab7ce32ed9e0f212f4aa8341c0ca5ff32fd603c1a598d5e0f8e901db44dbb91d  /home/lzc.guest/afs-build/artifacts/v30/afs-meta
