bash: line 1: cd: /Users/lzc/workspace/code/agentruntime/rust-distributed-memory-store: No such file or directory
bash: line 1: cd: /Users/lzc: No such file or directory
    Checking afs v0.1.0 (/home/lzc.guest/afs-build/work/root-merged-v30)
error[E0277]: `node::vfs::dfs::DfsLockAuthority` doesn't implement `std::fmt::Debug`
    --> src/node/vfs/dfs.rs:9236:18
     |
9236 |                 .unwrap_err()
     |                  ^^^^^^^^^^ unsatisfied trait bound
     |
help: the trait `std::fmt::Debug` is not implemented for `node::vfs::dfs::DfsLockAuthority`
    --> src/node/vfs/dfs.rs:182:1
     |
 182 | struct DfsLockAuthority {
     | ^^^^^^^^^^^^^^^^^^^^^^^
     = note: add `#[derive(Debug)]` to `node::vfs::dfs::DfsLockAuthority` or manually `impl std::fmt::Debug for node::vfs::dfs::DfsLockAuthority`
help: the trait `std::fmt::Debug` is implemented for `std::sync::Arc<T, A>`
    --> /rustc/59807616e1fa2540724bfbac14d7976d7e4a3860/library/alloc/src/sync.rs:3700:0
     = note: required for `std::sync::Arc<node::vfs::dfs::DfsLockAuthority>` to implement `std::fmt::Debug`
note: required by a bound in `std::result::Result::<T, E>::unwrap_err`
    --> /rustc/59807616e1fa2540724bfbac14d7976d7e4a3860/library/core/src/result.rs:1324:4

error[E0505]: cannot move out of `authority` because it is borrowed
    --> src/node/vfs/dfs.rs:1942:27
     |
1930 |         if let Some(authority) = authorities.get(inode_id).cloned() {
     |                     --------- binding `authority` declared here
...
1939 |                 let _renewal = lock_authority_renewal_guard(&authority)?;
     |                                                             ---------- borrow of `authority` occurs here
...
1942 |                 return Ok(authority);
     |                           ^^^^^^^^^ move out of `authority` occurs here
1943 |             }
     |             - borrow might be used here, when `_renewal` is dropped and runs the `Drop` code for type `std::sync::MutexGuard`
     |
help: clone the value to increment its reference count
     |
1939 |                 let _renewal = lock_authority_renewal_guard(&authority.clone())?;
     |                                                                       ++++++++

For more information about this error, try `rustc --explain E0505`.
error: could not compile `afs` (lib) due to 1 previous error
warning: build failed, waiting for other jobs to finish...
Some errors have detailed explanations: E0277, E0505.
For more information about an error, try `rustc --explain E0277`.
error: could not compile `afs` (lib test) due to 2 previous errors
