bash: line 1: cd: /Users/lzc/workspace/code/agentruntime/rust-distributed-memory-store: No such file or directory
bash: line 1: cd: /Users/lzc: No such file or directory
   Compiling afs v0.1.0 (/home/lzc.guest/afs-build/work/root-merged-v45)
    Finished `test` profile [unoptimized + debuginfo] target(s) in 17.89s
     Running unittests src/lib.rs (/home/lzc.guest/afs-build/target/debug/deps/afs-586e1b701367e588)

running 1 test

thread 'meta::dfs::read_recovery_tests::recovered_r1_copy_serves_new_epoch_without_mutating_durable_evidence' (364539) panicked at src/meta/dfs.rs:3690:45:
removal index (is 0) should be < len (is 0)
note: run with `RUST_BACKTRACE=1` environment variable to display a backtrace
test meta::dfs::read_recovery_tests::recovered_r1_copy_serves_new_epoch_without_mutating_durable_evidence ... FAILED

failures:

failures:
    meta::dfs::read_recovery_tests::recovered_r1_copy_serves_new_epoch_without_mutating_durable_evidence

test result: FAILED. 0 passed; 1 failed; 0 ignored; 0 measured; 338 filtered out; finished in 0.14s

error: test failed, to rerun pass `--lib`
ORIGINAL_COPY_AUTHORITY_EXPECTED_FAIL 101
   Compiling afs v0.1.0 (/home/lzc.guest/afs-build/work/root-merged-v45)
warning: method `queue_remote_session_release_with_lifecycle` is never used
    --> src/node/vfs/dfs.rs:4181:8
     |
3904 | impl DistributedFs {
     | ------------------ method in this implementation
...
4181 |     fn queue_remote_session_release_with_lifecycle(
     |        ^^^^^^^^^^^^^^^^^^^^^^^^^^^^^^^^^^^^^^^^^^^
     |
     = note: `#[warn(dead_code)]` (part of `#[warn(unused)]`) on by default

warning: `afs` (lib test) generated 1 warning
    Finished `test` profile [unoptimized + debuginfo] target(s) in 17.26s
     Running unittests src/lib.rs (/home/lzc.guest/afs-build/target/debug/deps/afs-586e1b701367e588)

running 1 test

thread 'node::vfs::dfs::tests::remote_provider_retire_timeout_keeps_release_debt_until_io_guard_drops' (364580) panicked at src/node/vfs/dfs.rs:11603:9:
assertion `left == right` failed
  left: 0
 right: 2
note: run with `RUST_BACKTRACE=1` environment variable to display a backtrace
test node::vfs::dfs::tests::remote_provider_retire_timeout_keeps_release_debt_until_io_guard_drops ... FAILED

failures:

failures:
    node::vfs::dfs::tests::remote_provider_retire_timeout_keeps_release_debt_until_io_guard_drops

test result: FAILED. 0 passed; 1 failed; 0 ignored; 0 measured; 338 filtered out; finished in 2.14s

error: test failed, to rerun pass `--lib`
ORIGINAL_TIMEOUT_DEBT_EXPECTED_FAIL 101
