bash: line 1: cd: /Users/lzc/workspace/code/agentruntime/rust-distributed-memory-store: No such file or directory
bash: line 1: cd: /Users/lzc: No such file or directory
   Compiling afs v0.1.0 (/home/lzc.guest/afs-build/work/root-merged-v45)
    Finished `test` profile [unoptimized + debuginfo] target(s) in 16.83s
     Running unittests src/lib.rs (/home/lzc.guest/afs-build/target/debug/deps/afs-586e1b701367e588)

running 8 tests
test node::api::local::tests::active_local_api_socket_is_preserved ... ok
test node::api::local::tests::non_socket_local_api_path_is_preserved ... ok
test node::api::local::tests::socket_lock_symlink_is_preserved ... ok
test node::api::local::tests::stale_local_api_socket_is_removed ... ok
test node::api::local::tests::competing_local_api_startup_preserves_first_listener ... ok
test node::api::local::tests::stale_socket_reclaim_preserves_replacement_inode ... ok
test node::api::local::tests::symlink_local_api_path_is_preserved ... ok
test node::api::local::tests::serve_local_api_reclaims_stale_socket_before_bind ... ok

test result: ok. 8 passed; 0 failed; 0 ignored; 0 measured; 331 filtered out; finished in 0.00s

    Finished `test` profile [unoptimized + debuginfo] target(s) in 0.06s
     Running unittests src/lib.rs (/home/lzc.guest/afs-build/target/debug/deps/afs-586e1b701367e588)

running 0 tests

test result: ok. 0 passed; 0 failed; 0 ignored; 0 measured; 339 filtered out; finished in 0.00s

   Compiling afs v0.1.0 (/home/lzc.guest/afs-build/work/root-merged-v45)
    Finished `test` profile [unoptimized + debuginfo] target(s) in 18.60s
     Running tests/local_sdk.rs (/home/lzc.guest/afs-build/target/debug/deps/local_sdk-621381324405ad20)

running 9 tests
test dfs_sdk_buffers_and_fixed_version_validate_ownership_inputs ... ok
test local_api_rejects_missing_shm_grant_without_data_fallback ... ok
test local_api_socket_is_owner_only ... ok
test diagnostic_local_sdk_writes_and_reads_eight_bytes_through_shm ... ok
test local_sdk_rejects_oversized_write_without_grpc_data_fallback ... ok
test server_shutdown_removes_owned_socket ... ok
test dfs_local_sdk_is_typed_and_never_falls_through_to_diagnostics_storage ... ok
test cancelled_sdk_calls_do_not_exhaust_static_shm_slots ... ok
test missing_file_preserves_rpc_error_and_releases_broker_before_return ... ok

test result: ok. 9 passed; 0 failed; 0 ignored; 0 measured; 0 filtered out; finished in 1.01s

