bash: line 1: cd: /Users/lzc/workspace/code/agentruntime/rust-distributed-memory-store: No such file or directory
bash: line 1: cd: /Users/lzc: No such file or directory
   Compiling proc-macro2 v1.0.107
   Compiling unicode-ident v1.0.26
   Compiling quote v1.0.47
   Compiling cfg-if v1.0.5
   Compiling libc v0.2.189
   Compiling syn v3.0.6
   Compiling syn v2.0.119
   Compiling pin-project-lite v0.2.17
   Compiling smallvec v1.16.1
   Compiling log v0.4.34
   Compiling bytes v1.12.1
   Compiling futures-core v0.3.34
   Compiling parking_lot_core v0.9.12
   Compiling scopeguard v1.2.0
   Compiling memchr v2.8.3
   Compiling serde_core v1.0.229
   Compiling lock_api v0.4.14
   Compiling hashbrown v0.17.1
   Compiling equivalent v1.0.2
   Compiling parking_lot v0.12.5
   Compiling futures-sink v0.3.34
   Compiling once_cell v1.21.4
   Compiling itoa v1.0.18
   Compiling errno v0.3.14
   Compiling find-msvc-tools v0.1.13
   Compiling shlex v2.0.1
   Compiling cc v1.4.7
   Compiling signal-hook-registry v1.4.8
   Compiling tokio-macros v2.7.2
   Compiling socket2 v0.6.5
   Compiling mio v1.2.3
   Compiling anyhow v1.0.104
   Compiling tokio v1.53.1
   Compiling either v1.18.0
   Compiling itertools v0.14.0
   Compiling tracing-core v0.1.36
   Compiling slab v0.4.12
   Compiling serde v1.0.229
   Compiling prost-derive v0.14.4
   Compiling tracing-attributes v0.1.31
   Compiling serde_derive v1.0.229
   Compiling tracing v0.1.44
   Compiling tokio-util v0.7.19
   Compiling http v1.5.0
   Compiling futures-macro v0.3.34
   Compiling futures-task v0.3.34
   Compiling fnv v1.0.7
   Compiling futures-util v0.3.34
   Compiling http-body v1.1.0
   Compiling ring v0.17.14
   Compiling indexmap v2.14.2
   Compiling synstructure v0.14.0
   Compiling percent-encoding v2.3.2
   Compiling httparse v1.10.1
   Compiling bitflags v2.13.2
   Compiling futures-channel v0.3.34
   Compiling atomic-waker v1.1.2
   Compiling try-lock v0.2.5
   Compiling tower-service v0.3.3
   Compiling zmij v1.0.23
   Compiling want v0.3.1
   Compiling h2 v0.4.19
   Compiling form_urlencoded v1.2.2
   Compiling zerofrom-derive v0.1.8
   Compiling getrandom v0.2.17
   Compiling getrandom v0.4.3
   Compiling zeroize v1.9.0
   Compiling httpdate v1.0.3
   Compiling serde_json v1.0.151
   Compiling untrusted v0.9.0
   Compiling hyper v1.11.1
   Compiling rustls-pki-types v1.15.1
   Compiling zerofrom v0.1.8
   Compiling yoke-derive v0.8.3
   Compiling sync_wrapper v1.0.2
   Compiling stable_deref_trait v1.2.1
   Compiling tower-layer v0.3.3
   Compiling rustix v1.1.5
   Compiling rustls v0.23.45
   Compiling ryu v1.0.23
   Compiling yoke v0.8.3
   Compiling hyper-util v0.1.20
   Compiling rustls-webpki v0.103.15
   Compiling http-body-util v0.1.5
   Compiling mime v0.3.17
   Compiling prettyplease v0.2.37
   Compiling linux-raw-sys v0.12.1
   Compiling subtle v2.6.1
   Compiling thiserror v2.0.21
   Compiling pulldown-cmark v0.13.4
   Compiling autocfg v1.5.1
   Compiling axum-core v0.5.6
   Compiling serde_urlencoded v0.7.1
   Compiling tower v0.5.3
   Compiling serde_path_to_error v0.1.20
   Compiling pin-project-internal v1.1.13
   Compiling thiserror-impl v2.0.21
   Compiling zerovec-derive v0.11.6
   Compiling heck v0.5.0
   Compiling regex-syntax v0.8.11
   Compiling fastrand v2.5.0
   Compiling zerocopy v0.8.58
   Compiling unicase v2.9.0
   Compiling foldhash v0.1.5
   Compiling matchit v0.8.4
   Compiling axum v0.8.9
   Compiling prost v0.14.4
   Compiling regex-automata v0.4.18
   Compiling hashbrown v0.15.5
   Compiling zerovec v0.11.8
   Compiling pin-project v1.1.13
   Compiling tokio-rustls v0.26.5
   Compiling hyper-timeout v0.5.2
   Compiling tokio-stream v0.1.19
   Compiling zerocopy-derive v0.8.58
   Compiling async-trait v0.1.92
   Compiling displaydoc v0.2.7
   Compiling fixedbitset v0.5.7
   Compiling base64 v0.22.1
   Compiling rustversion v1.0.23
   Compiling getrandom v0.3.4
   Compiling tonic v0.14.6
   Compiling tempfile v3.27.0
   Compiling petgraph v0.8.3
   Compiling pulldown-cmark-to-cmark v22.0.1
   Compiling regex v1.13.1
   Compiling prost-types v0.14.4
   Compiling multimap v0.10.1
   Compiling prost-build v0.14.4
   Compiling tonic-build v0.14.6
   Compiling lazy_static v1.5.0
   Compiling tonic-prost-build v0.14.6
   Compiling slog v2.8.2
   Compiling rand_core v0.9.5
   Compiling ppv-lite86 v0.2.21
   Compiling tonic-prost v0.14.6
   Compiling tinystr v0.8.4
   Compiling litemap v0.8.3
   Compiling writeable v0.6.4
   Compiling rand_chacha v0.9.0
   Compiling icu_locale_core v2.1.1
   Compiling zerotrie v0.2.5
   Compiling potential_utf v0.1.6
   Compiling opentelemetry v0.32.0
   Compiling erased-serde v0.3.31
   Compiling thread_local v1.1.10
   Compiling icu_normalizer_data v2.1.1
   Compiling icu_properties_data v2.1.2
   Compiling icu_provider v2.1.1
   Compiling icu_collections v2.1.1
   Compiling rand v0.9.5
   Compiling num-traits v0.2.19
   Compiling memoffset v0.9.1
   Compiling futures-executor v0.3.34
   Compiling crossbeam-utils v0.8.23
   Compiling prometheus v0.14.0
   Compiling num-conv v0.2.2
   Compiling time-core v0.1.9
   Compiling cfg_aliases v0.2.2
   Compiling nix v0.29.0
   Compiling time-macros v0.2.32
   Compiling tonic-types v0.14.6
   Compiling opentelemetry_sdk v0.32.1
   Compiling sharded-slab v0.1.7
   Compiling deranged v0.5.8
   Compiling powerfmt v0.2.0
   Compiling tracing-subscriber v0.3.23
   Compiling time v0.3.55
   Compiling opentelemetry-proto v0.32.0
   Compiling icu_normalizer v2.1.1
   Compiling icu_properties v2.1.2
   Compiling afs-protocol v0.1.0 (/home/lzc.guest/afs-build/work/root-merged-v45/common/protocol)
   Compiling parking v2.2.1
   Compiling slog-async v2.8.0
   Compiling iana-time-zone v0.1.65
   Compiling utf8parse v0.2.2
   Compiling anstyle-parse v1.0.0
   Compiling chrono v0.4.45
   Compiling event-listener v5.4.2
   Compiling afs-metrics v0.1.0 (/home/lzc.guest/afs-build/work/root-merged-v45/common/metrics)
   Compiling crossbeam-channel v0.5.17
   Compiling idna_adapter v1.2.1
   Compiling opentelemetry-otlp v0.32.0
   Compiling tracing-opentelemetry v0.33.0
   Compiling afs-transport v0.1.0 (/home/lzc.guest/afs-build/work/root-merged-v45/common/transport)
   Compiling is-terminal v0.4.17
   Compiling term v1.2.1
   Compiling anstyle-query v1.1.5
   Compiling utf8_iter v1.0.4
   Compiling take_mut v0.2.2
   Compiling is_terminal_polyfill v1.70.2
   Compiling colorchoice v1.0.5
   Compiling anstyle v1.0.14
   Compiling arc-swap v0.4.8
   Compiling slog-global v0.1.0 (https://github.com/tikv/slog-global.git?rev=d592f88e4dbba5eb439998463054f1a44fbf17b9#d592f88e)
   Compiling anstream v1.0.0
   Compiling slog-term v2.9.2
   Compiling idna v1.1.0
   Compiling afs-tracing v0.1.0 (/home/lzc.guest/afs-build/work/root-merged-v45/common/tracing)
   Compiling event-listener-strategy v0.5.4
   Compiling slog-json v2.6.1
   Compiling etcd-client v0.20.0
   Compiling blake3 v1.8.7
   Compiling fuser v0.16.0 (/home/lzc.guest/afs-build/work/root-merged-v45/third_party/fuser)
   Compiling strsim v0.11.1
   Compiling clap_lex v1.1.1
   Compiling winnow v1.0.4
   Compiling afs-error v0.1.0 (/home/lzc.guest/afs-build/work/root-merged-v45/common/error)
   Compiling toml_parser v1.1.3+spec-1.1.0
   Compiling clap_builder v4.6.7
   Compiling afs-logging v0.1.0 (/home/lzc.guest/afs-build/work/root-merged-v45/common/logging)
   Compiling async-lock v3.4.2
   Compiling url v2.5.8
   Compiling clap_derive v4.6.7
   Compiling combine v4.6.8
   Compiling serde_spanned v1.1.1
   Compiling toml_datetime v0.7.5+spec-1.1.0
   Compiling page_size v0.6.0
   Compiling arrayvec v0.7.8
   Compiling toml_writer v1.1.2+spec-1.1.0
   Compiling xxhash-rust v0.8.19
   Compiling arcstr v1.2.0
   Compiling constant_time_eq v0.4.2
   Compiling winnow v0.7.15
   Compiling redis v1.2.2
   Compiling toml v0.9.12+spec-1.1.0
   Compiling clap v4.6.7
   Compiling afs-client v0.1.0 (/home/lzc.guest/afs-build/work/root-merged-v45/client)
   Compiling afs v0.1.0 (/home/lzc.guest/afs-build/work/root-merged-v45)
error[E0433]: cannot find type `LayoutRootId` in this scope
    --> src/meta/dfs.rs:3615:17
     |
3615 |             id: LayoutRootId::new("layout"),
     |                 ^^^^^^^^^^^^ use of undeclared type `LayoutRootId`
     |
help: a struct with a similar name exists
     |
3615 -             id: LayoutRootId::new("layout"),
3615 +             id: LayoutRoot::new("layout"),
     |
help: consider importing this struct
     |
3491 +     use crate::dfs::LayoutRootId;
     |

error[E0433]: cannot find type `LayoutRootId` in this scope
    --> src/meta/dfs.rs:3665:33
     |
3665 |                 layout_root_id: LayoutRootId::new("layout"),
     |                                 ^^^^^^^^^^^^ use of undeclared type `LayoutRootId`
     |
help: a struct with a similar name exists
     |
3665 -                 layout_root_id: LayoutRootId::new("layout"),
3665 +                 layout_root_id: LayoutRoot::new("layout"),
     |
help: consider importing this struct
     |
3491 +     use crate::dfs::LayoutRootId;
     |

error[E0599]: no method named `kind` found for enum `std::fs::TryLockError` in the current scope
   --> src/node/api/local.rs:434:29
    |
434 |         Err(error) if error.kind() == io::ErrorKind::WouldBlock => {
    |                             ^^^^ method not found in `std::fs::TryLockError`
    |
note: the method `kind` exists on the type `std::io::Error`
   --> /rustc/59807616e1fa2540724bfbac14d7976d7e4a3860/library/std/src/io/error.rs:1005:4

error[E0308]: mismatched types
   --> src/node/api/local.rs:441:27
    |
441 |         Err(error) => Err(error),
    |                       --- ^^^^^ expected `Error`, found `TryLockError`
    |                       |
    |                       arguments to this enum variant are incorrect
    |
help: the type constructed contains `std::fs::TryLockError` due to the type of the argument passed
   --> src/node/api/local.rs:441:23
    |
441 |         Err(error) => Err(error),
    |                       ^^^^-----^
    |                           |
    |                           this argument influences the type of `Err`
note: tuple variant defined here
   --> /rustc/59807616e1fa2540724bfbac14d7976d7e4a3860/library/core/src/result.rs:566:4
help: call `Into::into` on this expression to convert `std::fs::TryLockError` into `std::io::Error`
    |
441 |         Err(error) => Err(error.into()),
    |                                +++++++

Some errors have detailed explanations: E0308, E0433, E0599.
For more information about an error, try `rustc --explain E0308`.
error: could not compile `afs` (lib test) due to 4 previous errors
   Compiling afs v0.1.0 (/home/lzc.guest/afs-build/work/root-merged-v45)
error[E0433]: cannot find type `LayoutRootId` in this scope
    --> src/meta/dfs.rs:3615:17
     |
3615 |             id: LayoutRootId::new("layout"),
     |                 ^^^^^^^^^^^^ use of undeclared type `LayoutRootId`
     |
help: a struct with a similar name exists
     |
3615 -             id: LayoutRootId::new("layout"),
3615 +             id: LayoutRoot::new("layout"),
     |
help: consider importing this struct
     |
3491 +     use crate::dfs::LayoutRootId;
     |

error[E0433]: cannot find type `LayoutRootId` in this scope
    --> src/meta/dfs.rs:3665:33
     |
3665 |                 layout_root_id: LayoutRootId::new("layout"),
     |                                 ^^^^^^^^^^^^ use of undeclared type `LayoutRootId`
     |
help: a struct with a similar name exists
     |
3665 -                 layout_root_id: LayoutRootId::new("layout"),
3665 +                 layout_root_id: LayoutRoot::new("layout"),
     |
help: consider importing this struct
     |
3491 +     use crate::dfs::LayoutRootId;
     |

error[E0599]: no method named `kind` found for enum `std::fs::TryLockError` in the current scope
   --> src/node/api/local.rs:434:29
    |
434 |         Err(error) if error.kind() == io::ErrorKind::WouldBlock => {
    |                             ^^^^ method not found in `std::fs::TryLockError`
    |
note: the method `kind` exists on the type `std::io::Error`
   --> /rustc/59807616e1fa2540724bfbac14d7976d7e4a3860/library/std/src/io/error.rs:1005:4

error[E0308]: mismatched types
   --> src/node/api/local.rs:441:27
    |
441 |         Err(error) => Err(error),
    |                       --- ^^^^^ expected `Error`, found `TryLockError`
    |                       |
    |                       arguments to this enum variant are incorrect
    |
help: the type constructed contains `std::fs::TryLockError` due to the type of the argument passed
   --> src/node/api/local.rs:441:23
    |
441 |         Err(error) => Err(error),
    |                       ^^^^-----^
    |                           |
    |                           this argument influences the type of `Err`
note: tuple variant defined here
   --> /rustc/59807616e1fa2540724bfbac14d7976d7e4a3860/library/core/src/result.rs:566:4
help: call `Into::into` on this expression to convert `std::fs::TryLockError` into `std::io::Error`
    |
441 |         Err(error) => Err(error.into()),
    |                                +++++++

Some errors have detailed explanations: E0308, E0433, E0599.
For more information about an error, try `rustc --explain E0308`.
error: could not compile `afs` (lib test) due to 4 previous errors
