test_attestation_declared_sha_is_ignored_actual_file_hash_wins (test_runner.RunnerTests.test_attestation_declared_sha_is_ignored_actual_file_hash_wins) ... ok
test_attestation_without_paths_cannot_fake_observed_identity (test_runner.RunnerTests.test_attestation_without_paths_cannot_fake_observed_identity) ... ok
test_changed_actual_contract_cannot_pass_with_old_contract_hash (test_runner.RunnerTests.test_changed_actual_contract_cannot_pass_with_old_contract_hash) ... ok
test_check_level_excluded_requires_approved_exclusion (test_runner.RunnerTests.test_check_level_excluded_requires_approved_exclusion) ... ok
test_contract_provenance_commit_does_not_replace_actual_contract_digest (test_runner.RunnerTests.test_contract_provenance_commit_does_not_replace_actual_contract_digest) ... ok
test_dirty_git_source_tree_blocks_full_release (test_runner.RunnerTests.test_dirty_git_source_tree_blocks_full_release) ... ok
test_driver_owned_axis_rejects_wrong_coverage_profile (test_runner.RunnerTests.test_driver_owned_axis_rejects_wrong_coverage_profile) ... ok
test_driver_owned_axis_requires_every_value (test_runner.RunnerTests.test_driver_owned_axis_requires_every_value) ... ok
test_driver_start_oserror_generates_failure_artifact (test_runner.RunnerTests.test_driver_start_oserror_generates_failure_artifact) ... ok
test_exit_zero_without_structured_proof_is_blocked (test_runner.RunnerTests.test_exit_zero_without_structured_proof_is_blocked) ... ok
test_frozen_lock_runner_sha_mismatch_blocks_full (test_runner.RunnerTests.test_frozen_lock_runner_sha_mismatch_blocks_full) ... ok
test_full_flags_and_four_hashes_without_environment_cannot_pass (test_runner.RunnerTests.test_full_flags_and_four_hashes_without_environment_cannot_pass) ... ok
test_full_requires_frozen_verified_lock (test_runner.RunnerTests.test_full_requires_frozen_verified_lock) ... ok
test_full_selected_pass_does_not_release_pass_when_active_case_missing (test_runner.RunnerTests.test_full_selected_pass_does_not_release_pass_when_active_case_missing) ... ok
test_lock_verified_boolean_alone_is_not_release_ready (test_runner.RunnerTests.test_lock_verified_boolean_alone_is_not_release_ready) ... ok
test_missing_actual_contract_blocks_full_but_not_local_smoke (test_runner.RunnerTests.test_missing_actual_contract_blocks_full_but_not_local_smoke) ... ok
test_missing_ready_command_is_blocked (test_runner.RunnerTests.test_missing_ready_command_is_blocked) ... ok
test_pass_check_requires_evidence_or_artifact (test_runner.RunnerTests.test_pass_check_requires_evidence_or_artifact) ... ok
test_scalar_or_empty_artifact_is_not_evidence (test_runner.RunnerTests.test_scalar_or_empty_artifact_is_not_evidence) ... ok
test_smoke_pass_is_not_full_release_pass_and_records_missing_coverage (test_runner.RunnerTests.test_smoke_pass_is_not_full_release_pass_and_records_missing_coverage) ... ok
test_structured_failure_remains_fail (test_runner.RunnerTests.test_structured_failure_remains_fail) ... ok
test_timeout_is_blocked_and_captures_logs (test_runner.RunnerTests.test_timeout_is_blocked_and_captures_logs) ... ok
test_timeout_terminates_process_group_children (test_runner.RunnerTests.test_timeout_terminates_process_group_children) ... ok
test_todo_driver_is_blocked_not_pass (test_runner.RunnerTests.test_todo_driver_is_blocked_not_pass) ... ok
test_unimplemented_matrix_axes_are_missing_full_coverage (test_runner.RunnerTests.test_unimplemented_matrix_axes_are_missing_full_coverage) ... ok
test_wrong_proof_identity_is_blocked (test_runner.RunnerTests.test_wrong_proof_identity_is_blocked) ... ok
test_actual_like_bundle_is_blocked_by_deferred_semantics_and_missing_initial (test_environment.EnvironmentEvaluatorTests.test_actual_like_bundle_is_blocked_by_deferred_semantics_and_missing_initial) ... ok
test_bad_artifact_references_are_invalid_input (test_environment.EnvironmentEvaluatorTests.test_bad_artifact_references_are_invalid_input) ... ok
test_cli_guard_adds_blocked_on_non_linux_arm64 (test_environment.EnvironmentEvaluatorTests.test_cli_guard_adds_blocked_on_non_linux_arm64) ... ok
test_contract_hashes_actual_referenced_file (test_environment.EnvironmentEvaluatorTests.test_contract_hashes_actual_referenced_file) ... ok
test_contract_path_escape_returns_blocker_without_exception (test_environment.EnvironmentEvaluatorTests.test_contract_path_escape_returns_blocker_without_exception) ... ok
test_failed_probes_and_wrong_volume_or_image_cannot_record_pass (test_environment.EnvironmentEvaluatorTests.test_failed_probes_and_wrong_volume_or_image_cannot_record_pass) ... ok
test_generic_receipts_do_not_make_environment_pass (test_environment.EnvironmentEvaluatorTests.test_generic_receipts_do_not_make_environment_pass) ... ok
test_host_uses_hash_bound_json_not_lock (test_environment.EnvironmentEvaluatorTests.test_host_uses_hash_bound_json_not_lock) ... ok
test_low_data_reserve_blocks_and_preserves_dead_fuse_context (test_environment.EnvironmentEvaluatorTests.test_low_data_reserve_blocks_and_preserves_dead_fuse_context) ... ok
test_mismatched_guest_identity_is_fail (test_environment.EnvironmentEvaluatorTests.test_mismatched_guest_identity_is_fail) ... ok
test_missing_memtotal_is_blocked_not_pass (test_environment.EnvironmentEvaluatorTests.test_missing_memtotal_is_blocked_not_pass) ... ok
test_nested_malformed_evidence_returns_blockers_without_exception (test_environment.EnvironmentEvaluatorTests.test_nested_malformed_evidence_returns_blockers_without_exception) ... ok
test_qualification_errors_malformed_and_tampered_paths (test_environment.EnvironmentEvaluatorTests.test_qualification_errors_malformed_and_tampered_paths) ... ok
test_wrong_actual_image_is_fail_even_if_lock_correct (test_environment.EnvironmentEvaluatorTests.test_wrong_actual_image_is_fail_even_if_lock_correct) ... ok
test_cgroup_includes_parent_limit_when_leaf_has_no_limit (test_inventory.InventoryTests.test_cgroup_includes_parent_limit_when_leaf_has_no_limit) ... ok
test_cgroup_v1_and_outside_hierarchy_are_unknown (test_inventory.InventoryTests.test_cgroup_v1_and_outside_hierarchy_are_unknown) ... ok
test_collects_current_process_without_cmdline_or_environ (test_inventory.InventoryTests.test_collects_current_process_without_cmdline_or_environ) ... ok
test_dead_pid_exits_nonzero (test_inventory.InventoryTests.test_dead_pid_exits_nonzero) ... ok
test_optional_command_timeout_does_not_abort_inventory (test_inventory.InventoryTests.test_optional_command_timeout_does_not_abort_inventory) ... ok
test_optional_missing_file_is_unknown (test_inventory.InventoryTests.test_optional_missing_file_is_unknown) ... ok
test_parse_start_ticks_ignores_spaces_in_comm (test_inventory.InventoryTests.test_parse_start_ticks_ignores_spaces_in_comm) ... ok
test_pid_file_probe_on_live_sleep (test_inventory.InventoryTests.test_pid_file_probe_on_live_sleep) ... ok
test_rejects_invalid_process_name_and_pid (test_inventory.InventoryTests.test_rejects_invalid_process_name_and_pid) ... ok
test_remote_identity_accepts_configured_tls_and_trusted_cert_digests (test_target_identity.RemoteTargetIdentityTest.test_remote_identity_accepts_configured_tls_and_trusted_cert_digests) ... ok
test_remote_identity_rejects_changed_tls_material_after_pre (test_target_identity.RemoteTargetIdentityTest.test_remote_identity_rejects_changed_tls_material_after_pre) ... ok
test_remote_identity_rejects_changed_trusted_node_cert_after_pre (test_target_identity.RemoteTargetIdentityTest.test_remote_identity_rejects_changed_trusted_node_cert_after_pre) ... ok
test_remote_identity_rejects_configured_tls_without_digest (test_target_identity.RemoteTargetIdentityTest.test_remote_identity_rejects_configured_tls_without_digest) ... ok
test_remote_identity_rejects_endpoint_mismatch (test_target_identity.RemoteTargetIdentityTest.test_remote_identity_rejects_endpoint_mismatch) ... ok
test_remote_identity_rejects_expected_endpoint_on_wrong_a_host (test_target_identity.RemoteTargetIdentityTest.test_remote_identity_rejects_expected_endpoint_on_wrong_a_host) ... ok
test_remote_identity_rejects_listen_port_mismatch (test_target_identity.RemoteTargetIdentityTest.test_remote_identity_rejects_listen_port_mismatch) ... ok
test_remote_identity_rejects_loopback_cross_worker_endpoint (test_target_identity.RemoteTargetIdentityTest.test_remote_identity_rejects_loopback_cross_worker_endpoint) ... ok
test_remote_identity_rejects_missing_config_digest (test_target_identity.RemoteTargetIdentityTest.test_remote_identity_rejects_missing_config_digest) ... ok
test_remote_identity_rejects_missing_post_identity (test_target_identity.RemoteTargetIdentityTest.test_remote_identity_rejects_missing_post_identity) ... ok
test_remote_identity_rejects_nonwildcard_listen_different_from_served_ip (test_target_identity.RemoteTargetIdentityTest.test_remote_identity_rejects_nonwildcard_listen_different_from_served_ip) ... ok
test_remote_identity_rejects_same_worker_when_cross_required (test_target_identity.RemoteTargetIdentityTest.test_remote_identity_rejects_same_worker_when_cross_required) ... ok
test_remote_identity_rejects_tls_required_empty_material (test_target_identity.RemoteTargetIdentityTest.test_remote_identity_rejects_tls_required_empty_material) ... ok
test_remote_identity_rejects_unstable_process (test_target_identity.RemoteTargetIdentityTest.test_remote_identity_rejects_unstable_process) ... ok
test_remote_identity_rejects_wrong_expected_sha (test_target_identity.RemoteTargetIdentityTest.test_remote_identity_rejects_wrong_expected_sha) ... ok
test_remote_identity_rejects_wrong_pid_listener (test_target_identity.RemoteTargetIdentityTest.test_remote_identity_rejects_wrong_pid_listener) ... ok
test_remote_identity_strict_passes_without_tls (test_target_identity.RemoteTargetIdentityTest.test_remote_identity_strict_passes_without_tls) ... ok
test_backend_mismatch (test_target_identity.TargetIdentityTest.test_backend_mismatch) ... ok
test_ext4_cannot_be_product (test_target_identity.TargetIdentityTest.test_ext4_cannot_be_product) ... ok
test_invalid_mount_json (test_target_identity.TargetIdentityTest.test_invalid_mount_json) ... ok
test_nested_mount (test_target_identity.TargetIdentityTest.test_nested_mount) ... ok
test_no_product_process (test_target_identity.TargetIdentityTest.test_no_product_process) ... ok
test_non_linux (test_target_identity.TargetIdentityTest.test_non_linux) ... ok
test_observed_product (test_target_identity.TargetIdentityTest.test_observed_product) ... ok
test_other_fuse_cannot_be_product (test_target_identity.TargetIdentityTest.test_other_fuse_cannot_be_product) ... ok
test_reference_ext4 (test_target_identity.TargetIdentityTest.test_reference_ext4) ... ok
test_unknown_label (test_target_identity.TargetIdentityTest.test_unknown_label) ... ok
test_wrong_process (test_target_identity.TargetIdentityTest.test_wrong_process) ... ok
test_complete (test_standard_driver.StandardAccountingTest.test_complete) ... ok
test_empty_pass (test_standard_driver.StandardAccountingTest.test_empty_pass) ... ok
test_lost_file (test_standard_driver.StandardAccountingTest.test_lost_file) ... ok
test_lost_subtest (test_standard_driver.StandardAccountingTest.test_lost_subtest) ... ok
test_missing_summary (test_standard_driver.StandardAccountingTest.test_missing_summary) ... ok
test_host_blocks_pass_with_incomplete_worker_artifacts (test_standard_driver.StandardHostRemoteGuardTest.test_host_blocks_pass_with_incomplete_worker_artifacts) ... ok
test_host_malformed_json_emits_blocked_proof (test_standard_driver.StandardHostRemoteGuardTest.test_host_malformed_json_emits_blocked_proof) ... ok
test_host_mirrors_legacy_acceptance_environment_defaults (test_standard_driver.StandardHostRemoteGuardTest.test_host_mirrors_legacy_acceptance_environment_defaults) ... ok
test_host_passes_worker_run_dir_to_suite_and_marks_remote_artifacts (test_standard_driver.StandardHostRemoteGuardTest.test_host_passes_worker_run_dir_to_suite_and_marks_remote_artifacts) ... ok
test_host_preflight_invalid_never_invokes_suite (test_standard_driver.StandardHostRemoteGuardTest.test_host_preflight_invalid_never_invokes_suite) ... ok
test_host_rejects_macos_worker_run_dir (test_standard_driver.StandardHostRemoteGuardTest.test_host_rejects_macos_worker_run_dir) ... ok
test_host_rejects_non_ext4_worker_run_dir_before_suite (test_standard_driver.StandardHostRemoteGuardTest.test_host_rejects_non_ext4_worker_run_dir_before_suite) ... ok
test_host_timeout_emits_blocked_proof (test_standard_driver.StandardHostRemoteGuardTest.test_host_timeout_emits_blocked_proof) ... ok
test_artifact_manifest_excludes_proof_and_hashes_raw_files (test_standard_driver.StandardRemoteIdentityHelpersTest.test_artifact_manifest_excludes_proof_and_hashes_raw_files) ... ok
test_config_path_from_cmdline_accepts_split_and_equals_forms (test_standard_driver.StandardRemoteIdentityHelpersTest.test_config_path_from_cmdline_accepts_split_and_equals_forms) ... ok
test_config_summary_fail_closed_on_partial_tls (test_standard_driver.StandardRemoteIdentityHelpersTest.test_config_summary_fail_closed_on_partial_tls) ... ok
test_config_summary_parses_real_single_quote_toml_and_tls_digests (test_standard_driver.StandardRemoteIdentityHelpersTest.test_config_summary_parses_real_single_quote_toml_and_tls_digests) ... ok
test_parse_expected_process_requires_role_pid_sha (test_standard_driver.StandardRemoteIdentityHelpersTest.test_parse_expected_process_requires_role_pid_sha) ... ok
test_parse_start_ticks_handles_comm_with_spaces (test_standard_driver.StandardRemoteIdentityHelpersTest.test_parse_start_ticks_handles_comm_with_spaces) ... ok
test_run_worker_json_times_out_and_terminates_silent_child (test_standard_driver.StandardRemoteIdentityHelpersTest.test_run_worker_json_times_out_and_terminates_silent_child) ... ok
test_complete_verbose_tap_counts_completed_files_and_todo (test_standard_driver.StandardTapFileProgressTest.test_complete_verbose_tap_counts_completed_files_and_todo) ... ok
test_timeout_between_files_reports_unobserved_without_incomplete_current (test_standard_driver.StandardTapFileProgressTest.test_timeout_between_files_reports_unobserved_without_incomplete_current) ... ok
test_timeout_partial_tap_keeps_unobserved_distinct_from_incomplete (test_standard_driver.StandardTapFileProgressTest.test_timeout_partial_tap_keeps_unobserved_distinct_from_incomplete) ... ok
test_base_dir_outside_mount_blocks (test_fsx_driver.FsxDriverTests.test_base_dir_outside_mount_blocks) ... ok
test_different_replay_failure_signature_is_inconclusive (test_fsx_driver.FsxDriverTests.test_different_replay_failure_signature_is_inconclusive) ... ok
test_failure_is_fail_and_keeps_raw_output (test_fsx_driver.FsxDriverTests.test_failure_is_fail_and_keeps_raw_output) ... ok
test_failure_records_minimal_failing_prefix (test_fsx_driver.FsxDriverTests.test_failure_records_minimal_failing_prefix) ... ok
test_full_seed_cap_is_blocked_not_pass (test_fsx_driver.FsxDriverTests.test_full_seed_cap_is_blocked_not_pass) ... ok
test_full_short_duration_is_blocked_not_pass (test_fsx_driver.FsxDriverTests.test_full_short_duration_is_blocked_not_pass) ... ok
test_readonly_base_dir_blocks (test_fsx_driver.FsxDriverTests.test_readonly_base_dir_blocks) ... ok
test_smoke_pass_records_commands_and_axes (test_fsx_driver.FsxDriverTests.test_smoke_pass_records_commands_and_axes) ... ok
test_timeout_during_prefix_search_is_inconclusive (test_fsx_driver.FsxDriverTests.test_timeout_during_prefix_search_is_inconclusive) ... ok
test_timeout_is_blocked (test_fsx_driver.FsxDriverTests.test_timeout_is_blocked) ... ok
test_unreproduced_minimization_keeps_original_fail (test_fsx_driver.FsxDriverTests.test_unreproduced_minimization_keeps_original_fail) ... ok
test_zero_exit_without_completion_marker_fails (test_fsx_driver.FsxDriverTests.test_zero_exit_without_completion_marker_fails) ... ok
test_applicability_manifest_binding_mismatch_is_rejected (test_ltp_driver.LtpDriverPureTests.test_applicability_manifest_binding_mismatch_is_rejected) ... ok
test_applicability_manifest_raw_command_count_mismatch_is_rejected (test_ltp_driver.LtpDriverPureTests.test_applicability_manifest_raw_command_count_mismatch_is_rejected) ... ok
test_cross_target_scope_still_requires_expected_product_event (test_ltp_driver.LtpDriverPureTests.test_cross_target_scope_still_requires_expected_product_event) ... ok
test_extracts_result_lines_for_subtest_accounting (test_ltp_driver.LtpDriverPureTests.test_extracts_result_lines_for_subtest_accounting) ... ok
test_extracts_source_file_line_from_ltp_events (test_ltp_driver.LtpDriverPureTests.test_extracts_source_file_line_from_ltp_events) ... ok
test_extracts_source_file_line_through_relative_suite_path (test_ltp_driver.LtpDriverPureTests.test_extracts_source_file_line_through_relative_suite_path) ... ok
test_reference_only_missing_events_do_not_block_product_backend_pass (test_ltp_driver.LtpDriverPureTests.test_reference_only_missing_events_do_not_block_product_backend_pass) ... ok
test_reference_only_scope_cannot_waive_product_backend_tconf (test_ltp_driver.LtpDriverPureTests.test_reference_only_scope_cannot_waive_product_backend_tconf) ... ok
test_short_fixture_paths_stay_within_legacy_ltp_budget (test_ltp_driver.LtpDriverPureTests.test_short_fixture_paths_stay_within_legacy_ltp_budget) ... ok
test_tfail_remains_blocking_even_with_applicability_enabled (test_ltp_driver.LtpDriverPureTests.test_tfail_remains_blocking_even_with_applicability_enabled) ... ok
test_all_pass_can_pass_smoke (test_ltp_driver.LtpDriverTests.test_all_pass_can_pass_smoke) ... ok
test_applicability_manifest_fails_closed_on_unmatched_event (test_ltp_driver.LtpDriverTests.test_applicability_manifest_fails_closed_on_unmatched_event) ... ok
test_applicability_manifest_fails_closed_when_expected_event_disappears (test_ltp_driver.LtpDriverTests.test_applicability_manifest_fails_closed_when_expected_event_disappears) ... ok
test_applicability_manifest_pre_reviews_tconf_without_changing_raw_counts (test_ltp_driver.LtpDriverTests.test_applicability_manifest_pre_reviews_tconf_without_changing_raw_counts) ... ok
test_applicability_manifest_requires_ordinary_tpass_when_requested (test_ltp_driver.LtpDriverTests.test_applicability_manifest_requires_ordinary_tpass_when_requested) ... ok
test_failure_is_fail_and_keeps_raw_output (test_ltp_driver.LtpDriverTests.test_failure_is_fail_and_keeps_raw_output) ... ok
test_fake_product_label_on_ext4_is_blocked (test_ltp_driver.LtpDriverTests.test_fake_product_label_on_ext4_is_blocked) ... ok
test_full_cap_is_blocked_not_pass (test_ltp_driver.LtpDriverTests.test_full_cap_is_blocked_not_pass) ... ok
test_tconf_blocks_uncurated_acceptance (test_ltp_driver.LtpDriverTests.test_tconf_blocks_uncurated_acceptance) ... ok
test_timeout_is_blocked_and_counted (test_ltp_driver.LtpDriverTests.test_timeout_is_blocked_and_counted) ... ok
test_cleanup_error_is_inconclusive_not_pass (test_random_fs_driver.RandomFsDriverTests.test_cleanup_error_is_inconclusive_not_pass) ... ok
test_failure_preserves_raw_prefix (test_random_fs_driver.RandomFsDriverTests.test_failure_preserves_raw_prefix) ... FAIL
test_full_reference_fixture_is_blocked (test_random_fs_driver.RandomFsDriverTests.test_full_reference_fixture_is_blocked) ... FAIL
test_full_with_cap_is_blocked_not_pass (test_random_fs_driver.RandomFsDriverTests.test_full_with_cap_is_blocked_not_pass) ... FAIL
test_missing_backend_blocks (test_random_fs_driver.RandomFsDriverTests.test_missing_backend_blocks) ... ok
test_product_backend_on_ext4_is_blocked_even_with_fixture_override (test_random_fs_driver.RandomFsDriverTests.test_product_backend_on_ext4_is_blocked_even_with_fixture_override) ... ok
test_product_backend_on_ext4_is_blocked_without_fixture_override (test_random_fs_driver.RandomFsDriverTests.test_product_backend_on_ext4_is_blocked_without_fixture_override) ... ok
test_product_backend_with_mismatched_pids_is_blocked (test_random_fs_driver.RandomFsDriverTests.test_product_backend_with_mismatched_pids_is_blocked) ... ok
test_smoke_pass_records_trace_and_accounting (test_random_fs_driver.RandomFsDriverTests.test_smoke_pass_records_trace_and_accounting) ... ok
test_timeout_is_inconclusive_not_pass (test_random_fs_driver.RandomFsDriverTests.test_timeout_is_inconclusive_not_pass) ... ok
test_wrong_reference_filesystem_is_blocked (test_random_fs_driver.RandomFsDriverTests.test_wrong_reference_filesystem_is_blocked) ... ok
test_blocked_proof_keeps_requested_identity (test_deploy_driver.DeployDriverTests.test_blocked_proof_keeps_requested_identity) ... ok
test_dep02_is_blocked_in_single_node_driver (test_deploy_driver.DeployDriverTests.test_dep02_is_blocked_in_single_node_driver) ... ok
test_full_profile_is_blocked_until_full_matrix_driver_exists (test_deploy_driver.DeployDriverTests.test_full_profile_is_blocked_until_full_matrix_driver_exists) ... ok
test_missing_package_is_blocked_not_pass (test_deploy_driver.DeployDriverTests.test_missing_package_is_blocked_not_pass) ... ok
test_unknown_case_is_blocked (test_deploy_driver.DeployDriverTests.test_unknown_case_is_blocked) ... ok

======================================================================
FAIL: test_failure_preserves_raw_prefix (test_random_fs_driver.RandomFsDriverTests.test_failure_preserves_raw_prefix)
----------------------------------------------------------------------
Traceback (most recent call last):
  File "/tmp/afs-environment-v66/candidate/test_random_fs_driver.py", line 97, in test_failure_preserves_raw_prefix
    self.assertTrue(first_failure["mismatch"]["minimized"])
AssertionError: False is not true

======================================================================
FAIL: test_full_reference_fixture_is_blocked (test_random_fs_driver.RandomFsDriverTests.test_full_reference_fixture_is_blocked)
----------------------------------------------------------------------
Traceback (most recent call last):
  File "/tmp/afs-environment-v66/candidate/test_random_fs_driver.py", line 140, in test_full_reference_fixture_is_blocked
    self.assertTrue(any(c["name"] == "hypothesis-shrink-database" and c["status"] == "PASS" for c in proof["checks"]))
AssertionError: False is not true

======================================================================
FAIL: test_full_with_cap_is_blocked_not_pass (test_random_fs_driver.RandomFsDriverTests.test_full_with_cap_is_blocked_not_pass)
----------------------------------------------------------------------
Traceback (most recent call last):
  File "/tmp/afs-environment-v66/candidate/test_random_fs_driver.py", line 90, in test_full_with_cap_is_blocked_not_pass
    self.assertIn("10 fixed seeds", proof["reason"])
AssertionError: '10 fixed seeds' not found in 'STD-04 preflight failed'

----------------------------------------------------------------------
Ran 148 tests in 97.631s

FAILED (failures=3)
