test_full_flags_and_four_hashes_without_environment_cannot_pass (test_runner.RunnerTests.test_full_flags_and_four_hashes_without_environment_cannot_pass) ... ok
test_changed_actual_contract_cannot_pass_with_old_contract_hash (test_runner.RunnerTests.test_changed_actual_contract_cannot_pass_with_old_contract_hash) ... ok
test_missing_actual_contract_blocks_full_but_not_local_smoke (test_runner.RunnerTests.test_missing_actual_contract_blocks_full_but_not_local_smoke) ... ok
test_contract_provenance_commit_does_not_replace_actual_contract_digest (test_runner.RunnerTests.test_contract_provenance_commit_does_not_replace_actual_contract_digest) ... ok
test_actual_like_bundle_is_blocked_by_deferred_semantics_and_missing_initial (test_environment.EnvironmentEvaluatorTests.test_actual_like_bundle_is_blocked_by_deferred_semantics_and_missing_initial) ... ok
test_bad_artifact_references_are_invalid_input (test_environment.EnvironmentEvaluatorTests.test_bad_artifact_references_are_invalid_input) ... ok
test_cli_guard_adds_blocked_on_non_linux_arm64 (test_environment.EnvironmentEvaluatorTests.test_cli_guard_adds_blocked_on_non_linux_arm64) ... ok
test_contract_hashes_actual_referenced_file (test_environment.EnvironmentEvaluatorTests.test_contract_hashes_actual_referenced_file) ... ok
test_contract_path_escape_returns_blocker_without_exception (test_environment.EnvironmentEvaluatorTests.test_contract_path_escape_returns_blocker_without_exception) ... ok
test_failed_probes_and_wrong_volume_or_image_cannot_record_pass (test_environment.EnvironmentEvaluatorTests.test_failed_probes_and_wrong_volume_or_image_cannot_record_pass) ... ok
test_generic_receipts_do_not_make_environment_pass (test_environment.EnvironmentEvaluatorTests.test_generic_receipts_do_not_make_environment_pass) ... ok
test_host_uses_hash_bound_json_not_lock (test_environment.EnvironmentEvaluatorTests.test_host_uses_hash_bound_json_not_lock) ... ok
test_low_data_reserve_blocks_and_preserves_dead_fuse_context (test_environment.EnvironmentEvaluatorTests.test_low_data_reserve_blocks_and_preserves_dead_fuse_context) ... ok
test_mismatched_guest_identity_is_fail (test_environment.EnvironmentEvaluatorTests.test_mismatched_guest_identity_is_fail) ... ok
test_missing_memtotal_is_blocked_not_pass (test_environment.EnvironmentEvaluatorTests.test_missing_memtotal_is_blocked_not_pass) ... ok
test_nested_malformed_evidence_returns_blockers_without_exception (test_environment.EnvironmentEvaluatorTests.test_nested_malformed_evidence_returns_blockers_without_exception) ... ok
test_qualification_errors_malformed_and_tampered_paths (test_environment.EnvironmentEvaluatorTests.test_qualification_errors_malformed_and_tampered_paths) ... ok
test_wrong_actual_image_is_fail_even_if_lock_correct (test_environment.EnvironmentEvaluatorTests.test_wrong_actual_image_is_fail_even_if_lock_correct) ... ok

----------------------------------------------------------------------
Ran 18 tests in 0.094s

OK
