ENV-01	environment	environment	driver=TODO	active=True
STD-01	standard-suite	ext4baseline	driver=TODO	active=True
STD-02	standard-suite	ext4baseline	driver=TODO	active=True
STD-03	standard-suite	ext4baseline	driver=TODO	active=True
STD-04	standard-suite	ext4baseline	driver=TODO	active=True
STD-05	standard-suite	ext4baseline	driver=TODO	active=True
FUN-01	functional	short	driver=TODO	active=True
FUN-02	functional	semantic	driver=TODO	active=True
FUN-03	functional	short	driver=TODO	active=True
FUN-04	functional	semantic	driver=TODO	active=True
FUN-05	functional	semantic	driver=TODO	active=True
FUN-06	functional	semantic	driver=TODO	active=True
FUN-07	functional	semantic	driver=TODO	active=True
FUN-08	functional	semantic	driver=TODO	active=True
FUN-09	functional	semantic	driver=TODO	active=True
FUN-10	functional	semantic	driver=TODO	active=True
FUN-11	functional	semantic	driver=TODO	active=True
FUN-12	functional	semantic	driver=TODO	active=True
FUN-13	functional	short	driver=TODO	active=True
DIST-01	distributed	distributed	driver=TODO	active=True
DIST-02	distributed	distributed	driver=TODO	active=True
DIST-03	distributed	distributed	driver=TODO	active=True
DIST-04	distributed	distributed	driver=TODO	active=True
DIST-05	distributed	distributed	driver=TODO	active=True
DIST-06	distributed	distributed	driver=TODO	active=True
DIST-07	distributed	distributed	driver=TODO	active=True
DIST-08	distributed	distributed	driver=TODO	active=True
PERF-01	performance	perf	driver=TODO	active=True
PERF-02	performance	perf	driver=TODO	active=True
PERF-03	performance	perf	driver=TODO	active=True
PERF-04	performance	perf	driver=TODO	active=True
PERF-05	performance	perf	driver=TODO	active=True
PERF-06	performance	perf	driver=TODO	active=True
PERF-07	performance	perf	driver=TODO	active=True
PERF-08	performance	perf	driver=TODO	active=True
REL-01	reliability	fault	driver=TODO	active=True
REL-02	reliability	fault	driver=TODO	active=True
REL-03	reliability	fault	driver=TODO	active=True
REL-04	reliability	fault	driver=TODO	active=True
REL-05	reliability	fault	driver=TODO	active=True
REL-06	reliability	fault	driver=TODO	active=True
REL-07	reliability	fault	driver=TODO	active=True
REL-08	reliability	fault	driver=TODO	active=True
REL-09	reliability	fault	driver=TODO	active=True
REL-10	reliability	fault	driver=TODO	active=True
REL-11	reliability	fault	driver=TODO	active=True
REL-12	reliability	fault	driver=TODO	active=True
REL-13	reliability	fault	driver=TODO	active=True
REL-14	reliability	full	driver=TODO	active=True
RDMA-01	rdma	environment	driver=TODO	active=True
RDMA-02	rdma	distributed	driver=TODO	active=True
RDMA-03	rdma	fault	driver=TODO	active=True
RDMA-04	rdma	fault	driver=TODO	active=True
RDMA-05	rdma	fault	driver=TODO	active=True
OPS-01	operations	semantic	driver=TODO	active=True
OPS-02	operations	semantic	driver=TODO	active=True
OPS-03	operations	semantic	driver=TODO	active=True
OPS-04	operations	semantic	driver=TODO	active=True
OPS-05	operations	semantic	driver=TODO	active=True
OPS-06	operations	environment	driver=TODO	active=True
OPS-07	operations	distributed	driver=TODO	active=True
DEP-01	deployment	short	driver=TODO	active=True
DEP-02	deployment	short	driver=TODO	active=True
DEP-03	deployment	full	driver=TODO	active=True
DEP-04	deployment	full	driver=TODO	active=True
DEP-05	deployment	full	driver=TODO	active=True
DEP-06	deployment	full	driver=TODO	active=True
DEP-07	deployment	full	driver=TODO	active=True
DEP-08	deployment	full	driver=TODO	active=True
