{
  "run_dir": "/tmp/afs-environment-v66/entry-results/preparing-smoke",
  "summary": {
    "case_coverage": {
      "ENV-01": {
        "driver_axis_coverage": {},
        "driver_owned_axes": {
          "topology": [
            "ctl",
            "A",
            "B",
            "C"
          ]
        },
        "expected": {
          "backends": [
            "OwnerFs",
            "DFS"
          ],
          "meta": [
            "etcd",
            "Redis"
          ],
          "topology": [
            "ctl",
            "A",
            "B",
            "C"
          ],
          "transport": [
            "TCP",
            "RXE"
          ]
        },
        "full_matrix_covered": false,
        "full_profile_lock_ready": false,
        "linux_arm64": true,
        "missing_full_coverage": {
          "topology": [
            "A",
            "B",
            "C",
            "ctl"
          ]
        },
        "profile": "smoke",
        "selected": {
          "backends": [
            "OwnerFs",
            "DFS"
          ],
          "meta": [
            "etcd",
            "Redis"
          ],
          "topology": [],
          "transport": [
            "TCP",
            "RXE"
          ]
        },
        "smoke_is_release_gate": false
      }
    },
    "full_release_gate_pass": false,
    "missing_active_case_ids": [
      "DEP-01",
      "DEP-02",
      "DEP-03",
      "DEP-04",
      "DEP-05",
      "DEP-06",
      "DEP-07",
      "DEP-08",
      "DIST-01",
      "DIST-02",
      "DIST-03",
      "DIST-04",
      "DIST-05",
      "DIST-06",
      "DIST-07",
      "DIST-08",
      "FUN-01",
      "FUN-02",
      "FUN-03",
      "FUN-04",
      "FUN-05",
      "FUN-06",
      "FUN-07",
      "FUN-08",
      "FUN-09",
      "FUN-10",
      "FUN-11",
      "FUN-12",
      "FUN-13",
      "OPS-01",
      "OPS-02",
      "OPS-03",
      "OPS-04",
      "OPS-05",
      "OPS-06",
      "OPS-07",
      "PERF-01",
      "PERF-02",
      "PERF-03",
      "PERF-04",
      "PERF-05",
      "PERF-06",
      "PERF-07",
      "PERF-08",
      "RDMA-01",
      "RDMA-02",
      "RDMA-03",
      "RDMA-04",
      "RDMA-05",
      "REL-01",
      "REL-02",
      "REL-03",
      "REL-04",
      "REL-05",
      "REL-06",
      "REL-07",
      "REL-08",
      "REL-09",
      "REL-10",
      "REL-11",
      "REL-12",
      "REL-13",
      "REL-14",
      "STD-01",
      "STD-02",
      "STD-03",
      "STD-04",
      "STD-05"
    ],
    "required_active_case_count": 69,
    "result_counts": {
      "BLOCKED": 8,
      "EXCLUDED": 0,
      "FAIL": 0,
      "INCONCLUSIVE": 0,
      "PASS": 0
    },
    "selected_active_case_count": 1,
    "smoke_is_release_gate": false,
    "status": "BLOCKED"
  }
}
