   Compiling afs-protocol v0.1.0 (/home/lzc.guest/afs-build/work/owner-rdma-v71/common/protocol)
    Checking afs-transport v0.1.0 (/home/lzc.guest/afs-build/work/owner-rdma-v71/common/transport)
    Checking afs v0.1.0 (/home/lzc.guest/afs-build/work/owner-rdma-v71)
warning: unused import: `DataPlane`
  --> src/node/rpc/data.rs:29:5
   |
29 |     DataPlane, DataReadReply, DataReadRequest, DataTransfer, DataWriteReply, DataWriteRequest,
   |     ^^^^^^^^^
   |
   = note: `#[warn(unused_imports)]` (part of `#[warn(unused)]`) on by default

warning: method `quarantined_chunks` is never used
   --> src/node/chunk.rs:589:19
    |
263 | impl LocalChunkStore {
    | -------------------- method in this implementation
...
589 |     pub(crate) fn quarantined_chunks(&self) -> Result<Vec<LocalChunkRecord>> {
    |                   ^^^^^^^^^^^^^^^^^^
    |
    = note: `#[warn(dead_code)]` (part of `#[warn(unused)]`) on by default

warning: `afs` (lib) generated 2 warnings (run `cargo fix --lib -p afs` to apply 1 suggestion)
    Finished `dev` profile [unoptimized + debuginfo] target(s) in 3.27s
