    Checking afs v0.1.0 (/home/lzc.guest/afs-build/work/owner-rdma-v71)
warning: method `quarantined_chunks` is never used
   --> src/node/chunk.rs:589:19
    |
263 | impl LocalChunkStore {
    | -------------------- method in this implementation
...
589 |     pub(crate) fn quarantined_chunks(&self) -> Result<Vec<LocalChunkRecord>> {
    |                   ^^^^^^^^^^^^^^^^^^
    |
    = note: `#[warn(dead_code)]` (part of `#[warn(unused)]`) on by default

warning: fields `session_id` and `close` are never read
    --> src/node/rpc/peer.rs:2334:5
     |
2331 | struct OwnerRdmaWindow {
     |        --------------- fields in this struct
...
2334 |     session_id: u64,
     |     ^^^^^^^^^^
2335 |     close: OwnerRdmaCloseGuard,
     |     ^^^^^

warning: fields `control`, `access`, `session_id`, `timeout`, and `armed` are never read
    --> src/node/rpc/peer.rs:2340:5
     |
2339 | struct OwnerRdmaCloseGuard {
     |        ------------------- fields in this struct
2340 |     control: afs_protocol::node_control::node_control_client::NodeControlClient<Channel>,
     |     ^^^^^^^
2341 |     access: RootAccess,
     |     ^^^^^^
2342 |     session_id: u64,
     |     ^^^^^^^^^^
2343 |     timeout: Duration,
     |     ^^^^^^^
2344 |     armed: bool,
     |     ^^^^^

warning: function `rdma_plane` is never used
    --> src/node/rpc/peer.rs:3849:4
     |
3849 | fn rdma_plane(session_id: u64) -> DataPlane {
     |    ^^^^^^^^^^

warning: `afs` (lib) generated 4 warnings
    Finished `dev` profile [unoptimized + debuginfo] target(s) in 1.90s
