test_coordinator_fail_closed_on_missing_peer_wrong_round_or_failed_done (test_dfs_manyread_small.DfsManyReadSmallGuardTests.test_coordinator_fail_closed_on_missing_peer_wrong_round_or_failed_done) ... FAIL
test_coordinator_records_ctl_clock_boundaries_with_real_stdio_process (test_dfs_manyread_small.DfsManyReadSmallGuardTests.test_coordinator_records_ctl_clock_boundaries_with_real_stdio_process) ... ok
test_existing_output_sentinel_is_not_overwritten (test_dfs_manyread_small.DfsManyReadSmallGuardTests.test_existing_output_sentinel_is_not_overwritten) ... ok
test_foreign_fuse_mount_is_rejected (test_dfs_manyread_small.DfsManyReadSmallGuardTests.test_foreign_fuse_mount_is_rejected) ... ok
test_io_result_rejects_failed_c_or_short_read (test_dfs_manyread_small.DfsManyReadSmallGuardTests.test_io_result_rejects_failed_c_or_short_read) ... ok
test_json_line_reader_times_out_on_partial_line_and_keeps_buffer (test_dfs_manyread_small.DfsManyReadSmallGuardTests.test_json_line_reader_times_out_on_partial_line_and_keeps_buffer) ... ok
test_manifest_shape_and_sha_are_checked (test_dfs_manyread_small.DfsManyReadSmallGuardTests.test_manifest_shape_and_sha_are_checked) ... ok
test_missing_or_bad_manifest_is_rejected (test_dfs_manyread_small.DfsManyReadSmallGuardTests.test_missing_or_bad_manifest_is_rejected) ... ok
test_missing_rounds_do_not_record_data (test_dfs_manyread_small.DfsManyReadSmallGuardTests.test_missing_rounds_do_not_record_data) ... ok
test_output_existing_is_rejected (test_dfs_manyread_small.DfsManyReadSmallGuardTests.test_output_existing_is_rejected) ... ok
test_ready_pair_requires_exact_two_unique_readers (test_dfs_manyread_small.DfsManyReadSmallGuardTests.test_ready_pair_requires_exact_two_unique_readers) ... ok
test_run_io_timeout_and_nonzero_child_fail_closed (test_dfs_manyread_small.DfsManyReadSmallGuardTests.test_run_io_timeout_and_nonzero_child_fail_closed) ... ok
test_start_event_rejects_wrong_reader_round_or_session (test_dfs_manyread_small.DfsManyReadSmallGuardTests.test_start_event_rejects_wrong_reader_round_or_session) ... ok
test_sync_status_requires_measurement_rounds_and_final_eof (test_dfs_manyread_small.DfsManyReadSmallGuardTests.test_sync_status_requires_measurement_rounds_and_final_eof) ... ok

======================================================================
FAIL: test_coordinator_fail_closed_on_missing_peer_wrong_round_or_failed_done (test_dfs_manyread_small.DfsManyReadSmallGuardTests.test_coordinator_fail_closed_on_missing_peer_wrong_round_or_failed_done)
----------------------------------------------------------------------
Traceback (most recent call last):
  File "/var/tmp/afs-dfs-sync-tools-20261007-r1/test_dfs_manyread_small.py", line 250, in test_coordinator_fail_closed_on_missing_peer_wrong_round_or_failed_done
    self.assertIn(expected, summary["error"])
AssertionError: 'timeout' not found in 'ValueError("expected HELLO, got \'READY\'")'

----------------------------------------------------------------------
Ran 14 tests in 0.332s

FAILED (failures=1)
