bash: line 1: cd: /Users/lzc/workspace/code/agentruntime/rust-distributed-memory-store/source: No such file or directory
bash: line 1: cd: /Users/lzc: No such file or directory
test_append_offset_status_preserves_wrong_offset_failure (development.acceptance.test_native_workspace.EvidenceGuards.test_append_offset_status_preserves_wrong_offset_failure) ... ok
test_concurrent_append_status_rejects_duplicates_and_missing_records (development.acceptance.test_native_workspace.EvidenceGuards.test_concurrent_append_status_rejects_duplicates_and_missing_records) ... ok
test_concurrent_offset_correlation_checks_actual_record_end (development.acceptance.test_native_workspace.EvidenceGuards.test_concurrent_offset_correlation_checks_actual_record_end) ... ERROR
test_concurrent_offset_correlation_rejects_missing_rows_and_duplicates (development.acceptance.test_native_workspace.EvidenceGuards.test_concurrent_offset_correlation_rejects_missing_rows_and_duplicates) ... ok
test_control_artifacts_do_not_multiply_permission_denials (development.acceptance.test_native_workspace.EvidenceGuards.test_control_artifacts_do_not_multiply_permission_denials) ... ok
test_final_claim_rejects_wrong_namespace_source_and_flags (development.acceptance.test_native_workspace.EvidenceGuards.test_final_claim_rejects_wrong_namespace_source_and_flags) ... ok
test_lock_probe_preserves_descriptor_path (development.acceptance.test_native_workspace.EvidenceGuards.test_lock_probe_preserves_descriptor_path) ... ok
test_size_and_content_required (development.acceptance.test_native_workspace.EvidenceGuards.test_size_and_content_required) ... ok

======================================================================
ERROR: test_concurrent_offset_correlation_checks_actual_record_end (development.acceptance.test_native_workspace.EvidenceGuards.test_concurrent_offset_correlation_checks_actual_record_end)
----------------------------------------------------------------------
Traceback (most recent call last):
  File "/var/tmp/afs-managed-append-20261007-r8/tools/development/acceptance/test_native_workspace.py", line 102, in test_concurrent_offset_correlation_checks_actual_record_end
    self.assertEqual(status['mismatches'][0]['line'], 'primary:00:native-mixed-append')
                     ~~~~~~~~~~~~~~~~~~~~~~~^^^^^^^^
KeyError: 'line'

----------------------------------------------------------------------
Ran 8 tests in 0.022s

FAILED (errors=1)
