E
======================================================================
ERROR: test_permission_denial_does_not_stat_an_inaccessible_parent (development.acceptance.probes.test_workspace_host.WorkspaceHostGuards.test_permission_denial_does_not_stat_an_inaccessible_parent)
----------------------------------------------------------------------
Traceback (most recent call last):
  File "/workspace/dms/source/development/acceptance/probes/test_workspace_host.py", line 45, in test_permission_denial_does_not_stat_an_inaccessible_parent
    value = workspace_host.do_deny(Path("/private/denied-sentinel"))
            ^^^^^^^^^^^^^^^^^^^^^^^^^^^^^^^^^^^^^^^^^^^^^^^^^^^^^^^^
  File "/workspace/dms/source/development/acceptance/probes/workspace_host.py", line 148, in do_deny
    "created": path.exists(),
               ^^^^^^^^^^^^^
  File "/usr/lib/python3.12/unittest/mock.py", line 1134, in __call__
    return self._mock_call(*args, **kwargs)
           ^^^^^^^^^^^^^^^^^^^^^^^^^^^^^^^^
  File "/usr/lib/python3.12/unittest/mock.py", line 1138, in _mock_call
    return self._execute_mock_call(*args, **kwargs)
           ^^^^^^^^^^^^^^^^^^^^^^^^^^^^^^^^^^^^^^^^
  File "/usr/lib/python3.12/unittest/mock.py", line 1193, in _execute_mock_call
    raise effect
  File "/workspace/dms/source/development/acceptance/probes/workspace_host.py", line 140, in do_deny
    fd = os.open(path, os.O_WRONLY | os.O_CREAT | os.O_EXCL, 0o600)
         ^^^^^^^^^^^^^^^^^^^^^^^^^^^^^^^^^^^^^^^^^^^^^^^^^^^^^^^^^^
  File "/usr/lib/python3.12/unittest/mock.py", line 1134, in __call__
    return self._mock_call(*args, **kwargs)
           ^^^^^^^^^^^^^^^^^^^^^^^^^^^^^^^^
  File "/usr/lib/python3.12/unittest/mock.py", line 1138, in _mock_call
    return self._execute_mock_call(*args, **kwargs)
           ^^^^^^^^^^^^^^^^^^^^^^^^^^^^^^^^^^^^^^^^
  File "/usr/lib/python3.12/unittest/mock.py", line 1193, in _execute_mock_call
    raise effect
PermissionError: [Errno 13] permission denied

----------------------------------------------------------------------
Ran 1 test in 0.002s

FAILED (errors=1)
