usage: workspace-host-linux.py [-h] --root ROOT --out OUT --transport
                               TRANSPORT --package PACKAGE --inputs INPUTS
                               --package-sha256 PACKAGE_SHA256 --source-commit
                               SOURCE_COMMIT --afs-meta-sha256 AFS_META_SHA256
                               --afs-node-sha256 AFS_NODE_SHA256
                               --inputs-sha256 INPUTS_SHA256
                               [--protect-binary PROTECT_BINARY]

One installed Linux Node host bind case; no container or runtime dependency.

options:
  -h, --help            show this help message and exit
  --root ROOT
  --out OUT
  --transport TRANSPORT
  --package PACKAGE
  --inputs INPUTS
  --package-sha256 PACKAGE_SHA256
  --source-commit SOURCE_COMMIT
  --afs-meta-sha256 AFS_META_SHA256
  --afs-node-sha256 AFS_NODE_SHA256
  --inputs-sha256 INPUTS_SHA256
  --protect-binary PROTECT_BINARY
Linux syntax and actual CLI PASS
