bash: line 1: cd: /Users/lzc/workspace/code/agentruntime/rust-distributed-memory-store: No such file or directory
bash: line 1: cd: /Users/lzc: No such file or directory
ownerfs stopped exit_code=0
meta stopped exit_code=0
{"service":"meta","state":"stopped","pid":"","config":"/opt/afs-hostbind-93169c8-r1/etc/meta.toml","log":"/opt/afs-hostbind-93169c8-r1/log/meta.log","exit_code":"0"}
{"service":"node","state":"stopped","pid":"","config":"/opt/afs-hostbind-93169c8-r1/etc/node.toml","log":"/opt/afs-hostbind-93169c8-r1/log/node.log","exit_code":"0"}
/opt/afs-hostbind-93169c8-r1/state
/opt/afs-hostbind-93169c8-r1/state/meta
/opt/afs-hostbind-93169c8-r1/state/meta/meta-store
/opt/afs-hostbind-93169c8-r1/state/meta/meta-store/LOCK
/opt/afs-hostbind-93169c8-r1/state/meta/meta-store/wal
/opt/afs-hostbind-93169c8-r1/state/node
/opt/afs-hostbind-93169c8-r1/state/node/.afs-internal-health
/opt/afs-hostbind-93169c8-r1/state/node/diagnostics
/opt/afs-hostbind-93169c8-r1/state/node/ownerfs
/opt/afs-hostbind-93169c8-r1/state/node/ownerfs/.ownerfs-root-catalog.lock
/opt/afs-hostbind-93169c8-r1/state/node/ownerfs/.ownerfs-roots
/opt/afs-hostbind-93169c8-r1/state/node/ownerfs/.ownerfs-roots/root-776f726b7370616365.json
/opt/afs-hostbind-93169c8-r1/state/node/ownerfs/root-776f726b7370616365-e1
/opt/afs-hostbind-93169c8-r1/state/node/ownerfs/root-776f726b7370616365-e1/off-seed
