test_appended_eof_byte_fails_read (test_dfs_unique_io.DfsUniqueIoQualificationTests.test_appended_eof_byte_fails_read) ... ok
test_generation_mismatch_and_corruption_reject_without_success_json (test_dfs_unique_io.DfsUniqueIoQualificationTests.test_generation_mismatch_and_corruption_reject_without_success_json) ... ok
test_invalid_cli_fails (test_dfs_unique_io.DfsUniqueIoQualificationTests.test_invalid_cli_fails) ... ok
test_invalid_generation_fails_before_file_creation (test_dfs_unique_io.DfsUniqueIoQualificationTests.test_invalid_generation_fails_before_file_creation) ... ok
test_single_byte_corruption_fails_read (test_dfs_unique_io.DfsUniqueIoQualificationTests.test_single_byte_corruption_fails_read) ... ok
test_six_generations_have_distinct_physical_contents_and_correct_readback (test_dfs_unique_io.DfsUniqueIoQualificationTests.test_six_generations_have_distinct_physical_contents_and_correct_readback) ... ok
test_write_and_read_emit_compatible_shape_and_expected_unique_content (test_dfs_unique_io.DfsUniqueIoQualificationTests.test_write_and_read_emit_compatible_shape_and_expected_unique_content) ... ok
test_write_existing_fails_without_overwrite (test_dfs_unique_io.DfsUniqueIoQualificationTests.test_write_existing_fails_without_overwrite) ... ok
test_failed_corrupt_or_false_timer_cannot_score (test_dfs_r3_write_small.WriteSmallGuards.test_failed_corrupt_or_false_timer_cannot_score) ... ok
test_failed_post_write_verification_cannot_report_pass (test_dfs_r3_write_small.WriteSmallGuards.test_failed_post_write_verification_cannot_report_pass) ... ok
test_generation_distinct_across_sixteen_chunks_and_six_rounds (test_dfs_r3_write_small.WriteSmallGuards.test_generation_distinct_across_sixteen_chunks_and_six_rounds) ... ok
test_malformed_round_generation_and_identity_rejected (test_dfs_r3_write_small.WriteSmallGuards.test_malformed_round_generation_and_identity_rejected) ... FAIL
test_read_check_uses_manifest_generation_and_never_claims_performance (test_dfs_r3_write_small.WriteSmallGuards.test_read_check_uses_manifest_generation_and_never_claims_performance) ... ok
test_six_round_index_generation_warmup_and_manifest_match (test_dfs_r3_write_small.WriteSmallGuards.test_six_round_index_generation_warmup_and_manifest_match) ... ok
test_write_round_uses_generation_path_and_verifies_content (test_dfs_r3_write_small.WriteSmallGuards.test_write_round_uses_generation_path_and_verifies_content) ... ok

======================================================================
FAIL: test_malformed_round_generation_and_identity_rejected (test_dfs_r3_write_small.WriteSmallGuards.test_malformed_round_generation_and_identity_rejected)
----------------------------------------------------------------------
ValueError: invalid candidate: product_source_commit

During handling of the above exception, another exception occurred:

Traceback (most recent call last):
  File "/var/tmp/dfs-r3-write-7e6-20261007-r1/test_dfs_r3_write_small.py", line 66, in test_malformed_round_generation_and_identity_rejected
    with self.assertRaisesRegex(ValueError, 'identity'):
AssertionError: "identity" does not match "invalid candidate: product_source_commit"

----------------------------------------------------------------------
Ran 15 tests in 7.970s

FAILED (failures=1)
