   Compiling afs-protocol v0.1.0 (/home/lzc.guest/afs-build/work/rdma-admission-v74-r2/common/protocol)
    Checking afs-metrics v0.1.0 (/home/lzc.guest/afs-build/work/rdma-admission-v74-r2/common/metrics)
   Compiling afs-transport v0.1.0 (/home/lzc.guest/afs-build/work/rdma-admission-v74-r2/common/transport)
    Checking afs-tracing v0.1.0 (/home/lzc.guest/afs-build/work/rdma-admission-v74-r2/common/tracing)
    Checking afs-error v0.1.0 (/home/lzc.guest/afs-build/work/rdma-admission-v74-r2/common/error)
    Checking fuser v0.16.0 (/home/lzc.guest/afs-build/work/rdma-admission-v74-r2/third_party/fuser)
    Checking afs-logging v0.1.0 (/home/lzc.guest/afs-build/work/rdma-admission-v74-r2/common/logging)
    Checking afs v0.1.0 (/home/lzc.guest/afs-build/work/rdma-admission-v74-r2)
warning: method `quarantined_chunks` is never used
   --> src/node/chunk.rs:589:19
    |
263 | impl LocalChunkStore {
    | -------------------- method in this implementation
...
589 |     pub(crate) fn quarantined_chunks(&self) -> Result<Vec<LocalChunkRecord>> {
    |                   ^^^^^^^^^^^^^^^^^^
    |
    = note: `#[warn(dead_code)]` (part of `#[warn(unused)]`) on by default

warning: `afs` (lib) generated 1 warning
    Finished `dev` profile [unoptimized + debuginfo] target(s) in 3.94s
