    Finished `release` profile [optimized] target(s) in 0.09s
     Running unittests src/lib.rs (/var/tmp/afs-e2e-release-20261006-r1/target/release/deps/afs-993fcb88fd9e56b2)

running 20 tests
test node::vfs::ownerfs::native_home::regression_tests::native_home_anchor_does_not_authorize_child_open_or_data_after_revoke ... ok
test node::vfs::ownerfs::native_home::regression_tests::duplicate_native_home_authority_rejects_changed_source_while_first_is_held ... ok
test node::vfs::ownerfs::native_home::regression_tests::duplicate_native_home_authority_preserves_older_anchor_after_newer_drop ... ok
test node::vfs::ownerfs::native_home::regression_tests::native_home_anchor_does_not_authorize_directory_data_after_revoke ... ok
test node::vfs::ownerfs::native_home::regression_tests::native_home_anchor_ignores_non_root_parent_and_unknown_inode ... ok
test node::vfs::ownerfs::native_home::regression_tests::native_home_authority_rejects_each_stored_grant_field_mutation ... ok
test node::vfs::ownerfs::native_home::regression_tests::native_home_authority_rejects_private_context_mutations ... ok
test node::vfs::ownerfs::native_home::regression_tests::native_home_getattr_inode_none_on_open_unlinked_file_fails_after_revoke ... ok
test node::vfs::ownerfs::native_home::regression_tests::ordinary_getattr_inode_none_on_open_unlinked_file_keeps_existing_metadata_behavior ... ok
test node::vfs::ownerfs::native_home_tests::native_home_authority_exports_thread_namespace_and_cloned_source_descriptor ... ok
test node::vfs::ownerfs::native_home_tests::native_home_anchor_covers_only_root_metadata_until_authority_drops ... ok
test node::vfs::ownerfs::native_home_tests::native_home_authority_fails_closed_after_source_replacement ... ok
test node::vfs::ownerfs::native_home_tests::native_home_authority_fails_closed_after_revoke_and_invalidate ... ok
test node::vfs::ownerfs::native_home_tests::native_home_eligible_instance_uses_zero_ttl_from_first_reply ... ok
test node::vfs::ownerfs::native_home_tests::native_home_real_covered_root_lifecycle ... ignored, requires exact Linux ARM64 private namespace, root and /dev/fuse
test node::vfs::ownerfs::native_home_tests::native_home_explicit_remote_constructor_is_eligible ... ok
test node::vfs::ownerfs::native_home_tests::native_home_workspace_bind_mount_core_covers_real_fuse_root_and_detaches_busy ... ignored, requires exact Linux ARM64 private namespace, root and /dev/fuse
test node::vfs::ownerfs::native_home_tests::native_home_ordinary_instance_rejects_authority_and_keeps_private_cache ... ok
test node::vfs::ownerfs::native_home_tests::native_home_authority_fails_closed_for_wrong_owner ... ok
test node::vfs::ownerfs::native_home_tests::native_home_stale_full_grant_is_rejected ... ok

test result: ok. 18 passed; 0 failed; 2 ignored; 0 measured; 580 filtered out; finished in 0.03s

