bash: line 1: cd: /Users/lzc/workspace/code/agentruntime/rust-distributed-memory-store: No such file or directory
bash: line 1: cd: /Users/lzc: No such file or directory
    Checking afs v0.1.0 (/home/lzc.guest/afs-build/work/root-merged-v46)
error: used `assert_eq!` with a literal bool
     --> src/node/vfs/dfs.rs:12155:9
      |
12155 | /         assert_eq!(
12156 | |             result.unwrap(),
12157 | |             true,
12158 | |             "busy inode must not block the shared table"
12159 | |         );
      | |_________^
      |
      = help: for further information visit https://rust-lang.github.io/rust-clippy/rust-1.95.0/index.html#bool_assert_comparison
      = note: `-D clippy::bool-assert-comparison` implied by `-D clippy::all`
      = help: to override `-D clippy::all` add `#[allow(clippy::bool_assert_comparison)]`
help: replace it with `assert!(..)`
      |
12155 ~         assert!(
12156 ~             result.unwrap(),
      |

error: could not compile `afs` (lib test) due to 1 previous error
warning: build failed, waiting for other jobs to finish...
