bash: line 1: cd: /Users/lzc/workspace/code/agentruntime/rust-distributed-memory-store: No such file or directory
bash: line 1: cd: /Users/lzc: No such file or directory
{
  "file_count": 143,
  "files": {
    "Cargo.lock": "cb5f366a059c6234ad4a456b22667ddbbba11eff8a2ae76c587b164df8cf337c",
    "Cargo.toml": "3796195a212b71858e4991f43ab951f3789631a1e16228808f0f0614026da319",
    "client/Cargo.toml": "44fc7d5a2822d3051d79f73972662cfe7b77a256b765923c0d9e14e9d2dd2d73",
    "client/examples/local_roundtrip.rs": "6511a39e7a44e730491c8d1db17c04f334b4b485e6725f99992e29409cf3a301",
    "client/src/buffer.rs": "0b051bd116970dbcca5054a5c8217b5c5a74bf406828e4ab539629762c691384",
    "client/src/connection.rs": "0763cf57300cbaab12d57003481ee98df7771338bbdad799d2ae6af326092345",
    "client/src/lib.rs": "a953e9050afd52db4ee3351c550ffea662c4dd30af7032006fa5eb971a122439",
    "common/error/Cargo.toml": "ca03427672e5b23bcad3559ab36985b1696bb4103a003f3312489139ef83c414",
    "common/error/src/code.rs": "1f1cec410fbb962d2908f1b4aa01bfd6b20252a3d72177eb53186c782788229c",
    "common/error/src/kind.rs": "7cb85cb0ec2999cb7eb97f1f3922382a62b038c8473af5ea76c8e38dd4369d82",
    "common/error/src/lib.rs": "06e28e0b149b3935ad311f5d169f65fd4695cb43f6f7966bf51e71e0ad887de8",
    "common/logging/Cargo.toml": "c61aaa4268db9eae7eb6442dd177b4d2dcf5b9173dd0e135870555d9ecccee85",
    "common/logging/examples/logging_bench.rs": "d8ab5fdc5b0d3bb279e6315aaf683c59295a7671970f9fe525e6ca3f01d2585e",
    "common/logging/src/config.rs": "1336e40f0323eb10593ec328b1268e58752ca6cd106fb695195f97ffda10cd6b",
    "common/logging/src/fallback.rs": "637c8a4cad8e8843520f77ec525f9eddfb54f4ef7293deb7eb908ee984af675b",
    "common/logging/src/file_writer.rs": "650bcc42871508d38bf570b35aaed0e73f77c54624fcff5bb839cc1e62165800",
    "common/logging/src/init.rs": "bac7236dc370a67587e0b754809d27e98591d8fde73d00d82304bb8d0f6357ea",
    "common/logging/src/lib.rs": "7990dcbd2efc22c969d7395ba57686f98a3c6a6834f562416a7ac9556fb8e74f",
    "common/logging/src/retention.rs": "61d9889721cabc95b62cb513cc6807c672171dee6c61bbffb06d4ed82af13673",
    "common/logging/tests/process_contract.rs": "d1a935d3626d6b1fa207ec94baa447ec0927e59af17b0e011cb4d40f0a316ba9",
    "common/metrics/Cargo.toml": "c2649152dbf08bf68bd30e8456294dbd40c36bd42a8664177c9e6a68422cd17a",
    "common/metrics/src/lib.rs": "8de3427732d38e39656bf92f531c66ffd7e486e2bce3bdb8f7da6b3158679b2a",
    "common/protocol/Cargo.toml": "dc3379d1b4746f5ceb6ba471cfff97a99b22c53888c013df16a3ef76f747720c",
    "common/protocol/build.rs": "8cc6c0912b3e05f6e6eb273f23e21d0008f18985900a69d67d9dcf916b90d6ff",
    "common/protocol/proto/error.proto": "d7a3b1a15f1eb67f01fd2a22f777fb03a043dfa9dd0c5be9b8181f69509fc5dd",
    "common/protocol/proto/local_api.proto": "a4cf31737a2051fb41209425994797cc3e811091660a925913804844db9a9b6b",
    "common/protocol/proto/meta.proto": "5a372cdde8a77907c382fb792000e52016a70793a0569dca7f562f0967da0281",
    "common/protocol/proto/node_control.proto": "d3fbfe87f284e65e12379601eb79ad3adef8801dc2f3276286840881bf23eaf1",
    "common/protocol/proto/node_data.proto": "8345c1a506804ef0983a685ec46a3897d2966f4c7984e6a68504fb67cff54af7",
    "common/protocol/src/lib.rs": "a87a3d357f1e502e756bde4afc5b23af44156ad311748496fd5255ca7c2bf6c2",
    "common/tracing/Cargo.toml": "eb577e47b6b4eb1ce2aeb6e9910823168660732fc1b25f8d5055b8fbdfde0da3",
    "common/tracing/src/config.rs": "614d10587bfe33fee1820022e0be280879d429558cd1654842c59bb872a4173d",
    "common/tracing/src/context.rs": "5f460c8a9870624e5d65579f3acc3fe6108235654ef9a56a020d6e4be98104e6",
    "common/tracing/src/grpc.rs": "984ea3694382301e944a2fdb2169ce8d8bcbb235cbb868442b01c9b0f39ae516",
    "common/tracing/src/init.rs": "a14b208236fb8013b5a17a267752aa5d265fd18810e1f632a79ab27275f91e7d",
    "common/tracing/src/lib.rs": "6f93506a21ab838c9e82a0b58607ab70d24f081d3fa5a14d0dbcf262b9b8706c",
    "common/tracing/src/server.rs": "57c963f789bd2f8d543cbb2f27a1057617189f8acffe617cb13d9ea17afac7c2",
    "common/transport/Cargo.toml": "a3761d2a625cf3164651e2ecbfb69e219cde6f5b92a6f3f27a998a0f8f1b5f86",
    "common/transport/build.rs": "6e6eb468028041b0559094ba4df1695ce9cb15a11d707b95dc651b62de39ab62",
    "common/transport/native/rdma.c": "b73f13da7441589d3f1e6286658840ee68bc6eaf02d18454172faef657226efa",
    "common/transport/native/rdma.h": "cd9f873791f86939678824590c77749ab9486d8c6ac201a4ebc8fc3d05aa7864",
    "common/transport/src/error.rs": "23e43be106219afdbd34ce2b29242bbf6e6620c63476c435477d98579776445d",
    "common/transport/src/grpc.rs": "b21ec3c0900cf067dbbcf491efc4438316a42906b0b30283c5585fd7656cbcea",
    "common/transport/src/grpc/config.rs": "df23dcc54df5b0ee032ecbe1100f8b08f2a4c8c8c374393a961a6d6cefdcb181",
    "common/transport/src/grpc/error_status.rs": "06131b0d1373b489f0e4ee18baeb745ef9ac43fe046d976f55582b5a1d919986",
    "common/transport/src/grpc/security.rs": "2c136b426ec01bb10da5964ddc487738a5ed2d9dea39efd38fd8de10637e926c",
    "common/transport/src/lib.rs": "6244ed41163139ce0b894c956b65c11749c85aa31710f6a31feb85dbbebe7420",
    "common/transport/src/rdma.rs": "886cb0c1b20f8302d65d314f497317a0d721f031177a58fdb82cde908c57fc04",
    "common/transport/src/shm.rs": "af75171d364159b66674476fbcb7866f459969ac129ee22c94c88cb168568ac3",
    "common/transport/tests/rdma_probe.rs": "6e98175a9541b657e55b9d870a2d563aa4934a7f1d51e4898bd71d8c2866c1ed",
    "common/transport/tests/tcp_config.rs": "ce3162e2b9e7e1506e51fbff363eb3df577841a33aa2094f1bd8bab255ccdfaa",
    "error-codes.toml": "41cc550df3b174858cd10470d8a9af21957b63e07e29421a1b1b2730bf28a02e",
    "examples/meta.toml": "3c5684ce535d1e85ab8e4d4ccc93f1189c2b7b0df85b01ae9b5ed5ebd7b4b03d",
    "examples/node.toml": "e0f4bf4b6105ff9d8ef9e530fab41bd169446b9f8d8ad2359bfae03c7dcdc758",
    "examples/trace_collector.rs": "ca0f9a843e1b9d2fe6e18e4ddf01e10face1aa8626ab0d3c9124fa9281150486",
    "rust-toolchain.toml": "24ef3b9d3edbd850aa386cb0a98e10450b0030991a4537cb359f54d49dbbb33a",
    "src/bin/afs-meta.rs": "6ff0a0e698b26f320eabafd90a14f990f408c9d9d48bf3f2e5d63764fd4431a5",
    "src/bin/afs-node.rs": "d17fd3a08bbaa57360017d338d4e0235df073bd7b6968cf2e6152307efba711b",
    "src/config.rs": "1af646a495b740f17ddc4d0ae342d660912e1d8040bf77d2924e5d9f9387b1e5",
    "src/dfs.rs": "43791aed9be55ae4029a8c33b25043d2d73e3fef87690102a3f1434f7ceb56cc",
    "src/error.rs": "5c7c541bce18e62853e57eddac9a984d27fb0fadfa8b3a03e507d448f81d3d56",
    "src/lib.rs": "6e3162519d05ee3f559721937c875f5639ebc5c5530080e73a28b29a1adc3db3",
    "src/meta.rs": "79541c5f7b8ac1379e2c1e08f10b2703217c450a42c69e38476ade6c8b4108c3",
    "src/meta/dfs.rs": "a61e1bb822dd1cdd0a185f6a1973a4d410fecd73e93e79193c0c712eb7716ab1",
    "src/meta/owner_roots.rs": "2d22e8540860770c331758bc53383d53cc403480e7363f6c3b340ef4819da21d",
    "src/meta/rest.rs": "f3bd7607f0dde02df96d7922bfe2b1b8ce68e2b1e44ee8cc45b2b89269aeefed",
    "src/meta/rpc.rs": "b803b9c413ec223f0b5a4338d6605731c84098e387c4f9b4c72c84cd66b6e46a",
    "src/meta/store.rs": "1578cfa3e77b48df62d5d149fdf03292fe51cd4759c25caf62889ef59a3d6bd4",
    "src/meta/store/etcd.rs": "5b7ad10d66a8951f189e606197dff0e406ac0b4d051180385e8d44903ebfde99",
    "src/meta/store/local_file.rs": "6f725ea5b5b172af6557bbbeb2a04f2e871c5fb9807d971cfd01baf53a5f90d9",
    "src/meta/store/memory.rs": "0b8d9e4f29b2a4362b234738a4c9b1a2875ec1120d01996d20550840ee3f193a",
    "src/meta/store/redis.rs": "976cba0f7e02569c8855c5a68ed67ba9e233af771769036cea12a1bcf7bf2fa0",
    "src/node.rs": "f69aeae2fa83af3efed083175a10adab694532c9fe1a7e16d40c1a34d98f9d1f",
    "src/node/api.rs": "72418b09750af487ab0c6b4045518c7eb4358981b1474668ee7fc8779274791b",
    "src/node/api/local.rs": "f279f4ab655ffd0a418cbdf5261fa27658060e1d93954158986882b4805e8fd8",
    "src/node/api/rest.rs": "33abf8f0ad45b39022fdee719ca2a59cc77be4d5b419bb3e16bf28893cf256e1",
    "src/node/chunk.rs": "d2a1fe064678884ff5f9cf8dfb7ce2aa8e044086668538d54739cf88de3e907c",
    "src/node/dfs_read.rs": "f6561978b7787c9e71703d2d205c1c7231c5087280693c154bf4dd482e261adc",
    "src/node/fuse.rs": "4134edf1911a0b1d9c8974237130b3e5949aad8aab395f4aed338fd19c4ed9bf",
    "src/node/fuse/state.rs": "6706fa74bbbadb0d5e5254fb583a0375e2d23e8850519022a2b509166d8c45ce",
    "src/node/replication.rs": "33bffb9ca36ecbc4d53ae839a4298c6bacffe8592013c847733d00c9d237b780",
    "src/node/rpc.rs": "998fd42fceafa99f3af7da772c10070b228f1be15ffef54dc8c61b04f5e34956",
    "src/node/rpc/control.rs": "efde5655436b6c558fe7a1cc9eba8277f176e0cdcee21b46828d4d98bb5ab3ab",
    "src/node/rpc/data.rs": "3002131de5d0ce80bc57c2a43a3c8e57658b19ec5df0d9bc3c17f4d607fc2f7b",
    "src/node/rpc/meta.rs": "95f5067d636cfd6ef82aa514348715a0f7945a38ca122282b75dc368b7922ee8",
    "src/node/rpc/peer.rs": "89e29ff6c636d861f375780822468e72b7917ae50ed8f91b4f021a80597d932d",
    "src/node/storage.rs": "bdffcf667af8b67318bbf98d65e1bbb602591b0c61ba8b4f9c238ea7e2097806",
    "src/node/storage/localfs.rs": "a1a49b97397e2b957241f18d1293670c9ba95bee73028f6270973096856ae749",
    "src/node/vfs.rs": "ca08b76af90f7546d223ba71a27df17a1534b1724f3eae5cdfc8a26543478e58",
    "src/node/vfs/dfs.rs": "bd1c56e611c80fe44d447058dfee357cb92ede875e406b13a584b66f80d9cca2",
    "src/node/vfs/locks.rs": "0dac3bb6084b28469e45904b58d21e156868e05943f4008ee6246db752a6116a",
    "src/node/vfs/ownerfs.rs": "b717d3469b93a699934b1e4513c2f7dc624e5ecb5fe9f9c559e8f0faf5172f38",
    "src/node/vfs/ownerfs/catalog.rs": "36c18cac38aa87edf872ddddbca7bd39400b94400517f0632d8c2ef276010567",
    "src/node/vfs/ownerfs/files.rs": "419062de56cac6c4fc8dd5c50ea1ad23f784a3e66c6668c41e560f73a7deb46c",
    "src/node/vfs/ownerfs/remote.rs": "f56514b3f27eefcc88573c1d979ad54003cb3b223e5accec551c42afa9eba287",
    "src/node/vfs/ownerfs/root.rs": "732df6aa1c41faa89f7b8b12de23922aa6740010b8b7769f3962d8cfb63e0f44",
    "src/node/vfs/types.rs": "18edb0bcbc1e8816aaad3a1e665178e31b7ad1f910a879c7b46b6f4914cfd618",
    "src/runtime.rs": "74c6b5b91edb21a3ddaadf2fe22d93463e2af78ef96c683e1c96b46abfd17729",
    "tests/config_contract.rs": "57314bc95461b457e19be12cb79e7b32e04516860d0eef7a0b6696f8489aacd7",
    "tests/error_contract.rs": "b31a1dbe65d3fb53cd001fdce8401ff66b83851cfbfed181bb49ffb460e2714d",
    "tests/fuse_contract.rs": "8f282a10f31e636ad91f6fb6510175d6527f68de2c9d29ab00d0c06eb8e3e373",
    "tests/local_sdk.rs": "fd34def449f7800c72ce746ddeffb9c7db354b475835ac6fb43b0cdebfcd07d7",
    "tests/meta_contract.rs": "743fb8cbe0410c30ac2fd98bdc906169c95c3a2cc2fdd9154f988e83e0293d34",
    "tests/ownerfs_peer_contract.rs": "ec4e5ba9726c5fb2656c2eba321a748f1160bb583226b3bab0ff200e0a1b8225",
    "tests/rdma_lifecycle.rs": "6b74c5b63c5dea02e7e59d70de1b09660271f64e1869a963f1d26e9913b66dbd",
    "tests/redis_contract.rs": "89f798ab8c818ae41926e7cdb7c91ba734d80ffa803f9bc1931aa0874d1ecc32",
    "tests/rest_contract.rs": "a7c6e5083bb12cb54315380e4ddc25f1de00ca84ed8605f17b82decd66a824b1",
    "tests/storage_localfs.rs": "41cd6a60b4a9d6166c84a96d0761be899b4b571e3a908e58b3b7b3aa76bd53fc",
    "tests/vfs_contract.rs": "53ac4c480903dc3f8b87cac17765d275566ef4413ff8c65df54cd6ff7c1fcd48",
    "third_party/fuser/Cargo.toml": "0cac441d79547e6a238ac3ddbed53547aa15065e162193e26398dcc351669e7c",
    "third_party/fuser/build.rs": "d931f60411e32e450dd39eac826f7c6c29a49e8aff78b189aba340b076e614fb",
    "third_party/fuser/deny.toml": "83969b7f35961c5b5bb730d24147c7a0eddd3446532d19731510a1d787f17774",
    "third_party/fuser/examples/hello.rs": "a0fe141ee5d8513f864ec954f8b1f6e8002e536b4d76f7d9eee707537ccb2681",
    "third_party/fuser/examples/ioctl.rs": "df9deee2b354d6e78856a8987da237c1be594fd9b73f95412c4e392a65bd2546",
    "third_party/fuser/examples/notify_inval_entry.rs": "9bff6f026463f412072976c4afc10e249e94b293f19301089f2f92272ed195f3",
    "third_party/fuser/examples/notify_inval_inode.rs": "ac60d4f6624b2aa687da76c1c57941a849047a16a94ea95cf13b640a8ce08ecf",
    "third_party/fuser/examples/null.rs": "2060eb846b449b06ee7d1497688460a989d8a79f90ce8a0e75584c40fabdeee2",
    "third_party/fuser/examples/passthrough.rs": "e27528ea569a0d03aa291412e2dc8588d61017cbbb12d283d691cbbc4763b6c6",
    "third_party/fuser/examples/poll.rs": "c77b9f5613d263c79fddc4937a58d6dea7bd6914974694c0daab4f5c7c18e919",
    "third_party/fuser/examples/poll_client.rs": "5eaef498f806c7bfc6d2c0a49775ed7cf29fbb8b767870b77590706f8184021e",
    "third_party/fuser/examples/simple.rs": "b690bd63746e966d04de1714bc38bbe9345d94e4fc54ce8c54bb325555330324",
    "third_party/fuser/rustfmt.toml": "7e1c845eb4c10735ee1060760592a18b47a53aaf45e63b7e0932c005b523a6ea",
    "third_party/fuser/src/channel.rs": "060aa8025b8857dcd3bbaa4c880889f5e73acb700910ad6742693337fd3b4488",
    "third_party/fuser/src/lib.rs": "905cdc1e067c7d741ee820584edaf6fb1063ceebb6fb24e06d80956cc9c3a1c5",
    "third_party/fuser/src/ll/argument.rs": "c74a44e2908704c6a862f69ac5d57958504804a4dca0e19cec49667973bf392a",
    "third_party/fuser/src/ll/fuse_abi.rs": "d92a3360783d6be46c714a6f439e90b1b5c0a08b8c3078aeba7cbd3a0a24afe6",
    "third_party/fuser/src/ll/mod.rs": "95594b377680748674c96624eb615959d06b6405aec59548e2227f892f31cdf1",
    "third_party/fuser/src/ll/notify.rs": "eb869f1835cb038d8f1d7acc15159bb570ca568cc06df6de0bfc97a78e5620fc",
    "third_party/fuser/src/ll/reply.rs": "68cec84a7d5065bcd7a94c773b2db6b3e94cb2d086d2ac60e0b7f4f8b1134b0d",
    "third_party/fuser/src/ll/request.rs": "4635226f69b4bc902e7b267bd16e33480d0059d53e65e3b9b2d6d6f3b6fc93b8",
    "third_party/fuser/src/mnt/fuse2.rs": "7077dcd4a8e71ca8bb3e2f199bac7b9e6f4e871ee8aacf7f4a9194b879575c78",
    "third_party/fuser/src/mnt/fuse2_sys.rs": "44dd195097a3ea21a1a633f0644abe9ce34989e9d7054a23d31cf8f2ad8631f2",
    "third_party/fuser/src/mnt/fuse3.rs": "4876adb535adf90511ac96d4be358de14ffb517730354f52a71b909c451e2929",
    "third_party/fuser/src/mnt/fuse3_sys.rs": "367a5160054fe5700be99fdeb96fb99a9ac5fda60d3d27746b0625af4264cc4b",
    "third_party/fuser/src/mnt/fuse_pure.rs": "98985d6d379b2bb42bbebc5274677f207be160e3f8f2a93b8deedeab937ea51e",
    "third_party/fuser/src/mnt/mod.rs": "43581e23ca9bee71186db5cbdac8ecd1860986aad0a70a4af2753bd9af4bebf2",
    "third_party/fuser/src/mnt/mount_options.rs": "e55a6e9f88c486219865498b8cff892f6b01f6f2a39c0dca732084dbeec6d6aa",
    "third_party/fuser/src/notify.rs": "11f8b5e1a30877bd60291f083283ee4eeea14c9e5e4f30b2956b16d5c86cc4f2",
    "third_party/fuser/src/passthrough.rs": "14e54cde5e798e7db52403742bcce6051d33dfb5fa0d795ee1229f5dc8d173c4",
    "third_party/fuser/src/reply.rs": "c8638bf3eb5fdf5f32f7bc8543cc7f76e37a9d9ae312a97ce5e24b9b713eca51",
    "third_party/fuser/src/request.rs": "75cec8bb24f363b8a5d616e3f4b5e1360166bf7dc994f819c1f59dff578ac4ee",
    "third_party/fuser/src/session.rs": "09eb6d57411c29d23f28d19c0709e3c59ce19e2bf7f14bdf9c46f44cc31f59f3",
    "third_party/fuser/tests/integration_tests.rs": "1469ff3bc517ad8d42fab61954be3f9bbd30f11f0c89e5091e1410574db3853f"
  },
  "platform": "Linux-6.8.0-106-generic-aarch64-with-glibc2.39",
  "snapshot": "/home/lzc.guest/afs-build/work/root-merged-v47"
}
    Checking afs v0.1.0 (/home/lzc.guest/afs-build/work/root-merged-v47)
    Finished `dev` profile [unoptimized + debuginfo] target(s) in 4.41s
   Compiling afs v0.1.0 (/home/lzc.guest/afs-build/work/root-merged-v47)
    Finished `test` profile [unoptimized + debuginfo] target(s) in 18.08s
     Running unittests src/lib.rs (/home/lzc.guest/afs-build/target/debug/deps/afs-586e1b701367e588)

running 345 tests
test config::certificate_tests::malformed_or_empty_trusted_certificate_fails_closed ... ok
test config::certificate_tests::trusted_certificates_normalize_pem_and_preserve_der ... ok
test meta::dfs::read_recovery_tests::live_read_copy_allows_new_writes_above_startup_catalog_floor ... ok
test meta::rpc::tests::validate_root_access_binds_meta_tls_to_validator_not_presented_holder ... ok
test meta::rpc::tests::validate_root_access_rejects_wrong_meta_tls_validator ... ok
test meta::rpc::tests::validate_root_access_rejects_wrong_observed_peer ... ok
test meta::store::etcd::tests::etcd_ack_reconnect_and_stale_cas_on_dedicated_instance ... ok
test meta::dfs::read_recovery_tests::recovered_read_copy_rejects_regressed_missing_expired_or_wrong_authority ... ok
test meta::dfs::read_recovery_tests::recovered_r1_copy_serves_new_epoch_without_mutating_durable_evidence ... ok
test meta::store::local_file::tests::empty_snapshot_is_corruption_not_fresh_authority ... ok
test meta::store::local_file::tests::process_lock_rejects_second_open ... ok
test meta::store::local_file::tests::checksum_corruption_is_rejected ... ok
test meta::store::local_file::tests::torn_wal_tail_is_truncated_and_ignored ... ok
test meta::store::redis::tests::parses_required_config_get_shape ... ok
test meta::store::redis::tests::redis_ack_reconnect_and_stale_cas_on_dedicated_instance ... ignored, requires a fresh dedicated durable Redis; see development/validation.md
test meta::store::tests::concurrent_commands_keep_distinct_ordered_logical_revisions ... ok
test meta::store::tests::current_session_match_rejects_expired_session ... ok
test meta::store::tests::entity_names_are_stable_for_diagnostics ... ok
test meta::store::local_file::tests::replays_committed_frames_after_reopen ... ok
test meta::store::tests::failed_commit_poison_store_instead_of_exposing_stale_authority ... ok
test meta::store::tests::meta_store_is_replaceable_behind_a_trait_object ... ok
test meta::store::tests::node_session_liveness_uses_strict_expiry_boundary ... ok
test meta::store::tests::expired_session_id_cannot_be_registered_again ... ok
test meta::store::tests::pending_write_is_invisible_until_backend_ack ... ok
test meta::store::tests::pinned_read_view_keeps_one_revision_across_later_commits ... ok
test meta::store::tests::root_grant_read_rejects_expired_holder_session ... ok
test meta::store::tests::root_grant_read_rejects_expired_home_session ... ok
test meta::dfs::read_recovery_tests::recovered_read_copy_rejects_changed_device_and_insufficient_catalog ... ok
test meta::store::tests::snapshot_bytes_are_independent_of_hash_map_insertion_order ... ok
test meta::store::tests::transaction_rejects_reused_request_id_for_other_operation ... ok
test meta::store::tests::store_replays_business_state_from_dedicated_etcd ... ok
test meta::store::tests::transaction_requires_same_commit_idempotent_outcome ... ok
test meta::store::tests::unavailable_store_is_explicit_not_an_in_memory_fallback ... ok
test meta::store::tests::watch_allows_multiple_ordered_keys_in_one_revision ... ok
test meta::store::tests::watch_batch_rejects_duplicate_positions_within_a_revision ... ok
test node::api::local::tests::active_local_api_socket_is_preserved ... ok
test meta::tests::lookup_node_treats_expired_current_session_as_absent ... ok
test node::api::local::tests::competing_local_api_startup_preserves_first_listener ... ok
test node::api::local::tests::non_socket_local_api_path_is_preserved ... ok
test node::api::local::tests::socket_lock_symlink_is_preserved ... ok
test node::api::local::tests::serve_local_api_reclaims_stale_socket_before_bind ... ok
test node::api::local::tests::stale_local_api_socket_is_removed ... ok
test node::api::local::tests::symlink_local_api_path_is_preserved ... ok
test node::api::local::tests::stale_socket_reclaim_preserves_replacement_inode ... ok
test meta::store::tests::replay_and_session_fencing_survive_store_reopen ... ok
test node::dfs_read::tests::local_read_uses_verified_reader_without_source_lookup ... ok
test node::dfs_read::tests::failed_batch_retries_each_original_copy_before_advancing_candidates ... ok
test node::dfs_read::tests::read_configuration_is_explicitly_bounded_by_the_wire_contract ... ok
test node::dfs_read::tests::peer_batch_keeps_each_copy_and_grant_while_coalescing_one_peer ... ok
test node::dfs_read::tests::remote_read_uses_scratch_and_falls_back_between_sources ... ok
test node::chunk::replica_replay_tests::immutable_chunk_retry_preserves_content_after_catalog_advances_and_restart ... ok
test node::fuse::dispatch_tests::blocking_lock_pool_rejects_when_queue_is_full_without_running_inline ... ok
test node::fuse::dispatch_tests::independent_fuse_jobs_overlap_before_either_finishes ... ok
test node::fuse::dispatch_tests::lock_request_conversion_preserves_flock_namespace_and_unlock ... ok
test node::fuse::dispatch_tests::metadata_groups_require_matching_kernel_identity ... ok
test node::fuse::dispatch_tests::pending_lock_registry_remembers_interrupt_before_worker_registration ... ok
test node::fuse::dispatch_tests::process_start_ignores_spaces_and_parentheses_in_command_name ... ok
test node::fuse::dispatch_tests::queued_same_handle_attribute_callbacks_do_not_block_unrelated_handles ... ok
test node::fuse::dispatch_tests::same_handle_callbacks_keep_order_while_other_handles_progress ... ok
test node::fuse::dispatch_tests::sparse_file_attributes_keep_allocated_blocks_separate_from_eof ... ok
test node::fuse::dispatch_tests::xattr_create_replace_and_invalid_flags_keep_linux_contract ... ok
test node::fuse::dispatch_tests::xattr_size_query_short_buffer_and_empty_value_are_distinct ... ok
test node::fuse::state::tests::forget_drops_backend_inode_after_lookup_refs_are_released ... ok
test node::fuse::state::tests::forget_never_drops_backend_root ... ok
test node::fuse::state::tests::handles_survive_inode_lookup_forget ... ok
test node::dfs_read::tests::same_chunk_in_another_version_refreshes_grant_without_rewriting_identity ... ok
test node::replication::tests::async_desired_three_sync_one_does_not_wait_for_tail ... ok
test node::replication::tests::duplicate_node_placement_is_rejected_before_any_chunk_side_effect ... ok
test node::replication::tests::configurable_two_and_four_copy_chains_return_distinct_durable_acks ... ok
test node::replication::tests::failure_domain_constraint_extends_synchronous_prefix ... ok
test node::replication::tests::missing_or_duplicate_tail_ack_is_not_a_successful_receipt ... ok
test node::replication::tests::next_hop_preserves_initiator_and_stops_at_sync_prefix ... ok
test node::replication::tests::non_head_local_rn_fails_before_prepare_or_local_persist ... ok
test node::replication::tests::preferred_remote_head_does_not_create_unassigned_local_copy ... ok
test node::replication::tests::durable_middle_with_missing_tail_retries_content_and_returns_complete_receipt ... ok
test node::replication::tests::receiver_execution_requires_meta_target_and_authenticated_predecessor ... ok
test node::rpc::control::tests::legacy_handshake_is_rejected_before_allocating_rdma_resources ... ok
test node::rpc::control::tests::ping_returns_pong_for_literal_ping ... ok
test node::rpc::control::tests::unknown_and_closed_sessions_are_rejected ... ok
test node::rpc::data::owner_tests::mtls_authenticator_binds_peer_identity_to_exact_leaf_der ... ok
test node::rpc::data::owner_tests::mtls_authenticator_fails_closed_without_verified_cert ... ok
test node::rpc::data::owner_tests::mtls_authenticator_rejects_ambiguous_cert_config ... ok
test node::rpc::data::tests::auto_without_rdma_device_falls_back_to_grpc ... ok
test node::rpc::data::tests::dfs_product_rdma_replica_and_read_real_verbs ... ignored, requires explicit Linux RXE device; product payload, not diagnostic NodeData
test node::rpc::data::tests::dfs_range_request_rejects_expired_grants_and_unbounded_batches ... ok
test node::replication::tests::put_batch_groups_by_stable_chunk_plan_and_preserves_receipt_order ... ok
test node::rpc::data::tests::dfs_rdma_packed_ranges_reject_gaps_capacity_and_wrong_caller ... ok
test node::fuse::dispatch_tests::dropping_fuse_dispatch_waits_for_admitted_jobs ... ok
test node::rpc::data::tests::dfs_range_service_requires_authority_and_streams_bounded_frames ... ok
test node::rpc::data::tests::dfs_read_authority_batch_cache_and_adversarial_identity ... ok
test meta::store::local_file::tests::compaction_bounds_wal_growth ... ok
test node::rpc::data::tests::dfs_read_authority_tolerates_meta_clock_skew_without_extending_cache ... ok
test node::rpc::data::tests::dfs_read_authority_session_rotation_is_bounded_by_original_cache_lease ... ok
test node::rpc::data::tests::forced_rdma_without_device_does_not_fallback_to_grpc ... ok
test node::rpc::data::tests::grpc_inline_write_then_read_uses_storage ... ok
test node::rpc::data::tests::owner_files_attr_dir_and_fsync_rpcs_are_registered_but_not_faked ... ok
test node::rpc::data::tests::owner_files_namespace_rpcs_forward_caller_and_expected_identity ... ok
test node::rpc::data::tests::owner_files_service_is_registered_but_not_faked ... ok
test node::rpc::data::tests::public_grpc_client_and_servers_move_eight_bytes ... ok
test node::rpc::data::tests::rdma_read_validates_session_before_touching_storage ... ok
test node::rpc::peer::dfs_rdma_tests::read_completion_binds_attempt_copy_range_and_payload_checksum ... ok
test node::rpc::peer::dfs_rdma_tests::read_windows_split_at_registered_capacity_and_preserve_destinations ... ok
test node::rpc::peer::tests::cancellation_guard_poisons_unfinished_session_and_disarm_preserves_it ... ok
test node::rpc::peer::tests::grpc_client_rejects_read_reply_shape_mismatch ... ok
test node::rpc::peer::tests::grpc_client_rejects_write_count_mismatch ... ok
test node::rpc::peer::tests::owner_release_retries_transient_failures_without_losing_handle ... ok
test node::rpc::peer::tests::owner_release_treats_stale_handle_as_idempotent_success ... ok
test node::rpc::peer::tests::peer_pool_never_regresses_epoch_even_after_channel_eviction ... ok
test node::rpc::peer::tests::poisoning_preserves_failure_category ... ok
test node::rpc::peer::tests::range_decoder_rejects_duplicate_stale_and_corrupt_frames ... ok
test node::rpc::peer::tests::range_decoder_requires_every_operation_and_completion ... ok
test node::shutdown_tests::cleanup_keeps_first_failure_after_later_cleanup ... ok
test node::shutdown_tests::heartbeat_retries_transport_failure_but_stops_expired_session ... ok
test node::storage::tests::rejects_paths_outside_single_component_scope ... ok
test node::storage::tests::rejects_reads_past_end_without_padding ... ok
test node::storage::tests::writes_and_reads_exact_requested_range ... ok
test node::rpc::data::tests::dfs_read_grants_meta_and_peer_grpc_stream_real_authority ... ok
test node::vfs::dfs::tests::background_writeback_skips_active_commit_and_preserves_exact_request ... ok
test node::rpc::data::tests::dfs_replica_grpc_stream_durable_retry_and_malformed_body ... ok
test node::vfs::dfs::tests::clean_retained_write_state_path_resize_reacquires_fresh_epoch ... ok
test node::vfs::dfs::tests::background_writeback_does_not_hold_table_behind_locked_inode ... ok
test node::vfs::dfs::tests::clean_retained_write_state_rejects_delayed_older_epoch ... ok
test node::vfs::dfs::tests::close_flush_reports_a_commit_error_instead_of_success ... ok
test node::vfs::dfs::tests::close_flush_commits_dirty_data_without_an_explicit_sync ... ok
test node::vfs::dfs::tests::caller_serializes_same_route_open_admission_until_ack ... ok
test node::vfs::dfs::tests::deadline_commit_error_preserves_exact_batch_for_retry ... ok
test node::vfs::dfs::tests::closed_metadata_dirty_write_state_reopen_adopts_fresh_epoch_without_old_renewal ... ok
test node::vfs::dfs::tests::definite_meta_invalid_blocks_subsequent_mutation ... ok
test node::vfs::dfs::tests::dfs_closed_lock_session_rejects_late_waiter ... ok
test node::vfs::dfs::tests::dfs_local_posix_locks_conflict_and_release_by_owner ... ok
test node::vfs::dfs::tests::dfs_local_setlk_postgrant_transient_renewal_keeps_lock ... ok
test node::vfs::dfs::tests::dfs_lock_authority_epoch_replaces_old_table ... ok
test node::vfs::dfs::tests::dfs_lock_background_renewal_starts_with_retry_budget ... ok
test node::vfs::dfs::tests::delayed_older_readonly_observation_does_not_downgrade_clean_committed_view ... ok
test node::vfs::dfs::tests::dfs_lock_renewal_confirmed_fence_invalidates_same_identity_extended_state ... ok
test node::vfs::dfs::tests::dfs_lock_renewal_old_success_hint_does_not_shorten_newer_state ... ok
test node::vfs::dfs::tests::dfs_lock_renewal_retry_after_expiry_records_local_stale_error ... ok
test node::vfs::dfs::tests::dfs_lock_renewal_stale_retry_error_does_not_fence_extended_state ... ok
test node::vfs::dfs::tests::dfs_lock_renewal_success_accepts_live_response_after_old_expiry ... ok
test node::vfs::dfs::tests::dfs_lock_authority_refresh_waits_for_renewal_guard_and_preserves_terminal_state ... ok
test node::vfs::dfs::tests::dfs_lock_renewal_success_does_not_resurrect_terminal_authority ... ok
test node::vfs::dfs::tests::dfs_lock_expiry_waits_for_inflight_renewal_completion ... ok
test node::vfs::dfs::tests::dfs_lock_renewal_terminal_fence_invalidates_locks_and_waiters ... ok
test node::vfs::dfs::tests::dfs_lock_renewal_transient_error_preserves_locks_and_waiters ... ok
test node::vfs::dfs::tests::dfs_owner_cancel_before_authority_precancels_replayed_waiter ... ok
test node::vfs::dfs::tests::dfs_owner_lock_authority_is_bound_to_authenticated_peer ... ok
test node::vfs::dfs::tests::dfs_owner_lock_release_is_scoped_by_authenticated_process_session ... ok
test node::vfs::dfs::tests::dfs_owner_lock_session_release_is_scoped_by_authenticated_process_session ... ok
test node::vfs::dfs::tests::dfs_owner_lock_waiter_must_share_owner_ingress_scope ... ok
test node::vfs::dfs::tests::dfs_owner_set_lock_postgrant_transient_renewal_keeps_lock ... ok
test node::vfs::dfs::tests::dfs_posix_lock_checks_file_access ... ok
test node::vfs::dfs::tests::dfs_reaps_lock_scopes_for_expired_peer_process_session ... ok
test node::vfs::dfs::tests::dfs_release_locks_without_authority_does_not_open_write ... ok
test node::vfs::dfs::tests::dfs_remote_lock_precancel_survives_replayed_waiter_identity ... ok
test node::vfs::dfs::tests::dfs_remote_lock_session_presence_is_not_refcounted_by_lock_count ... ok
test node::vfs::dfs::tests::dfs_remote_lock_waiter_route_rejects_duplicate_identity ... ok
test node::vfs::dfs::tests::dfs_release_scoped_session_cleans_scope_when_closed_tombstones_are_full ... ok
test node::vfs::dfs::tests::dfs_remote_lock_session_release_failure_retains_identity_for_retry ... ok
test node::vfs::dfs::tests::dirty_budget_append_write_serializes_concurrent_full_sync ... ok
test node::vfs::dfs::tests::dirty_budget_counts_payload_not_sparse_holes ... ok
test node::vfs::dfs::tests::dirty_budget_append_write_serializes_concurrent_resize ... ok
test node::vfs::dfs::tests::dirty_budget_returns_admitted_bytes_and_latches_later_error ... ok
test node::vfs::dfs::tests::dirty_budget_sync_write_error_does_not_report_unconfirmed_bytes ... ok
test node::vfs::dfs::tests::dirty_write_state_rejects_fresh_epoch_without_losing_dirty_data ... ok
test node::vfs::dfs::tests::dirty_budget_unknown_commit_ack_preserves_exact_request_and_backpressures_next_write ... ok
test node::vfs::dfs::tests::explicit_mtime_refresh_overrides_dirty_write_mtime_for_full_sync ... ok
test node::vfs::dfs::tests::dirty_budget_writeback_splits_streaming_writes_without_per_write_meta_rpc ... ok
test node::vfs::dfs::tests::dsync_write_commits_data_without_promoting_to_full_inode_sync ... ok
test node::vfs::dfs::tests::failed_metadata_only_sync_keeps_request_identity_and_blocks_writes ... ok
test node::vfs::dfs::tests::failed_resize_commit_keeps_batch_identity_and_blocks_new_dirty_for_retry ... ok
test node::vfs::dfs::tests::fresh_readonly_open_preserves_dirty_open_writer_after_external_commit ... ok
test node::vfs::dfs::tests::former_local_clean_state_does_not_shadow_remote_provider ... ok
test node::vfs::dfs::tests::fresh_readonly_open_preserves_inflight_commit_after_external_commit ... ok
test node::vfs::dfs::tests::full_sync_after_pending_data_only_commit_also_syncs_metadata ... ok
test node::vfs::dfs::tests::fresh_readonly_open_refreshes_retained_committed_view_after_external_commit ... ok
test node::vfs::dfs::tests::getattr_refreshes_active_write_state_from_meta_without_losing_dirty_mtime ... ok
test node::vfs::dfs::tests::interrupted_owner_lock_wait_does_not_run_post_mutation_renewal ... ok
test node::vfs::dfs::tests::hardlink_refreshes_active_write_state_nlink ... ok
test node::vfs::dfs::tests::handle_resize_shrink_then_grow_masks_old_tail_without_new_chunk ... ok
test node::vfs::dfs::tests::killpriv_resize_clears_mode_on_explicit_cause ... ok
test node::vfs::dfs::tests::killpriv_setattr_on_special_inode_uses_normal_meta_attribute_path ... ok
test node::vfs::dfs::tests::killpriv_pending_clear_commits_before_plain_chmod ... ok
test node::vfs::dfs::tests::killpriv_positive_write_clears_suid_and_executable_sgid_until_commit ... ok
test node::vfs::dfs::tests::killpriv_zero_write_does_not_clear_mode ... ok
test node::vfs::dfs::tests::metadata_changes_refresh_active_write_state_after_close ... ok
test node::vfs::dfs::tests::metadata_dirty_write_state_rejects_fresh_epoch_after_head_change ... ok
test node::vfs::dfs::tests::mknod_creates_special_inode_without_write_session ... ok
test node::vfs::dfs::tests::old_owner_lease_data_ops_are_denied_but_release_cleans_resource ... ok
test node::vfs::dfs::tests::owner_handle_reap_requires_definite_caller_session_replacement ... ok
test node::vfs::dfs::tests::namespace_and_xattr_refresh_preserve_dirty_write_mtime_for_full_sync ... ok
test node::vfs::dfs::tests::owner_open_cleanup_identity_cancels_late_open_without_allocation ... ok
test node::vfs::dfs::tests::owner_open_cleanup_release_failure_retains_active_identity ... ok
test node::vfs::dfs::tests::owner_open_cleanup_wrong_scope_does_not_close_active_handle ... ok
test node::vfs::dfs::tests::owner_open_finish_after_session_reaper_cleans_allocated_handle ... ok
test node::vfs::dfs::tests::owner_open_inflight_cleanup_wrong_scope_does_not_cancel ... ok
test node::vfs::dfs::tests::owner_open_open_write_failure_clears_inflight_admission ... ok
test node::vfs::dfs::tests::owner_open_replay_returns_same_handle_and_changed_fingerprint_is_rejected ... ok
test node::vfs::dfs::tests::owner_open_replay_state_retires_with_authoritative_caller_session ... ok
test node::vfs::dfs::tests::owner_open_unknown_cleanup_advances_highwater_without_tombstone_growth ... ok
test node::vfs::dfs::tests::owner_open_validate_inode_failure_clears_inflight_admission ... ok
test node::vfs::dfs::tests::path_resize_to_remote_owner_uses_owner_rpc_not_local_lease ... ok
test node::vfs::dfs::tests::path_resize_uses_inode_state_without_opening_a_writer ... ok
test node::vfs::dfs::tests::pending_remote_release_groups_retired_session_lookup_and_preserves_fair_cap ... ok
test node::vfs::dfs::tests::pending_remote_release_mixed_sessions_retire_old_and_release_same_session ... ok
test node::vfs::dfs::tests::paused_companion_release_retires_provider_before_fresh_read ... ok
test node::vfs::dfs::tests::pending_remote_release_retires_replaced_or_absent_owner_session ... ok
test node::vfs::dfs::tests::pending_remote_release_retry_pass_attempts_each_existing_handle_once ... ok
test node::vfs::dfs::tests::pending_remote_release_unknown_owner_session_retains_debt ... ok
test node::vfs::dfs::tests::pending_remote_release_retry_pass_caps_attempts_and_rotates_fairly ... ok
test node::vfs::dfs::tests::previously_open_readonly_handle_tracks_append_and_shrink_grow ... ok
test node::vfs::dfs::tests::readonly_close_does_not_commit_another_handles_dirty_writes ... ok
test node::vfs::dfs::tests::remote_cancel_ack_failure_retains_waiter_for_background_retry ... ok
test node::vfs::dfs::tests::remote_interrupted_lock_wait_does_not_issue_redundant_cancel_ack ... ok
test node::vfs::dfs::tests::readonly_handles_share_the_current_mount_dirty_and_committed_view ... ok
test node::vfs::dfs::tests::remote_open_ack_loss_queues_cleanup_identity_and_late_replay_does_not_reopen ... ok
test node::vfs::dfs::tests::remote_open_admission_lock_cleanup_keeps_reused_lock_with_users ... ok
test node::vfs::dfs::tests::remote_owner_append_retry_is_idempotent_and_dirty_read_is_visible ... ok
test node::vfs::dfs::tests::remote_owner_write_after_local_close_rebinds_metadata_dirty_state ... ok
test node::vfs::dfs::tests::long_lived_low_open_sequence_does_not_block_later_admissions ... ok
test node::vfs::dfs::tests::remote_release_ack_loss_is_retained_and_drained_idempotently ... ok
test node::vfs::dfs::tests::remote_release_before_apply_failure_is_retained_and_later_drained ... ok
test node::vfs::dfs::tests::remote_release_capacity_rejects_new_admission_without_owner_open ... ok
test node::vfs::dfs::tests::remote_release_failure_after_companion_close_still_removes_provider ... ok
test node::vfs::dfs::tests::remote_status_metadata_error_preserves_exact_request_for_retry ... ok
test node::vfs::dfs::tests::remote_provider_lifecycle_wait_idle_times_out_with_admitted_io ... ok
test node::vfs::dfs::tests::sparse_write_materializes_only_payload_chunk ... ok
test node::vfs::dfs::tests::temporary_remote_close_does_not_restore_released_previous_provider ... ok
test node::vfs::dfs::tests::temporary_remote_release_failure_still_restores_previous_provider ... ok
test node::vfs::dfs::tests::temporary_remote_resize_preserves_existing_remote_provider ... ok
test node::vfs::dfs::tests::unknown_commit_ack_replays_original_request_after_namespace_revision_change ... ok
test node::vfs::dfs::tests::writeonly_handle_cannot_read_the_inode_view ... ok
test node::vfs::dfs::tests::writeonly_read_companion_ack_loss_has_independent_cleanup_identity ... ok
test node::vfs::dfs::tests::writeonly_remote_provider_supports_fresh_readonly_reader ... ok
test node::vfs::dfs::tests::wrong_peer_cannot_release_live_owner_handle ... ok
test node::vfs::locks::tests::ack_higher_waiter_does_not_retire_delayed_lower_waiter ... ok
test node::vfs::locks::tests::acknowledged_terminal_outcome_retains_replay_capacity_until_session_close ... ok
test node::vfs::locks::tests::acknowledged_waiter_id_cannot_regrant ... ok
test node::vfs::locks::tests::bounded_waiters_fail_closed ... ok
test node::vfs::locks::tests::cancel_after_blocking_grant_reports_granted_without_releasing_owner ... ok
test node::vfs::locks::tests::cancel_live_waiter_reports_cancelled_and_does_not_grant ... ok
test node::vfs::locks::tests::cancelled_waiter_capacity_does_not_drop_existing_marker ... ok
test node::vfs::locks::tests::closed_session_capacity_preserves_other_session_locks ... ok
test node::vfs::locks::tests::detects_simple_blocking_deadlock_cycle ... ok
test node::vfs::locks::tests::detects_transitive_deadlock_cycle ... ok
test node::vfs::locks::tests::duplicate_live_waiter_id_is_rejected ... ok
test node::vfs::locks::tests::flush_owner_releases_all_posix_locks_without_flock ... ok
test node::vfs::locks::tests::interrupt_after_register_wakes_blocking_waiter ... ok
test node::vfs::locks::tests::interrupt_before_register_is_observed ... ok
test node::vfs::locks::tests::live_cancel_at_outcome_capacity_keeps_waiter_registered ... ok
test node::vfs::locks::tests::nonblocking_conflict_returns_would_block_and_first_conflict ... ok
test node::vfs::locks::tests::owner_release_converts_unacked_grant_to_cancelled_terminal ... ok
test node::vfs::locks::tests::owner_release_does_not_reclaim_cancelled_outcomes_before_ack ... ok
test node::vfs::locks::tests::owner_release_does_not_reclaim_retired_replay_fence ... ok
test node::vfs::locks::tests::owner_release_reclaims_matching_granted_outcomes ... ok
test node::vfs::locks::tests::partial_unlock_that_would_exceed_capacity_keeps_original_locks ... ok
test node::vfs::locks::tests::pending_lower_waiter_survives_newer_ack ... ok
test node::vfs::locks::tests::posix_and_flock_do_not_conflict ... ok
test node::vfs::locks::tests::release_final_ofd_releases_flock_only ... ok
test node::vfs::locks::tests::release_session_cancels_blocked_waiters_and_drops_active_locks ... ok
test node::vfs::locks::tests::release_session_prevents_late_waiter_from_recreating_lock ... ok
test node::vfs::locks::tests::release_session_reclaims_retired_capacity ... ok
test node::vfs::locks::tests::retired_identity_capacity_is_bounded ... ok
test node::vfs::locks::tests::same_owner_ranges_merge_split_and_unlock_at_eof ... ok
test node::vfs::locks::tests::upgrade_trims_only_same_owner_ranges ... ok
test node::vfs::locks::tests::waiter_id_includes_ingress_session ... ok
test node::vfs::ownerfs::catalog::tests::long_workspace_name_does_not_expand_catalog_temp_basename ... ok
test node::vfs::ownerfs::root::tests::activate_reply_loss_keeps_catalog_for_recovery ... ok
test node::vfs::ownerfs::root::tests::active_meta_root_without_catalog_fails_closed ... ok
test node::vfs::ownerfs::root::tests::invalidation_prevents_new_local_operations ... ok
test node::vfs::ownerfs::root::tests::mismatched_node_session_never_enters_cache ... ok
test node::vfs::ownerfs::root::tests::old_home_session_never_enters_new_process_cache ... ok
test node::vfs::ownerfs::root::tests::only_activated_root_with_requested_right_can_enter ... ok
test node::vfs::ownerfs::root::tests::peer_access_is_validated_once_then_cached ... ok
test node::vfs::ownerfs::root::tests::pending_root_with_unexpected_file_fails_without_deleting_data ... ok
test node::vfs::ownerfs::root::tests::startup_cancels_each_pending_create_cut_without_exposing_a_root ... ok
test node::vfs::ownerfs::root::tests::startup_finishes_cleanup_after_abort_commit ... ok
test node::vfs::ownerfs::root::tests::watch_disconnect_blocks_new_admission_without_marking_revoke_ack_done ... ok
test node::vfs::ownerfs::tests::cached_root_entry_allocates_fresh_inode_when_active_root_identity_changes ... ok
test node::vfs::ownerfs::tests::expired_peer_session_reaps_only_its_home_handles ... ok
test node::vfs::ownerfs::tests::freshly_created_root_getattr_uses_real_directory_identity ... ok
test node::vfs::ownerfs::tests::getattr_without_fh_observes_held_unlinked_inode_not_reused_path ... ok
test node::vfs::ownerfs::tests::home_handle_is_bound_to_its_peer_root_session_and_identity ... ok
test node::vfs::dfs::tests::retiring_provider_waits_for_inflight_fresh_read_before_owner_release ... ok
test node::vfs::ownerfs::tests::local_and_peer_create_inherit_sgid_parent ... ok
test node::vfs::ownerfs::tests::local_and_peer_rename_enforce_sticky_destination_victim ... ok
test node::vfs::ownerfs::tests::local_create_existing_does_not_reset_owner_or_mode ... ok
test node::vfs::ownerfs::tests::local_create_mkdir_and_mknod_preserve_kernel_filtered_modes ... ok
test node::vfs::ownerfs::tests::local_directory_listing_uses_backend_entries ... ok

running 1 test
test node::vfs::ownerfs::tests::local_flush_after_write_reaches_file_data_sync ... ok

test result: ok. 1 passed; 0 failed; 0 ignored; 0 measured; 344 filtered out; finished in 0.00s

test node::vfs::ownerfs::tests::local_flush_after_write_reaches_file_data_sync ... ok
test node::vfs::ownerfs::tests::local_hardlink_refreshes_nlink_and_shares_data ... ok
test node::vfs::ownerfs::tests::local_killpriv_preserves_sgid_without_group_execute ... ok
test node::vfs::ownerfs::tests::local_killpriv_truncate_setattr_and_create_existing_clear_privilege_bits ... ok
test node::vfs::ownerfs::tests::local_killpriv_write_clears_suid_and_executable_sgid_only_after_positive_write ... ok
test node::vfs::ownerfs::tests::local_killpriv_zero_and_failed_writes_do_not_clear_privilege_bits ... ok
test node::vfs::ownerfs::tests::local_mknod_fifo_records_special_metadata_and_permissions ... ok
test node::vfs::ownerfs::tests::local_namespace_mutations_enforce_parent_permissions_and_sticky ... ok
test node::vfs::ownerfs::tests::local_non_user_xattr_does_not_disable_getxattr_operation ... ok

running 1 test
test node::vfs::ownerfs::tests::local_odsync_write_reaches_file_data_sync_before_return ... ok

test result: ok. 1 passed; 0 failed; 0 ignored; 0 measured; 344 filtered out; finished in 0.01s

test node::vfs::ownerfs::tests::local_odsync_write_reaches_file_data_sync_before_return ... ok
test node::vfs::ownerfs::tests::local_readonly_create_does_not_require_created_file_write_access ... ok
test node::vfs::ownerfs::tests::local_rename_hardlink_to_itself_keeps_source_alias_cached ... ok
test node::vfs::ownerfs::tests::local_rename_over_linked_destination_rebinds_surviving_alias ... ok
test node::vfs::ownerfs::tests::local_root_and_file_round_trip_without_per_write_meta ... ok
test node::vfs::ownerfs::tests::local_setattr_rejects_non_owner_chmod ... ok
test node::vfs::ownerfs::tests::local_setattr_updates_mode_and_times ... ok
test node::vfs::ownerfs::tests::local_symlink_readlink_roundtrip ... ok
test node::vfs::ownerfs::tests::local_user_xattr_roundtrip_and_remove ... ok
test node::vfs::ownerfs::tests::namespace_remove_checks_search_and_sticky_source_or_destination ... ok
test node::vfs::ownerfs::tests::old_fd_survives_unlink_and_same_name_recreate ... ok
test node::vfs::ownerfs::tests::independent_remote_file_handles_write_without_global_owner_lock ... ok
test node::vfs::ownerfs::tests::owner_blocked_lock_wakes_on_unlock_and_authority_invalidation ... ok
test node::vfs::ownerfs::tests::owner_closed_scope_capacity_preserves_live_locks_and_cleanup ... ok
test node::vfs::ownerfs::tests::owner_lock_interrupt_before_registration_and_closed_session_do_not_revive ... ok
test node::vfs::ownerfs::tests::owner_locks_share_inode_identity_across_handles_and_unlink ... ok
test node::vfs::ownerfs::tests::owner_peer_waiter_scope_binds_root_epoch_and_process ... ok
test node::vfs::ownerfs::tests::owner_cancelled_waits_do_not_leak_routed_slots ... ok
test node::vfs::ownerfs::tests::owner_remote_session_cleanup_retries_only_unacknowledged_targets ... ok
test node::vfs::ownerfs::tests::owner_posix_fd_access_and_flock_conflict_namespaces_are_distinct ... ok
test node::vfs::ownerfs::tests::peer_hardlink_uses_caller_permissions_and_refreshes_nlink ... ok
test node::vfs::ownerfs::tests::peer_mknod_uses_caller_permissions_and_parent_identity ... ok
test node::vfs::ownerfs::tests::peer_rename_hardlink_to_itself_keeps_source_alias_cached ... ok
test node::vfs::ownerfs::tests::peer_namespace_mutations_enforce_parent_permissions_and_sticky ... ok
test node::vfs::ownerfs::tests::peer_rename_over_linked_destination_rebinds_surviving_alias ... ok
test node::vfs::ownerfs::tests::peer_rename_uncached_hardlink_destination_keeps_source_alias_cached ... ok
test node::vfs::ownerfs::tests::peer_symlink_uses_caller_permissions_and_parent_identity ... ok
test node::vfs::ownerfs::tests::peer_user_xattr_roundtrip_uses_original_caller_permissions ... ok
test node::vfs::ownerfs::tests::remote_flush_runs_once_after_write_and_release_only_cleans_up ... ok
test node::vfs::ownerfs::tests::remote_lookup_refreshes_cached_grant_after_home_restart ... ok
test node::vfs::ownerfs::tests::remote_open_receives_kernel_killpriv_cause ... ok
test node::vfs::ownerfs::tests::remote_open_refreshes_cached_grant_after_home_restart ... ok
test node::vfs::ownerfs::tests::remote_write_receives_kernel_killpriv_cause ... ok
test node::vfs::ownerfs::tests::rename_across_roots_returns_exdev_io_error ... ok
test node::vfs::ownerfs::tests::rename_no_replace_moves_when_destination_absent_and_preserves_existing_destination ... ok
test node::vfs::ownerfs::tests::rename_uncached_source_purges_cached_destination_path ... ok
test node::vfs::ownerfs::tests::renamed_directory_keeps_cached_descendant_inodes_at_new_path ... ok
test node::vfs::ownerfs::tests::setattr_authorization_allows_owner_uid_noop_and_member_chgrp ... ok
test node::vfs::ownerfs::tests::stale_open_with_truncate_does_not_modify_recreated_path ... ok
test node::vfs::ownerfs::tests::startup_recovery_hydrates_root_entries_from_local_catalog ... ok
test node::vfs::ownerfs::tests::writable_created_mode_zero_handle_can_ftruncate_but_readonly_cannot ... ok
test node::vfs::ownerfs::tests::write_sync_mode_distinguishes_odsync_from_osync ... ok
test runtime::shutdown_deadline_tests::shutdown_deadline_child ... ok

running 1 test
test node::vfs::ownerfs::tests::release_waits_for_same_handle_and_marks_it_closed ... ok

running 1 test
test runtime::shutdown_deadline_tests::shutdown_deadline_child ... ok

test result: ok. 1 passed; 0 failed; 0 ignored; 0 measured; 344 filtered out; finished in 0.25s

test runtime::shutdown_deadline_tests::shutdown_deadline_completion_disarms_process_failure ... ok
test runtime::shutdown_deadline_tests::shutdown_deadline_forces_failure_even_during_runtime_drop ... ok
test node::rpc::data::tests::dfs_replica_grpc_three_hops_retry_missing_tail ... ok
test node::vfs::dfs::tests::remote_provider_retire_timeout_keeps_release_debt_until_io_guard_drops ... ok

test result: ok. 343 passed; 0 failed; 2 ignored; 0 measured; 0 filtered out; finished in 2.77s

   Compiling afs v0.1.0 (/home/lzc.guest/afs-build/work/root-merged-v47)
    Finished `test` profile [unoptimized + debuginfo] target(s) in 19.33s
     Running tests/local_sdk.rs (/home/lzc.guest/afs-build/target/debug/deps/local_sdk-621381324405ad20)

running 9 tests
test dfs_sdk_buffers_and_fixed_version_validate_ownership_inputs ... ok
test local_api_rejects_missing_shm_grant_without_data_fallback ... ok
test local_api_socket_is_owner_only ... ok
test diagnostic_local_sdk_writes_and_reads_eight_bytes_through_shm ... ok
test local_sdk_rejects_oversized_write_without_grpc_data_fallback ... ok
test server_shutdown_removes_owned_socket ... ok
test dfs_local_sdk_is_typed_and_never_falls_through_to_diagnostics_storage ... ok
test cancelled_sdk_calls_do_not_exhaust_static_shm_slots ... ok
test missing_file_preserves_rpc_error_and_releases_broker_before_return ... ok

test result: ok. 9 passed; 0 failed; 0 ignored; 0 measured; 0 filtered out; finished in 1.02s

    Finished `test` profile [unoptimized + debuginfo] target(s) in 0.04s
     Running unittests src/lib.rs (/home/lzc.guest/afs-build/target/debug/deps/afs_error-826c9a2d05548ba5)

running 4 tests
test tests::io_keeps_permission_capacity_and_type_categories ... ok
test tests::unknown_code_is_preserved ... ok
test tests::io_keeps_linux_raw_errno_for_xattr_and_operation_permissions ... ok
test tests::catalog_matches_unique_nonzero_numbered_constants ... ok

test result: ok. 4 passed; 0 failed; 0 ignored; 0 measured; 0 filtered out; finished in 0.00s

   Doc-tests afs_error

running 0 tests

test result: ok. 0 passed; 0 failed; 0 ignored; 0 measured; 0 filtered out; finished in 0.00s

   Compiling afs v0.1.0 (/home/lzc.guest/afs-build/work/root-merged-v47)
    Finished `test` profile [unoptimized + debuginfo] target(s) in 11.38s
     Running tests/config_contract.rs (/home/lzc.guest/afs-build/target/debug/deps/config_contract-9417159af4f7531e)

running 4 tests
test invalid_limits_and_uncompiled_mode_fail ... ok
test file_values_are_overridden_only_by_explicit_cli ... ok
test unknown_field_is_rejected ... ok
test meta_store_defaults_to_etcd_and_cli_overrides_toml ... ok

test result: ok. 4 passed; 0 failed; 0 ignored; 0 measured; 0 filtered out; finished in 0.00s

     Running tests/error_contract.rs (/home/lzc.guest/afs-build/target/debug/deps/error_contract-ff5cebc17d0e5865)

running 4 tests
test linux_raw_errno_preserves_posix_file_errors ... ok
test meta_grpc_keeps_native_validation_code ... ok
test rest_body_and_posix_errno_preserve_meaning ... ok
test tcp_peer_and_local_sdk_preserve_identical_storage_identity ... ok

test result: ok. 4 passed; 0 failed; 0 ignored; 0 measured; 0 filtered out; finished in 2.02s

     Running tests/fuse_contract.rs (/home/lzc.guest/afs-build/target/debug/deps/fuse_contract-5880fa7c0a8b9650)

running 8 tests
test fuse_ftruncate_on_same_handle_waits_for_prior_write ... ignored, requires Linux /dev/fuse and fusermount3
test fuse_mount_binds_backend_at_mount_root ... ignored, requires Linux /dev/fuse and fusermount3
test fuse_mount_dispatches_real_backend_and_preserves_open_handle_identity ... ignored, requires Linux /dev/fuse and fusermount3
test fuse_mount_does_not_invent_backend_namespace_directories ... ignored, requires Linux /dev/fuse and fusermount3
test fuse_mount_rejects_existing_live_mount ... ignored, requires Linux /dev/fuse and fusermount3
test vfs_advisory_lock_methods_fail_closed_until_backend_supports_them ... ok
test vfs_killpriv_options_fail_closed_until_backend_supports_them ... ok
test vfs_options_preserve_legacy_paths_without_killpriv ... ok

test result: ok. 3 passed; 0 failed; 5 ignored; 0 measured; 0 filtered out; finished in 0.00s

     Running tests/meta_contract.rs (/home/lzc.guest/afs-build/target/debug/deps/meta_contract-93da30cdbe5dc1a1)

running 39 tests
test dfs_commit_keeps_file_layout_and_durable_chunk_receipt_explicit ... ok
test both_edges_can_reuse_the_same_meta_state ... ok
test contract_rpc_does_not_issue_fake_grants_without_store ... ok
test dfs_metadata_sync_allows_metadata_revision_drift_without_losing_xattrs ... ok
test dfs_commit_accepts_durable_ack_after_unrelated_catalog_advance ... ok
test dfs_kernel_killpriv_commit_requires_lease_and_preserves_nonexecutable_sgid ... ok
test dfs_data_commit_allows_metadata_revision_drift_without_losing_attrs ... ok
test dfs_namespace_errors_preserve_posix_errno ... ok
test dfs_namespace_hardlink_symlink_and_readlink_are_metadata_operations ... ok
test dfs_namespace_mkdir_readdir_and_rmdir_update_directory_links ... ok
test dfs_namespace_attrs_and_user_xattrs_are_revision_fenced ... ok
test dfs_namespace_mutations_update_parent_times_and_replay_is_stable ... ok
test dfs_namespace_rename_rejects_directory_into_its_subtree ... ok
test dfs_namespace_rename_no_replace_and_replace_are_atomic ... ok
test dfs_namespace_rpc_requires_caller_context_for_mutations ... ok
test dfs_namespace_permissions_require_parent_write_and_search ... ok
test dfs_namespace_retry_binds_semantics_and_new_inode_identity_scopes_caller ... ok
test dfs_namespace_root_rejects_aliasing_another_namespace ... ok
test dfs_namespace_sgid_parent_sets_child_group_for_directories_and_symlinks ... ok
test dfs_namespace_unlink_removes_name_but_keeps_orphan_inode_for_open_handles ... ok
test dfs_namespace_sticky_directories_require_victim_or_directory_owner ... ok
test dfs_placement_allows_remote_head_when_local_copy_not_required ... ok
test dfs_placement_rejects_unsatisfied_sync_minima ... ok
test dfs_removed_directory_cannot_receive_new_entries ... ok
test dfs_placement_uses_global_live_devices_for_required_local_copy ... ok
test dfs_readonly_owner_can_set_times_and_directory_chown_preserves_special_bits ... ok
test dfs_rename_preserves_other_hardlinks_and_same_inode_is_noop ... ok
test dfs_renewal_accepts_same_epoch_expiry_drift_and_replays_exact_result ... ok
test dfs_replica_write_grant_accepts_frozen_target_catalog_floor ... ok
test dfs_same_owner_reopen_cannot_shorten_live_lease_expiry ... ok
test dfs_renewal_concurrent_same_epoch_callers_preserve_authority ... ok
test meta_services_share_one_package_but_remain_separate_routes ... ok
test dfs_write_lease_reuses_one_owner_and_fences_stale_commits ... ok
test dfs_special_inode_has_metadata_without_chunks_and_enforces_parent_access ... ok
test owner_authority_stale_abort_cannot_delete_new_pending_reservation ... ok
test owner_root_messages_keep_location_reservation_and_access_separate ... ok
test owner_authority_reserve_activate_acquire_validate_and_recover ... ok
test node_rpc_store_local_file_recovers_committed_session_and_reply ... ok
test dfs_renewal_cannot_resurrect_expired_or_reassigned_authority ... ok

test result: ok. 39 passed; 0 failed; 0 ignored; 0 measured; 0 filtered out; finished in 1.19s

     Running tests/ownerfs_peer_contract.rs (/home/lzc.guest/afs-build/target/debug/deps/ownerfs_peer_contract-7ec0db08fd55e38d)

running 2 tests
test mtls_authenticator_is_available_for_exact_der_mapping ... ok
test mtls_ownerfiles_grpc_roundtrip_uses_real_ownerfs_backend ... ok

test result: ok. 2 passed; 0 failed; 0 ignored; 0 measured; 0 filtered out; finished in 5.31s

     Running tests/rest_contract.rs (/home/lzc.guest/afs-build/target/debug/deps/rest_contract-9e374fd62d7a6769)

running 4 tests
test health_requires_a_meta_store ... ok
test root_location_reports_serving_for_live_exact_home_session ... ok
test health_uses_backend_probe_not_cached_read_view ... ok
test root_location_keeps_owner_but_reports_unavailable_for_expired_home_session ... ok

test result: ok. 4 passed; 0 failed; 0 ignored; 0 measured; 0 filtered out; finished in 0.09s

     Running tests/vfs_contract.rs (/home/lzc.guest/afs-build/target/debug/deps/vfs_contract-2c9f84997e13e36e)

running 1 test
test backend_contract_binds_one_root_and_rejects_unimplemented_operations ... ok

test result: ok. 1 passed; 0 failed; 0 ignored; 0 measured; 0 filtered out; finished in 0.00s

    Finished `test` profile [unoptimized + debuginfo] target(s) in 0.07s

running 5 tests
test fuse_ftruncate_on_same_handle_waits_for_prior_write ... fusermount3: failed to unmount /tmp/.tmpqCGxHW/mnt: Invalid argument
ok
test fuse_mount_binds_backend_at_mount_root ... fusermount3: failed to unmount /tmp/.tmpL3BUSZ/mnt: Invalid argument
ok
test fuse_mount_dispatches_real_backend_and_preserves_open_handle_identity ... fusermount3: failed to unmount /tmp/.tmp0PyJwG/mnt: Invalid argument
ok
test fuse_mount_does_not_invent_backend_namespace_directories ... fusermount3: failed to unmount /tmp/.tmpVO6c3n/mnt: Invalid argument
ok
test fuse_mount_rejects_existing_live_mount ... fusermount3: failed to unmount /tmp/.tmpbWYLbU/mnt: Invalid argument
ok

test result: ok. 5 passed; 0 failed; 0 ignored; 0 measured; 3 filtered out; finished in 0.12s

    Checking afs v0.1.0 (/home/lzc.guest/afs-build/work/root-merged-v47)
    Finished `dev` profile [unoptimized + debuginfo] target(s) in 1.46s
    Checking afs v0.1.0 (/home/lzc.guest/afs-build/work/root-merged-v47)
    Finished `dev` profile [unoptimized + debuginfo] target(s) in 1.83s
    Checking afs v0.1.0 (/home/lzc.guest/afs-build/work/root-merged-v47)
    Finished `dev` profile [unoptimized + debuginfo] target(s) in 1.85s
   Compiling afs v0.1.0 (/home/lzc.guest/afs-build/work/root-merged-v47)
    Finished `dev` profile [unoptimized + debuginfo] target(s) in 16.51s
e8a25231726cf6bd943b3d00e125c3b2afbd8d489c9f2d3839d1a9a544ea0bf2  /home/lzc.guest/afs-build/artifacts/v47-qualified/afs-node
4409ab27b34c07b28e156ac1edae33a5677ea278fbb294a807df47a235895fe7  /home/lzc.guest/afs-build/artifacts/v47-qualified/afs-meta
