    Checking afs v0.1.0 (/var/tmp/afs-native-workspace-20261007-r1/source)
error: method `name` is never used
   --> src/node/vfs/ownerfs/native_home.rs:149:19
    |
101 | impl HomeExportAuthority {
    | ------------------------ method in this implementation
...
149 |     pub(crate) fn name(&self) -> &OsStr {
    |                   ^^^^
    |
    = note: `-D dead-code` implied by `-D warnings`
    = help: to override `-D warnings` add `#[expect(dead_code)]` or `#[allow(dead_code)]`

error: this `if` statement can be collapsed
   --> src/node/native_workspace.rs:598:9
    |
598 | /         if let Some(process) = &self.active.as_ref().expect("active").pid {
599 | |             if same_process(process)? {
600 | |                 return Err(io::Error::from_raw_os_error(libc::EBUSY));
601 | |             }
602 | |         }
    | |_________^
    |
    = help: for further information visit https://rust-lang.github.io/rust-clippy/rust-1.95.0/index.html#collapsible_if
    = note: `-D clippy::collapsible-if` implied by `-D clippy::all`
    = help: to override `-D clippy::all` add `#[allow(clippy::collapsible_if)]`
help: collapse nested if block
    |
598 ~         if let Some(process) = &self.active.as_ref().expect("active").pid
599 ~             && same_process(process)? {
600 |                 return Err(io::Error::from_raw_os_error(libc::EBUSY));
601 ~             }
    |

error: could not compile `afs` (lib) due to 2 previous errors
warning: build failed, waiting for other jobs to finish...
error: could not compile `afs` (lib test) due to 1 previous error
