   Compiling afs v0.1.0 (/var/tmp/afs-native-workspace-20261007-r1/source)
warning: method `name` is never used
   --> src/node/vfs/ownerfs/native_home.rs:149:19
    |
101 | impl HomeExportAuthority {
    | ------------------------ method in this implementation
...
149 |     pub(crate) fn name(&self) -> &OsStr {
    |                   ^^^^
    |
    = note: `#[warn(dead_code)]` (part of `#[warn(unused)]`) on by default

warning: `afs` (lib) generated 1 warning
warning: direct cast of function item into an integer
  --> src/bin/afs-workspace-probe.rs:31:45
   |
31 |         if libc::signal(libc::SIGTERM, stop as libc::sighandler_t) == libc::SIG_ERR
   |                                             ^^^^^^^^^^^^^^^^^^^^^
   |
   = note: `#[warn(function_casts_as_integer)]` on by default
help: first cast to a pointer `as *const ()`
   |
31 |         if libc::signal(libc::SIGTERM, stop as *const () as libc::sighandler_t) == libc::SIG_ERR
   |                                             ++++++++++++

warning: direct cast of function item into an integer
  --> src/bin/afs-workspace-probe.rs:32:48
   |
32 |             || libc::signal(libc::SIGINT, stop as libc::sighandler_t) == libc::SIG_ERR
   |                                                ^^^^^^^^^^^^^^^^^^^^^
   |
help: first cast to a pointer `as *const ()`
   |
32 |             || libc::signal(libc::SIGINT, stop as *const () as libc::sighandler_t) == libc::SIG_ERR
   |                                                ++++++++++++

warning: `afs` (bin "afs-workspace-probe") generated 2 warnings (run `cargo fix --bin "afs-workspace-probe" -p afs` to apply 2 suggestions)
    Finished `release` profile [optimized] target(s) in 1m 15s
     Running tests/config_contract.rs (/var/tmp/afs-e2e-release-20261006-r1/target/release/deps/config_contract-ddafb572f1e628ab)

running 7 tests
test invalid_limits_and_uncompiled_mode_fail ... ok
test native_workspace_is_default_off_and_refuses_incomplete_or_wrong_backend ... ok
test file_values_are_overridden_only_by_explicit_cli ... ok
test meta_store_defaults_to_etcd_and_cli_overrides_toml ... ok
test unknown_field_is_rejected ... ok
test volatile_meta_policy_defaults_to_false_and_cli_overrides_toml ... ok
test native_workspace_validates_admin_paths_and_explicit_off_override ... ok

test result: ok. 7 passed; 0 failed; 0 ignored; 0 measured; 0 filtered out; finished in 0.00s

     Running tests/fuse_contract.rs (/var/tmp/afs-e2e-release-20261006-r1/target/release/deps/fuse_contract-fae16f41fa2e8f7e)

running 12 tests
test fuse_direct_io_open_allows_basic_shared_mmap ... ignored, requires Linux /dev/fuse, fusermount3 and python3 mmap
test fuse_ftruncate_on_same_handle_waits_for_prior_write ... ignored, requires Linux /dev/fuse and fusermount3
test fuse_mount_binds_backend_at_mount_root ... ignored, requires Linux /dev/fuse and fusermount3
test fuse_mount_dispatches_real_backend_and_preserves_open_handle_identity ... ignored, requires Linux /dev/fuse and fusermount3
test fuse_mount_does_not_invent_backend_namespace_directories ... ignored, requires Linux /dev/fuse and fusermount3
test fuse_mount_rejects_existing_live_mount ... ignored, requires Linux /dev/fuse and fusermount3
test fuse_statfs_returns_backend_capacity_fields_to_kernel_stat ... ignored, requires Linux /dev/fuse, fusermount3 and GNU stat
test fuse_statfs_unsupported_backend_fails_instead_of_zero_success ... ignored, requires Linux /dev/fuse, fusermount3 and GNU stat
test vfs_advisory_lock_methods_fail_closed_until_backend_supports_them ... ok
test vfs_killpriv_options_fail_closed_until_backend_supports_them ... ok
test vfs_statfs_fails_closed_until_backend_supports_it ... ok
test vfs_options_preserve_legacy_paths_without_killpriv ... ok

test result: ok. 4 passed; 0 failed; 8 ignored; 0 measured; 0 filtered out; finished in 0.00s

     Running tests/node_health_contract.rs (/var/tmp/afs-e2e-release-20261006-r1/target/release/deps/node_health_contract-b7ad6421befeac22)

running 20 tests
test initial_meta_persistence_update_preserves_registration_age ... ok
test initial_registration_capability_preserves_registration_age ... ok
test node_health_allows_healthy_volatile_meta_only_when_policy_opts_in ... ok
test node_health_can_report_foundation_ready_without_configured_mounts ... ok
test node_health_fails_closed_before_resource_sampler_observes_device ... ok
test node_health_fails_closed_on_stale_meta_heartbeat ... ok
test node_health_fails_closed_on_stale_resource_observation ... ok
test node_health_recovers_after_retryable_meta_registration_failure_clears ... ok
test node_health_rejects_volatile_meta_without_explicit_policy ... ok
test node_health_rejects_substituted_non_afs_mount ... ok
test node_health_reports_data_device_failure_from_sampler_snapshot ... ok
test node_health_requires_observed_rdma_availability_when_rdma_required ... ok
test node_health_returns_unavailable_after_known_meta_registration_failure ... ok
test node_health_uses_latest_registration_persistence_readiness ... ok
test node_health_returns_unavailable_when_configured_mount_is_absent ... ok
test rdma_sampler_requires_accepted_port_one_not_any_active_port ... ok
test rdma_sampler_rejects_active_defer_and_accepts_exact_active ... ok
test resource_sampler_is_singleflight_and_reports_blocked_worker ... ok
test blocked_sampler_shutdown_returns_error_from_real_pending_worker ... ok
test repeated_node_health_gets_do_not_touch_data_dir ... ok

test result: ok. 20 passed; 0 failed; 0 ignored; 0 measured; 0 filtered out; finished in 0.03s

     Running tests/ownerfs_peer_contract.rs (/var/tmp/afs-e2e-release-20261006-r1/target/release/deps/ownerfs_peer_contract-69b1fae9724dd531)

running 12 tests
test ownerfiles_rdma_large_write_fsync_cold_read_roundtrip_preserves_payload ... ignored, requires AFS_TEST_RDMA_DEVICE with a working RXE/RDMA device
test mtls_authenticator_is_available_for_exact_der_mapping ... ok
test ownerfiles_rdma_authority_validation_may_block_on_tokio_handle ... ok
test ownerfiles_rdma_oversize_read_rejects_before_handler_allocation ... ok
test ownerfiles_rdma_missing_device_fails_before_file_write ... ok
test ownerpeerclient_posted_rdma_deadline_has_unknown_outcome ... ignored, requires real RXE and external GDB stop at posted OwnerFiles READ4096 deadline point
test ownerpeerclient_rdma_large_write_fsync_cold_read_roundtrip_preserves_payload ... ignored, requires AFS_TEST_RDMA_DEVICE with a working RXE/RDMA device
test ownerpeerclient_rdma_without_device_ignores_forbidden_prefetch ... ok
test ownerfiles_rejects_rdma_plane_without_negotiated_owner_session_before_write ... ok
test ownerpeerclient_auto_without_device_falls_back_before_rdma_dispatch ... ok
test ownerpeerclient_rdma_without_device_rejects_read_write_without_mutation ... ok
test mtls_ownerfiles_grpc_roundtrip_uses_real_ownerfs_backend ... ok

test result: ok. 9 passed; 0 failed; 3 ignored; 0 measured; 0 filtered out; finished in 5.27s

     Running tests/vfs_contract.rs (/var/tmp/afs-e2e-release-20261006-r1/target/release/deps/vfs_contract-f0c4c7c2185dd41b)

running 1 test
test backend_contract_binds_one_root_and_rejects_unimplemented_operations ... ok

test result: ok. 1 passed; 0 failed; 0 ignored; 0 measured; 0 filtered out; finished in 0.00s

