bash: line 1: cd: /Users/lzc/workspace/code/agentruntime/rust-distributed-memory-store: No such file or directory
bash: line 1: cd: /Users/lzc: No such file or directory
   Compiling afs v0.1.0 (/home/lzc.guest/afs-build/work/root-merged-v28)
    Finished `test` profile [unoptimized + debuginfo] target(s) in 31.26s
     Running tests/config_contract.rs (/home/lzc.guest/afs-build/target/debug/deps/config_contract-9417159af4f7531e)

running 4 tests
test invalid_limits_and_uncompiled_mode_fail ... ok
test unknown_field_is_rejected ... ok
test file_values_are_overridden_only_by_explicit_cli ... ok
test meta_store_defaults_to_etcd_and_cli_overrides_toml ... ok

test result: ok. 4 passed; 0 failed; 0 ignored; 0 measured; 0 filtered out; finished in 0.00s

     Running tests/error_contract.rs (/home/lzc.guest/afs-build/target/debug/deps/error_contract-ff5cebc17d0e5865)

running 4 tests
test linux_raw_errno_preserves_posix_file_errors ... ok
test meta_grpc_keeps_native_validation_code ... ok
test rest_body_and_posix_errno_preserve_meaning ... ok
test tcp_peer_and_local_sdk_preserve_identical_storage_identity ... ok

test result: ok. 4 passed; 0 failed; 0 ignored; 0 measured; 0 filtered out; finished in 2.01s

     Running tests/fuse_contract.rs (/home/lzc.guest/afs-build/target/debug/deps/fuse_contract-5880fa7c0a8b9650)

running 8 tests
test fuse_ftruncate_on_same_handle_waits_for_prior_write ... ignored, requires Linux /dev/fuse and fusermount3
test fuse_mount_binds_backend_at_mount_root ... ignored, requires Linux /dev/fuse and fusermount3
test fuse_mount_dispatches_real_backend_and_preserves_open_handle_identity ... ignored, requires Linux /dev/fuse and fusermount3
test fuse_mount_does_not_invent_backend_namespace_directories ... ignored, requires Linux /dev/fuse and fusermount3
test fuse_mount_rejects_existing_live_mount ... ignored, requires Linux /dev/fuse and fusermount3
test vfs_advisory_lock_methods_fail_closed_until_backend_supports_them ... ok
test vfs_options_preserve_legacy_paths_without_killpriv ... ok
test vfs_killpriv_options_fail_closed_until_backend_supports_them ... ok

test result: ok. 3 passed; 0 failed; 5 ignored; 0 measured; 0 filtered out; finished in 0.00s

     Running tests/meta_contract.rs (/home/lzc.guest/afs-build/target/debug/deps/meta_contract-93da30cdbe5dc1a1)

running 38 tests
test dfs_commit_keeps_file_layout_and_durable_chunk_receipt_explicit ... ok
test both_edges_can_reuse_the_same_meta_state ... ok
test contract_rpc_does_not_issue_fake_grants_without_store ... ok
test dfs_metadata_sync_allows_metadata_revision_drift_without_losing_xattrs ... ok
test dfs_commit_accepts_durable_ack_after_unrelated_catalog_advance ... ok
test dfs_kernel_killpriv_commit_requires_lease_and_preserves_nonexecutable_sgid ... ok
test dfs_data_commit_allows_metadata_revision_drift_without_losing_attrs ... ok
test dfs_namespace_errors_preserve_posix_errno ... ok
test dfs_namespace_hardlink_symlink_and_readlink_are_metadata_operations ... ok
test dfs_namespace_mkdir_readdir_and_rmdir_update_directory_links ... ok
test dfs_namespace_attrs_and_user_xattrs_are_revision_fenced ... ok
test dfs_namespace_mutations_update_parent_times_and_replay_is_stable ... ok
test dfs_namespace_rename_no_replace_and_replace_are_atomic ... ok
test dfs_namespace_permissions_require_parent_write_and_search ... ok
test dfs_namespace_rpc_requires_caller_context_for_mutations ... ok
test dfs_namespace_rename_rejects_directory_into_its_subtree ... ok
test dfs_namespace_retry_binds_semantics_and_new_inode_identity_scopes_caller ... ok
test dfs_namespace_root_rejects_aliasing_another_namespace ... ok
test dfs_namespace_sgid_parent_sets_child_group_for_directories_and_symlinks ... ok
test dfs_namespace_sticky_directories_require_victim_or_directory_owner ... ok
test dfs_namespace_unlink_removes_name_but_keeps_orphan_inode_for_open_handles ... ok
test dfs_placement_allows_remote_head_when_local_copy_not_required ... ok
test dfs_placement_rejects_unsatisfied_sync_minima ... ok
test dfs_placement_uses_global_live_devices_for_required_local_copy ... ok
test dfs_removed_directory_cannot_receive_new_entries ... ok
test dfs_readonly_owner_can_set_times_and_directory_chown_preserves_special_bits ... ok
test dfs_rename_preserves_other_hardlinks_and_same_inode_is_noop ... ok
test dfs_renewal_accepts_same_epoch_expiry_drift_and_replays_exact_result ... ok
test dfs_replica_write_grant_accepts_frozen_target_catalog_floor ... ok
test dfs_write_lease_reuses_one_owner_and_fences_stale_commits ... ok
test meta_services_share_one_package_but_remain_separate_routes ... ok
test dfs_special_inode_has_metadata_without_chunks_and_enforces_parent_access ... ok
test dfs_renewal_concurrent_same_epoch_callers_preserve_authority ... ok
test owner_authority_stale_abort_cannot_delete_new_pending_reservation ... ok
test owner_root_messages_keep_location_reservation_and_access_separate ... ok
test owner_authority_reserve_activate_acquire_validate_and_recover ... ok
test node_rpc_store_local_file_recovers_committed_session_and_reply ... ok
test dfs_renewal_cannot_resurrect_expired_or_reassigned_authority ... ok

test result: ok. 38 passed; 0 failed; 0 ignored; 0 measured; 0 filtered out; finished in 1.17s

     Running tests/ownerfs_peer_contract.rs (/home/lzc.guest/afs-build/target/debug/deps/ownerfs_peer_contract-7ec0db08fd55e38d)

running 2 tests
test mtls_authenticator_is_available_for_exact_der_mapping ... ok
test mtls_ownerfiles_grpc_roundtrip_uses_real_ownerfs_backend ... ok

test result: ok. 2 passed; 0 failed; 0 ignored; 0 measured; 0 filtered out; finished in 5.27s

     Running tests/rest_contract.rs (/home/lzc.guest/afs-build/target/debug/deps/rest_contract-9e374fd62d7a6769)

running 4 tests
test health_requires_a_meta_store ... ok
test health_uses_backend_probe_not_cached_read_view ... ok
test root_location_reports_serving_for_live_exact_home_session ... ok
test root_location_keeps_owner_but_reports_unavailable_for_expired_home_session ... ok

test result: ok. 4 passed; 0 failed; 0 ignored; 0 measured; 0 filtered out; finished in 0.09s

     Running tests/vfs_contract.rs (/home/lzc.guest/afs-build/target/debug/deps/vfs_contract-2c9f84997e13e36e)

running 1 test
test backend_contract_binds_one_root_and_rejects_unimplemented_operations ... ok

test result: ok. 1 passed; 0 failed; 0 ignored; 0 measured; 0 filtered out; finished in 0.00s

   Compiling afs-protocol v0.1.0 (/home/lzc.guest/afs-build/work/root-merged-v28/common/protocol)
   Compiling fuser v0.16.0 (/home/lzc.guest/afs-build/work/root-merged-v28/third_party/fuser)
   Compiling afs-transport v0.1.0 (/home/lzc.guest/afs-build/work/root-merged-v28/common/transport)
   Compiling afs v0.1.0 (/home/lzc.guest/afs-build/work/root-merged-v28)
    Finished `dev` profile [unoptimized + debuginfo] target(s) in 21.39s
b999a80aa253b6eba3214a0207917a72bc640d00c70050b0a742fe33671dc993  /home/lzc.guest/afs-build/artifacts/v28/afs-meta
30113a1a785731d23626d19ab66fd02ab537cdce99f74cd951cfdccd7b6e3ae9  /home/lzc.guest/afs-build/artifacts/v28/afs-node
