bash: line 1: cd: /Users/lzc/workspace/code/agentruntime/rust-distributed-memory-store: No such file or directory
bash: line 1: cd: /Users/lzc: No such file or directory
   Compiling afs v0.1.0 (/home/lzc.guest/afs-build/work/root-merged-v28)
    Finished `test` profile [unoptimized + debuginfo] target(s) in 16.46s
     Running unittests src/lib.rs (/home/lzc.guest/afs-build/target/debug/deps/afs-586e1b701367e588)

running 9 tests
test node::vfs::dfs::tests::dfs_lock_background_renewal_starts_with_retry_budget ... ok
test node::vfs::dfs::tests::dfs_lock_renewal_old_success_hint_does_not_shorten_newer_state ... ok
test node::vfs::dfs::tests::dfs_lock_renewal_confirmed_fence_invalidates_same_identity_extended_state ... ok
test node::vfs::dfs::tests::dfs_lock_authority_epoch_replaces_old_table ... ok
test node::vfs::dfs::tests::dfs_lock_renewal_stale_retry_error_does_not_fence_extended_state ... ok
test node::vfs::dfs::tests::dfs_lock_renewal_success_accepts_live_response_after_old_expiry ... ok
test node::vfs::dfs::tests::dfs_lock_renewal_success_does_not_resurrect_terminal_authority ... ok
test node::vfs::dfs::tests::dfs_lock_renewal_terminal_fence_invalidates_locks_and_waiters ... ok
test node::vfs::dfs::tests::dfs_lock_renewal_transient_error_preserves_locks_and_waiters ... ok

test result: ok. 9 passed; 0 failed; 0 ignored; 0 measured; 261 filtered out; finished in 0.01s

    Finished `test` profile [unoptimized + debuginfo] target(s) in 0.05s
     Running unittests src/lib.rs (/home/lzc.guest/afs-build/target/debug/deps/afs-586e1b701367e588)

running 2 tests
test node::vfs::dfs::tests::dfs_local_setlk_postgrant_transient_renewal_keeps_lock ... ok
test node::vfs::dfs::tests::dfs_owner_set_lock_postgrant_transient_renewal_keeps_lock ... ok

test result: ok. 2 passed; 0 failed; 0 ignored; 0 measured; 268 filtered out; finished in 0.00s

    Checking fuser v0.16.0 (/home/lzc.guest/afs-build/work/root-merged-v28/third_party/fuser)
   Compiling afs-protocol v0.1.0 (/home/lzc.guest/afs-build/work/root-merged-v28/common/protocol)
   Compiling afs-transport v0.1.0 (/home/lzc.guest/afs-build/work/root-merged-v28/common/transport)
    Checking afs-error v0.1.0 (/home/lzc.guest/afs-build/work/root-merged-v28/common/error)
    Checking afs-client v0.1.0 (/home/lzc.guest/afs-build/work/root-merged-v28/client)
    Checking afs v0.1.0 (/home/lzc.guest/afs-build/work/root-merged-v28)
error: unused import: `AtomicUsize`
  --> src/node/vfs/dfs.rs:16:41
   |
16 |         atomic::{AtomicBool, AtomicU64, AtomicUsize, Ordering},
   |                                         ^^^^^^^^^^^
   |
   = note: `-D unused-imports` implied by `-D warnings`
   = help: to override `-D warnings` add `#[allow(unused_imports)]`

error: could not compile `afs` (lib) due to 1 previous error
warning: build failed, waiting for other jobs to finish...
