   Compiling afs v0.1.0 (/home/lzc.guest/afs-build/work/root-merged-v51)
    Finished `test` profile [unoptimized + debuginfo] target(s) in 12.31s
     Running unittests src/lib.rs (/home/lzc.guest/afs-build/target/debug/deps/afs-469b45811fda1b7a)

running 5 tests
test runtime::shutdown_deadline_tests::shutdown_deadline_child ... ok

running 1 test

running 1 test

running 1 test

running 1 test
test runtime::shutdown_deadline_tests::shutdown_deadline_covers_signal_when_business_reactor_is_blocked ... ok
test runtime::shutdown_deadline_tests::shutdown_deadline_forces_failure_even_during_runtime_drop ... ok
test runtime::shutdown_deadline_tests::shutdown_deadline_child ... ok

test result: ok. 1 passed; 0 failed; 0 ignored; 0 measured; 353 filtered out; finished in 0.25s

test runtime::shutdown_deadline_tests::shutdown_deadline_completion_disarms_process_failure ... ok
test runtime::shutdown_deadline_tests::shutdown_deadline_child ... ok

test result: ok. 1 passed; 0 failed; 0 ignored; 0 measured; 353 filtered out; finished in 0.61s


running 1 test
test runtime::shutdown_deadline_tests::shutdown_deadline_child ... ok

test result: ok. 1 passed; 0 failed; 0 ignored; 0 measured; 353 filtered out; finished in 0.61s

test runtime::shutdown_deadline_tests::process_signal_observer_does_not_steal_graceful_service_signals ... ok

test result: ok. 5 passed; 0 failed; 0 ignored; 0 measured; 349 filtered out; finished in 1.23s

