{
  "id": "node-a",
  "grpc_listen": "127.0.0.1:22500",
  "rest_listen": "127.0.0.1:22501",
  "meta_endpoint": "https://127.0.0.1:22400",
  "etcd_endpoint": null,
  "redis_endpoint": null,
  "meta_store": "etcd",
  "allow_volatile_meta": false,
  "peer_endpoint": null,
  "advertise_endpoint": "https://127.0.0.1:22500",
  "tls_ca_certificate": "/opt/afs-workspace-bind-metadata-window-20261007-r2/etc/tls/ca.pem",
  "tls_identity_certificate": "/opt/afs-workspace-bind-metadata-window-20261007-r2/etc/tls/node-a.pem",
  "tls_identity_private_key": "/opt/afs-workspace-bind-metadata-window-20261007-r2/etc/tls/node-a-key.pem",
  "tls_server_name": "afs-meta",
  "trusted_node_certs": {
    "node-a": "/opt/afs-workspace-bind-metadata-window-20261007-r2/etc/tls/node-a.pem"
  },
  "ownerfs": true,
  "dfs": true,
  "data_mode": "grpc",
  "rdma_device": null,
  "data_dir": "/opt/afs-workspace-bind-metadata-window-20261007-r2/state/node",
  "uds_path": "/opt/afs-workspace-bind-metadata-window-20261007-r2/run/node.sock",
  "ownerfs_mount": "/opt/afs-workspace-bind-metadata-window-20261007-r2/mount/ownerfs",
  "experimental_native_workspace": false,
  "native_workspace": null,
  "experimental_ownerfs_workspace_bind": false,
  "ownerfs_workspace_bind": null,
  "dfs_mount": "/opt/afs-workspace-bind-metadata-window-20261007-r2/mount/dfs",
  "dfs_desired_copies": 1,
  "dfs_sync_required_copies": 1,
  "dfs_min_distinct_nodes": 1,
  "dfs_min_distinct_failure_domains": 1,
  "dfs_local_copy": "required",
  "dfs_read_max_ops_per_batch": 128,
  "dfs_read_max_inflight_bytes": 8388608,
  "dfs_read_source_cache_ttl_ms": 500,
  "timeout_ms": 5000,
  "log_level": "info",
  "trace_enabled": false,
  "trace_endpoint": "http://127.0.0.1:4317",
  "trace_sample_ratio": 0.01
}
