test_failed_probes_and_wrong_volume_or_image_cannot_record_pass (test_environment.EnvironmentEvaluatorTests.test_failed_probes_and_wrong_volume_or_image_cannot_record_pass) ... 
  test_failed_probes_and_wrong_volume_or_image_cannot_record_pass (test_environment.EnvironmentEvaluatorTests.test_failed_probes_and_wrong_volume_or_image_cannot_record_pass) (mutation='address-failed') ... FAIL
  test_failed_probes_and_wrong_volume_or_image_cannot_record_pass (test_environment.EnvironmentEvaluatorTests.test_failed_probes_and_wrong_volume_or_image_cannot_record_pass) (mutation='block-failed') ... FAIL
  test_failed_probes_and_wrong_volume_or_image_cannot_record_pass (test_environment.EnvironmentEvaluatorTests.test_failed_probes_and_wrong_volume_or_image_cannot_record_pass) (mutation='rdma-failed') ... FAIL
  test_failed_probes_and_wrong_volume_or_image_cannot_record_pass (test_environment.EnvironmentEvaluatorTests.test_failed_probes_and_wrong_volume_or_image_cannot_record_pass) (mutation='shadow-mount') ... FAIL
  test_failed_probes_and_wrong_volume_or_image_cannot_record_pass (test_environment.EnvironmentEvaluatorTests.test_failed_probes_and_wrong_volume_or_image_cannot_record_pass) (mutation='df-wrong-fs') ... FAIL
  test_failed_probes_and_wrong_volume_or_image_cannot_record_pass (test_environment.EnvironmentEvaluatorTests.test_failed_probes_and_wrong_volume_or_image_cannot_record_pass) (mutation='image-arch') ... FAIL
  test_failed_probes_and_wrong_volume_or_image_cannot_record_pass (test_environment.EnvironmentEvaluatorTests.test_failed_probes_and_wrong_volume_or_image_cannot_record_pass) (mutation='image-location') ... FAIL

======================================================================
FAIL: test_failed_probes_and_wrong_volume_or_image_cannot_record_pass (test_environment.EnvironmentEvaluatorTests.test_failed_probes_and_wrong_volume_or_image_cannot_record_pass) (mutation='address-failed')
----------------------------------------------------------------------
Traceback (most recent call last):
  File "/tmp/afs-environment-v66/metadata-original/test_environment.py", line 104, in test_failed_probes_and_wrong_volume_or_image_cannot_record_pass
    self.assertNotEqual(check["status"], "PASS")
AssertionError: 'PASS' == 'PASS'

======================================================================
FAIL: test_failed_probes_and_wrong_volume_or_image_cannot_record_pass (test_environment.EnvironmentEvaluatorTests.test_failed_probes_and_wrong_volume_or_image_cannot_record_pass) (mutation='block-failed')
----------------------------------------------------------------------
Traceback (most recent call last):
  File "/tmp/afs-environment-v66/metadata-original/test_environment.py", line 104, in test_failed_probes_and_wrong_volume_or_image_cannot_record_pass
    self.assertNotEqual(check["status"], "PASS")
AssertionError: 'PASS' == 'PASS'

======================================================================
FAIL: test_failed_probes_and_wrong_volume_or_image_cannot_record_pass (test_environment.EnvironmentEvaluatorTests.test_failed_probes_and_wrong_volume_or_image_cannot_record_pass) (mutation='rdma-failed')
----------------------------------------------------------------------
Traceback (most recent call last):
  File "/tmp/afs-environment-v66/metadata-original/test_environment.py", line 104, in test_failed_probes_and_wrong_volume_or_image_cannot_record_pass
    self.assertNotEqual(check["status"], "PASS")
AssertionError: 'PASS' == 'PASS'

======================================================================
FAIL: test_failed_probes_and_wrong_volume_or_image_cannot_record_pass (test_environment.EnvironmentEvaluatorTests.test_failed_probes_and_wrong_volume_or_image_cannot_record_pass) (mutation='shadow-mount')
----------------------------------------------------------------------
Traceback (most recent call last):
  File "/tmp/afs-environment-v66/metadata-original/test_environment.py", line 104, in test_failed_probes_and_wrong_volume_or_image_cannot_record_pass
    self.assertNotEqual(check["status"], "PASS")
AssertionError: 'PASS' == 'PASS'

======================================================================
FAIL: test_failed_probes_and_wrong_volume_or_image_cannot_record_pass (test_environment.EnvironmentEvaluatorTests.test_failed_probes_and_wrong_volume_or_image_cannot_record_pass) (mutation='df-wrong-fs')
----------------------------------------------------------------------
Traceback (most recent call last):
  File "/tmp/afs-environment-v66/metadata-original/test_environment.py", line 104, in test_failed_probes_and_wrong_volume_or_image_cannot_record_pass
    self.assertNotEqual(check["status"], "PASS")
AssertionError: 'PASS' == 'PASS'

======================================================================
FAIL: test_failed_probes_and_wrong_volume_or_image_cannot_record_pass (test_environment.EnvironmentEvaluatorTests.test_failed_probes_and_wrong_volume_or_image_cannot_record_pass) (mutation='image-arch')
----------------------------------------------------------------------
Traceback (most recent call last):
  File "/tmp/afs-environment-v66/metadata-original/test_environment.py", line 104, in test_failed_probes_and_wrong_volume_or_image_cannot_record_pass
    self.assertNotEqual(check["status"], "PASS")
AssertionError: 'PASS' == 'PASS'

======================================================================
FAIL: test_failed_probes_and_wrong_volume_or_image_cannot_record_pass (test_environment.EnvironmentEvaluatorTests.test_failed_probes_and_wrong_volume_or_image_cannot_record_pass) (mutation='image-location')
----------------------------------------------------------------------
Traceback (most recent call last):
  File "/tmp/afs-environment-v66/metadata-original/test_environment.py", line 104, in test_failed_probes_and_wrong_volume_or_image_cannot_record_pass
    self.assertNotEqual(check["status"], "PASS")
AssertionError: 'PASS' == 'PASS'

----------------------------------------------------------------------
Ran 1 test in 0.013s

FAILED (failures=7)
