{
  "status": "PASS_NORMAL_EXIT0_NO_OWNED_PROCESS_MOUNT_OLD_UNCHANGED",
  "role": "a",
  "real_wait": {
    "pid": "850792",
    "exe": "/mnt/lima-afsadata/afs-delivery/dfs-sync-6d-20261007-r1/prefix/bin/afs-node",
    "config": "/mnt/lima-afsadata/afs-delivery/dfs-sync-6d-20261007-r1/etc/node.toml",
    "start_ticks": "57823144",
    "boot_id": "36a572e0-859b-4a94-adc7-789210a83fc8",
    "lifecycle": "/mnt/lima-afsadata/afs-delivery/dfs-sync-6d-20261007-r1/run/node.lifecycle.FYR7Jo",
    "supervisor_pid": "850776",
    "exit_code": "0"
  },
  "owned_alive": [],
  "mounts_under_root": [],
  "old_incarnations_unchanged": [
    706366,
    707560,
    722421,
    723627,
    724361,
    727122,
    729413
  ],
  "available_bytes": 4127723520
}
