{"event": "ACK", "next_round": 1, "reader_id": "B", "round": 0, "rounds": 5, "session_token": "dfs-sync-r1-8f9b25f2d4a84eee976e45c346d02557"}
{"event": "ACK", "next_round": 1, "reader_id": "C", "round": 0, "rounds": 5, "session_token": "dfs-sync-r1-8f9b25f2d4a84eee976e45c346d02557"}
{"event": "START", "reader_id": "B", "round": 1, "round_token": "dfs-sync-r1-8f9b25f2d4a84eee976e45c346d02557:round:1", "session_token": "dfs-sync-r1-8f9b25f2d4a84eee976e45c346d02557"}
{"event": "START", "reader_id": "C", "round": 1, "round_token": "dfs-sync-r1-8f9b25f2d4a84eee976e45c346d02557:round:1", "session_token": "dfs-sync-r1-8f9b25f2d4a84eee976e45c346d02557"}
{"event": "ACK", "next_round": 2, "reader_id": "B", "round": 1, "round_token": "dfs-sync-r1-8f9b25f2d4a84eee976e45c346d02557:round:1", "session_token": "dfs-sync-r1-8f9b25f2d4a84eee976e45c346d02557"}
{"event": "ACK", "next_round": 2, "reader_id": "C", "round": 1, "round_token": "dfs-sync-r1-8f9b25f2d4a84eee976e45c346d02557:round:1", "session_token": "dfs-sync-r1-8f9b25f2d4a84eee976e45c346d02557"}
{"event": "START", "reader_id": "B", "round": 2, "round_token": "dfs-sync-r1-8f9b25f2d4a84eee976e45c346d02557:round:2", "session_token": "dfs-sync-r1-8f9b25f2d4a84eee976e45c346d02557"}
{"event": "START", "reader_id": "C", "round": 2, "round_token": "dfs-sync-r1-8f9b25f2d4a84eee976e45c346d02557:round:2", "session_token": "dfs-sync-r1-8f9b25f2d4a84eee976e45c346d02557"}
{"event": "ACK", "next_round": 3, "reader_id": "B", "round": 2, "round_token": "dfs-sync-r1-8f9b25f2d4a84eee976e45c346d02557:round:2", "session_token": "dfs-sync-r1-8f9b25f2d4a84eee976e45c346d02557"}
{"event": "ACK", "next_round": 3, "reader_id": "C", "round": 2, "round_token": "dfs-sync-r1-8f9b25f2d4a84eee976e45c346d02557:round:2", "session_token": "dfs-sync-r1-8f9b25f2d4a84eee976e45c346d02557"}
{"event": "START", "reader_id": "B", "round": 3, "round_token": "dfs-sync-r1-8f9b25f2d4a84eee976e45c346d02557:round:3", "session_token": "dfs-sync-r1-8f9b25f2d4a84eee976e45c346d02557"}
{"event": "START", "reader_id": "C", "round": 3, "round_token": "dfs-sync-r1-8f9b25f2d4a84eee976e45c346d02557:round:3", "session_token": "dfs-sync-r1-8f9b25f2d4a84eee976e45c346d02557"}
{"event": "ACK", "next_round": 4, "reader_id": "B", "round": 3, "round_token": "dfs-sync-r1-8f9b25f2d4a84eee976e45c346d02557:round:3", "session_token": "dfs-sync-r1-8f9b25f2d4a84eee976e45c346d02557"}
{"event": "ACK", "next_round": 4, "reader_id": "C", "round": 3, "round_token": "dfs-sync-r1-8f9b25f2d4a84eee976e45c346d02557:round:3", "session_token": "dfs-sync-r1-8f9b25f2d4a84eee976e45c346d02557"}
{"event": "START", "reader_id": "B", "round": 4, "round_token": "dfs-sync-r1-8f9b25f2d4a84eee976e45c346d02557:round:4", "session_token": "dfs-sync-r1-8f9b25f2d4a84eee976e45c346d02557"}
{"event": "START", "reader_id": "C", "round": 4, "round_token": "dfs-sync-r1-8f9b25f2d4a84eee976e45c346d02557:round:4", "session_token": "dfs-sync-r1-8f9b25f2d4a84eee976e45c346d02557"}
{"event": "ACK", "next_round": 5, "reader_id": "B", "round": 4, "round_token": "dfs-sync-r1-8f9b25f2d4a84eee976e45c346d02557:round:4", "session_token": "dfs-sync-r1-8f9b25f2d4a84eee976e45c346d02557"}
{"event": "ACK", "next_round": 5, "reader_id": "C", "round": 4, "round_token": "dfs-sync-r1-8f9b25f2d4a84eee976e45c346d02557:round:4", "session_token": "dfs-sync-r1-8f9b25f2d4a84eee976e45c346d02557"}
{"event": "START", "reader_id": "B", "round": 5, "round_token": "dfs-sync-r1-8f9b25f2d4a84eee976e45c346d02557:round:5", "session_token": "dfs-sync-r1-8f9b25f2d4a84eee976e45c346d02557"}
{"event": "START", "reader_id": "C", "round": 5, "round_token": "dfs-sync-r1-8f9b25f2d4a84eee976e45c346d02557:round:5", "session_token": "dfs-sync-r1-8f9b25f2d4a84eee976e45c346d02557"}
{"event": "ACK", "next_round": null, "reader_id": "B", "round": 5, "round_token": "dfs-sync-r1-8f9b25f2d4a84eee976e45c346d02557:round:5", "session_token": "dfs-sync-r1-8f9b25f2d4a84eee976e45c346d02557"}
{"event": "ACK", "next_round": null, "reader_id": "C", "round": 5, "round_token": "dfs-sync-r1-8f9b25f2d4a84eee976e45c346d02557:round:5", "session_token": "dfs-sync-r1-8f9b25f2d4a84eee976e45c346d02557"}
