{
  "status": "PASS_NORMAL_EXIT0_NO_OWNED_PROCESS_MOUNT_OLD_UNCHANGED",
  "role": "ctl",
  "real_wait": {
    "pid": "1683603",
    "exe": "/mnt/lima-afsctlstate/afs-delivery/dfs-sync-6d-20261007-r1/prefix/bin/afs-meta",
    "config": "/mnt/lima-afsctlstate/afs-delivery/dfs-sync-6d-20261007-r1/etc/meta.toml",
    "start_ticks": "57788796",
    "boot_id": "18c9c087-49d6-458f-817b-0f84c0effd7a",
    "lifecycle": "/mnt/lima-afsctlstate/afs-delivery/dfs-sync-6d-20261007-r1/run/meta.lifecycle.KsRWuK",
    "supervisor_pid": "1683587",
    "exit_code": "0"
  },
  "owned_alive": [],
  "mounts_under_root": [],
  "old_incarnations_unchanged": [
    1136874,
    1418880
  ],
  "available_bytes": 4331888640
}
