{
  "status": "EXPORTED_NO_CHUNK_DATA",
  "text_members": {
    "run/node.launch": {
      "sha256": "6d9fbfd2281cd2fc26f51e850dffbe608d77d72132d22bfaddb4eaaf745b195c",
      "bytes": 98
    },
    "run/node.identity": {
      "sha256": "c90a6ab30288c1e399e61c6b0760734285a5b64293f486286b967efe5546a655",
      "bytes": 591
    },
    "run/node.sock.lock": {
      "sha256": "e3b0c44298fc1c149afbf4c8996fb92427ae41e4649b934ca495991b7852b855",
      "bytes": 0
    },
    "run/node.pid": {
      "sha256": "9538f7a37710df0fcc84944f24622e8727422aa08279026a9ac2ee56477089c8",
      "bytes": 7
    },
    "run/node.lifecycle.glxoY5/child": {
      "sha256": "0689dddf9890be1a0b6d8d32709877aba48e8b7d2f0122b3e52182b4f6608eea",
      "bytes": 396
    },
    "run/node.lifecycle.glxoY5/exit": {
      "sha256": "e9ea595baa669d401f5345fc63012bcd3d4d1c36346756fc989abf6f734dfe9c",
      "bytes": 408
    },
    "run/node.lifecycle.glxoY5/go": {
      "sha256": "e3b0c44298fc1c149afbf4c8996fb92427ae41e4649b934ca495991b7852b855",
      "bytes": 0
    },
    "run/node.lifecycle.glxoY5/ready": {
      "sha256": "81b0a9812ed9a9f6ae406ba734445ca7b77c584a2b70481aa7e68f1e1007a331",
      "bytes": 22
    },
    "results/writer/writer-confirmed.json": {
      "sha256": "072d628c3bb88d53dac66d6c19d2c73b997fa0f09412f837768c03dbe2d4f465",
      "bytes": 3386
    },
    "results/writer/summary.json": {
      "sha256": "072d628c3bb88d53dac66d6c19d2c73b997fa0f09412f837768c03dbe2d4f465",
      "bytes": 3386
    },
    "results/writer/write-00.json": {
      "sha256": "b63951e2005ad07f693405ca3816ab95728408411c518bc7e082481e54826bd2",
      "bytes": 1155
    },
    "results/writer/identity.json": {
      "sha256": "0d032f016f6460682e36598bf5970e55123a76e8f8cec908c273e44b75eb244c",
      "bytes": 943
    },
    "etc/node.toml": {
      "sha256": "def1d45c6111e19bb5fe8183be9c0dfbc5ee63cff491c62651cdbc1419116dda",
      "bytes": 1523
    },
    "etc/meta.toml": {
      "sha256": "2014d89505bd7a9d94743477c99763a90fa741b8eca9a6006fa068e1fa8629a7",
      "bytes": 1179
    },
    "etc/node.original.toml": {
      "sha256": "5b7101348c9140531f9e361642757374fa2b8f120eb5935b7e3430e5af2a38c1",
      "bytes": 1546
    }
  },
  "artifacts": {
    "runtime-text.tar": {
      "sha256": "f9056638ec68ddea542793cefedbeca287a9bc040d05d518706218770b954408",
      "bytes": 51200,
      "guest_path": "/mnt/lima-afsadata/afs-delivery/dfs-r3-current-7e6-recovery-20261007-r1/stage/runtime-text.tar"
    },
    "full-logs.tar": {
      "sha256": "2e63766993c885add752991ccf080832ae8e7a95a48cb21f959329d002a33f05",
      "bytes": 10240,
      "guest_path": "/mnt/lima-afsadata/afs-delivery/dfs-r3-current-7e6-recovery-20261007-r1/stage/full-logs.tar"
    },
    "durable-metadata.tar": {
      "sha256": "50dec35113b3fe1dd5effe0b0d963df8ed689f15c55b0ac17a9414697b416263",
      "bytes": 20480,
      "guest_path": "/mnt/lima-afsadata/afs-delivery/dfs-r3-current-7e6-recovery-20261007-r1/stage/durable-metadata.tar"
    }
  }
}
