{
  "status": "PASS",
  "mode": "capture",
  "role": "b",
  "source_commit": "7e6e00a6e2d7fdf3c1d606ee743a016a419ec25d",
  "observer_sha256": "9f0221914ab25e603b75da58795d53c626f344a7bbcc8e9d27fd9dc6b37a8b9c",
  "initial_sha256": "f796ed18cdd0e291553767dd3a3c60d548baa959c7e75b0e1f0ec73ae173dd15",
  "protected": {
    "processes": [],
    "mountinfo": [
      "26 32 0:24 / /sys rw,nosuid,nodev,noexec,relatime shared:7 - sysfs sysfs rw",
      "27 32 0:25 / /proc rw,nosuid,nodev,noexec,relatime shared:13 - proc proc rw",
      "28 32 0:5 / /dev rw,nosuid,relatime shared:2 - devtmpfs udev rw,size=2974872k,nr_inodes=743718,mode=755,inode64",
      "29 28 0:26 / /dev/pts rw,nosuid,noexec,relatime shared:3 - devpts devpts rw,gid=5,mode=620,ptmxmode=000",
      "30 32 0:27 / /run rw,nosuid,nodev,noexec,relatime shared:5 - tmpfs tmpfs rw,size=605372k,mode=755,inode64",
      "31 26 0:28 / /sys/firmware/efi/efivars rw,nosuid,nodev,noexec,relatime shared:8 - efivarfs efivarfs rw",
      "32 1 253:1 / / rw,relatime shared:1 - ext4 /dev/vda1 rw,discard,errors=remount-ro,commit=30",
      "33 26 0:6 / /sys/kernel/security rw,nosuid,nodev,noexec,relatime shared:9 - securityfs securityfs rw",
      "34 28 0:29 / /dev/shm rw,nosuid,nodev shared:4 - tmpfs tmpfs rw,inode64",
      "35 30 0:30 / /run/lock rw,nosuid,nodev,noexec,relatime shared:6 - tmpfs tmpfs rw,size=5120k,inode64",
      "36 26 0:31 / /sys/fs/cgroup rw,nosuid,nodev,noexec,relatime shared:10 - cgroup2 cgroup2 rw,nsdelegate,memory_recursiveprot",
      "37 26 0:32 / /sys/fs/pstore rw,nosuid,nodev,noexec,relatime shared:11 - pstore pstore rw",
      "38 26 0:33 / /sys/fs/bpf rw,nosuid,nodev,noexec,relatime shared:12 - bpf bpf rw,mode=700",
      "39 27 0:34 / /proc/sys/fs/binfmt_misc rw,relatime shared:14 - autofs systemd-1 rw,fd=32,pgrp=1,timeout=0,minproto=5,maxproto=5,direct,pipe_ino=5198",
      "40 28 0:35 / /dev/hugepages rw,nosuid,nodev,relatime shared:15 - hugetlbfs hugetlbfs rw,pagesize=2M",
      "41 28 0:22 / /dev/mqueue rw,nosuid,nodev,noexec,relatime shared:16 - mqueue mqueue rw",
      "42 26 0:7 / /sys/kernel/debug rw,nosuid,nodev,noexec,relatime shared:17 - debugfs debugfs rw",
      "43 26 0:12 / /sys/kernel/tracing rw,nosuid,nodev,noexec,relatime shared:18 - tracefs tracefs rw",
      "44 26 0:36 / /sys/fs/fuse/connections rw,nosuid,nodev,noexec,relatime shared:19 - fusectl fusectl rw",
      "45 26 0:23 / /sys/kernel/config rw,nosuid,nodev,noexec,relatime shared:20 - configfs configfs rw",
      "47 32 259:0 / /boot rw,relatime shared:30 - ext4 /dev/vda16 rw",
      "49 47 253:15 / /boot/efi rw,relatime shared:46 - vfat /dev/vda15 rw,fmask=0077,dmask=0077,codepage=437,iocharset=iso8859-1,shortname=mixed,errors=remount-ro",
      "51 39 0:37 / /proc/sys/fs/binfmt_misc rw,nosuid,nodev,noexec,relatime shared:48 - binfmt_misc binfmt_misc rw",
      "58 30 0:44 / /run/user/501 rw,nosuid,nodev,relatime shared:178 - tmpfs tmpfs rw,size=605368k,nr_inodes=151342,mode=700,uid=501,gid=1000,inode64",
      "91 32 253:32 / /mnt/lima-cidata ro,relatime shared:306 - iso9660 /dev/vdc ro,nojoliet,overriderockperm,check=s,map=n,blocksize=2048,uid=0,dmode=700,fmode=700,iocharset=utf8",
      "100 32 253:17 / /mnt/lima-afsbdata rw,relatime shared:349 - ext4 /dev/vdb1 rw",
      "129 42 0:12 / /sys/kernel/debug/tracing rw,nosuid,nodev,noexec,relatime shared:331 - tracefs tracefs rw",
      "92 100 0:48 / /mnt/lima-afsbdata/afs-delivery/dfs-r3-current-7e6-recovery-20261007-r1/mount/dfs rw,nosuid,nodev,noatime shared:307 - fuse afs-dfs rw,user_id=0,group_id=0,default_permissions,allow_other"
    ],
    "all_initial_rows_present": true,
    "exact_final_rows": false
  },
  "frozen": {
    "root": "/mnt/lima-afsbdata/afs-delivery/dfs-r3-current-7e6-recovery-20261007-r1",
    "config": "/mnt/lima-afsbdata/afs-delivery/dfs-r3-current-7e6-recovery-20261007-r1/etc/node.toml",
    "config_sha256": "2b063a6ccc070d3611d0a69bafb8d10f9eb6163a4aac769dc21e383ce7b6d084",
    "executable": "/mnt/lima-afsbdata/afs-delivery/dfs-r3-current-7e6-recovery-20261007-r1/prefix/bin/afs-node",
    "executable_sha256": "c47be268dc894aac089a020130f7527c58fbc6ada0152ff57f99061c73997fb7",
    "executable_dev": 64785,
    "executable_ino": 1321450,
    "fixture_sha256": "f31c4f74ca1d89b99fe4527714be42b8b631713c4e2317049d3029e68478d5ea"
  },
  "uds": {
    "path": "/mnt/lima-afsbdata/afs-delivery/dfs-r3-current-7e6-recovery-20261007-r1/run/node.sock",
    "dev": 64785,
    "ino": 1321508,
    "mode": 49536
  },
  "lifecycle": "/mnt/lima-afsbdata/afs-delivery/dfs-r3-current-7e6-recovery-20261007-r1/run/node.lifecycle.AnVy6y",
  "child": {
    "pid": "244488",
    "exe": "/mnt/lima-afsbdata/afs-delivery/dfs-r3-current-7e6-recovery-20261007-r1/prefix/bin/afs-node",
    "config": "/mnt/lima-afsbdata/afs-delivery/dfs-r3-current-7e6-recovery-20261007-r1/etc/node.toml",
    "start_ticks": "61072047",
    "boot_id": "3adebcd0-cb31-4df0-b18a-e970786ab7fb",
    "lifecycle": "/mnt/lima-afsbdata/afs-delivery/dfs-r3-current-7e6-recovery-20261007-r1/run/node.lifecycle.AnVy6y",
    "supervisor_pid": "244472"
  },
  "ready": {
    "supervisor_pid": "244472"
  },
  "live_child": {
    "pid": 244488,
    "exe": "/mnt/lima-afsbdata/afs-delivery/dfs-r3-current-7e6-recovery-20261007-r1/prefix/bin/afs-node",
    "sha256": "c47be268dc894aac089a020130f7527c58fbc6ada0152ff57f99061c73997fb7",
    "starttick": "61072047",
    "argv": [
      "/mnt/lima-afsbdata/afs-delivery/dfs-r3-current-7e6-recovery-20261007-r1/prefix/bin/afs-node",
      "--config",
      "/mnt/lima-afsbdata/afs-delivery/dfs-r3-current-7e6-recovery-20261007-r1/etc/node.toml",
      ""
    ],
    "ppid": 244472
  },
  "live_supervisor": {
    "pid": 244472,
    "exe": "/usr/bin/bash",
    "sha256": "af955ef55333c8fc9c5aa50df91ad1a629d9a79a9afa125cd5e9629585f78015",
    "starttick": "61072040",
    "argv": [
      "bash",
      "/mnt/lima-afsbdata/afs-delivery/dfs-r3-current-7e6-recovery-20261007-r1/prefix/bin/afs-processctl",
      "__supervise",
      "/mnt/lima-afsbdata/afs-delivery/dfs-r3-current-7e6-recovery-20261007-r1/prefix/bin/afs-node",
      "/mnt/lima-afsbdata/afs-delivery/dfs-r3-current-7e6-recovery-20261007-r1/etc/node.toml",
      "/mnt/lima-afsbdata/afs-delivery/dfs-r3-current-7e6-recovery-20261007-r1/run/node.lifecycle.AnVy6y",
      ""
    ],
    "ppid": 1
  },
  "owned_mount_rows": [
    "92 100 0:48 / /mnt/lima-afsbdata/afs-delivery/dfs-r3-current-7e6-recovery-20261007-r1/mount/dfs rw,nosuid,nodev,noatime shared:307 - fuse afs-dfs rw,user_id=0,group_id=0,default_permissions,allow_other"
  ]
}
