{
  "status": "EXPORTED_NO_CHUNK_DATA",
  "text_members": {
    "run/node.identity": {
      "sha256": "ed79991e38abe7c5f9d921ce6f75501e7487d60ac29d5b9268f706da9a01af39",
      "bytes": 591
    },
    "run/node.sock.lock": {
      "sha256": "e3b0c44298fc1c149afbf4c8996fb92427ae41e4649b934ca495991b7852b855",
      "bytes": 0
    },
    "run/node.launch": {
      "sha256": "6672dceb7e9ccdb1b17ed0058c1cddacb35041ba8985b5d89216954d74ff755a",
      "bytes": 98
    },
    "run/node.pid": {
      "sha256": "ce0a585e4130f465c945718e040e7fdc6c7ba94bd55724bd81de489f5d039270",
      "bytes": 7
    },
    "run/node.lifecycle.AnVy6y/child": {
      "sha256": "257e5bed2b44df8a9c333441db2e803409a080f6c67fa71a869e0d87bdf109b1",
      "bytes": 396
    },
    "run/node.lifecycle.AnVy6y/ready": {
      "sha256": "a0af83d6a40a25d11c5f1ca69cc9a9e76141391ef68a14f3062b786f55e9059e",
      "bytes": 22
    },
    "run/node.lifecycle.AnVy6y/exit": {
      "sha256": "1ba2d6a08dcfe068f23c8714e773117188455870cf55dafd7670fb6fc2772d65",
      "bytes": 408
    },
    "run/node.lifecycle.AnVy6y/go": {
      "sha256": "e3b0c44298fc1c149afbf4c8996fb92427ae41e4649b934ca495991b7852b855",
      "bytes": 0
    },
    "results/before-restart-reader/read-00.json": {
      "sha256": "8a4f4b5b5f48c4fd5fa9112f1f786308dacd734676276b3f64a8ea5f32dd7886",
      "bytes": 1144
    },
    "results/before-restart-reader/identity.json": {
      "sha256": "921ed5d516cb9ed6a652a7885b089f8b9fd8d5b8c256f80545dfd60b627321fe",
      "bytes": 943
    },
    "results/before-restart-reader/summary.json": {
      "sha256": "abbafd4da89bc0fdba29807205778f98ececd20c01858deee1de05dca2c13ac8",
      "bytes": 2238
    },
    "results/after-restart-reader/read-00.json": {
      "sha256": "22caac478b7b8e21e7194681aae3b62b1e550d56e772ef5ba5049718a666392c",
      "bytes": 1144
    },
    "results/after-restart-reader/identity.json": {
      "sha256": "921ed5d516cb9ed6a652a7885b089f8b9fd8d5b8c256f80545dfd60b627321fe",
      "bytes": 943
    },
    "results/after-restart-reader/summary.json": {
      "sha256": "e214f2e0d220112326be1a8f692df219ddeba3b10216e2e6f14d25acff594c3d",
      "bytes": 2238
    },
    "etc/node.original.toml": {
      "sha256": "0fba3a92a86bd318c54fbfd0a35bee524eb57396298796aeaf1ce2950da546e0",
      "bytes": 1546
    },
    "etc/node.toml": {
      "sha256": "2b063a6ccc070d3611d0a69bafb8d10f9eb6163a4aac769dc21e383ce7b6d084",
      "bytes": 1523
    },
    "etc/meta.toml": {
      "sha256": "1f56f0db62a8694a23bc0d9c699e3c8c8ce2ef8075cbbae64cff12a78e9e5783",
      "bytes": 1179
    }
  },
  "artifacts": {
    "runtime-text.tar": {
      "sha256": "bbebad903e12dc184c55be4612c7c3ac6456166cfb97d2bd49d373f5da30b6b2",
      "bytes": 51200,
      "guest_path": "/mnt/lima-afsbdata/afs-delivery/dfs-r3-current-7e6-recovery-20261007-r1/stage/runtime-text.tar"
    },
    "full-logs.tar": {
      "sha256": "e5837ae8272421bce338376137d1ab9e38a677b8f3bb486f96820f49bc3fc4da",
      "bytes": 10240,
      "guest_path": "/mnt/lima-afsbdata/afs-delivery/dfs-r3-current-7e6-recovery-20261007-r1/stage/full-logs.tar"
    },
    "durable-metadata.tar": {
      "sha256": "b23dddcde7ba26cde53b6ca9fdc5b26fa6ed1f14f685ba6b6824fcd02eeebbc0",
      "bytes": 20480,
      "guest_path": "/mnt/lima-afsbdata/afs-delivery/dfs-r3-current-7e6-recovery-20261007-r1/stage/durable-metadata.tar"
    }
  }
}
