{
  "catalog": {
    "catalog_wal": "/mnt/lima-afscdata/afs-delivery/dfs-r3-current-7e6-recovery-20261007-r1/state/node/dfs/catalog.wal",
    "records": 16,
    "revision": 16
  },
  "chunk_root": "/mnt/lima-afscdata/afs-delivery/dfs-r3-current-7e6-recovery-20261007-r1/state/node/dfs",
  "content_ok": true,
  "dataset": "counter-1m-v1",
  "limits": {
    "does_not_claim_original_replica_ack_persistence": true,
    "does_not_move_chunk_payloads": true,
    "expected_bytes": 67108864,
    "expected_chunk_bytes": 4194304,
    "expected_chunks": 16,
    "expected_copies_per_chunk": 3,
    "read_only": true
  },
  "manifest_sha256": "1c2bfd90a9896f96e92ef5755454a5a0f5826f18b12695eefbdd310519c1b814",
  "meta_elf_sha256": "76a1e34c91697382cba9b3ad1e7bc5a758dd90ca8ededc823fefb9f13708cba2",
  "mode": "node",
  "node_elf_sha256": "c47be268dc894aac089a020130f7527c58fbc6ada0152ff57f99061c73997fb7",
  "node_id": "dfs-c-r3",
  "observer_sha256": "f31c0c030ff6d07b667e883bd835f4eaeca912e9c32733072656ed079e74439e",
  "source_commit": "7e6e00a6e2d7fdf3c1d606ee743a016a419ec25d",
  "status": "PASS",
  "verified_chunks": [
    {
      "bytes": 4194304,
      "catalog_revision": 1,
      "chunk_id": "blake3-28f45b10aa1b1c15c4248b447c00104a0a0907d4f664bdd9ee9c75261854e956-4194304",
      "chunk_index": 0,
      "content_digest": "28f45b10aa1b1c15c4248b447c00104a0a0907d4f664bdd9ee9c75261854e956",
      "copy_id": "dfs-c-r3:1:local-0:blake3-28f45b10aa1b1c15c4248b447c00104a0a0907d4f664bdd9ee9c75261854e956-4194304",
      "dev": 64785,
      "device_epoch": 1791371001668175948,
      "device_id": "local-0",
      "ino": 136695,
      "node_id": "dfs-c-r3",
      "path": "/mnt/lima-afscdata/afs-delivery/dfs-r3-current-7e6-recovery-20261007-r1/state/node/dfs/chunks/blake3-28f45b10aa1b1c15c4248b447c00104a0a0907d4f664bdd9ee9c75261854e956-4194304",
      "sha256": "fabf05f18b9143a1df16716c1a0995120e0bec78ee8ab15f7d87db5f3a1da02d"
    },
    {
      "bytes": 4194304,
      "catalog_revision": 3,
      "chunk_id": "blake3-be35e64d688dd1e53a9c50ce7cad362109fe9572931dbe7295de8572212e2d7a-4194304",
      "chunk_index": 1,
      "content_digest": "be35e64d688dd1e53a9c50ce7cad362109fe9572931dbe7295de8572212e2d7a",
      "copy_id": "dfs-c-r3:1:local-0:blake3-be35e64d688dd1e53a9c50ce7cad362109fe9572931dbe7295de8572212e2d7a-4194304",
      "dev": 64785,
      "device_epoch": 1791371001668175948,
      "device_id": "local-0",
      "ino": 136698,
      "node_id": "dfs-c-r3",
      "path": "/mnt/lima-afscdata/afs-delivery/dfs-r3-current-7e6-recovery-20261007-r1/state/node/dfs/chunks/blake3-be35e64d688dd1e53a9c50ce7cad362109fe9572931dbe7295de8572212e2d7a-4194304",
      "sha256": "1e0fe79b43dcf063e531cd09e5edae90f42d0793db358cacff4ee3f540fde6cc"
    },
    {
      "bytes": 4194304,
      "catalog_revision": 2,
      "chunk_id": "blake3-909432e0797e1c1200473f8f99c8c69dbfdf049d01765de7a27bfb79f9523e16-4194304",
      "chunk_index": 2,
      "content_digest": "909432e0797e1c1200473f8f99c8c69dbfdf049d01765de7a27bfb79f9523e16",
      "copy_id": "dfs-c-r3:1:local-0:blake3-909432e0797e1c1200473f8f99c8c69dbfdf049d01765de7a27bfb79f9523e16-4194304",
      "dev": 64785,
      "device_epoch": 1791371001668175948,
      "device_id": "local-0",
      "ino": 136697,
      "node_id": "dfs-c-r3",
      "path": "/mnt/lima-afscdata/afs-delivery/dfs-r3-current-7e6-recovery-20261007-r1/state/node/dfs/chunks/blake3-909432e0797e1c1200473f8f99c8c69dbfdf049d01765de7a27bfb79f9523e16-4194304",
      "sha256": "348a344ab831f282de9bd51b432ac84020186b3e4ff1dcc8740adffc65562cd6"
    },
    {
      "bytes": 4194304,
      "catalog_revision": 4,
      "chunk_id": "blake3-757aa0f9f52cbc4a38e17047a0d886a994831574a4090ea523869b40e23e5dc3-4194304",
      "chunk_index": 3,
      "content_digest": "757aa0f9f52cbc4a38e17047a0d886a994831574a4090ea523869b40e23e5dc3",
      "copy_id": "dfs-c-r3:1:local-0:blake3-757aa0f9f52cbc4a38e17047a0d886a994831574a4090ea523869b40e23e5dc3-4194304",
      "dev": 64785,
      "device_epoch": 1791371001668175948,
      "device_id": "local-0",
      "ino": 136699,
      "node_id": "dfs-c-r3",
      "path": "/mnt/lima-afscdata/afs-delivery/dfs-r3-current-7e6-recovery-20261007-r1/state/node/dfs/chunks/blake3-757aa0f9f52cbc4a38e17047a0d886a994831574a4090ea523869b40e23e5dc3-4194304",
      "sha256": "f9e2550fec79897d4701fb21d13b913cd045c6aebc7394011594df0c89c0cc64"
    },
    {
      "bytes": 4194304,
      "catalog_revision": 5,
      "chunk_id": "blake3-7c92ff3132464bc218ce7636839f85e57c65db20026f6ff4c310158caa52055c-4194304",
      "chunk_index": 4,
      "content_digest": "7c92ff3132464bc218ce7636839f85e57c65db20026f6ff4c310158caa52055c",
      "copy_id": "dfs-c-r3:1:local-0:blake3-7c92ff3132464bc218ce7636839f85e57c65db20026f6ff4c310158caa52055c-4194304",
      "dev": 64785,
      "device_epoch": 1791371001668175948,
      "device_id": "local-0",
      "ino": 136700,
      "node_id": "dfs-c-r3",
      "path": "/mnt/lima-afscdata/afs-delivery/dfs-r3-current-7e6-recovery-20261007-r1/state/node/dfs/chunks/blake3-7c92ff3132464bc218ce7636839f85e57c65db20026f6ff4c310158caa52055c-4194304",
      "sha256": "342422e28455823b70678fed0c649bb2050945fb5c5b4167c48052cb9fcff3de"
    },
    {
      "bytes": 4194304,
      "catalog_revision": 6,
      "chunk_id": "blake3-44410112a7ed78f764779eb572836c3a7a2bc081319ddcd082a32edade486047-4194304",
      "chunk_index": 5,
      "content_digest": "44410112a7ed78f764779eb572836c3a7a2bc081319ddcd082a32edade486047",
      "copy_id": "dfs-c-r3:1:local-0:blake3-44410112a7ed78f764779eb572836c3a7a2bc081319ddcd082a32edade486047-4194304",
      "dev": 64785,
      "device_epoch": 1791371001668175948,
      "device_id": "local-0",
      "ino": 136701,
      "node_id": "dfs-c-r3",
      "path": "/mnt/lima-afscdata/afs-delivery/dfs-r3-current-7e6-recovery-20261007-r1/state/node/dfs/chunks/blake3-44410112a7ed78f764779eb572836c3a7a2bc081319ddcd082a32edade486047-4194304",
      "sha256": "4eb5592c02385484789cff3ff9ee5a79aa976b664c735d64fb61d94565dc38e7"
    },
    {
      "bytes": 4194304,
      "catalog_revision": 8,
      "chunk_id": "blake3-eec43516d6140e03dd74ade5f5e62fa745c48d01ef9584ca55875f46630ab976-4194304",
      "chunk_index": 6,
      "content_digest": "eec43516d6140e03dd74ade5f5e62fa745c48d01ef9584ca55875f46630ab976",
      "copy_id": "dfs-c-r3:1:local-0:blake3-eec43516d6140e03dd74ade5f5e62fa745c48d01ef9584ca55875f46630ab976-4194304",
      "dev": 64785,
      "device_epoch": 1791371001668175948,
      "device_id": "local-0",
      "ino": 136703,
      "node_id": "dfs-c-r3",
      "path": "/mnt/lima-afscdata/afs-delivery/dfs-r3-current-7e6-recovery-20261007-r1/state/node/dfs/chunks/blake3-eec43516d6140e03dd74ade5f5e62fa745c48d01ef9584ca55875f46630ab976-4194304",
      "sha256": "c6262802c29764d9c31ead9f07d9949553a7d26b888c4c027a6b384d96884c00"
    },
    {
      "bytes": 4194304,
      "catalog_revision": 7,
      "chunk_id": "blake3-9932538a78ac38ef80b89b8e75728e5ab92ee60ab80bab6c6ebaff013072e3bb-4194304",
      "chunk_index": 7,
      "content_digest": "9932538a78ac38ef80b89b8e75728e5ab92ee60ab80bab6c6ebaff013072e3bb",
      "copy_id": "dfs-c-r3:1:local-0:blake3-9932538a78ac38ef80b89b8e75728e5ab92ee60ab80bab6c6ebaff013072e3bb-4194304",
      "dev": 64785,
      "device_epoch": 1791371001668175948,
      "device_id": "local-0",
      "ino": 136702,
      "node_id": "dfs-c-r3",
      "path": "/mnt/lima-afscdata/afs-delivery/dfs-r3-current-7e6-recovery-20261007-r1/state/node/dfs/chunks/blake3-9932538a78ac38ef80b89b8e75728e5ab92ee60ab80bab6c6ebaff013072e3bb-4194304",
      "sha256": "4d0f7efe2613b26dfef38628851a49e2d1af00af17b82a91e4b0449bdc70940f"
    },
    {
      "bytes": 4194304,
      "catalog_revision": 9,
      "chunk_id": "blake3-79173977514ee697cfa16175351f69412b47d7c10727c0105e6b33ac6349613d-4194304",
      "chunk_index": 8,
      "content_digest": "79173977514ee697cfa16175351f69412b47d7c10727c0105e6b33ac6349613d",
      "copy_id": "dfs-c-r3:1:local-0:blake3-79173977514ee697cfa16175351f69412b47d7c10727c0105e6b33ac6349613d-4194304",
      "dev": 64785,
      "device_epoch": 1791371001668175948,
      "device_id": "local-0",
      "ino": 136704,
      "node_id": "dfs-c-r3",
      "path": "/mnt/lima-afscdata/afs-delivery/dfs-r3-current-7e6-recovery-20261007-r1/state/node/dfs/chunks/blake3-79173977514ee697cfa16175351f69412b47d7c10727c0105e6b33ac6349613d-4194304",
      "sha256": "08391eb34d4b0e06f7bc2dde65a70d836cd216e6445d954298d8cd11644bf27a"
    },
    {
      "bytes": 4194304,
      "catalog_revision": 10,
      "chunk_id": "blake3-ca74753ba707efa95e0982441971a13afd3ed6de65aae5b4cf096e4e2b970066-4194304",
      "chunk_index": 9,
      "content_digest": "ca74753ba707efa95e0982441971a13afd3ed6de65aae5b4cf096e4e2b970066",
      "copy_id": "dfs-c-r3:1:local-0:blake3-ca74753ba707efa95e0982441971a13afd3ed6de65aae5b4cf096e4e2b970066-4194304",
      "dev": 64785,
      "device_epoch": 1791371001668175948,
      "device_id": "local-0",
      "ino": 136705,
      "node_id": "dfs-c-r3",
      "path": "/mnt/lima-afscdata/afs-delivery/dfs-r3-current-7e6-recovery-20261007-r1/state/node/dfs/chunks/blake3-ca74753ba707efa95e0982441971a13afd3ed6de65aae5b4cf096e4e2b970066-4194304",
      "sha256": "4ec86ef503eeaeafa8e37dc76c491382e0fc479b37f8b4f1597deb2420634afc"
    },
    {
      "bytes": 4194304,
      "catalog_revision": 11,
      "chunk_id": "blake3-220a03e79f62ec6a286d24bd8281aaf873a271ca43497b93cfc873ca37f11b98-4194304",
      "chunk_index": 10,
      "content_digest": "220a03e79f62ec6a286d24bd8281aaf873a271ca43497b93cfc873ca37f11b98",
      "copy_id": "dfs-c-r3:1:local-0:blake3-220a03e79f62ec6a286d24bd8281aaf873a271ca43497b93cfc873ca37f11b98-4194304",
      "dev": 64785,
      "device_epoch": 1791371001668175948,
      "device_id": "local-0",
      "ino": 136706,
      "node_id": "dfs-c-r3",
      "path": "/mnt/lima-afscdata/afs-delivery/dfs-r3-current-7e6-recovery-20261007-r1/state/node/dfs/chunks/blake3-220a03e79f62ec6a286d24bd8281aaf873a271ca43497b93cfc873ca37f11b98-4194304",
      "sha256": "60bbc2b916c4fa7336426e5854282a96c664cd6a8f3f61d276ac3592cfaf0c33"
    },
    {
      "bytes": 4194304,
      "catalog_revision": 12,
      "chunk_id": "blake3-a37cd14e89a8e8c77730feda4d12d58aaec90acea47b417b0382dc7e879d9f1b-4194304",
      "chunk_index": 11,
      "content_digest": "a37cd14e89a8e8c77730feda4d12d58aaec90acea47b417b0382dc7e879d9f1b",
      "copy_id": "dfs-c-r3:1:local-0:blake3-a37cd14e89a8e8c77730feda4d12d58aaec90acea47b417b0382dc7e879d9f1b-4194304",
      "dev": 64785,
      "device_epoch": 1791371001668175948,
      "device_id": "local-0",
      "ino": 136707,
      "node_id": "dfs-c-r3",
      "path": "/mnt/lima-afscdata/afs-delivery/dfs-r3-current-7e6-recovery-20261007-r1/state/node/dfs/chunks/blake3-a37cd14e89a8e8c77730feda4d12d58aaec90acea47b417b0382dc7e879d9f1b-4194304",
      "sha256": "d8e153c87cf80e30fe2cd7cff0dd89ee08f3b37d933bc413ebbaeb5239ea53f0"
    },
    {
      "bytes": 4194304,
      "catalog_revision": 13,
      "chunk_id": "blake3-00b51a9401caf4d4e7b6d11932c7aacceea6e5ae6a15b5133eab0e4d7c974ae7-4194304",
      "chunk_index": 12,
      "content_digest": "00b51a9401caf4d4e7b6d11932c7aacceea6e5ae6a15b5133eab0e4d7c974ae7",
      "copy_id": "dfs-c-r3:1:local-0:blake3-00b51a9401caf4d4e7b6d11932c7aacceea6e5ae6a15b5133eab0e4d7c974ae7-4194304",
      "dev": 64785,
      "device_epoch": 1791371001668175948,
      "device_id": "local-0",
      "ino": 136708,
      "node_id": "dfs-c-r3",
      "path": "/mnt/lima-afscdata/afs-delivery/dfs-r3-current-7e6-recovery-20261007-r1/state/node/dfs/chunks/blake3-00b51a9401caf4d4e7b6d11932c7aacceea6e5ae6a15b5133eab0e4d7c974ae7-4194304",
      "sha256": "5b444034379d38d2fc7321332a9deffe1062f4737634269815bb182492e583d4"
    },
    {
      "bytes": 4194304,
      "catalog_revision": 14,
      "chunk_id": "blake3-a6a714c5ca13d5dd0284075a56bb07f176d67e974e1032c068b3aa80994349df-4194304",
      "chunk_index": 13,
      "content_digest": "a6a714c5ca13d5dd0284075a56bb07f176d67e974e1032c068b3aa80994349df",
      "copy_id": "dfs-c-r3:1:local-0:blake3-a6a714c5ca13d5dd0284075a56bb07f176d67e974e1032c068b3aa80994349df-4194304",
      "dev": 64785,
      "device_epoch": 1791371001668175948,
      "device_id": "local-0",
      "ino": 136709,
      "node_id": "dfs-c-r3",
      "path": "/mnt/lima-afscdata/afs-delivery/dfs-r3-current-7e6-recovery-20261007-r1/state/node/dfs/chunks/blake3-a6a714c5ca13d5dd0284075a56bb07f176d67e974e1032c068b3aa80994349df-4194304",
      "sha256": "0506fc84b95c5e3f1d12e7116e47b49bdef23e0183a29649bbd1083f12287168"
    },
    {
      "bytes": 4194304,
      "catalog_revision": 15,
      "chunk_id": "blake3-797f8a5b8a196d3273828a853a24e2801325c3405737a998b8f4e99a9c392238-4194304",
      "chunk_index": 14,
      "content_digest": "797f8a5b8a196d3273828a853a24e2801325c3405737a998b8f4e99a9c392238",
      "copy_id": "dfs-c-r3:1:local-0:blake3-797f8a5b8a196d3273828a853a24e2801325c3405737a998b8f4e99a9c392238-4194304",
      "dev": 64785,
      "device_epoch": 1791371001668175948,
      "device_id": "local-0",
      "ino": 136710,
      "node_id": "dfs-c-r3",
      "path": "/mnt/lima-afscdata/afs-delivery/dfs-r3-current-7e6-recovery-20261007-r1/state/node/dfs/chunks/blake3-797f8a5b8a196d3273828a853a24e2801325c3405737a998b8f4e99a9c392238-4194304",
      "sha256": "be3a485aa29e9f7581c84fea891d7151d43975d890ccd7594dd377a76eaa785d"
    },
    {
      "bytes": 4194304,
      "catalog_revision": 16,
      "chunk_id": "blake3-ac647dc53e33a8ea73466adfae7d7008372715dd084150db8b3fe3a357629b19-4194304",
      "chunk_index": 15,
      "content_digest": "ac647dc53e33a8ea73466adfae7d7008372715dd084150db8b3fe3a357629b19",
      "copy_id": "dfs-c-r3:1:local-0:blake3-ac647dc53e33a8ea73466adfae7d7008372715dd084150db8b3fe3a357629b19-4194304",
      "dev": 64785,
      "device_epoch": 1791371001668175948,
      "device_id": "local-0",
      "ino": 136711,
      "node_id": "dfs-c-r3",
      "path": "/mnt/lima-afscdata/afs-delivery/dfs-r3-current-7e6-recovery-20261007-r1/state/node/dfs/chunks/blake3-ac647dc53e33a8ea73466adfae7d7008372715dd084150db8b3fe3a357629b19-4194304",
      "sha256": "7bfdfc61a510e59241c35c6eab1978b4b14182531a4bd4fedf8bf86975ceffef"
    }
  ]
}
