{
  "status": "EXPORTED_NO_CHUNK_DATA",
  "text_members": {
    "run/node.sock.lock": {
      "sha256": "e3b0c44298fc1c149afbf4c8996fb92427ae41e4649b934ca495991b7852b855",
      "bytes": 0
    },
    "run/node.pid": {
      "sha256": "752c88b072bd1fef6423bf0df0b93bd575b400818f901a7ec4083073851eb746",
      "bytes": 6
    },
    "run/node.identity": {
      "sha256": "3a2519a3551a317b22f7feac15db265ac00476ceaf55c9cd977ae5bb9acbf98c",
      "bytes": 589
    },
    "run/node.launch": {
      "sha256": "c679e674caa4933d1e69d12d59e12156c56a6b145963181b35e53fa714202f42",
      "bytes": 98
    },
    "run/node.lifecycle.ERVr6c/ready": {
      "sha256": "4a6aa8326399530e2a12e4e6769615091fa11d293f54c32bae178910d2227930",
      "bytes": 21
    },
    "run/node.lifecycle.ERVr6c/exit": {
      "sha256": "3586a6085621aea87cb8deb26d9d028c68171f751ecb75caeab88738192e91bb",
      "bytes": 406
    },
    "run/node.lifecycle.ERVr6c/go": {
      "sha256": "e3b0c44298fc1c149afbf4c8996fb92427ae41e4649b934ca495991b7852b855",
      "bytes": 0
    },
    "run/node.lifecycle.ERVr6c/child": {
      "sha256": "47757bc9a4f37ac6cfd9465fb972e56e2dfe446de65e8e10bf1b67704649949a",
      "bytes": 394
    },
    "results/after-restart-reader/summary.json": {
      "sha256": "5fd3b1015117c09ab536121f58a628419ac60a7baa1aa31d17af8bb3ec301af7",
      "bytes": 2238
    },
    "results/after-restart-reader/read-00.json": {
      "sha256": "84a7d5cf2548c4c73b993f5b3d9bc298eb71ff8e38e9e3a3606cc5de974a1562",
      "bytes": 1144
    },
    "results/after-restart-reader/identity.json": {
      "sha256": "28510c86a67516b1b13dde6f998f8ceaa5480ea2106d626b6be04da0b098124b",
      "bytes": 943
    },
    "results/before-restart-reader/summary.json": {
      "sha256": "38dc0f4192ee0af15e01cec6f78809962b1ecdf35e59001bac46ecffa9c0cb93",
      "bytes": 2238
    },
    "results/before-restart-reader/read-00.json": {
      "sha256": "9576030bcd4ef25d41f08184214c3aa5ad41946425df1b37e23d819331c4c552",
      "bytes": 1144
    },
    "results/before-restart-reader/identity.json": {
      "sha256": "28510c86a67516b1b13dde6f998f8ceaa5480ea2106d626b6be04da0b098124b",
      "bytes": 943
    },
    "etc/meta.toml": {
      "sha256": "96364bf25102328f4d2c4fc23c7a17157afe7d4384cf766a3bc42dd1ad407654",
      "bytes": 1179
    },
    "etc/node.toml": {
      "sha256": "1b7bde971fb3a384013c390ca60eb5c408d0b40b5e9d2d43ede77c68395dcfd8",
      "bytes": 1523
    },
    "etc/node.original.toml": {
      "sha256": "6e51049fd234d5632b1d2bcd40f49e8aa42a276348b9687f2d233ec8f3b95754",
      "bytes": 1546
    }
  },
  "artifacts": {
    "runtime-text.tar": {
      "sha256": "90f07826ff50bc06170e89ac57031bf6b6727dae889f5451a837b6617acd085c",
      "bytes": 51200,
      "guest_path": "/mnt/lima-afscdata/afs-delivery/dfs-r3-current-7e6-recovery-20261007-r1/stage/runtime-text.tar"
    },
    "full-logs.tar": {
      "sha256": "95c002750bf464056a5b538d2e34cf3c3be72ae953f8e34ee703d2458a78b2d3",
      "bytes": 10240,
      "guest_path": "/mnt/lima-afscdata/afs-delivery/dfs-r3-current-7e6-recovery-20261007-r1/stage/full-logs.tar"
    },
    "durable-metadata.tar": {
      "sha256": "ecf0476875e3ced419406f2bdace5b8704164f6adc201e6c76992ec27e26f87f",
      "bytes": 20480,
      "guest_path": "/mnt/lima-afscdata/afs-delivery/dfs-r3-current-7e6-recovery-20261007-r1/stage/durable-metadata.tar"
    }
  }
}
