afs-0.1.0-g2-procfree-6d51aeb-linux-aarch64/
afs-0.1.0-g2-procfree-6d51aeb-linux-aarch64/DEPENDENCIES.md
afs-0.1.0-g2-procfree-6d51aeb-linux-aarch64/SHA256SUMS
afs-0.1.0-g2-procfree-6d51aeb-linux-aarch64/bin/
afs-0.1.0-g2-procfree-6d51aeb-linux-aarch64/bin/afs-meta
afs-0.1.0-g2-procfree-6d51aeb-linux-aarch64/bin/afs-node
afs-0.1.0-g2-procfree-6d51aeb-linux-aarch64/bin/afs-processctl
afs-0.1.0-g2-procfree-6d51aeb-linux-aarch64/bin/afs-selfcheck
afs-0.1.0-g2-procfree-6d51aeb-linux-aarch64/bin/afs-trial-config
afs-0.1.0-g2-procfree-6d51aeb-linux-aarch64/bin/dep02-smoke.sh
afs-0.1.0-g2-procfree-6d51aeb-linux-aarch64/docs/
afs-0.1.0-g2-procfree-6d51aeb-linux-aarch64/docs/guides/
afs-0.1.0-g2-procfree-6d51aeb-linux-aarch64/docs/guides/trial.md
afs-0.1.0-g2-procfree-6d51aeb-linux-aarch64/install.sh
afs-0.1.0-g2-procfree-6d51aeb-linux-aarch64/ldd.txt
afs-0.1.0-g2-procfree-6d51aeb-linux-aarch64/manifest.json
afs-0.1.0-g2-procfree-6d51aeb-linux-aarch64/scripts/
afs-0.1.0-g2-procfree-6d51aeb-linux-aarch64/templates/
afs-0.1.0-g2-procfree-6d51aeb-linux-aarch64/templates/meta.toml
afs-0.1.0-g2-procfree-6d51aeb-linux-aarch64/templates/node-dfs.toml
afs-0.1.0-g2-procfree-6d51aeb-linux-aarch64/templates/node-ownerfs.toml
afs-0.1.0-g2-procfree-6d51aeb-linux-aarch64/templates/node.toml
