    Finished `test` profile [unoptimized + debuginfo] target(s) in 0.08s
     Running tests/config_contract.rs (/home/lzc.guest/afs-build/target/debug/deps/config_contract-d0387f54e83263c8)

running 5 tests
test invalid_limits_and_uncompiled_mode_fail ... ok
test file_values_are_overridden_only_by_explicit_cli ... ok
test unknown_field_is_rejected ... ok
test volatile_meta_policy_defaults_to_false_and_cli_overrides_toml ... ok
test meta_store_defaults_to_etcd_and_cli_overrides_toml ... ok

test result: ok. 5 passed; 0 failed; 0 ignored; 0 measured; 0 filtered out; finished in 0.01s

     Running tests/error_contract.rs (/home/lzc.guest/afs-build/target/debug/deps/error_contract-c6dec57f4986562d)

running 4 tests
test linux_raw_errno_preserves_posix_file_errors ... ok
test rest_body_and_posix_errno_preserve_meaning ... ok
test meta_grpc_keeps_native_validation_code ... ok
test tcp_peer_and_local_sdk_preserve_identical_storage_identity ... ok

test result: ok. 4 passed; 0 failed; 0 ignored; 0 measured; 0 filtered out; finished in 2.02s

     Running tests/fuse_contract.rs (/home/lzc.guest/afs-build/target/debug/deps/fuse_contract-e2637826991dd227)

running 12 tests
test fuse_direct_io_open_allows_basic_shared_mmap ... ignored, requires Linux /dev/fuse, fusermount3 and python3 mmap
test fuse_ftruncate_on_same_handle_waits_for_prior_write ... ignored, requires Linux /dev/fuse and fusermount3
test fuse_mount_binds_backend_at_mount_root ... ignored, requires Linux /dev/fuse and fusermount3
test fuse_mount_dispatches_real_backend_and_preserves_open_handle_identity ... ignored, requires Linux /dev/fuse and fusermount3
test fuse_mount_does_not_invent_backend_namespace_directories ... ignored, requires Linux /dev/fuse and fusermount3
test fuse_mount_rejects_existing_live_mount ... ignored, requires Linux /dev/fuse and fusermount3
test fuse_statfs_returns_backend_capacity_fields_to_kernel_stat ... ignored, requires Linux /dev/fuse, fusermount3 and GNU stat
test fuse_statfs_unsupported_backend_fails_instead_of_zero_success ... ignored, requires Linux /dev/fuse, fusermount3 and GNU stat
test vfs_statfs_fails_closed_until_backend_supports_it ... ok
test vfs_killpriv_options_fail_closed_until_backend_supports_them ... ok
test vfs_advisory_lock_methods_fail_closed_until_backend_supports_them ... ok
test vfs_options_preserve_legacy_paths_without_killpriv ... ok

test result: ok. 4 passed; 0 failed; 8 ignored; 0 measured; 0 filtered out; finished in 0.00s

     Running tests/meta_contract.rs (/home/lzc.guest/afs-build/target/debug/deps/meta_contract-89b3188cf71938d7)

running 61 tests
test dfs_commit_keeps_file_layout_and_durable_chunk_receipt_explicit ... ok
test dfs_commit_recovers_lost_store_result_with_etcd_snapshot_backend ... ignored, requires a fresh dedicated etcd endpoint in AFS_TEST_ETCD_LOST_RESULT_ENDPOINT
test both_edges_can_reuse_the_same_meta_state ... ok
test dfs_commit_recovers_lost_store_result_with_redis_snapshot_backend ... ignored, requires a fresh dedicated Redis endpoint in AFS_TEST_REDIS_LOST_RESULT_ENDPOINT
test contract_rpc_does_not_issue_fake_grants_without_store ... ok
test dfs_commit_accepts_durable_ack_after_unrelated_catalog_advance ... ok
test dfs_kernel_killpriv_commit_requires_lease_and_preserves_nonexecutable_sgid ... ok
test dfs_data_commit_allows_metadata_revision_drift_without_losing_attrs ... ok
LOST_RESULT_RECEIPT {"layout_root_id":"layout-lost-result","native_snapshot_blake3":"e1085be495b6b5aafc4631f24ea777caf0a81b8f44bad3d9421c6c1b92e9b147","native_snapshot_bytes":12041,"native_version_after_lost_result":5,"old_store_failed_closed":true,"operation_id":"commit-lost-result","receipt_count":1,"same_identity_changed_payload_rejected":true,"scope":"StoreBackend result suppression after real commit; no wire loss or physical chunk proof","successful_native_commits_after_next_operation":6,"successful_native_commits_after_replay":5,"successful_native_commits_before_replay":5,"version_id":"version-lost-result"}
test dfs_commit_recovers_lost_store_result_with_exact_operation_replay ... ok
test dfs_lock_resolver_live_local_authority_does_not_commit_or_extend_expiry ... ok
test dfs_lock_resolver_missing_lease_acquires_and_rejects_operation_reuse ... ok
test dfs_lock_resolver_poisoned_store_cannot_return_cached_authority ... ok
test dfs_lock_resolver_routes_live_foreign_owner_without_mutation ... ok
test dfs_lock_resolver_rpc_validates_fields_and_requires_enforced_peer_identity ... ok
test dfs_metadata_sync_allows_metadata_revision_drift_without_losing_xattrs ... ok
test dfs_namespace_errors_preserve_posix_errno ... ok
test dfs_namespace_attrs_and_user_xattrs_are_revision_fenced ... ok
test dfs_namespace_hardlink_symlink_and_readlink_are_metadata_operations ... ok
test dfs_namespace_mkdir_readdir_and_rmdir_update_directory_links ... ok
test dfs_namespace_mutations_update_parent_times_and_replay_is_stable ... ok
test dfs_namespace_permissions_require_parent_write_and_search ... ok
test dfs_namespace_rename_no_replace_and_replace_are_atomic ... ok
test dfs_namespace_rename_rejects_directory_into_its_subtree ... ok
test dfs_namespace_retry_binds_semantics_and_new_inode_identity_scopes_caller ... ok
test dfs_namespace_rpc_requires_caller_context_for_mutations ... ok
test dfs_namespace_root_rejects_aliasing_another_namespace ... ok
test dfs_namespace_sgid_parent_sets_child_group_for_directories_and_symlinks ... ok
test dfs_namespace_sticky_directories_require_victim_or_directory_owner ... ok
test dfs_namespace_unlink_removes_name_but_keeps_orphan_inode_for_open_handles ... ok
test dfs_placement_allows_remote_head_when_local_copy_not_required ... ok
test dfs_placement_rejects_unsatisfied_sync_minima ... ok
test dfs_placement_uses_global_live_devices_for_required_local_copy ... ok
test dfs_lock_resolver_inode_and_lease_share_one_acknowledged_view ... ok
test dfs_readonly_owner_can_set_times_and_directory_chown_preserves_special_bits ... ok
test dfs_removed_directory_cannot_receive_new_entries ... ok
test dfs_rename_preserves_other_hardlinks_and_same_inode_is_noop ... ok
test dfs_renewal_accepts_same_epoch_expiry_drift_and_replays_exact_result ... ok
test dfs_replica_write_grant_accepts_frozen_target_catalog_floor ... ok
test dfs_same_owner_reopen_cannot_shorten_live_lease_expiry ... ok
test dfs_renewal_concurrent_same_epoch_callers_preserve_authority ... ok
test dfs_special_inode_has_metadata_without_chunks_and_enforces_parent_access ... ok
test dfs_write_authority_live_local_does_not_commit_or_extend_expiry ... ok
test dfs_lock_resolver_acquire_reply_loss_replays_before_live_resolution ... ok
test dfs_write_authority_rpc_validates_fields_and_uses_new_endpoint ... ok
test dfs_write_lease_reuses_one_owner_and_fences_stale_commits ... ok
test meta_services_share_one_package_but_remain_separate_routes ... ok
test n2b1_ack_revocation_requires_exact_stored_command_before_writing_ack ... ok
test n2b1_local_file_reopens_legacy_root_command_and_preserves_exact_ack_replay ... ok
test dfs_renewal_cannot_resurrect_expired_or_reassigned_authority ... ok
test n2b1_poll_root_command_batch_rejects_missing_current_session ... ok
test n2b1_poll_root_command_batch_rejects_non_current_session ... ok
test n2b1_poll_root_command_batch_rejects_saturated_invalid_cursor ... ok
test n2b1_poll_root_command_batch_reports_empty_command_history_after_current_session ... ok
test n2b1_poll_root_command_batch_without_store_returns_typed_unsupported ... ok
test node_rpc_store_local_file_recovers_committed_session_and_reply ... ok
test owner_authority_reserve_activate_acquire_validate_and_recover ... ok
test dfs_write_authority_expired_lease_acquires_and_replays_exact_result ... ok
test owner_root_messages_keep_location_reservation_and_access_separate ... ok
test owner_authority_stale_abort_cannot_delete_new_pending_reservation ... ok
test dfs_write_authority_lost_acquire_result_replays_after_store_reopen ... ok
test n2b1_poll_root_command_batch_advances_past_filtered_events_without_skipping_adjacent_target ... ok

test result: ok. 59 passed; 0 failed; 2 ignored; 0 measured; 0 filtered out; finished in 16.87s

     Running tests/meta_health_capability.rs (/home/lzc.guest/afs-build/target/debug/deps/meta_health_capability-f65421d3770de625)

running 6 tests
test client_normalizes_contradictory_register_readiness_fail_closed ... ok
test old_proto_defaults_fail_closed_for_persistence_readiness ... ok
test unclassified_backend_defaults_to_unknown_and_cannot_claim_persistence ... ok
test backend_health_failure_prevents_persistent_ready_ack ... ok
test memory_backend_is_healthy_but_not_persistent_ready ... ok
test local_file_backend_reports_persistent_ready_after_probe ... ok

test result: ok. 6 passed; 0 failed; 0 ignored; 0 measured; 0 filtered out; finished in 0.00s

     Running tests/node_health_contract.rs (/home/lzc.guest/afs-build/target/debug/deps/node_health_contract-fb182c0e4c2db61a)

running 20 tests
test initial_registration_capability_preserves_registration_age ... ok
test initial_meta_persistence_update_preserves_registration_age ... ok
test node_health_allows_healthy_volatile_meta_only_when_policy_opts_in ... ok
test node_health_can_report_foundation_ready_without_configured_mounts ... ok
test node_health_fails_closed_before_resource_sampler_observes_device ... ok
test node_health_fails_closed_on_stale_meta_heartbeat ... ok
test node_health_fails_closed_on_stale_resource_observation ... ok
test node_health_recovers_after_retryable_meta_registration_failure_clears ... ok
test node_health_rejects_substituted_non_afs_mount ... ok
test node_health_rejects_volatile_meta_without_explicit_policy ... ok
test node_health_reports_data_device_failure_from_sampler_snapshot ... ok
test node_health_requires_observed_rdma_availability_when_rdma_required ... ok
test node_health_returns_unavailable_after_known_meta_registration_failure ... ok
test node_health_returns_unavailable_when_configured_mount_is_absent ... ok
test node_health_uses_latest_registration_persistence_readiness ... ok
test rdma_sampler_rejects_active_defer_and_accepts_exact_active ... ok
test rdma_sampler_requires_accepted_port_one_not_any_active_port ... ok
test resource_sampler_is_singleflight_and_reports_blocked_worker ... ok
test blocked_sampler_shutdown_returns_error_from_real_pending_worker ... ok
test repeated_node_health_gets_do_not_touch_data_dir ... ok

test result: ok. 20 passed; 0 failed; 0 ignored; 0 measured; 0 filtered out; finished in 0.03s

     Running tests/ownerfs_peer_contract.rs (/home/lzc.guest/afs-build/target/debug/deps/ownerfs_peer_contract-fd6e41e7c6fc3c09)

running 12 tests
test ownerfiles_rdma_large_write_fsync_cold_read_roundtrip_preserves_payload ... ignored, requires AFS_TEST_RDMA_DEVICE with a working RXE/RDMA device
test mtls_authenticator_is_available_for_exact_der_mapping ... ok
test ownerfiles_rdma_authority_validation_may_block_on_tokio_handle ... ok
test ownerfiles_rdma_oversize_read_rejects_before_handler_allocation ... ok
test ownerfiles_rdma_missing_device_fails_before_file_write ... ok
test ownerpeerclient_posted_rdma_deadline_has_unknown_outcome ... ignored, requires real RXE and external GDB stop at posted OwnerFiles READ4096 deadline point
test ownerpeerclient_rdma_large_write_fsync_cold_read_roundtrip_preserves_payload ... ignored, requires AFS_TEST_RDMA_DEVICE with a working RXE/RDMA device
test ownerpeerclient_rdma_without_device_ignores_forbidden_prefetch ... ok
test ownerfiles_rejects_rdma_plane_without_negotiated_owner_session_before_write ... ok
test ownerpeerclient_auto_without_device_falls_back_before_rdma_dispatch ... ok
test ownerpeerclient_rdma_without_device_rejects_read_write_without_mutation ... ok
test mtls_ownerfiles_grpc_roundtrip_uses_real_ownerfs_backend ... ok

test result: ok. 9 passed; 0 failed; 3 ignored; 0 measured; 0 filtered out; finished in 5.44s

     Running tests/rest_contract.rs (/home/lzc.guest/afs-build/target/debug/deps/rest_contract-656113228dead1ba)

running 6 tests
test health_requires_a_meta_store ... ok
test health_uses_backend_probe_not_cached_read_view ... ok
test chunk_replication_reports_observed_availability_without_claiming_data_loss ... ok
test root_location_reports_serving_for_live_exact_home_session ... ok
test root_location_keeps_owner_but_reports_unavailable_for_expired_home_session ... ok
test health_backend_probe_is_bounded_when_backend_stalls ... ok

test result: ok. 6 passed; 0 failed; 0 ignored; 0 measured; 0 filtered out; finished in 2.00s

     Running tests/vfs_contract.rs (/home/lzc.guest/afs-build/target/debug/deps/vfs_contract-4bdd8006718fcdbd)

running 1 test
test backend_contract_binds_one_root_and_rejects_unimplemented_operations ... ok

test result: ok. 1 passed; 0 failed; 0 ignored; 0 measured; 0 filtered out; finished in 0.00s

