warning: method `read_ranges_at_uncommitted` is never used
   --> src/node/chunk.rs:177:19
    |
158 | impl PinnedChunkReader {
    | ---------------------- method in this implementation
...
177 |     pub(crate) fn read_ranges_at_uncommitted(
    |                   ^^^^^^^^^^^^^^^^^^^^^^^^^^
    |
    = note: `#[warn(dead_code)]` (part of `#[warn(unused)]`) on by default

warning: method `quarantined_chunks` is never used
   --> src/node/chunk.rs:608:19
    |
282 | impl LocalChunkStore {
    | -------------------- method in this implementation
...
608 |     pub(crate) fn quarantined_chunks(&self) -> Result<Vec<LocalChunkRecord>> {
    |                   ^^^^^^^^^^^^^^^^^^

warning: `afs` (lib) generated 2 warnings
    Finished `dev` profile [unoptimized + debuginfo] target(s) in 0.05s
