SECTION ltp-small-install
PATH /var/tmp/afs-e2e-20261006-r1/suites/ltp-small-install/kirk
-rwxrwxr-x 1 lzc lzc 367 Sep 30 13:55 /var/tmp/afs-e2e-20261006-r1/suites/ltp-small-install/kirk
f9d2c516de03b985729948ac69b49fdccf1b01d552dbe89c33c13e96b055a4cd  /var/tmp/afs-e2e-20261006-r1/suites/ltp-small-install/kirk
PATH /var/tmp/afs-e2e-20261006-r1/suites/ltp-small-install/runtest/fs
MISSING
PATH /var/tmp/afs-e2e-20261006-r1/suites/ltp-small-install/runtest/fs_bind
MISSING
PATH /var/tmp/afs-e2e-20261006-r1/suites/ltp-small-install/runtest/fs_perms_simple
MISSING
PATH /var/tmp/afs-e2e-20261006-r1/suites/ltp-small-install/runtest/fcntl-locktests
MISSING
-rwxrwxr-x 1 lzc lzc 894928 Sep 30 13:54 /var/tmp/afs-e2e-20261006-r1/suites/ltp-small-install/testcases/bin/write01
-rwxrwxr-x 1 lzc lzc 895096 Sep 30 13:54 /var/tmp/afs-e2e-20261006-r1/suites/ltp-small-install/testcases/bin/read01
-rwxrwxr-x 1 lzc lzc 895712 Sep 30 13:54 /var/tmp/afs-e2e-20261006-r1/suites/ltp-small-install/testcases/bin/open01
-rwxrwxr-x 1 lzc lzc 895768 Sep 30 13:54 /var/tmp/afs-e2e-20261006-r1/suites/ltp-small-install/testcases/bin/chmod01
-rwxrwxr-x 1 lzc lzc 896416 Sep 30 13:54 /var/tmp/afs-e2e-20261006-r1/suites/ltp-small-install/testcases/bin/stat01
-rwxrwxr-x 1 lzc lzc 906952 Sep 30 13:54 /var/tmp/afs-e2e-20261006-r1/suites/ltp-small-install/testcases/bin/fcntl14
/var/tmp/afs-e2e-20261006-r1/suites/ltp-small-install/testcases/bin/chmod01
/var/tmp/afs-e2e-20261006-r1/suites/ltp-small-install/testcases/bin/fcntl14
/var/tmp/afs-e2e-20261006-r1/suites/ltp-small-install/testcases/bin/open01
/var/tmp/afs-e2e-20261006-r1/suites/ltp-small-install/testcases/bin/read01
/var/tmp/afs-e2e-20261006-r1/suites/ltp-small-install/testcases/bin/stat01
/var/tmp/afs-e2e-20261006-r1/suites/ltp-small-install/testcases/bin/write01
18515f2a1e984276ff92243d8cb9cb3f817aa10042734f098f3c49bc3f5ed3d3  /var/tmp/afs-e2e-20261006-r1/suites/ltp-small-install/testcases/bin/chmod01
1e77e026b066c53af78b0ed7434a9aaae5dd6badc675286bb1247bea81445c7c  /var/tmp/afs-e2e-20261006-r1/suites/ltp-small-install/testcases/bin/stat01
44ec3816a0ad3f7593b00bb05e2aff55160cfbe9b4e67464a8434aa994567959  /var/tmp/afs-e2e-20261006-r1/suites/ltp-small-install/testcases/bin/fcntl14
9e11b6d314a64022f34b33d5ff1c7eb1c29b7fcbf130be8f04a89d73a72da770  /var/tmp/afs-e2e-20261006-r1/suites/ltp-small-install/testcases/bin/write01
be765b2849d2e31e274eacc6e7b8e4f180a3934fe001743c79c68790532ccbd1  /var/tmp/afs-e2e-20261006-r1/suites/ltp-small-install/testcases/bin/open01
c52e9776a4e121a61f3f518977146e51a1425aeaa472260c3bec0c3cd8fcf390  /var/tmp/afs-e2e-20261006-r1/suites/ltp-small-install/testcases/bin/read01
SECTION ltp-expanded-tsv
PATH /var/tmp/afs-e2e-20261006-r1/suites/ltp-filesystem-expanded.tsv
-rw-rw-r-- 1 lzc lzc 37405 Oct  6 22:07 /var/tmp/afs-e2e-20261006-r1/suites/ltp-filesystem-expanded.tsv
93d60fb5b90e134a46129e5a773c7013b022adae5f8d68af422e37af03cc8ff4  /var/tmp/afs-e2e-20261006-r1/suites/ltp-filesystem-expanded.tsv
selector	test_id	command
fs	gf01	gf01 growfiles -W gf01 -b -e 1 -u -i 0 -L 20 -w -C 1 -l -I r -T 10 -f glseek20 -S 2 -d $TMPDIR
fs	gf02	gf02 growfiles -W gf02 -b -e 1 -L 10 -i 100 -I p -S 2 -u -f gf03_ -d $TMPDIR
fs	gf03	gf03 growfiles -W gf03 -b -e 1 -g 1 -i 1 -S 150 -u -f gf05_ -d $TMPDIR
fs	gf04	gf04 growfiles -W gf04 -b -e 1 -g 4090 -i 500 -t 39000 -u -f gf06_ -d $TMPDIR
fs	gf05	gf05 growfiles -W gf05 -b -e 1 -g 5000 -i 500 -t 49900 -T10 -c9 -I p -u -f gf07_ -d $TMPDIR
fs	gf06	gf06 growfiles -W gf06 -b -e 1 -u -r 1-5000 -R 0--1 -i 0 -L 30 -C 1 -f g_rand10 -S 2 -d $TMPDIR
fs	gf07	gf07 growfiles -W gf07 -b -e 1 -u -r 1-5000 -R 0--2 -i 0 -L 30 -C 1 -I p -f g_rand13 -S 2 -d $TMPDIR
fs	gf08	gf08 growfiles -W gf08 -b -e 1 -u -r 1-5000 -R 0--2 -i 0 -L 30 -C 1 -f g_rand11 -S 2 -d $TMPDIR
fs	gf09	gf09 growfiles -W gf09 -b -e 1 -u -r 1-5000 -R 0--1 -i 0 -L 30 -C 1 -I p -f g_rand12 -S 2 -d $TMPDIR
