{
  "status": "PASS_NORMAL_EXIT0_NO_OWNED_PROCESS_MOUNT_OLD_UNCHANGED",
  "role": "a",
  "real_wait": {
    "pid": "849120",
    "exe": "/mnt/lima-afsadata/afs-delivery/owner-remote-write-6d-bhome-20261007-r1/prefix/bin/afs-node",
    "config": "/mnt/lima-afsadata/afs-delivery/owner-remote-write-6d-bhome-20261007-r1/etc/node.toml",
    "start_ticks": "57451548",
    "boot_id": "36a572e0-859b-4a94-adc7-789210a83fc8",
    "lifecycle": "/mnt/lima-afsadata/afs-delivery/owner-remote-write-6d-bhome-20261007-r1/run/node.lifecycle.Zosquz",
    "supervisor_pid": "849104",
    "exit_code": "0"
  },
  "owned_alive": [],
  "mounts_under_root": [],
  "old_incarnations_unchanged": [
    706366,
    707560,
    722421,
    723627,
    724361,
    727122,
    729413
  ],
  "available_bytes": 4237930496,
  "moose_real_wait": {
    "role": "a",
    "fixture": "owner-remote-write-6d-bhome-20261007-r1",
    "root": "/mnt/lima-afsadata/afs-delivery/owner-remote-write-6d-bhome-20261007-r1",
    "pid": 849276,
    "supervisor_pid": 849275,
    "exit_code": 0,
    "identity": {
      "role": "a",
      "fixture": "owner-remote-write-6d-bhome-20261007-r1",
      "root": "/mnt/lima-afsadata/afs-delivery/owner-remote-write-6d-bhome-20261007-r1",
      "argv": [
        "/opt/afs-moose-round3-v85/bin/mfsmount",
        "-f",
        "-H",
        "192.168.109.11",
        "-P",
        "23042",
        "-o",
        "allow_other,mfsnice=0,mfscachemode=AUTO,mfstimeout=30",
        "/mnt/lima-afsadata/afs-delivery/owner-remote-write-6d-bhome-20261007-r1/mount/moose"
      ],
      "config_sha256": {
        "/mnt/lima-afsadata/afs-delivery/owner-remote-write-6d-bhome-20261007-r1/etc/node.toml": "d65e16d90a253203a25a6b2fd2a09bb50b026ce23a66037ddcb5c4180087c588"
      },
      "script_sha256": "0b45a48253eeb89bdc8cdc9464411356469ea30a7da2899e12a36513d7a8d683",
      "boot_id": "36a572e0-859b-4a94-adc7-789210a83fc8",
      "state": "R",
      "start_ticks": 57451634,
      "exe_path": "/opt/afs-moose-round3-v85/bin/mfsmount",
      "exe_dev": 64769,
      "exe_inode": 266956,
      "pid": 849276,
      "supervisor_pid": 849275,
      "exe_sha256": "5752f91e2d174cc8a0a53df7b3713b3bed31fde5fe72a6f38cd86237ae3ebc37"
    },
    "identity_error": null,
    "wait_completed": true,
    "time_unix_ns": 1791325587252509070
  },
  "root_tree_bytes": 26364070
}
