{
  "cache_state": "unobserved",
  "compiler_input_map": "66dbbe3e0071fcec1efc9cf370c709a99f025d39acd4f37ba57582c874429304",
  "map66": "66dbbe3e",
  "moose_strong_durable_ack": "BLOCKED_PARENT_BASELINE",
  "preflight": {
    "io_tool": {
      "path": "/mnt/lima-afsadata/afs-delivery/owner-remote-write-6d-bhome-20261007-r1/tools/io",
      "sha256": "70ac97c7634d406a177a74c783d446b62a2014ba198586132882a1d9228e55e8"
    },
    "mounts": {
      "moose": {
        "fstype": "fuse",
        "id": 77,
        "options": "rw,nosuid,nodev,relatime,user_id=0,group_id=0,allow_other",
        "source": "mfs#192.168.109.11:23042",
        "target": "/mnt/lima-afsadata/afs-delivery/owner-remote-write-6d-bhome-20261007-r1/mount/moose"
      },
      "owner": {
        "fstype": "fuse",
        "id": 52,
        "options": "rw,nosuid,nodev,noatime,user_id=0,group_id=0,default_permissions,allow_other",
        "source": "afs-ownerfs",
        "target": "/mnt/lima-afsadata/afs-delivery/owner-remote-write-6d-bhome-20261007-r1/mount/ownerfs"
      }
    },
    "platform": {
      "euid": 0,
      "machine": "aarch64",
      "system": "Linux"
    },
    "roots": {
      "moose": {
        "device": 52,
        "gid": 0,
        "inode": 2,
        "mode": 493,
        "path": "/mnt/lima-afsadata/afs-delivery/owner-remote-write-6d-bhome-20261007-r1/mount/moose/small-write-r1",
        "uid": 0
      },
      "owner": {
        "device": 48,
        "gid": 0,
        "inode": 3,
        "mode": 493,
        "path": "/mnt/lima-afsadata/afs-delivery/owner-remote-write-6d-bhome-20261007-r1/mount/ownerfs/g2-remote-write-6d-bhome-r1/small-write-r1",
        "uid": 0
      }
    }
  },
  "product_source_commit": "6d51aeb45c1ed8669d80f612b3817e6d1bdabe04",
  "rounds": [
    {
      "measured": false,
      "order": [
        "owner",
        "moose"
      ],
      "round": 0,
      "samples": [
        {
          "artifact": "/mnt/lima-afsadata/afs-delivery/owner-remote-write-6d-bhome-20261007-r1/results/write-r2/samples/round-00-owner.json",
          "content_verify": {
            "bytes": 67108864,
            "expected_sha256": "fae972222d455a2eaee1661ad9625502ec3bfc5ec38b87a6eec5afd5107331b5",
            "path": "/mnt/lima-afsadata/afs-delivery/owner-remote-write-6d-bhome-20261007-r1/mount/ownerfs/g2-remote-write-6d-bhome-r1/small-write-r1/owner-write-r00-payload64m.bin",
            "sha256": "fae972222d455a2eaee1661ad9625502ec3bfc5ec38b87a6eec5afd5107331b5",
            "status": "PASS",
            "tail_empty": true
          },
          "dir_fsync": true,
          "measured": false,
          "path": "/mnt/lima-afsadata/afs-delivery/owner-remote-write-6d-bhome-20261007-r1/mount/ownerfs/g2-remote-write-6d-bhome-r1/small-write-r1/owner-write-r00-payload64m.bin",
          "round": 0,
          "status": "PASS",
          "target": "owner",
          "write": {
            "argv": [
              "/mnt/lima-afsadata/afs-delivery/owner-remote-write-6d-bhome-20261007-r1/tools/io",
              "/mnt/lima-afsadata/afs-delivery/owner-remote-write-6d-bhome-20261007-r1/mount/ownerfs/g2-remote-write-6d-bhome-r1/small-write-r1/owner-write-r00-payload64m.bin",
              "seq-write",
              "67108864",
              "1048576",
              "1",
              "fdatasync",
              "67108864",
              "97",
              "create",
              "unobserved"
            ],
            "elapsed_ns": 778123169,
            "rc": 0,
            "result": {
              "barrier": "fdatasync",
              "barrier_ns": 34645719,
              "block_bytes": 1048576,
              "cache_prepare_attempts": 0,
              "cache_requested": "unobserved",
              "client_cpu_ns": 1496000,
              "concurrency": 1,
              "content_ok": true,
              "file_bytes": 67108864,
              "file_object": {
                "device": 48,
                "inode": 4
              },
              "io_bytes": 67108864,
              "operation": "seq-write",
              "operations": 64,
              "p50_ns": 7501502,
              "p95_ns": 18911256,
              "p99_ns": 27186634,
              "pattern_byte": 97,
              "residency_observed": false,
              "resident_after_bytes": 0,
              "resident_before_bytes": 0,
              "seed": 257,
              "wall_ns": 582158939
            },
            "status": "PASS",
            "stderr": "",
            "stdout": "{\"operation\":\"seq-write\",\"file_bytes\":67108864,\"io_bytes\":67108864,\"block_bytes\":1048576,\"concurrency\":1,\"barrier\":\"fdatasync\",\"pattern_byte\":97,\"seed\":257,\"operations\":64,\"wall_ns\":582158939,\"client_cpu_ns\":1496000,\"barrier_ns\":34645719,\"p50_ns\":7501502,\"p95_ns\":18911256,\"p99_ns\":27186634,\"residency_observed\":false,\"resident_before_bytes\":0,\"resident_after_bytes\":0,\"content_ok\":true,\"cache_requested\":\"unobserved\",\"cache_prepare_attempts\":0,\"file_object\":{\"device\":48,\"inode\":4}}\n",
            "verify": {
              "status": "PASS"
            }
          }
        },
        {
          "artifact": "/mnt/lima-afsadata/afs-delivery/owner-remote-write-6d-bhome-20261007-r1/results/write-r2/samples/round-00-moose.json",
          "content_verify": {
            "bytes": 67108864,
            "expected_sha256": "fae972222d455a2eaee1661ad9625502ec3bfc5ec38b87a6eec5afd5107331b5",
            "path": "/mnt/lima-afsadata/afs-delivery/owner-remote-write-6d-bhome-20261007-r1/mount/moose/small-write-r1/moose-write-r00-payload64m.bin",
            "sha256": "fae972222d455a2eaee1661ad9625502ec3bfc5ec38b87a6eec5afd5107331b5",
            "status": "PASS",
            "tail_empty": true
          },
          "dir_fsync": true,
          "measured": false,
          "path": "/mnt/lima-afsadata/afs-delivery/owner-remote-write-6d-bhome-20261007-r1/mount/moose/small-write-r1/moose-write-r00-payload64m.bin",
          "round": 0,
          "status": "PASS",
          "target": "moose",
          "write": {
            "argv": [
              "/mnt/lima-afsadata/afs-delivery/owner-remote-write-6d-bhome-20261007-r1/tools/io",
              "/mnt/lima-afsadata/afs-delivery/owner-remote-write-6d-bhome-20261007-r1/mount/moose/small-write-r1/moose-write-r00-payload64m.bin",
              "seq-write",
              "67108864",
              "1048576",
              "1",
              "fdatasync",
              "67108864",
              "97",
              "create",
              "unobserved"
            ],
            "elapsed_ns": 1790409858,
            "rc": 0,
            "result": {
              "barrier": "fdatasync",
              "barrier_ns": 830739305,
              "block_bytes": 1048576,
              "cache_prepare_attempts": 0,
              "cache_requested": "unobserved",
              "client_cpu_ns": 246363833,
              "concurrency": 1,
              "content_ok": true,
              "file_bytes": 67108864,
              "file_object": {
                "device": 52,
                "inode": 3
              },
              "io_bytes": 67108864,
              "operation": "seq-write",
              "operations": 64,
              "p50_ns": 455250,
              "p95_ns": 35479303,
              "p99_ns": 59045227,
              "pattern_byte": 97,
              "residency_observed": false,
              "resident_after_bytes": 0,
              "resident_before_bytes": 0,
              "seed": 257,
              "wall_ns": 1245645355
            },
            "status": "PASS",
            "stderr": "",
            "stdout": "{\"operation\":\"seq-write\",\"file_bytes\":67108864,\"io_bytes\":67108864,\"block_bytes\":1048576,\"concurrency\":1,\"barrier\":\"fdatasync\",\"pattern_byte\":97,\"seed\":257,\"operations\":64,\"wall_ns\":1245645355,\"client_cpu_ns\":246363833,\"barrier_ns\":830739305,\"p50_ns\":455250,\"p95_ns\":35479303,\"p99_ns\":59045227,\"residency_observed\":false,\"resident_before_bytes\":0,\"resident_after_bytes\":0,\"content_ok\":true,\"cache_requested\":\"unobserved\",\"cache_prepare_attempts\":0,\"file_object\":{\"device\":52,\"inode\":3}}\n",
            "verify": {
              "status": "PASS"
            }
          }
        }
      ]
    },
    {
      "measured": true,
      "order": [
        "moose",
        "owner"
      ],
      "round": 1,
      "samples": [
        {
          "artifact": "/mnt/lima-afsadata/afs-delivery/owner-remote-write-6d-bhome-20261007-r1/results/write-r2/samples/round-01-moose.json",
          "content_verify": {
            "bytes": 67108864,
            "expected_sha256": "fae972222d455a2eaee1661ad9625502ec3bfc5ec38b87a6eec5afd5107331b5",
            "path": "/mnt/lima-afsadata/afs-delivery/owner-remote-write-6d-bhome-20261007-r1/mount/moose/small-write-r1/moose-write-r01-payload64m.bin",
            "sha256": "fae972222d455a2eaee1661ad9625502ec3bfc5ec38b87a6eec5afd5107331b5",
            "status": "PASS",
            "tail_empty": true
          },
          "dir_fsync": true,
          "measured": true,
          "path": "/mnt/lima-afsadata/afs-delivery/owner-remote-write-6d-bhome-20261007-r1/mount/moose/small-write-r1/moose-write-r01-payload64m.bin",
          "round": 1,
          "status": "PASS",
          "target": "moose",
          "write": {
            "argv": [
              "/mnt/lima-afsadata/afs-delivery/owner-remote-write-6d-bhome-20261007-r1/tools/io",
              "/mnt/lima-afsadata/afs-delivery/owner-remote-write-6d-bhome-20261007-r1/mount/moose/small-write-r1/moose-write-r01-payload64m.bin",
              "seq-write",
              "67108864",
              "1048576",
              "1",
              "fdatasync",
              "67108864",
              "97",
              "create",
              "unobserved"
            ],
            "elapsed_ns": 1094823584,
            "rc": 0,
            "result": {
              "barrier": "fdatasync",
              "barrier_ns": 213641816,
              "block_bytes": 1048576,
              "cache_prepare_attempts": 0,
              "cache_requested": "unobserved",
              "client_cpu_ns": 205970324,
              "concurrency": 1,
              "content_ok": true,
              "file_bytes": 67108864,
              "file_object": {
                "device": 52,
                "inode": 4
              },
              "io_bytes": 67108864,
              "operation": "seq-write",
              "operations": 64,
              "p50_ns": 317959,
              "p95_ns": 29033509,
              "p99_ns": 31247218,
              "pattern_byte": 97,
              "residency_observed": false,
              "resident_after_bytes": 0,
              "resident_before_bytes": 0,
              "seed": 257,
              "wall_ns": 441283344
            },
            "status": "PASS",
            "stderr": "",
            "stdout": "{\"operation\":\"seq-write\",\"file_bytes\":67108864,\"io_bytes\":67108864,\"block_bytes\":1048576,\"concurrency\":1,\"barrier\":\"fdatasync\",\"pattern_byte\":97,\"seed\":257,\"operations\":64,\"wall_ns\":441283344,\"client_cpu_ns\":205970324,\"barrier_ns\":213641816,\"p50_ns\":317959,\"p95_ns\":29033509,\"p99_ns\":31247218,\"residency_observed\":false,\"resident_before_bytes\":0,\"resident_after_bytes\":0,\"content_ok\":true,\"cache_requested\":\"unobserved\",\"cache_prepare_attempts\":0,\"file_object\":{\"device\":52,\"inode\":4}}\n",
            "verify": {
              "status": "PASS"
            }
          }
        },
        {
          "artifact": "/mnt/lima-afsadata/afs-delivery/owner-remote-write-6d-bhome-20261007-r1/results/write-r2/samples/round-01-owner.json",
          "content_verify": {
            "bytes": 67108864,
            "expected_sha256": "fae972222d455a2eaee1661ad9625502ec3bfc5ec38b87a6eec5afd5107331b5",
            "path": "/mnt/lima-afsadata/afs-delivery/owner-remote-write-6d-bhome-20261007-r1/mount/ownerfs/g2-remote-write-6d-bhome-r1/small-write-r1/owner-write-r01-payload64m.bin",
            "sha256": "fae972222d455a2eaee1661ad9625502ec3bfc5ec38b87a6eec5afd5107331b5",
            "status": "PASS",
            "tail_empty": true
          },
          "dir_fsync": true,
          "measured": true,
          "path": "/mnt/lima-afsadata/afs-delivery/owner-remote-write-6d-bhome-20261007-r1/mount/ownerfs/g2-remote-write-6d-bhome-r1/small-write-r1/owner-write-r01-payload64m.bin",
          "round": 1,
          "status": "PASS",
          "target": "owner",
          "write": {
            "argv": [
              "/mnt/lima-afsadata/afs-delivery/owner-remote-write-6d-bhome-20261007-r1/tools/io",
              "/mnt/lima-afsadata/afs-delivery/owner-remote-write-6d-bhome-20261007-r1/mount/ownerfs/g2-remote-write-6d-bhome-r1/small-write-r1/owner-write-r01-payload64m.bin",
              "seq-write",
              "67108864",
              "1048576",
              "1",
              "fdatasync",
              "67108864",
              "97",
              "create",
              "unobserved"
            ],
            "elapsed_ns": 854369005,
            "rc": 0,
            "result": {
              "barrier": "fdatasync",
              "barrier_ns": 30834425,
              "block_bytes": 1048576,
              "cache_prepare_attempts": 0,
              "cache_requested": "unobserved",
              "client_cpu_ns": 5376412,
              "concurrency": 1,
              "content_ok": true,
              "file_bytes": 67108864,
              "file_object": {
                "device": 48,
                "inode": 5
              },
              "io_bytes": 67108864,
              "operation": "seq-write",
              "operations": 64,
              "p50_ns": 9178878,
              "p95_ns": 14377921,
              "p99_ns": 41641387,
              "pattern_byte": 97,
              "residency_observed": false,
              "resident_after_bytes": 0,
              "resident_before_bytes": 0,
              "seed": 257,
              "wall_ns": 650013528
            },
            "status": "PASS",
            "stderr": "",
            "stdout": "{\"operation\":\"seq-write\",\"file_bytes\":67108864,\"io_bytes\":67108864,\"block_bytes\":1048576,\"concurrency\":1,\"barrier\":\"fdatasync\",\"pattern_byte\":97,\"seed\":257,\"operations\":64,\"wall_ns\":650013528,\"client_cpu_ns\":5376412,\"barrier_ns\":30834425,\"p50_ns\":9178878,\"p95_ns\":14377921,\"p99_ns\":41641387,\"residency_observed\":false,\"resident_before_bytes\":0,\"resident_after_bytes\":0,\"content_ok\":true,\"cache_requested\":\"unobserved\",\"cache_prepare_attempts\":0,\"file_object\":{\"device\":48,\"inode\":5}}\n",
            "verify": {
              "status": "PASS"
            }
          }
        }
      ]
    },
    {
      "measured": true,
      "order": [
        "owner",
        "moose"
      ],
      "round": 2,
      "samples": [
        {
          "artifact": "/mnt/lima-afsadata/afs-delivery/owner-remote-write-6d-bhome-20261007-r1/results/write-r2/samples/round-02-owner.json",
          "content_verify": {
            "bytes": 67108864,
            "expected_sha256": "fae972222d455a2eaee1661ad9625502ec3bfc5ec38b87a6eec5afd5107331b5",
            "path": "/mnt/lima-afsadata/afs-delivery/owner-remote-write-6d-bhome-20261007-r1/mount/ownerfs/g2-remote-write-6d-bhome-r1/small-write-r1/owner-write-r02-payload64m.bin",
            "sha256": "fae972222d455a2eaee1661ad9625502ec3bfc5ec38b87a6eec5afd5107331b5",
            "status": "PASS",
            "tail_empty": true
          },
          "dir_fsync": true,
          "measured": true,
          "path": "/mnt/lima-afsadata/afs-delivery/owner-remote-write-6d-bhome-20261007-r1/mount/ownerfs/g2-remote-write-6d-bhome-r1/small-write-r1/owner-write-r02-payload64m.bin",
          "round": 2,
          "status": "PASS",
          "target": "owner",
          "write": {
            "argv": [
              "/mnt/lima-afsadata/afs-delivery/owner-remote-write-6d-bhome-20261007-r1/tools/io",
              "/mnt/lima-afsadata/afs-delivery/owner-remote-write-6d-bhome-20261007-r1/mount/ownerfs/g2-remote-write-6d-bhome-r1/small-write-r1/owner-write-r02-payload64m.bin",
              "seq-write",
              "67108864",
              "1048576",
              "1",
              "fdatasync",
              "67108864",
              "97",
              "create",
              "unobserved"
            ],
            "elapsed_ns": 683567325,
            "rc": 0,
            "result": {
              "barrier": "fdatasync",
              "barrier_ns": 26126216,
              "block_bytes": 1048576,
              "cache_prepare_attempts": 0,
              "cache_requested": "unobserved",
              "client_cpu_ns": 1579955,
              "concurrency": 1,
              "content_ok": true,
              "file_bytes": 67108864,
              "file_object": {
                "device": 48,
                "inode": 6
              },
              "io_bytes": 67108864,
              "operation": "seq-write",
              "operations": 64,
              "p50_ns": 7536878,
              "p95_ns": 12206421,
              "p99_ns": 13494504,
              "pattern_byte": 97,
              "residency_observed": false,
              "resident_after_bytes": 0,
              "resident_before_bytes": 0,
              "seed": 257,
              "wall_ns": 518303694
            },
            "status": "PASS",
            "stderr": "",
            "stdout": "{\"operation\":\"seq-write\",\"file_bytes\":67108864,\"io_bytes\":67108864,\"block_bytes\":1048576,\"concurrency\":1,\"barrier\":\"fdatasync\",\"pattern_byte\":97,\"seed\":257,\"operations\":64,\"wall_ns\":518303694,\"client_cpu_ns\":1579955,\"barrier_ns\":26126216,\"p50_ns\":7536878,\"p95_ns\":12206421,\"p99_ns\":13494504,\"residency_observed\":false,\"resident_before_bytes\":0,\"resident_after_bytes\":0,\"content_ok\":true,\"cache_requested\":\"unobserved\",\"cache_prepare_attempts\":0,\"file_object\":{\"device\":48,\"inode\":6}}\n",
            "verify": {
              "status": "PASS"
            }
          }
        },
        {
          "artifact": "/mnt/lima-afsadata/afs-delivery/owner-remote-write-6d-bhome-20261007-r1/results/write-r2/samples/round-02-moose.json",
          "content_verify": {
            "bytes": 67108864,
            "expected_sha256": "fae972222d455a2eaee1661ad9625502ec3bfc5ec38b87a6eec5afd5107331b5",
            "path": "/mnt/lima-afsadata/afs-delivery/owner-remote-write-6d-bhome-20261007-r1/mount/moose/small-write-r1/moose-write-r02-payload64m.bin",
            "sha256": "fae972222d455a2eaee1661ad9625502ec3bfc5ec38b87a6eec5afd5107331b5",
            "status": "PASS",
            "tail_empty": true
          },
          "dir_fsync": true,
          "measured": true,
          "path": "/mnt/lima-afsadata/afs-delivery/owner-remote-write-6d-bhome-20261007-r1/mount/moose/small-write-r1/moose-write-r02-payload64m.bin",
          "round": 2,
          "status": "PASS",
          "target": "moose",
          "write": {
            "argv": [
              "/mnt/lima-afsadata/afs-delivery/owner-remote-write-6d-bhome-20261007-r1/tools/io",
              "/mnt/lima-afsadata/afs-delivery/owner-remote-write-6d-bhome-20261007-r1/mount/moose/small-write-r1/moose-write-r02-payload64m.bin",
              "seq-write",
              "67108864",
              "1048576",
              "1",
              "fdatasync",
              "67108864",
              "97",
              "create",
              "unobserved"
            ],
            "elapsed_ns": 386402654,
            "rc": 0,
            "result": {
              "barrier": "fdatasync",
              "barrier_ns": 124493702,
              "block_bytes": 1048576,
              "cache_prepare_attempts": 0,
              "cache_requested": "unobserved",
              "client_cpu_ns": 8840916,
              "concurrency": 1,
              "content_ok": true,
              "file_bytes": 67108864,
              "file_object": {
                "device": 52,
                "inode": 5
              },
              "io_bytes": 67108864,
              "operation": "seq-write",
              "operations": 64,
              "p50_ns": 338583,
              "p95_ns": 486792,
              "p99_ns": 662458,
              "pattern_byte": 97,
              "residency_observed": false,
              "resident_after_bytes": 0,
              "resident_before_bytes": 0,
              "seed": 257,
              "wall_ns": 148572127
            },
            "status": "PASS",
            "stderr": "",
            "stdout": "{\"operation\":\"seq-write\",\"file_bytes\":67108864,\"io_bytes\":67108864,\"block_bytes\":1048576,\"concurrency\":1,\"barrier\":\"fdatasync\",\"pattern_byte\":97,\"seed\":257,\"operations\":64,\"wall_ns\":148572127,\"client_cpu_ns\":8840916,\"barrier_ns\":124493702,\"p50_ns\":338583,\"p95_ns\":486792,\"p99_ns\":662458,\"residency_observed\":false,\"resident_before_bytes\":0,\"resident_after_bytes\":0,\"content_ok\":true,\"cache_requested\":\"unobserved\",\"cache_prepare_attempts\":0,\"file_object\":{\"device\":52,\"inode\":5}}\n",
            "verify": {
              "status": "PASS"
            }
          }
        }
      ]
    },
    {
      "measured": true,
      "order": [
        "moose",
        "owner"
      ],
      "round": 3,
      "samples": [
        {
          "artifact": "/mnt/lima-afsadata/afs-delivery/owner-remote-write-6d-bhome-20261007-r1/results/write-r2/samples/round-03-moose.json",
          "content_verify": {
            "bytes": 67108864,
            "expected_sha256": "fae972222d455a2eaee1661ad9625502ec3bfc5ec38b87a6eec5afd5107331b5",
            "path": "/mnt/lima-afsadata/afs-delivery/owner-remote-write-6d-bhome-20261007-r1/mount/moose/small-write-r1/moose-write-r03-payload64m.bin",
            "sha256": "fae972222d455a2eaee1661ad9625502ec3bfc5ec38b87a6eec5afd5107331b5",
            "status": "PASS",
            "tail_empty": true
          },
          "dir_fsync": true,
          "measured": true,
          "path": "/mnt/lima-afsadata/afs-delivery/owner-remote-write-6d-bhome-20261007-r1/mount/moose/small-write-r1/moose-write-r03-payload64m.bin",
          "round": 3,
          "status": "PASS",
          "target": "moose",
          "write": {
            "argv": [
              "/mnt/lima-afsadata/afs-delivery/owner-remote-write-6d-bhome-20261007-r1/tools/io",
              "/mnt/lima-afsadata/afs-delivery/owner-remote-write-6d-bhome-20261007-r1/mount/moose/small-write-r1/moose-write-r03-payload64m.bin",
              "seq-write",
              "67108864",
              "1048576",
              "1",
              "fdatasync",
              "67108864",
              "97",
              "create",
              "unobserved"
            ],
            "elapsed_ns": 489475140,
            "rc": 0,
            "result": {
              "barrier": "fdatasync",
              "barrier_ns": 20459089,
              "block_bytes": 1048576,
              "cache_prepare_attempts": 0,
              "cache_requested": "unobserved",
              "client_cpu_ns": 285907920,
              "concurrency": 1,
              "content_ok": true,
              "file_bytes": 67108864,
              "file_object": {
                "device": 52,
                "inode": 6
              },
              "io_bytes": 67108864,
              "operation": "seq-write",
              "operations": 64,
              "p50_ns": 4110792,
              "p95_ns": 16979005,
              "p99_ns": 22211090,
              "pattern_byte": 97,
              "residency_observed": false,
              "resident_after_bytes": 0,
              "resident_before_bytes": 0,
              "seed": 257,
              "wall_ns": 339232763
            },
            "status": "PASS",
            "stderr": "",
            "stdout": "{\"operation\":\"seq-write\",\"file_bytes\":67108864,\"io_bytes\":67108864,\"block_bytes\":1048576,\"concurrency\":1,\"barrier\":\"fdatasync\",\"pattern_byte\":97,\"seed\":257,\"operations\":64,\"wall_ns\":339232763,\"client_cpu_ns\":285907920,\"barrier_ns\":20459089,\"p50_ns\":4110792,\"p95_ns\":16979005,\"p99_ns\":22211090,\"residency_observed\":false,\"resident_before_bytes\":0,\"resident_after_bytes\":0,\"content_ok\":true,\"cache_requested\":\"unobserved\",\"cache_prepare_attempts\":0,\"file_object\":{\"device\":52,\"inode\":6}}\n",
            "verify": {
              "status": "PASS"
            }
          }
        },
        {
          "artifact": "/mnt/lima-afsadata/afs-delivery/owner-remote-write-6d-bhome-20261007-r1/results/write-r2/samples/round-03-owner.json",
          "content_verify": {
            "bytes": 67108864,
            "expected_sha256": "fae972222d455a2eaee1661ad9625502ec3bfc5ec38b87a6eec5afd5107331b5",
            "path": "/mnt/lima-afsadata/afs-delivery/owner-remote-write-6d-bhome-20261007-r1/mount/ownerfs/g2-remote-write-6d-bhome-r1/small-write-r1/owner-write-r03-payload64m.bin",
            "sha256": "fae972222d455a2eaee1661ad9625502ec3bfc5ec38b87a6eec5afd5107331b5",
            "status": "PASS",
            "tail_empty": true
          },
          "dir_fsync": true,
          "measured": true,
          "path": "/mnt/lima-afsadata/afs-delivery/owner-remote-write-6d-bhome-20261007-r1/mount/ownerfs/g2-remote-write-6d-bhome-r1/small-write-r1/owner-write-r03-payload64m.bin",
          "round": 3,
          "status": "PASS",
          "target": "owner",
          "write": {
            "argv": [
              "/mnt/lima-afsadata/afs-delivery/owner-remote-write-6d-bhome-20261007-r1/tools/io",
              "/mnt/lima-afsadata/afs-delivery/owner-remote-write-6d-bhome-20261007-r1/mount/ownerfs/g2-remote-write-6d-bhome-r1/small-write-r1/owner-write-r03-payload64m.bin",
              "seq-write",
              "67108864",
              "1048576",
              "1",
              "fdatasync",
              "67108864",
              "97",
              "create",
              "unobserved"
            ],
            "elapsed_ns": 455020169,
            "rc": 0,
            "result": {
              "barrier": "fdatasync",
              "barrier_ns": 21671589,
              "block_bytes": 1048576,
              "cache_prepare_attempts": 0,
              "cache_requested": "unobserved",
              "client_cpu_ns": 1373717,
              "concurrency": 1,
              "content_ok": true,
              "file_bytes": 67108864,
              "file_object": {
                "device": 48,
                "inode": 7
              },
              "io_bytes": 67108864,
              "operation": "seq-write",
              "operations": 64,
              "p50_ns": 3751501,
              "p95_ns": 5443585,
              "p99_ns": 7480793,
              "pattern_byte": 97,
              "residency_observed": false,
              "resident_after_bytes": 0,
              "resident_before_bytes": 0,
              "seed": 257,
              "wall_ns": 272769326
            },
            "status": "PASS",
            "stderr": "",
            "stdout": "{\"operation\":\"seq-write\",\"file_bytes\":67108864,\"io_bytes\":67108864,\"block_bytes\":1048576,\"concurrency\":1,\"barrier\":\"fdatasync\",\"pattern_byte\":97,\"seed\":257,\"operations\":64,\"wall_ns\":272769326,\"client_cpu_ns\":1373717,\"barrier_ns\":21671589,\"p50_ns\":3751501,\"p95_ns\":5443585,\"p99_ns\":7480793,\"residency_observed\":false,\"resident_before_bytes\":0,\"resident_after_bytes\":0,\"content_ok\":true,\"cache_requested\":\"unobserved\",\"cache_prepare_attempts\":0,\"file_object\":{\"device\":48,\"inode\":7}}\n",
            "verify": {
              "status": "PASS"
            }
          }
        }
      ]
    },
    {
      "measured": true,
      "order": [
        "owner",
        "moose"
      ],
      "round": 4,
      "samples": [
        {
          "artifact": "/mnt/lima-afsadata/afs-delivery/owner-remote-write-6d-bhome-20261007-r1/results/write-r2/samples/round-04-owner.json",
          "content_verify": {
            "bytes": 67108864,
            "expected_sha256": "fae972222d455a2eaee1661ad9625502ec3bfc5ec38b87a6eec5afd5107331b5",
            "path": "/mnt/lima-afsadata/afs-delivery/owner-remote-write-6d-bhome-20261007-r1/mount/ownerfs/g2-remote-write-6d-bhome-r1/small-write-r1/owner-write-r04-payload64m.bin",
            "sha256": "fae972222d455a2eaee1661ad9625502ec3bfc5ec38b87a6eec5afd5107331b5",
            "status": "PASS",
            "tail_empty": true
          },
          "dir_fsync": true,
          "measured": true,
          "path": "/mnt/lima-afsadata/afs-delivery/owner-remote-write-6d-bhome-20261007-r1/mount/ownerfs/g2-remote-write-6d-bhome-r1/small-write-r1/owner-write-r04-payload64m.bin",
          "round": 4,
          "status": "PASS",
          "target": "owner",
          "write": {
            "argv": [
              "/mnt/lima-afsadata/afs-delivery/owner-remote-write-6d-bhome-20261007-r1/tools/io",
              "/mnt/lima-afsadata/afs-delivery/owner-remote-write-6d-bhome-20261007-r1/mount/ownerfs/g2-remote-write-6d-bhome-r1/small-write-r1/owner-write-r04-payload64m.bin",
              "seq-write",
              "67108864",
              "1048576",
              "1",
              "fdatasync",
              "67108864",
              "97",
              "create",
              "unobserved"
            ],
            "elapsed_ns": 429921078,
            "rc": 0,
            "result": {
              "barrier": "fdatasync",
              "barrier_ns": 32828634,
              "block_bytes": 1048576,
              "cache_prepare_attempts": 0,
              "cache_requested": "unobserved",
              "client_cpu_ns": 1204664,
              "concurrency": 1,
              "content_ok": true,
              "file_bytes": 67108864,
              "file_object": {
                "device": 48,
                "inode": 8
              },
              "io_bytes": 67108864,
              "operation": "seq-write",
              "operations": 64,
              "p50_ns": 3497751,
              "p95_ns": 4176251,
              "p99_ns": 4459627,
              "pattern_byte": 97,
              "residency_observed": false,
              "resident_after_bytes": 0,
              "resident_before_bytes": 0,
              "seed": 257,
              "wall_ns": 260424073
            },
            "status": "PASS",
            "stderr": "",
            "stdout": "{\"operation\":\"seq-write\",\"file_bytes\":67108864,\"io_bytes\":67108864,\"block_bytes\":1048576,\"concurrency\":1,\"barrier\":\"fdatasync\",\"pattern_byte\":97,\"seed\":257,\"operations\":64,\"wall_ns\":260424073,\"client_cpu_ns\":1204664,\"barrier_ns\":32828634,\"p50_ns\":3497751,\"p95_ns\":4176251,\"p99_ns\":4459627,\"residency_observed\":false,\"resident_before_bytes\":0,\"resident_after_bytes\":0,\"content_ok\":true,\"cache_requested\":\"unobserved\",\"cache_prepare_attempts\":0,\"file_object\":{\"device\":48,\"inode\":8}}\n",
            "verify": {
              "status": "PASS"
            }
          }
        },
        {
          "artifact": "/mnt/lima-afsadata/afs-delivery/owner-remote-write-6d-bhome-20261007-r1/results/write-r2/samples/round-04-moose.json",
          "content_verify": {
            "bytes": 67108864,
            "expected_sha256": "fae972222d455a2eaee1661ad9625502ec3bfc5ec38b87a6eec5afd5107331b5",
            "path": "/mnt/lima-afsadata/afs-delivery/owner-remote-write-6d-bhome-20261007-r1/mount/moose/small-write-r1/moose-write-r04-payload64m.bin",
            "sha256": "fae972222d455a2eaee1661ad9625502ec3bfc5ec38b87a6eec5afd5107331b5",
            "status": "PASS",
            "tail_empty": true
          },
          "dir_fsync": true,
          "measured": true,
          "path": "/mnt/lima-afsadata/afs-delivery/owner-remote-write-6d-bhome-20261007-r1/mount/moose/small-write-r1/moose-write-r04-payload64m.bin",
          "round": 4,
          "status": "PASS",
          "target": "moose",
          "write": {
            "argv": [
              "/mnt/lima-afsadata/afs-delivery/owner-remote-write-6d-bhome-20261007-r1/tools/io",
              "/mnt/lima-afsadata/afs-delivery/owner-remote-write-6d-bhome-20261007-r1/mount/moose/small-write-r1/moose-write-r04-payload64m.bin",
              "seq-write",
              "67108864",
              "1048576",
              "1",
              "fdatasync",
              "67108864",
              "97",
              "create",
              "unobserved"
            ],
            "elapsed_ns": 397792526,
            "rc": 0,
            "result": {
              "barrier": "fdatasync",
              "barrier_ns": 101518569,
              "block_bytes": 1048576,
              "cache_prepare_attempts": 0,
              "cache_requested": "unobserved",
              "client_cpu_ns": 7829121,
              "concurrency": 1,
              "content_ok": true,
              "file_bytes": 67108864,
              "file_object": {
                "device": 52,
                "inode": 7
              },
              "io_bytes": 67108864,
              "operation": "seq-write",
              "operations": 64,
              "p50_ns": 338917,
              "p95_ns": 519042,
              "p99_ns": 1522542,
              "pattern_byte": 97,
              "residency_observed": false,
              "resident_after_bytes": 0,
              "resident_before_bytes": 0,
              "seed": 257,
              "wall_ns": 131127245
            },
            "status": "PASS",
            "stderr": "",
            "stdout": "{\"operation\":\"seq-write\",\"file_bytes\":67108864,\"io_bytes\":67108864,\"block_bytes\":1048576,\"concurrency\":1,\"barrier\":\"fdatasync\",\"pattern_byte\":97,\"seed\":257,\"operations\":64,\"wall_ns\":131127245,\"client_cpu_ns\":7829121,\"barrier_ns\":101518569,\"p50_ns\":338917,\"p95_ns\":519042,\"p99_ns\":1522542,\"residency_observed\":false,\"resident_before_bytes\":0,\"resident_after_bytes\":0,\"content_ok\":true,\"cache_requested\":\"unobserved\",\"cache_prepare_attempts\":0,\"file_object\":{\"device\":52,\"inode\":7}}\n",
            "verify": {
              "status": "PASS"
            }
          }
        }
      ]
    },
    {
      "measured": true,
      "order": [
        "moose",
        "owner"
      ],
      "round": 5,
      "samples": [
        {
          "artifact": "/mnt/lima-afsadata/afs-delivery/owner-remote-write-6d-bhome-20261007-r1/results/write-r2/samples/round-05-moose.json",
          "content_verify": {
            "bytes": 67108864,
            "expected_sha256": "fae972222d455a2eaee1661ad9625502ec3bfc5ec38b87a6eec5afd5107331b5",
            "path": "/mnt/lima-afsadata/afs-delivery/owner-remote-write-6d-bhome-20261007-r1/mount/moose/small-write-r1/moose-write-r05-payload64m.bin",
            "sha256": "fae972222d455a2eaee1661ad9625502ec3bfc5ec38b87a6eec5afd5107331b5",
            "status": "PASS",
            "tail_empty": true
          },
          "dir_fsync": true,
          "measured": true,
          "path": "/mnt/lima-afsadata/afs-delivery/owner-remote-write-6d-bhome-20261007-r1/mount/moose/small-write-r1/moose-write-r05-payload64m.bin",
          "round": 5,
          "status": "PASS",
          "target": "moose",
          "write": {
            "argv": [
              "/mnt/lima-afsadata/afs-delivery/owner-remote-write-6d-bhome-20261007-r1/tools/io",
              "/mnt/lima-afsadata/afs-delivery/owner-remote-write-6d-bhome-20261007-r1/mount/moose/small-write-r1/moose-write-r05-payload64m.bin",
              "seq-write",
              "67108864",
              "1048576",
              "1",
              "fdatasync",
              "67108864",
              "97",
              "create",
              "unobserved"
            ],
            "elapsed_ns": 264954738,
            "rc": 0,
            "result": {
              "barrier": "fdatasync",
              "barrier_ns": 50184264,
              "block_bytes": 1048576,
              "cache_prepare_attempts": 0,
              "cache_requested": "unobserved",
              "client_cpu_ns": 63359247,
              "concurrency": 1,
              "content_ok": true,
              "file_bytes": 67108864,
              "file_object": {
                "device": 52,
                "inode": 8
              },
              "io_bytes": 67108864,
              "operation": "seq-write",
              "operations": 64,
              "p50_ns": 446708,
              "p95_ns": 4476543,
              "p99_ns": 5490293,
              "pattern_byte": 97,
              "residency_observed": false,
              "resident_after_bytes": 0,
              "resident_before_bytes": 0,
              "seed": 257,
              "wall_ns": 133226328
            },
            "status": "PASS",
            "stderr": "",
            "stdout": "{\"operation\":\"seq-write\",\"file_bytes\":67108864,\"io_bytes\":67108864,\"block_bytes\":1048576,\"concurrency\":1,\"barrier\":\"fdatasync\",\"pattern_byte\":97,\"seed\":257,\"operations\":64,\"wall_ns\":133226328,\"client_cpu_ns\":63359247,\"barrier_ns\":50184264,\"p50_ns\":446708,\"p95_ns\":4476543,\"p99_ns\":5490293,\"residency_observed\":false,\"resident_before_bytes\":0,\"resident_after_bytes\":0,\"content_ok\":true,\"cache_requested\":\"unobserved\",\"cache_prepare_attempts\":0,\"file_object\":{\"device\":52,\"inode\":8}}\n",
            "verify": {
              "status": "PASS"
            }
          }
        },
        {
          "artifact": "/mnt/lima-afsadata/afs-delivery/owner-remote-write-6d-bhome-20261007-r1/results/write-r2/samples/round-05-owner.json",
          "content_verify": {
            "bytes": 67108864,
            "expected_sha256": "fae972222d455a2eaee1661ad9625502ec3bfc5ec38b87a6eec5afd5107331b5",
            "path": "/mnt/lima-afsadata/afs-delivery/owner-remote-write-6d-bhome-20261007-r1/mount/ownerfs/g2-remote-write-6d-bhome-r1/small-write-r1/owner-write-r05-payload64m.bin",
            "sha256": "fae972222d455a2eaee1661ad9625502ec3bfc5ec38b87a6eec5afd5107331b5",
            "status": "PASS",
            "tail_empty": true
          },
          "dir_fsync": true,
          "measured": true,
          "path": "/mnt/lima-afsadata/afs-delivery/owner-remote-write-6d-bhome-20261007-r1/mount/ownerfs/g2-remote-write-6d-bhome-r1/small-write-r1/owner-write-r05-payload64m.bin",
          "round": 5,
          "status": "PASS",
          "target": "owner",
          "write": {
            "argv": [
              "/mnt/lima-afsadata/afs-delivery/owner-remote-write-6d-bhome-20261007-r1/tools/io",
              "/mnt/lima-afsadata/afs-delivery/owner-remote-write-6d-bhome-20261007-r1/mount/ownerfs/g2-remote-write-6d-bhome-r1/small-write-r1/owner-write-r05-payload64m.bin",
              "seq-write",
              "67108864",
              "1048576",
              "1",
              "fdatasync",
              "67108864",
              "97",
              "create",
              "unobserved"
            ],
            "elapsed_ns": 413106986,
            "rc": 0,
            "result": {
              "barrier": "fdatasync",
              "barrier_ns": 21554923,
              "block_bytes": 1048576,
              "cache_prepare_attempts": 0,
              "cache_requested": "unobserved",
              "client_cpu_ns": 1139670,
              "concurrency": 1,
              "content_ok": true,
              "file_bytes": 67108864,
              "file_object": {
                "device": 48,
                "inode": 9
              },
              "io_bytes": 67108864,
              "operation": "seq-write",
              "operations": 64,
              "p50_ns": 3434084,
              "p95_ns": 6046418,
              "p99_ns": 8370794,
              "pattern_byte": 97,
              "residency_observed": false,
              "resident_after_bytes": 0,
              "resident_before_bytes": 0,
              "seed": 257,
              "wall_ns": 252028985
            },
            "status": "PASS",
            "stderr": "",
            "stdout": "{\"operation\":\"seq-write\",\"file_bytes\":67108864,\"io_bytes\":67108864,\"block_bytes\":1048576,\"concurrency\":1,\"barrier\":\"fdatasync\",\"pattern_byte\":97,\"seed\":257,\"operations\":64,\"wall_ns\":252028985,\"client_cpu_ns\":1139670,\"barrier_ns\":21554923,\"p50_ns\":3434084,\"p95_ns\":6046418,\"p99_ns\":8370794,\"residency_observed\":false,\"resident_before_bytes\":0,\"resident_after_bytes\":0,\"content_ok\":true,\"cache_requested\":\"unobserved\",\"cache_prepare_attempts\":0,\"file_object\":{\"device\":48,\"inode\":9}}\n",
            "verify": {
              "status": "PASS"
            }
          }
        }
      ]
    }
  ],
  "scope": "small OwnerFs remote write vs MooseFS write diagnostic; not parity or durability qualification",
  "shape": {
    "block_bytes": 1048576,
    "bytes": 67108864,
    "concurrency": 1,
    "measurements": 5,
    "pattern_byte": 97,
    "warmups": 1
  },
  "source6d": "6d51aeb",
  "status": "DATA_RECORDED"
}
