{"msg":"Mounting /opt/afs-workspace-bind-data-current-7e6-20261007-r1/mount/ownerfs","level":"INFO","ts":"2026-10-07T11:28:03.512612907Z","instance":"node-a","service_name":"afs-node"}
{"msg":"node.ready","level":"INFO","ts":"2026-10-07T11:28:03.516773139Z","instance":"node-a","service_name":"afs-node","dfs":false,"ownerfs":true,"uds":"/opt/afs-workspace-bind-data-current-7e6-20261007-r1/run/node.sock","rest":"127.0.0.1:22501","grpc":"127.0.0.1:22500"}
{"msg":"FUSE request failed","level":"ERRO","ts":"2026-10-07T11:28:03.639804629Z","instance":"node-a","service_name":"afs-node","message":"OwnerFs root is not registered in Meta","kind":"NotFound","code":34078721}
{"msg":"FUSE operation parse failed for request RequestId(32): Unknown FUSE opcode (52)","level":"WARN","ts":"2026-10-07T11:28:03.706226345Z","instance":"node-a","service_name":"afs-node"}
{"msg":"FUSE request failed","level":"ERRO","ts":"2026-10-07T11:28:03.77541498Z","instance":"node-a","service_name":"afs-node","message":"No such file or directory (os error 2)","kind":"NotFound","code":67305473}
{"msg":"fuse.create","level":"INFO","ts":"2026-10-07T11:28:03.77542023Z","instance":"node-a","service_name":"afs-node","name":"io-off-experiment-0","parent":2}
{"msg":"FUSE request failed","level":"ERRO","ts":"2026-10-07T11:28:03.775833224Z","instance":"node-a","service_name":"afs-node","message":"OwnerFs currently supports only user.* xattrs","kind":"FailedPrecondition","code":67305489}
{"msg":"FUSE request failed","level":"ERRO","ts":"2026-10-07T11:28:04.853689027Z","instance":"node-a","service_name":"afs-node","message":"No such file or directory (os error 2)","kind":"NotFound","code":67305473}
{"msg":"FUSE request failed","level":"ERRO","ts":"2026-10-07T11:28:05.145354238Z","instance":"node-a","service_name":"afs-node","message":"No such file or directory (os error 2)","kind":"NotFound","code":67305473}
{"msg":"fuse.create","level":"INFO","ts":"2026-10-07T11:28:05.145379821Z","instance":"node-a","service_name":"afs-node","name":"io-off-experiment-1","parent":2}
{"msg":"FUSE request failed","level":"ERRO","ts":"2026-10-07T11:28:05.146237809Z","instance":"node-a","service_name":"afs-node","message":"OwnerFs currently supports only user.* xattrs","kind":"FailedPrecondition","code":67305489}
{"msg":"FUSE request failed","level":"ERRO","ts":"2026-10-07T11:28:05.303683938Z","instance":"node-a","service_name":"afs-node","message":"No such file or directory (os error 2)","kind":"NotFound","code":67305473}
{"msg":"FUSE request failed","level":"ERRO","ts":"2026-10-07T11:28:05.331364793Z","instance":"node-a","service_name":"afs-node","message":"No such file or directory (os error 2)","kind":"NotFound","code":67305473}
{"msg":"fuse.create","level":"INFO","ts":"2026-10-07T11:28:05.331376543Z","instance":"node-a","service_name":"afs-node","name":"io-off-experiment-2","parent":2}
{"msg":"FUSE request failed","level":"ERRO","ts":"2026-10-07T11:28:05.331811579Z","instance":"node-a","service_name":"afs-node","message":"OwnerFs currently supports only user.* xattrs","kind":"FailedPrecondition","code":67305489}
{"msg":"FUSE request failed","level":"ERRO","ts":"2026-10-07T11:28:05.439568542Z","instance":"node-a","service_name":"afs-node","message":"No such file or directory (os error 2)","kind":"NotFound","code":67305473}
{"msg":"FUSE request failed","level":"ERRO","ts":"2026-10-07T11:28:05.679211999Z","instance":"node-a","service_name":"afs-node","message":"No such file or directory (os error 2)","kind":"NotFound","code":67305473}
{"msg":"fuse.create","level":"INFO","ts":"2026-10-07T11:28:05.679237373Z","instance":"node-a","service_name":"afs-node","name":"io-off-experiment-3","parent":2}
{"msg":"FUSE request failed","level":"ERRO","ts":"2026-10-07T11:28:05.679637076Z","instance":"node-a","service_name":"afs-node","message":"OwnerFs currently supports only user.* xattrs","kind":"FailedPrecondition","code":67305489}
{"msg":"FUSE request failed","level":"ERRO","ts":"2026-10-07T11:28:05.845213547Z","instance":"node-a","service_name":"afs-node","message":"No such file or directory (os error 2)","kind":"NotFound","code":67305473}
{"msg":"FUSE request failed","level":"ERRO","ts":"2026-10-07T11:28:05.874040136Z","instance":"node-a","service_name":"afs-node","message":"No such file or directory (os error 2)","kind":"NotFound","code":67305473}
{"msg":"fuse.create","level":"INFO","ts":"2026-10-07T11:28:05.874064803Z","instance":"node-a","service_name":"afs-node","name":"io-off-experiment-4","parent":2}
{"msg":"FUSE request failed","level":"ERRO","ts":"2026-10-07T11:28:05.87450588Z","instance":"node-a","service_name":"afs-node","message":"OwnerFs currently supports only user.* xattrs","kind":"FailedPrecondition","code":67305489}
{"msg":"FUSE request failed","level":"ERRO","ts":"2026-10-07T11:28:06.031813887Z","instance":"node-a","service_name":"afs-node","message":"No such file or directory (os error 2)","kind":"NotFound","code":67305473}
{"msg":"FUSE request failed","level":"ERRO","ts":"2026-10-07T11:28:06.267372074Z","instance":"node-a","service_name":"afs-node","message":"No such file or directory (os error 2)","kind":"NotFound","code":67305473}
{"msg":"fuse.create","level":"INFO","ts":"2026-10-07T11:28:06.267402157Z","instance":"node-a","service_name":"afs-node","name":"io-off-experiment-5","parent":2}
{"msg":"FUSE request failed","level":"ERRO","ts":"2026-10-07T11:28:06.267823942Z","instance":"node-a","service_name":"afs-node","message":"OwnerFs currently supports only user.* xattrs","kind":"FailedPrecondition","code":67305489}
{"msg":"FUSE request failed","level":"ERRO","ts":"2026-10-07T11:28:06.438793799Z","instance":"node-a","service_name":"afs-node","message":"No such file or directory (os error 2)","kind":"NotFound","code":67305473}
{"msg":"services.stopped","level":"INFO","ts":"2026-10-07T11:28:06.737338507Z","instance":"node-a","service_name":"afs-node"}
{"msg":"Mounting /opt/afs-workspace-bind-data-current-7e6-20261007-r1/mount/ownerfs","level":"INFO","ts":"2026-10-07T11:28:07.195504362Z","instance":"node-a","service_name":"afs-node"}
{"msg":"FUSE operation parse failed for request RequestId(4): Unknown FUSE opcode (52)","level":"WARN","ts":"2026-10-07T11:28:07.197377793Z","instance":"node-a","service_name":"afs-node"}
{"msg":"node.ready","level":"INFO","ts":"2026-10-07T11:28:07.197753371Z","instance":"node-a","service_name":"afs-node","dfs":false,"ownerfs":true,"uds":"/opt/afs-workspace-bind-data-current-7e6-20261007-r1/run/node.sock","rest":"127.0.0.1:22501","grpc":"127.0.0.1:22500"}
{"msg":"services.stopped","level":"INFO","ts":"2026-10-07T11:28:09.027621049Z","instance":"node-a","service_name":"afs-node"}
