Diff in /home/lzc.guest/afs-build/work/owner-metrics-v73-r1/src/node/rpc/peer.rs:3101:
                 let negotiated = self.runtime.block_on(self.negotiate_owner_rdma(grant));
                 match (self.data_mode, negotiated) {
                     (_, Ok(window)) => {
-                        let read = self.runtime.block_on(self.owner_read_with_rdma_window(
-                            window, grant, file, offset, out,
-                        ))?;
+                        let read = self.runtime.block_on(
+                            self.owner_read_with_rdma_window(window, grant, file, offset, out),
+                        )?;
                         if let Some(metrics) = &self.metrics {
                             metrics.record_payload("client", "read", "rdma", read as u64);
                         }
Diff in /home/lzc.guest/afs-build/work/owner-metrics-v73-r1/src/node/rpc/peer.rs:3145:
                 ));
             }
             if !reply.data_checksum.is_empty()
-                && blake3::hash(&reply.data).as_bytes().as_slice()
-                    != reply.data_checksum.as_slice()
+                && blake3::hash(&reply.data).as_bytes().as_slice() != reply.data_checksum.as_slice()
             {
                 return Err(PeerError::coded(
                     afs_error::NODE_TRANSFER_CORRUPT_DATA,
Diff in /home/lzc.guest/afs-build/work/owner-metrics-v73-r1/src/node/rpc/peer.rs:4186:
         remote::RemoteFiles,
         root::{RootGrant, RootId, RootRight},
     };
-    #[cfg(feature = "ownerfs")]
     use afs_protocol::node_data::{
-        OwnerReadReply, OwnerReadRequest, OwnerReleaseReply, OwnerWriteReply, OwnerWriteRequest,
-    };
-    use afs_protocol::node_data::{
         DataReadReply, DataWriteReply,
         node_data_server::{NodeData, NodeDataServer},
+    };
+    #[cfg(feature = "ownerfs")]
+    use afs_protocol::node_data::{
+        OwnerReadReply, OwnerReadRequest, OwnerReleaseReply, OwnerWriteReply, OwnerWriteRequest,
     };
     #[cfg(feature = "ownerfs")]
     use std::sync::atomic::{AtomicUsize as TestAtomicUsize, Ordering as TestOrdering};
Diff in /home/lzc.guest/afs-build/work/owner-metrics-v73-r1/tests/ownerfs_peer_contract.rs:1191:
         let runtime = tokio::runtime::Handle::current();
         move || -> afs_error::Result<()> {
             let setup = owner_files_client_from_channel(channel.clone());
-            let auto = afs::node::rpc::peer::owner_files_client_from_channel_with_runtime_and_metrics(
-                channel,
-                runtime,
-                Some(metrics),
-            )
-            .with_data_transport(ClientDataMode::Auto, None, Duration::from_millis(250));
+            let auto =
+                afs::node::rpc::peer::owner_files_client_from_channel_with_runtime_and_metrics(
+                    channel,
+                    runtime,
+                    Some(metrics),
+                )
+                .with_data_transport(
+                    ClientDataMode::Auto,
+                    None,
+                    Duration::from_millis(250),
+                );
             let root_parent = setup.lookup(&grant, OsStr::new(""), None)?.identity;
             let created = setup.create(
                 &ctx,
Diff in /home/lzc.guest/afs-build/work/owner-metrics-v73-r1/tests/ownerfs_peer_contract.rs:1251:
         let metrics = metrics.clone();
         let runtime = tokio::runtime::Handle::current();
         move || -> afs_error::Result<(usize, usize, Vec<u8>)> {
-            let client = afs::node::rpc::peer::owner_files_client_from_channel_with_runtime_and_metrics(
-                channel,
-                runtime,
-                Some(metrics),
-            )
-            .with_data_transport(ClientDataMode::Rdma, Some(device), Duration::from_secs(10));
+            let client =
+                afs::node::rpc::peer::owner_files_client_from_channel_with_runtime_and_metrics(
+                    channel,
+                    runtime,
+                    Some(metrics),
+                )
+                .with_data_transport(
+                    ClientDataMode::Rdma,
+                    Some(device),
+                    Duration::from_secs(10),
+                );
             let root_parent = client.lookup(&grant, OsStr::new(""), None)?.identity;
             let created = client.create(
                 &ctx,
