AFS_RDMA_GID index=1 address=::ffff:192.168.109.12 family=ipv4
{"msg":"Mounting /mnt/lima-afsadata/afs-delivery/round1-mainline-v77-archive-r1/mount/ownerfs","level":"INFO","ts":"2026-10-01T10:26:32.318749906Z","instance":"round1-a","service_name":"afs-node"}
{"msg":"Mounting /mnt/lima-afsadata/afs-delivery/round1-mainline-v77-archive-r1/mount/dfs","level":"INFO","ts":"2026-10-01T10:26:32.327095566Z","instance":"round1-a","service_name":"afs-node"}
{"msg":"node.ready","level":"INFO","ts":"2026-10-01T10:26:32.327114774Z","instance":"round1-a","service_name":"afs-node","dfs":true,"ownerfs":true,"uds":"/mnt/lima-afsadata/afs-delivery/round1-mainline-v77-archive-r1/run/node.sock","rest":"192.168.109.12:19983","grpc":"0.0.0.0:19982"}
{"msg":"FUSE request failed","level":"ERRO","ts":"2026-10-01T10:26:32.388296046Z","instance":"round1-a","service_name":"afs-node","message":"OwnerFs root is not registered in Meta","kind":"NotFound","code":34078721}
{"msg":"FUSE request failed","level":"ERRO","ts":"2026-10-01T10:26:43.53777058Z","instance":"round1-a","service_name":"afs-node","message":"OwnerFs root is not registered in Meta","kind":"NotFound","code":34078721}
{"msg":"FUSE request failed","level":"ERRO","ts":"2026-10-01T10:26:43.597805948Z","instance":"round1-a","service_name":"afs-node","message":"No such file or directory (os error 2)","kind":"NotFound","code":67305473}
{"msg":"fuse.create","level":"INFO","ts":"2026-10-01T10:26:43.597894489Z","instance":"round1-a","service_name":"afs-node","name":"data.bin","parent":2}
{"msg":"FUSE request failed","level":"ERRO","ts":"2026-10-01T10:26:43.598291487Z","instance":"round1-a","service_name":"afs-node","message":"OwnerFs currently supports only user.* xattrs","kind":"FailedPrecondition","code":67305489}
{"msg":"[Not Implemented] ioctl(ino: 0x3, fh: 2, flags: 0, cmd: 21505, in_data.len(): 0, out_size: 0)","level":"WARN","ts":"2026-10-01T10:26:43.608360763Z","instance":"round1-a","service_name":"afs-node"}
{"msg":"FUSE request failed","level":"ERRO","ts":"2026-10-01T10:26:43.646886461Z","instance":"round1-a","service_name":"afs-node","message":"DFS dentry not found","kind":"NotFound","code":34078721}
{"msg":"fuse.create","level":"INFO","ts":"2026-10-01T10:26:43.646913627Z","instance":"round1-a","service_name":"afs-node","name":"data.bin","parent":1}
{"msg":"FUSE request failed","level":"ERRO","ts":"2026-10-01T10:26:43.655326621Z","instance":"round1-a","service_name":"afs-node","message":"DFS currently supports only user.* xattrs","kind":"FailedPrecondition","code":67305489}
{"msg":"[Not Implemented] ioctl(ino: 0x2, fh: 2, flags: 0, cmd: 21505, in_data.len(): 0, out_size: 0)","level":"WARN","ts":"2026-10-01T10:26:43.702840185Z","instance":"round1-a","service_name":"afs-node"}
AFS_RDMA_GID index=1 address=::ffff:192.168.109.12 family=ipv4
AFS_RDMA_PROBE receive_complete
AFS_RDMA_COMPLETE op=WRITE bytes=1046576
AFS_RDMA_GID index=1 address=::ffff:192.168.109.12 family=ipv4
AFS_RDMA_PROBE receive_complete
AFS_RDMA_COMPLETE op=WRITE bytes=1048576
AFS_RDMA_GID index=1 address=::ffff:192.168.109.12 family=ipv4
AFS_RDMA_PROBE receive_complete
AFS_RDMA_COMPLETE op=WRITE bytes=1048576
AFS_RDMA_GID index=1 address=::ffff:192.168.109.12 family=ipv4
AFS_RDMA_PROBE receive_complete
AFS_RDMA_COMPLETE op=WRITE bytes=1048576
AFS_RDMA_GID index=1 address=::ffff:192.168.109.12 family=ipv4
AFS_RDMA_PROBE receive_complete
AFS_RDMA_COMPLETE op=WRITE bytes=2000
AFS_RDMA_GID index=1 address=::ffff:192.168.109.12 family=ipv4
AFS_RDMA_PROBE receive_complete
AFS_RDMA_COMPLETE op=WRITE bytes=17
AFS_RDMA_GID index=1 address=::ffff:192.168.109.12 family=ipv4
AFS_RDMA_PROBE receive_complete
AFS_RDMA_GID index=1 address=::ffff:192.168.109.12 family=ipv4
AFS_RDMA_PROBE receive_complete
AFS_RDMA_GID index=1 address=::ffff:192.168.109.12 family=ipv4
AFS_RDMA_PROBE receive_complete
AFS_RDMA_COMPLETE op=WRITE bytes=1046512
AFS_RDMA_GID index=1 address=::ffff:192.168.109.12 family=ipv4
AFS_RDMA_PROBE receive_complete
AFS_RDMA_COMPLETE op=WRITE bytes=1048576
AFS_RDMA_GID index=1 address=::ffff:192.168.109.12 family=ipv4
AFS_RDMA_PROBE receive_complete
AFS_RDMA_COMPLETE op=WRITE bytes=1048576
AFS_RDMA_GID index=1 address=::ffff:192.168.109.12 family=ipv4
AFS_RDMA_PROBE receive_complete
AFS_RDMA_COMPLETE op=WRITE bytes=1048576
AFS_RDMA_GID index=1 address=::ffff:192.168.109.12 family=ipv4
AFS_RDMA_PROBE receive_complete
AFS_RDMA_COMPLETE op=WRITE bytes=2081
AFS_RDMA_GID index=1 address=::ffff:192.168.109.12 family=ipv4
AFS_RDMA_PROBE receive_complete
AFS_RDMA_GID index=1 address=::ffff:192.168.109.12 family=ipv4
AFS_RDMA_PROBE receive_complete
AFS_RDMA_COMPLETE op=WRITE bytes=131072
AFS_RDMA_COMPLETE op=WRITE bytes=131072
AFS_RDMA_COMPLETE op=WRITE bytes=131072
AFS_RDMA_COMPLETE op=WRITE bytes=131072
AFS_RDMA_COMPLETE op=WRITE bytes=131072
AFS_RDMA_COMPLETE op=WRITE bytes=131072
AFS_RDMA_COMPLETE op=WRITE bytes=131072
AFS_RDMA_COMPLETE op=WRITE bytes=131072
AFS_RDMA_COMPLETE op=WRITE bytes=131072
AFS_RDMA_COMPLETE op=WRITE bytes=131072
AFS_RDMA_COMPLETE op=WRITE bytes=131072
AFS_RDMA_COMPLETE op=WRITE bytes=131072
AFS_RDMA_COMPLETE op=WRITE bytes=131072
AFS_RDMA_COMPLETE op=WRITE bytes=131072
AFS_RDMA_COMPLETE op=WRITE bytes=131072
AFS_RDMA_GID index=1 address=::ffff:192.168.109.12 family=ipv4
AFS_RDMA_PROBE receive_complete
AFS_RDMA_COMPLETE op=WRITE bytes=1048304
AFS_RDMA_GID index=1 address=::ffff:192.168.109.12 family=ipv4
AFS_RDMA_PROBE receive_complete
AFS_RDMA_COMPLETE op=WRITE bytes=1048576
AFS_RDMA_GID index=1 address=::ffff:192.168.109.12 family=ipv4
AFS_RDMA_PROBE receive_complete
AFS_RDMA_COMPLETE op=WRITE bytes=1048576
AFS_RDMA_COMPLETE op=WRITE bytes=131072
AFS_RDMA_GID index=1 address=::ffff:192.168.109.12 family=ipv4
AFS_RDMA_PROBE receive_complete
AFS_RDMA_COMPLETE op=WRITE bytes=1048576
AFS_RDMA_GID index=1 address=::ffff:192.168.109.12 family=ipv4
AFS_RDMA_PROBE receive_complete
AFS_RDMA_COMPLETE op=WRITE bytes=272
AFS_RDMA_GID index=1 address=::ffff:192.168.109.12 family=ipv4
AFS_RDMA_PROBE receive_complete
AFS_RDMA_COMPLETE op=WRITE bytes=17
AFS_RDMA_GID index=1 address=::ffff:192.168.109.12 family=ipv4
AFS_RDMA_PROBE receive_complete
AFS_RDMA_GID index=1 address=::ffff:192.168.109.12 family=ipv4
AFS_RDMA_PROBE receive_complete
AFS_RDMA_GID index=1 address=::ffff:192.168.109.12 family=ipv4
AFS_RDMA_PROBE receive_complete
AFS_RDMA_COMPLETE op=WRITE bytes=1048240
AFS_RDMA_COMPLETE op=WRITE bytes=131072
AFS_RDMA_GID index=1 address=::ffff:192.168.109.12 family=ipv4
AFS_RDMA_PROBE receive_complete
AFS_RDMA_COMPLETE op=WRITE bytes=1048576
AFS_RDMA_GID index=1 address=::ffff:192.168.109.12 family=ipv4
AFS_RDMA_PROBE receive_complete
AFS_RDMA_COMPLETE op=WRITE bytes=1048576
AFS_RDMA_GID index=1 address=::ffff:192.168.109.12 family=ipv4
AFS_RDMA_PROBE receive_complete
AFS_RDMA_COMPLETE op=WRITE bytes=1048576
AFS_RDMA_COMPLETE op=WRITE bytes=131072
AFS_RDMA_GID index=1 address=::ffff:192.168.109.12 family=ipv4
AFS_RDMA_PROBE receive_complete
AFS_RDMA_COMPLETE op=WRITE bytes=353
AFS_RDMA_GID index=1 address=::ffff:192.168.109.12 family=ipv4
AFS_RDMA_PROBE receive_complete
AFS_RDMA_COMPLETE op=WRITE bytes=131072
AFS_RDMA_GID index=1 address=::ffff:192.168.109.12 family=ipv4
AFS_RDMA_PROBE receive_complete
AFS_RDMA_COMPLETE op=WRITE bytes=131072
AFS_RDMA_COMPLETE op=WRITE bytes=131072
AFS_RDMA_COMPLETE op=WRITE bytes=131072
AFS_RDMA_COMPLETE op=WRITE bytes=131072
AFS_RDMA_COMPLETE op=WRITE bytes=131072
AFS_RDMA_COMPLETE op=WRITE bytes=131072
AFS_RDMA_COMPLETE op=WRITE bytes=131072
AFS_RDMA_COMPLETE op=WRITE bytes=131072
AFS_RDMA_COMPLETE op=WRITE bytes=131072
AFS_RDMA_COMPLETE op=WRITE bytes=131072
AFS_RDMA_COMPLETE op=WRITE bytes=131072
AFS_RDMA_COMPLETE op=WRITE bytes=131072
AFS_RDMA_COMPLETE op=WRITE bytes=131072
AFS_RDMA_COMPLETE op=WRITE bytes=131072
AFS_RDMA_COMPLETE op=WRITE bytes=131072
AFS_RDMA_COMPLETE op=WRITE bytes=131072
AFS_RDMA_COMPLETE op=WRITE bytes=131072
AFS_RDMA_COMPLETE op=WRITE bytes=131072
AFS_RDMA_COMPLETE op=WRITE bytes=131072
AFS_RDMA_COMPLETE op=WRITE bytes=131072
AFS_RDMA_COMPLETE op=WRITE bytes=131072
AFS_RDMA_COMPLETE op=WRITE bytes=131072
AFS_RDMA_COMPLETE op=WRITE bytes=131072
AFS_RDMA_COMPLETE op=WRITE bytes=131072
AFS_RDMA_COMPLETE op=WRITE bytes=131072
AFS_RDMA_COMPLETE op=WRITE bytes=17
AFS_RDMA_COMPLETE op=WRITE bytes=131072
AFS_RDMA_COMPLETE op=WRITE bytes=131072
AFS_RDMA_COMPLETE op=WRITE bytes=131072
AFS_RDMA_COMPLETE op=WRITE bytes=131072
AFS_RDMA_COMPLETE op=WRITE bytes=131072
AFS_RDMA_COMPLETE op=WRITE bytes=131072
AFS_RDMA_COMPLETE op=WRITE bytes=131072
AFS_RDMA_COMPLETE op=WRITE bytes=131072
AFS_RDMA_COMPLETE op=WRITE bytes=131072
AFS_RDMA_COMPLETE op=WRITE bytes=131072
AFS_RDMA_COMPLETE op=WRITE bytes=131072
AFS_RDMA_COMPLETE op=WRITE bytes=131072
AFS_RDMA_COMPLETE op=WRITE bytes=131072
AFS_RDMA_COMPLETE op=WRITE bytes=131072
AFS_RDMA_COMPLETE op=WRITE bytes=131072
AFS_RDMA_COMPLETE op=WRITE bytes=131072
AFS_RDMA_COMPLETE op=WRITE bytes=131072
AFS_RDMA_COMPLETE op=WRITE bytes=131072
AFS_RDMA_COMPLETE op=WRITE bytes=131072
AFS_RDMA_COMPLETE op=WRITE bytes=131072
AFS_RDMA_COMPLETE op=WRITE bytes=131072
AFS_RDMA_COMPLETE op=WRITE bytes=131072
AFS_RDMA_COMPLETE op=WRITE bytes=131072
AFS_RDMA_COMPLETE op=WRITE bytes=131072
AFS_RDMA_COMPLETE op=WRITE bytes=131072
AFS_RDMA_COMPLETE op=WRITE bytes=131072
AFS_RDMA_COMPLETE op=WRITE bytes=131072
AFS_RDMA_COMPLETE op=WRITE bytes=131072
AFS_RDMA_COMPLETE op=WRITE bytes=131072
AFS_RDMA_COMPLETE op=WRITE bytes=131072
AFS_RDMA_COMPLETE op=WRITE bytes=131072
AFS_RDMA_COMPLETE op=WRITE bytes=131072
AFS_RDMA_COMPLETE op=WRITE bytes=131072
AFS_RDMA_COMPLETE op=WRITE bytes=131072
AFS_RDMA_COMPLETE op=WRITE bytes=131072
AFS_RDMA_COMPLETE op=WRITE bytes=131072
AFS_RDMA_COMPLETE op=WRITE bytes=131072
AFS_RDMA_COMPLETE op=WRITE bytes=131072
AFS_RDMA_COMPLETE op=WRITE bytes=131072
AFS_RDMA_COMPLETE op=WRITE bytes=17
AFS_RDMA_COMPLETE op=WRITE bytes=131072
AFS_RDMA_COMPLETE op=WRITE bytes=131072
AFS_RDMA_COMPLETE op=WRITE bytes=131072
AFS_RDMA_COMPLETE op=WRITE bytes=131072
AFS_RDMA_COMPLETE op=WRITE bytes=131072
AFS_RDMA_COMPLETE op=WRITE bytes=131072
AFS_RDMA_COMPLETE op=WRITE bytes=131072
AFS_RDMA_COMPLETE op=WRITE bytes=131072
AFS_RDMA_COMPLETE op=WRITE bytes=131072
AFS_RDMA_COMPLETE op=WRITE bytes=131072
AFS_RDMA_COMPLETE op=WRITE bytes=131072
AFS_RDMA_COMPLETE op=WRITE bytes=131072
AFS_RDMA_COMPLETE op=WRITE bytes=131072
AFS_RDMA_COMPLETE op=WRITE bytes=131072
AFS_RDMA_COMPLETE op=WRITE bytes=131072
AFS_RDMA_COMPLETE op=WRITE bytes=131072
AFS_RDMA_COMPLETE op=WRITE bytes=131072
AFS_RDMA_COMPLETE op=WRITE bytes=131072
AFS_RDMA_COMPLETE op=WRITE bytes=131072
AFS_RDMA_COMPLETE op=WRITE bytes=131072
AFS_RDMA_COMPLETE op=WRITE bytes=131072
AFS_RDMA_COMPLETE op=WRITE bytes=131072
AFS_RDMA_COMPLETE op=WRITE bytes=131072
AFS_RDMA_COMPLETE op=WRITE bytes=131072
AFS_RDMA_COMPLETE op=WRITE bytes=17
AFS_RDMA_COMPLETE op=WRITE bytes=131072
AFS_RDMA_COMPLETE op=WRITE bytes=131072
AFS_RDMA_COMPLETE op=WRITE bytes=131072
AFS_RDMA_COMPLETE op=WRITE bytes=131072
AFS_RDMA_COMPLETE op=WRITE bytes=131072
AFS_RDMA_COMPLETE op=WRITE bytes=131072
AFS_RDMA_COMPLETE op=WRITE bytes=131072
AFS_RDMA_COMPLETE op=WRITE bytes=131072
AFS_RDMA_COMPLETE op=WRITE bytes=131072
AFS_RDMA_COMPLETE op=WRITE bytes=131072
AFS_RDMA_COMPLETE op=WRITE bytes=131072
AFS_RDMA_COMPLETE op=WRITE bytes=131072
AFS_RDMA_COMPLETE op=WRITE bytes=131072
AFS_RDMA_COMPLETE op=WRITE bytes=131072
AFS_RDMA_COMPLETE op=WRITE bytes=131072
AFS_RDMA_COMPLETE op=WRITE bytes=131072
AFS_RDMA_COMPLETE op=WRITE bytes=131072
AFS_RDMA_COMPLETE op=WRITE bytes=131072
AFS_RDMA_COMPLETE op=WRITE bytes=131072
AFS_RDMA_COMPLETE op=WRITE bytes=131072
AFS_RDMA_COMPLETE op=WRITE bytes=131072
AFS_RDMA_COMPLETE op=WRITE bytes=17
AFS_RDMA_GID index=1 address=::ffff:192.168.109.12 family=ipv4
AFS_RDMA_PROBE receive_complete
AFS_RDMA_COMPLETE op=READ bytes=1046912
AFS_RDMA_GID index=1 address=::ffff:192.168.109.12 family=ipv4
AFS_RDMA_PROBE receive_complete
AFS_RDMA_COMPLETE op=READ bytes=1664
AFS_RDMA_GID index=1 address=::ffff:192.168.109.12 family=ipv4
AFS_RDMA_PROBE receive_complete
AFS_RDMA_COMPLETE op=READ bytes=1046912
AFS_RDMA_GID index=1 address=::ffff:192.168.109.12 family=ipv4
AFS_RDMA_PROBE receive_complete
AFS_RDMA_COMPLETE op=READ bytes=1664
AFS_RDMA_GID index=1 address=::ffff:192.168.109.12 family=ipv4
AFS_RDMA_PROBE receive_complete
AFS_RDMA_COMPLETE op=READ bytes=1046912
AFS_RDMA_GID index=1 address=::ffff:192.168.109.12 family=ipv4
AFS_RDMA_PROBE receive_complete
AFS_RDMA_COMPLETE op=READ bytes=1664
AFS_RDMA_GID index=1 address=::ffff:192.168.109.12 family=ipv4
AFS_RDMA_PROBE receive_complete
AFS_RDMA_COMPLETE op=READ bytes=1046912
AFS_RDMA_GID index=1 address=::ffff:192.168.109.12 family=ipv4
AFS_RDMA_PROBE receive_complete
AFS_RDMA_COMPLETE op=READ bytes=1664
AFS_RDMA_GID index=1 address=::ffff:192.168.109.12 family=ipv4
AFS_RDMA_PROBE receive_complete
AFS_RDMA_COMPLETE op=READ bytes=17
AFS_RDMA_GID index=1 address=::ffff:192.168.109.12 family=ipv4
AFS_RDMA_PROBE receive_complete
AFS_RDMA_COMPLETE op=WRITE bytes=1046912
AFS_RDMA_GID index=1 address=::ffff:192.168.109.12 family=ipv4
AFS_RDMA_PROBE receive_complete
AFS_RDMA_COMPLETE op=WRITE bytes=1048576
AFS_RDMA_GID index=1 address=::ffff:192.168.109.12 family=ipv4
AFS_RDMA_PROBE receive_complete
AFS_RDMA_COMPLETE op=WRITE bytes=1048576
AFS_RDMA_GID index=1 address=::ffff:192.168.109.12 family=ipv4
AFS_RDMA_PROBE receive_complete
AFS_RDMA_COMPLETE op=WRITE bytes=1048576
AFS_RDMA_GID index=1 address=::ffff:192.168.109.12 family=ipv4
AFS_RDMA_PROBE receive_complete
AFS_RDMA_COMPLETE op=WRITE bytes=1681
AFS_RDMA_GID index=1 address=::ffff:192.168.109.12 family=ipv4
AFS_RDMA_PROBE receive_complete
AFS_RDMA_GID index=1 address=::ffff:192.168.109.12 family=ipv4
AFS_RDMA_PROBE receive_complete
AFS_RDMA_COMPLETE op=WRITE bytes=1046576
AFS_RDMA_GID index=1 address=::ffff:192.168.109.12 family=ipv4
AFS_RDMA_PROBE receive_complete
AFS_RDMA_COMPLETE op=WRITE bytes=1048576
AFS_RDMA_GID index=1 address=::ffff:192.168.109.12 family=ipv4
AFS_RDMA_PROBE receive_complete
AFS_RDMA_COMPLETE op=WRITE bytes=1048576
AFS_RDMA_GID index=1 address=::ffff:192.168.109.12 family=ipv4
AFS_RDMA_PROBE receive_complete
AFS_RDMA_COMPLETE op=WRITE bytes=1048576
AFS_RDMA_GID index=1 address=::ffff:192.168.109.12 family=ipv4
AFS_RDMA_PROBE receive_complete
AFS_RDMA_COMPLETE op=WRITE bytes=2000
AFS_RDMA_GID index=1 address=::ffff:192.168.109.12 family=ipv4
AFS_RDMA_PROBE receive_complete
AFS_RDMA_COMPLETE op=WRITE bytes=17
AFS_RDMA_GID index=1 address=::ffff:192.168.109.12 family=ipv4
AFS_RDMA_PROBE receive_complete
AFS_RDMA_GID index=1 address=::ffff:192.168.109.12 family=ipv4
AFS_RDMA_PROBE receive_complete
AFS_RDMA_GID index=1 address=::ffff:192.168.109.12 family=ipv4
AFS_RDMA_PROBE receive_complete
AFS_RDMA_COMPLETE op=WRITE bytes=1046512
AFS_RDMA_GID index=1 address=::ffff:192.168.109.12 family=ipv4
AFS_RDMA_PROBE receive_complete
AFS_RDMA_COMPLETE op=WRITE bytes=1048576
AFS_RDMA_GID index=1 address=::ffff:192.168.109.12 family=ipv4
AFS_RDMA_PROBE receive_complete
AFS_RDMA_COMPLETE op=WRITE bytes=1048576
AFS_RDMA_GID index=1 address=::ffff:192.168.109.12 family=ipv4
AFS_RDMA_PROBE receive_complete
AFS_RDMA_COMPLETE op=WRITE bytes=1048576
AFS_RDMA_GID index=1 address=::ffff:192.168.109.12 family=ipv4
AFS_RDMA_PROBE receive_complete
AFS_RDMA_COMPLETE op=WRITE bytes=2081
AFS_RDMA_GID index=1 address=::ffff:192.168.109.12 family=ipv4
AFS_RDMA_PROBE receive_complete
AFS_RDMA_GID index=1 address=::ffff:192.168.109.12 family=ipv4
AFS_RDMA_PROBE receive_complete
AFS_RDMA_COMPLETE op=WRITE bytes=131072
AFS_RDMA_COMPLETE op=WRITE bytes=131072
AFS_RDMA_COMPLETE op=WRITE bytes=131072
AFS_RDMA_COMPLETE op=WRITE bytes=131072
AFS_RDMA_COMPLETE op=WRITE bytes=131072
AFS_RDMA_COMPLETE op=WRITE bytes=131072
AFS_RDMA_COMPLETE op=WRITE bytes=131072
AFS_RDMA_COMPLETE op=WRITE bytes=131072
AFS_RDMA_COMPLETE op=WRITE bytes=131072
AFS_RDMA_COMPLETE op=WRITE bytes=131072
AFS_RDMA_COMPLETE op=WRITE bytes=131072
AFS_RDMA_COMPLETE op=WRITE bytes=131072
AFS_RDMA_COMPLETE op=WRITE bytes=131072
AFS_RDMA_COMPLETE op=WRITE bytes=131072
AFS_RDMA_COMPLETE op=WRITE bytes=131072
AFS_RDMA_COMPLETE op=WRITE bytes=131072
AFS_RDMA_COMPLETE op=WRITE bytes=131072
AFS_RDMA_COMPLETE op=WRITE bytes=131072
AFS_RDMA_COMPLETE op=WRITE bytes=131072
AFS_RDMA_COMPLETE op=WRITE bytes=131072
AFS_RDMA_COMPLETE op=WRITE bytes=131072
AFS_RDMA_COMPLETE op=WRITE bytes=131072
AFS_RDMA_COMPLETE op=WRITE bytes=131072
AFS_RDMA_COMPLETE op=WRITE bytes=131072
AFS_RDMA_COMPLETE op=WRITE bytes=131072
AFS_RDMA_COMPLETE op=WRITE bytes=131072
AFS_RDMA_COMPLETE op=WRITE bytes=131072
AFS_RDMA_COMPLETE op=WRITE bytes=131072
AFS_RDMA_COMPLETE op=WRITE bytes=131072
AFS_RDMA_COMPLETE op=WRITE bytes=131072
AFS_RDMA_COMPLETE op=WRITE bytes=131072
AFS_RDMA_COMPLETE op=WRITE bytes=131072
AFS_RDMA_COMPLETE op=WRITE bytes=17
AFS_RDMA_COMPLETE op=WRITE bytes=131072
AFS_RDMA_COMPLETE op=WRITE bytes=131072
AFS_RDMA_COMPLETE op=WRITE bytes=131072
AFS_RDMA_COMPLETE op=WRITE bytes=131072
AFS_RDMA_COMPLETE op=WRITE bytes=131072
AFS_RDMA_COMPLETE op=WRITE bytes=131072
AFS_RDMA_COMPLETE op=WRITE bytes=131072
AFS_RDMA_COMPLETE op=WRITE bytes=131072
AFS_RDMA_COMPLETE op=WRITE bytes=131072
AFS_RDMA_COMPLETE op=WRITE bytes=131072
AFS_RDMA_COMPLETE op=WRITE bytes=131072
AFS_RDMA_COMPLETE op=WRITE bytes=131072
AFS_RDMA_COMPLETE op=WRITE bytes=131072
AFS_RDMA_COMPLETE op=WRITE bytes=131072
AFS_RDMA_COMPLETE op=WRITE bytes=131072
AFS_RDMA_COMPLETE op=WRITE bytes=131072
AFS_RDMA_COMPLETE op=WRITE bytes=131072
AFS_RDMA_COMPLETE op=WRITE bytes=131072
AFS_RDMA_COMPLETE op=WRITE bytes=131072
AFS_RDMA_COMPLETE op=WRITE bytes=131072
AFS_RDMA_COMPLETE op=WRITE bytes=131072
AFS_RDMA_COMPLETE op=WRITE bytes=131072
AFS_RDMA_COMPLETE op=WRITE bytes=131072
AFS_RDMA_COMPLETE op=WRITE bytes=131072
AFS_RDMA_COMPLETE op=WRITE bytes=131072
AFS_RDMA_COMPLETE op=WRITE bytes=131072
AFS_RDMA_COMPLETE op=WRITE bytes=131072
AFS_RDMA_COMPLETE op=WRITE bytes=131072
AFS_RDMA_COMPLETE op=WRITE bytes=131072
AFS_RDMA_COMPLETE op=WRITE bytes=131072
AFS_RDMA_COMPLETE op=WRITE bytes=131072
AFS_RDMA_COMPLETE op=WRITE bytes=131072
AFS_RDMA_COMPLETE op=WRITE bytes=17
{"msg":"FUSE request failed","level":"ERRO","ts":"2026-10-01T10:32:36.665326542Z","instance":"round1-a","service_name":"afs-node","message":"No such file or directory (os error 2)","kind":"NotFound","code":67305473}
{"msg":"FUSE request failed","level":"ERRO","ts":"2026-10-01T10:32:36.66548575Z","instance":"round1-a","service_name":"afs-node","message":"No such file or directory (os error 2)","kind":"NotFound","code":67305473}
{"msg":"FUSE request failed","level":"ERRO","ts":"2026-10-01T10:32:36.665635833Z","instance":"round1-a","service_name":"afs-node","message":"No such file or directory (os error 2)","kind":"NotFound","code":67305473}
{"msg":"FUSE request failed","level":"ERRO","ts":"2026-10-01T10:32:36.665775666Z","instance":"round1-a","service_name":"afs-node","message":"No such file or directory (os error 2)","kind":"NotFound","code":67305473}
{"msg":"FUSE request failed","level":"ERRO","ts":"2026-10-01T10:32:36.668974154Z","instance":"round1-a","service_name":"afs-node","message":"No such file or directory (os error 2)","kind":"NotFound","code":67305473}
{"msg":"fuse.create","level":"INFO","ts":"2026-10-01T10:32:36.669025196Z","instance":"round1-a","service_name":"afs-node","name":"owner-same-mount.txt","parent":4}
{"msg":"[Not Implemented] ioctl(ino: 0x5, fh: 3, flags: 0, cmd: 21505, in_data.len(): 0, out_size: 0)","level":"WARN","ts":"2026-10-01T10:32:36.669271445Z","instance":"round1-a","service_name":"afs-node"}
{"msg":"FUSE request failed","level":"ERRO","ts":"2026-10-01T10:32:36.671570145Z","instance":"round1-a","service_name":"afs-node","message":"OwnerFs currently supports only user.* xattrs","kind":"FailedPrecondition","code":67305489}
{"msg":"[Not Implemented] ioctl(ino: 0x5, fh: 6, flags: 0, cmd: 21505, in_data.len(): 0, out_size: 0)","level":"WARN","ts":"2026-10-01T10:32:36.672535142Z","instance":"round1-a","service_name":"afs-node"}
{"msg":"[Not Implemented] ioctl(ino: 0x5, fh: 7, flags: 0, cmd: 21505, in_data.len(): 0, out_size: 0)","level":"WARN","ts":"2026-10-01T10:32:36.673329347Z","instance":"round1-a","service_name":"afs-node"}
{"msg":"FUSE request failed","level":"ERRO","ts":"2026-10-01T10:32:36.757050135Z","instance":"round1-a","service_name":"afs-node","message":"DFS dentry not found","kind":"NotFound","code":34078721}
{"msg":"FUSE request failed","level":"ERRO","ts":"2026-10-01T10:32:36.757978507Z","instance":"round1-a","service_name":"afs-node","message":"DFS dentry not found","kind":"NotFound","code":34078721}
{"msg":"FUSE request failed","level":"ERRO","ts":"2026-10-01T10:32:36.75891417Z","instance":"round1-a","service_name":"afs-node","message":"DFS dentry not found","kind":"NotFound","code":34078721}
{"msg":"FUSE request failed","level":"ERRO","ts":"2026-10-01T10:32:36.759771709Z","instance":"round1-a","service_name":"afs-node","message":"DFS dentry not found","kind":"NotFound","code":34078721}
{"msg":"FUSE request failed","level":"ERRO","ts":"2026-10-01T10:32:36.771443876Z","instance":"round1-a","service_name":"afs-node","message":"DFS dentry not found","kind":"NotFound","code":34078721}
{"msg":"fuse.create","level":"INFO","ts":"2026-10-01T10:32:36.771469001Z","instance":"round1-a","service_name":"afs-node","name":"dfs-same-mount.txt","parent":3}
{"msg":"[Not Implemented] ioctl(ino: 0x4, fh: 3, flags: 0, cmd: 21505, in_data.len(): 0, out_size: 0)","level":"WARN","ts":"2026-10-01T10:32:36.78056251Z","instance":"round1-a","service_name":"afs-node"}
{"msg":"FUSE request failed","level":"ERRO","ts":"2026-10-01T10:32:36.781326716Z","instance":"round1-a","service_name":"afs-node","message":"DFS currently supports only user.* xattrs","kind":"FailedPrecondition","code":67305489}
{"msg":"FUSE request failed","level":"ERRO","ts":"2026-10-01T10:32:36.807467499Z","instance":"round1-a","service_name":"afs-node","message":"DFS currently supports only user.* xattrs","kind":"FailedPrecondition","code":67305489}
{"msg":"FUSE request failed","level":"ERRO","ts":"2026-10-01T10:32:36.808641828Z","instance":"round1-a","service_name":"afs-node","message":"DFS currently supports only user.* xattrs","kind":"FailedPrecondition","code":67305489}
{"msg":"[Not Implemented] ioctl(ino: 0x4, fh: 6, flags: 0, cmd: 21505, in_data.len(): 0, out_size: 0)","level":"WARN","ts":"2026-10-01T10:32:36.824835604Z","instance":"round1-a","service_name":"afs-node"}
{"msg":"[Not Implemented] ioctl(ino: 0x4, fh: 7, flags: 0, cmd: 21505, in_data.len(): 0, out_size: 0)","level":"WARN","ts":"2026-10-01T10:32:36.833862697Z","instance":"round1-a","service_name":"afs-node"}
{"msg":"FUSE request failed","level":"ERRO","ts":"2026-10-01T10:32:36.921082014Z","instance":"round1-a","service_name":"afs-node","message":"No such file or directory (os error 2)","kind":"NotFound","code":67305473}
{"msg":"FUSE request failed","level":"ERRO","ts":"2026-10-01T10:32:36.921287722Z","instance":"round1-a","service_name":"afs-node","message":"No such file or directory (os error 2)","kind":"NotFound","code":67305473}
{"msg":"FUSE request failed","level":"ERRO","ts":"2026-10-01T10:32:36.92178697Z","instance":"round1-a","service_name":"afs-node","message":"No such file or directory (os error 2)","kind":"NotFound","code":67305473}
{"msg":"fuse.create","level":"INFO","ts":"2026-10-01T10:32:36.921834345Z","instance":"round1-a","service_name":"afs-node","name":"owner-close-to-open.txt","parent":4}
{"msg":"[Not Implemented] ioctl(ino: 0x6, fh: 9, flags: 0, cmd: 21505, in_data.len(): 0, out_size: 0)","level":"WARN","ts":"2026-10-01T10:32:36.923184465Z","instance":"round1-a","service_name":"afs-node"}
{"msg":"[Not Implemented] ioctl(ino: 0x6, fh: 10, flags: 0, cmd: 21505, in_data.len(): 0, out_size: 0)","level":"WARN","ts":"2026-10-01T10:32:36.92414467Z","instance":"round1-a","service_name":"afs-node"}
AFS_RDMA_GID index=1 address=::ffff:192.168.109.12 family=ipv4
AFS_RDMA_PROBE receive_complete
AFS_RDMA_COMPLETE op=WRITE bytes=22
AFS_RDMA_GID index=1 address=::ffff:192.168.109.12 family=ipv4
AFS_RDMA_PROBE receive_complete
AFS_RDMA_GID index=1 address=::ffff:192.168.109.12 family=ipv4
AFS_RDMA_PROBE receive_complete
AFS_RDMA_COMPLETE op=WRITE bytes=22
AFS_RDMA_GID index=1 address=::ffff:192.168.109.12 family=ipv4
AFS_RDMA_PROBE receive_complete
AFS_RDMA_GID index=1 address=::ffff:192.168.109.12 family=ipv4
AFS_RDMA_PROBE receive_complete
AFS_RDMA_GID index=1 address=::ffff:192.168.109.12 family=ipv4
AFS_RDMA_PROBE receive_complete
AFS_RDMA_COMPLETE op=WRITE bytes=22
{"msg":"FUSE request failed","level":"ERRO","ts":"2026-10-01T10:32:37.25279701Z","instance":"round1-a","service_name":"afs-node","message":"OwnerFs currently supports only user.* xattrs","kind":"FailedPrecondition","code":67305489}
{"msg":"[Not Implemented] ioctl(ino: 0x6, fh: 12, flags: 0, cmd: 21505, in_data.len(): 0, out_size: 0)","level":"WARN","ts":"2026-10-01T10:32:37.253945006Z","instance":"round1-a","service_name":"afs-node"}
{"msg":"[Not Implemented] ioctl(ino: 0x6, fh: 13, flags: 0, cmd: 21505, in_data.len(): 0, out_size: 0)","level":"WARN","ts":"2026-10-01T10:32:37.254860711Z","instance":"round1-a","service_name":"afs-node"}
AFS_RDMA_GID index=1 address=::ffff:192.168.109.12 family=ipv4
AFS_RDMA_PROBE receive_complete
AFS_RDMA_COMPLETE op=WRITE bytes=25
AFS_RDMA_GID index=1 address=::ffff:192.168.109.12 family=ipv4
AFS_RDMA_PROBE receive_complete
{"msg":"FUSE request failed","level":"ERRO","ts":"2026-10-01T10:32:37.387412244Z","instance":"round1-a","service_name":"afs-node","message":"DFS dentry not found","kind":"NotFound","code":34078721}
{"msg":"FUSE request failed","level":"ERRO","ts":"2026-10-01T10:32:37.388935738Z","instance":"round1-a","service_name":"afs-node","message":"DFS dentry not found","kind":"NotFound","code":34078721}
{"msg":"FUSE request failed","level":"ERRO","ts":"2026-10-01T10:32:37.392666642Z","instance":"round1-a","service_name":"afs-node","message":"DFS dentry not found","kind":"NotFound","code":34078721}
{"msg":"fuse.create","level":"INFO","ts":"2026-10-01T10:32:37.392683683Z","instance":"round1-a","service_name":"afs-node","name":"dfs-close-to-open.txt","parent":3}
{"msg":"FUSE request failed","level":"ERRO","ts":"2026-10-01T10:32:37.402344149Z","instance":"round1-a","service_name":"afs-node","message":"DFS currently supports only user.* xattrs","kind":"FailedPrecondition","code":67305489}
{"msg":"[Not Implemented] ioctl(ino: 0x5, fh: 9, flags: 0, cmd: 21505, in_data.len(): 0, out_size: 0)","level":"WARN","ts":"2026-10-01T10:32:37.418160552Z","instance":"round1-a","service_name":"afs-node"}
{"msg":"[Not Implemented] ioctl(ino: 0x5, fh: 10, flags: 0, cmd: 21505, in_data.len(): 0, out_size: 0)","level":"WARN","ts":"2026-10-01T10:32:37.429125763Z","instance":"round1-a","service_name":"afs-node"}
AFS_RDMA_COMPLETE op=WRITE bytes=20
AFS_RDMA_COMPLETE op=WRITE bytes=20
AFS_RDMA_COMPLETE op=WRITE bytes=20
{"msg":"FUSE request failed","level":"ERRO","ts":"2026-10-01T10:32:37.758189436Z","instance":"round1-a","service_name":"afs-node","message":"DFS currently supports only user.* xattrs","kind":"FailedPrecondition","code":67305489}
{"msg":"FUSE request failed","level":"ERRO","ts":"2026-10-01T10:32:37.767713361Z","instance":"round1-a","service_name":"afs-node","message":"DFS currently supports only user.* xattrs","kind":"FailedPrecondition","code":67305489}
{"msg":"[Not Implemented] ioctl(ino: 0x5, fh: 12, flags: 0, cmd: 21505, in_data.len(): 0, out_size: 0)","level":"WARN","ts":"2026-10-01T10:32:37.786842085Z","instance":"round1-a","service_name":"afs-node"}
{"msg":"[Not Implemented] ioctl(ino: 0x5, fh: 13, flags: 0, cmd: 21505, in_data.len(): 0, out_size: 0)","level":"WARN","ts":"2026-10-01T10:32:37.796529051Z","instance":"round1-a","service_name":"afs-node"}
AFS_RDMA_COMPLETE op=WRITE bytes=23
{"msg":"FUSE request failed","level":"ERRO","ts":"2026-10-01T10:32:37.927576755Z","instance":"round1-a","service_name":"afs-node","message":"No such file or directory (os error 2)","kind":"NotFound","code":67305473}
{"msg":"FUSE request failed","level":"ERRO","ts":"2026-10-01T10:32:37.927783504Z","instance":"round1-a","service_name":"afs-node","message":"No such file or directory (os error 2)","kind":"NotFound","code":67305473}
{"msg":"FUSE request failed","level":"ERRO","ts":"2026-10-01T10:32:37.928194836Z","instance":"round1-a","service_name":"afs-node","message":"No such file or directory (os error 2)","kind":"NotFound","code":67305473}
{"msg":"fuse.create","level":"INFO","ts":"2026-10-01T10:32:37.928227044Z","instance":"round1-a","service_name":"afs-node","name":"owner-remote-owner.txt","parent":4}
{"msg":"[Not Implemented] ioctl(ino: 0x7, fh: 15, flags: 0, cmd: 21505, in_data.len(): 0, out_size: 0)","level":"WARN","ts":"2026-10-01T10:32:37.931491408Z","instance":"round1-a","service_name":"afs-node"}
{"msg":"[Not Implemented] ioctl(ino: 0x7, fh: 16, flags: 0, cmd: 21505, in_data.len(): 0, out_size: 0)","level":"WARN","ts":"2026-10-01T10:32:37.932242405Z","instance":"round1-a","service_name":"afs-node"}
AFS_RDMA_GID index=1 address=::ffff:192.168.109.12 family=ipv4
AFS_RDMA_PROBE receive_complete
AFS_RDMA_COMPLETE op=READ bytes=26
AFS_RDMA_GID index=1 address=::ffff:192.168.109.12 family=ipv4
AFS_RDMA_PROBE receive_complete
AFS_RDMA_COMPLETE op=WRITE bytes=18
AFS_RDMA_GID index=1 address=::ffff:192.168.109.12 family=ipv4
AFS_RDMA_PROBE receive_complete
AFS_RDMA_GID index=1 address=::ffff:192.168.109.12 family=ipv4
AFS_RDMA_PROBE receive_complete
AFS_RDMA_COMPLETE op=WRITE bytes=18
AFS_RDMA_GID index=1 address=::ffff:192.168.109.12 family=ipv4
AFS_RDMA_PROBE receive_complete
AFS_RDMA_GID index=1 address=::ffff:192.168.109.12 family=ipv4
AFS_RDMA_PROBE receive_complete
{"msg":"[Not Implemented] ioctl(ino: 0x7, fh: 17, flags: 0, cmd: 21505, in_data.len(): 0, out_size: 0)","level":"WARN","ts":"2026-10-01T10:32:38.144403574Z","instance":"round1-a","service_name":"afs-node"}
{"msg":"[Not Implemented] ioctl(ino: 0x7, fh: 18, flags: 0, cmd: 21505, in_data.len(): 0, out_size: 0)","level":"WARN","ts":"2026-10-01T10:32:38.144427199Z","instance":"round1-a","service_name":"afs-node"}
{"msg":"FUSE request failed","level":"ERRO","ts":"2026-10-01T10:32:38.255338725Z","instance":"round1-a","service_name":"afs-node","message":"No such file or directory (os error 2)","kind":"NotFound","code":67305473}
{"msg":"FUSE request failed","level":"ERRO","ts":"2026-10-01T10:32:38.257697425Z","instance":"round1-a","service_name":"afs-node","message":"No such file or directory (os error 2)","kind":"NotFound","code":67305473}
{"msg":"FUSE request failed","level":"ERRO","ts":"2026-10-01T10:32:38.260332999Z","instance":"round1-a","service_name":"afs-node","message":"No such file or directory (os error 2)","kind":"NotFound","code":67305473}
{"msg":"FUSE request failed","level":"ERRO","ts":"2026-10-01T10:32:38.263514821Z","instance":"round1-a","service_name":"afs-node","message":"No such file or directory (os error 2)","kind":"NotFound","code":67305473}
{"msg":"fuse.create","level":"INFO","ts":"2026-10-01T10:32:38.263582238Z","instance":"round1-a","service_name":"afs-node","name":"src","parent":8}
{"msg":"[Not Implemented] ioctl(ino: 0x9, fh: 19, flags: 0, cmd: 21505, in_data.len(): 0, out_size: 0)","level":"WARN","ts":"2026-10-01T10:32:38.263670862Z","instance":"round1-a","service_name":"afs-node"}
{"msg":"FUSE request failed","level":"ERRO","ts":"2026-10-01T10:32:38.266911893Z","instance":"round1-a","service_name":"afs-node","message":"No such file or directory (os error 2)","kind":"NotFound","code":67305473}
{"msg":"fuse.create","level":"INFO","ts":"2026-10-01T10:32:38.266924559Z","instance":"round1-a","service_name":"afs-node","name":"dst","parent":8}
{"msg":"[Not Implemented] ioctl(ino: 0xa, fh: 20, flags: 0, cmd: 21505, in_data.len(): 0, out_size: 0)","level":"WARN","ts":"2026-10-01T10:32:38.266934017Z","instance":"round1-a","service_name":"afs-node"}
{"msg":"FUSE request failed","level":"ERRO","ts":"2026-10-01T10:32:38.268985885Z","instance":"round1-a","service_name":"afs-node","message":"No such file or directory (os error 2)","kind":"NotFound","code":67305473}
{"msg":"FUSE request failed","level":"ERRO","ts":"2026-10-01T10:32:38.273553536Z","instance":"round1-a","service_name":"afs-node","message":"No such file or directory (os error 2)","kind":"NotFound","code":67305473}
{"msg":"[Not Implemented] ioctl(ino: 0xa, fh: 21, flags: 0, cmd: 21505, in_data.len(): 0, out_size: 0)","level":"WARN","ts":"2026-10-01T10:32:38.27622286Z","instance":"round1-a","service_name":"afs-node"}
{"msg":"[Not Implemented] ioctl(ino: 0x9, fh: 22, flags: 0, cmd: 21505, in_data.len(): 0, out_size: 0)","level":"WARN","ts":"2026-10-01T10:32:38.276233193Z","instance":"round1-a","service_name":"afs-node"}
AFS_RDMA_GID index=1 address=::ffff:192.168.109.12 family=ipv4
AFS_RDMA_PROBE receive_complete
AFS_RDMA_COMPLETE op=READ bytes=16
AFS_RDMA_GID index=1 address=::ffff:192.168.109.12 family=ipv4
AFS_RDMA_PROBE receive_complete
AFS_RDMA_COMPLETE op=READ bytes=19
AFS_RDMA_GID index=1 address=::ffff:192.168.109.12 family=ipv4
AFS_RDMA_PROBE receive_complete
AFS_RDMA_COMPLETE op=WRITE bytes=19
AFS_RDMA_GID index=1 address=::ffff:192.168.109.12 family=ipv4
AFS_RDMA_PROBE receive_complete
AFS_RDMA_GID index=1 address=::ffff:192.168.109.12 family=ipv4
AFS_RDMA_PROBE receive_complete
AFS_RDMA_COMPLETE op=WRITE bytes=16
AFS_RDMA_GID index=1 address=::ffff:192.168.109.12 family=ipv4
AFS_RDMA_PROBE receive_complete
{"msg":"FUSE request failed","level":"ERRO","ts":"2026-10-01T10:32:38.55146764Z","instance":"round1-a","service_name":"afs-node","message":"DFS dentry not found","kind":"NotFound","code":34078721}
{"msg":"FUSE request failed","level":"ERRO","ts":"2026-10-01T10:32:38.554226547Z","instance":"round1-a","service_name":"afs-node","message":"DFS dentry not found","kind":"NotFound","code":34078721}
{"msg":"FUSE request failed","level":"ERRO","ts":"2026-10-01T10:32:38.556517331Z","instance":"round1-a","service_name":"afs-node","message":"DFS dentry not found","kind":"NotFound","code":34078721}
{"msg":"fuse.create","level":"INFO","ts":"2026-10-01T10:32:38.556536289Z","instance":"round1-a","service_name":"afs-node","name":"dfs-remote-owner.txt","parent":3}
{"msg":"FUSE request failed","level":"ERRO","ts":"2026-10-01T10:32:38.566859002Z","instance":"round1-a","service_name":"afs-node","message":"DFS currently supports only user.* xattrs","kind":"FailedPrecondition","code":67305489}
{"msg":"[Not Implemented] ioctl(ino: 0x6, fh: 15, flags: 0, cmd: 21505, in_data.len(): 0, out_size: 0)","level":"WARN","ts":"2026-10-01T10:32:38.583763568Z","instance":"round1-a","service_name":"afs-node"}
{"msg":"[Not Implemented] ioctl(ino: 0x6, fh: 16, flags: 0, cmd: 21505, in_data.len(): 0, out_size: 0)","level":"WARN","ts":"2026-10-01T10:32:38.593347784Z","instance":"round1-a","service_name":"afs-node"}
AFS_RDMA_COMPLETE op=WRITE bytes=16
AFS_RDMA_COMPLETE op=WRITE bytes=16
{"msg":"[Not Implemented] ioctl(ino: 0x6, fh: 17, flags: 0, cmd: 21505, in_data.len(): 0, out_size: 0)","level":"WARN","ts":"2026-10-01T10:32:38.911725079Z","instance":"round1-a","service_name":"afs-node"}
{"msg":"[Not Implemented] ioctl(ino: 0x6, fh: 18, flags: 0, cmd: 21505, in_data.len(): 0, out_size: 0)","level":"WARN","ts":"2026-10-01T10:32:38.921223337Z","instance":"round1-a","service_name":"afs-node"}
{"msg":"FUSE request failed","level":"ERRO","ts":"2026-10-01T10:32:39.011604311Z","instance":"round1-a","service_name":"afs-node","message":"DFS dentry not found","kind":"NotFound","code":34078721}
{"msg":"FUSE request failed","level":"ERRO","ts":"2026-10-01T10:32:39.013302305Z","instance":"round1-a","service_name":"afs-node","message":"DFS dentry not found","kind":"NotFound","code":34078721}
{"msg":"FUSE request failed","level":"ERRO","ts":"2026-10-01T10:32:39.016882292Z","instance":"round1-a","service_name":"afs-node","message":"DFS dentry not found","kind":"NotFound","code":34078721}
{"msg":"fuse.create","level":"INFO","ts":"2026-10-01T10:32:39.016931583Z","instance":"round1-a","service_name":"afs-node","name":"dfs-handover-after-idle.txt","parent":3}
{"msg":"FUSE request failed","level":"ERRO","ts":"2026-10-01T10:32:39.027349422Z","instance":"round1-a","service_name":"afs-node","message":"DFS currently supports only user.* xattrs","kind":"FailedPrecondition","code":67305489}
{"msg":"[Not Implemented] ioctl(ino: 0x7, fh: 20, flags: 0, cmd: 21505, in_data.len(): 0, out_size: 0)","level":"WARN","ts":"2026-10-01T10:32:39.042821117Z","instance":"round1-a","service_name":"afs-node"}
{"msg":"[Not Implemented] ioctl(ino: 0x7, fh: 21, flags: 0, cmd: 21505, in_data.len(): 0, out_size: 0)","level":"WARN","ts":"2026-10-01T10:32:39.051931544Z","instance":"round1-a","service_name":"afs-node"}
{"msg":"[Not Implemented] ioctl(ino: 0x7, fh: 22, flags: 0, cmd: 21505, in_data.len(): 0, out_size: 0)","level":"WARN","ts":"2026-10-01T10:33:14.389478894Z","instance":"round1-a","service_name":"afs-node"}
AFS_RDMA_GID index=1 address=::ffff:192.168.109.12 family=ipv4
AFS_RDMA_PROBE send_complete
{"msg":"[Not Implemented] ioctl(ino: 0x7, fh: 23, flags: 0, cmd: 21505, in_data.len(): 0, out_size: 0)","level":"WARN","ts":"2026-10-01T10:33:14.408920412Z","instance":"round1-a","service_name":"afs-node"}
{"msg":"[Not Implemented] ioctl(ino: 0x7, fh: 24, flags: 0, cmd: 21505, in_data.len(): 0, out_size: 0)","level":"WARN","ts":"2026-10-01T10:33:14.512439187Z","instance":"round1-a","service_name":"afs-node"}
{"msg":"FUSE request failed","level":"ERRO","ts":"2026-10-01T10:33:14.54963352Z","instance":"round1-a","service_name":"afs-node","message":"DFS currently supports only user.* xattrs","kind":"FailedPrecondition","code":67305489}
{"msg":"FUSE request failed","level":"ERRO","ts":"2026-10-01T10:33:14.597766233Z","instance":"round1-a","service_name":"afs-node","message":"DFS currently supports only user.* xattrs","kind":"FailedPrecondition","code":67305489}
{"msg":"[Not Implemented] ioctl(ino: 0x7, fh: 26, flags: 0, cmd: 21505, in_data.len(): 0, out_size: 0)","level":"WARN","ts":"2026-10-01T10:33:14.614997674Z","instance":"round1-a","service_name":"afs-node"}
{"msg":"[Not Implemented] ioctl(ino: 0x7, fh: 27, flags: 0, cmd: 21505, in_data.len(): 0, out_size: 0)","level":"WARN","ts":"2026-10-01T10:33:14.643070871Z","instance":"round1-a","service_name":"afs-node"}
{"msg":"[Not Implemented] ioctl(ino: 0x7, fh: 28, flags: 0, cmd: 21505, in_data.len(): 0, out_size: 0)","level":"WARN","ts":"2026-10-01T10:33:14.660940561Z","instance":"round1-a","service_name":"afs-node"}
{"msg":"FUSE request failed","level":"ERRO","ts":"2026-10-01T10:33:14.881249942Z","instance":"round1-a","service_name":"afs-node","message":"DFS dentry not found","kind":"NotFound","code":34078721}
{"msg":"FUSE request failed","level":"ERRO","ts":"2026-10-01T10:33:14.883093227Z","instance":"round1-a","service_name":"afs-node","message":"DFS dentry not found","kind":"NotFound","code":34078721}
{"msg":"FUSE request failed","level":"ERRO","ts":"2026-10-01T10:33:14.887163464Z","instance":"round1-a","service_name":"afs-node","message":"DFS dentry not found","kind":"NotFound","code":34078721}
{"msg":"fuse.create","level":"INFO","ts":"2026-10-01T10:33:14.887180214Z","instance":"round1-a","service_name":"afs-node","name":"dfs-provider-existing-handle.txt","parent":3}
{"msg":"FUSE request failed","level":"ERRO","ts":"2026-10-01T10:33:14.898878049Z","instance":"round1-a","service_name":"afs-node","message":"DFS currently supports only user.* xattrs","kind":"FailedPrecondition","code":67305489}
{"msg":"[Not Implemented] ioctl(ino: 0x8, fh: 30, flags: 0, cmd: 21505, in_data.len(): 0, out_size: 0)","level":"WARN","ts":"2026-10-01T10:33:14.916718489Z","instance":"round1-a","service_name":"afs-node"}
{"msg":"[Not Implemented] ioctl(ino: 0x8, fh: 31, flags: 0, cmd: 21505, in_data.len(): 0, out_size: 0)","level":"WARN","ts":"2026-10-01T10:33:14.926558456Z","instance":"round1-a","service_name":"afs-node"}
AFS_RDMA_COMPLETE op=WRITE bytes=20
AFS_RDMA_COMPLETE op=WRITE bytes=18
AFS_RDMA_COMPLETE op=WRITE bytes=18
{"msg":"[Not Implemented] ioctl(ino: 0x8, fh: 32, flags: 0, cmd: 21505, in_data.len(): 0, out_size: 0)","level":"WARN","ts":"2026-10-01T10:33:15.266810182Z","instance":"round1-a","service_name":"afs-node"}
{"msg":"[Not Implemented] ioctl(ino: 0x8, fh: 33, flags: 0, cmd: 21505, in_data.len(): 0, out_size: 0)","level":"WARN","ts":"2026-10-01T10:33:15.276363234Z","instance":"round1-a","service_name":"afs-node"}
{"msg":"services.stopped","level":"INFO","ts":"2026-10-01T10:33:28.4058596Z","instance":"round1-a","service_name":"afs-node"}
