    Finished `test` profile [unoptimized + debuginfo] target(s) in 0.06s
     Running unittests src/lib.rs (/home/lzc.guest/afs-build/target/debug/deps/afs-586e1b701367e588)

running 18 tests
test node::rpc::peer::dfs_rdma_tests::dfs_rdma_unsupported_reply_contract_accepts_only_canonical_false ... ok
test node::rpc::peer::tests::cancellation_guard_poisons_unfinished_session_and_disarm_preserves_it ... ok
test node::rpc::peer::dfs_rdma_tests::read_completion_binds_attempt_copy_range_and_payload_checksum ... ok
test node::rpc::peer::dfs_rdma_tests::read_windows_split_at_registered_capacity_and_preserve_destinations ... ok
test node::rpc::peer::tests::dfs_auto_factories_without_rdma_pool_choose_grpc_and_required_rdma_fails ... ok
test node::rpc::peer::tests::grpc_client_rejects_read_reply_shape_mismatch ... ok
test node::rpc::peer::tests::grpc_client_rejects_write_count_mismatch ... ok
test node::rpc::peer::tests::owner_rdma_client_admission_rejects_before_endpoint_open ... ok
test node::rpc::peer::tests::owner_prefetch_cache_hits_do_not_count_as_client_rpc_or_payload ... ok
test node::rpc::peer::tests::owner_grpc_malformed_replies_do_not_count_successful_payload_bytes ... ok
test node::rpc::peer::tests::owner_rdma_missing_device_errors_are_counted_by_client_timer ... ok
test node::rpc::peer::tests::peer_pool_never_regresses_epoch_even_after_channel_eviction ... ok
test node::rpc::peer::tests::poisoning_preserves_failure_category ... ok
test node::rpc::peer::tests::range_decoder_rejects_duplicate_stale_and_corrupt_frames ... ok
test node::rpc::peer::tests::range_decoder_requires_every_operation_and_completion ... ok
test node::rpc::peer::tests::owner_grpc_payload_bytes_count_successful_logical_bytes ... ok
test node::rpc::peer::tests::owner_release_retries_transient_failures_without_losing_handle ... ok
test node::rpc::peer::tests::owner_release_treats_stale_handle_as_idempotent_success ... ok

test result: ok. 18 passed; 0 failed; 0 ignored; 0 measured; 402 filtered out; finished in 0.02s

