    Checking log v0.4.34
    Checking bitflags v2.13.2
    Checking tracing v0.1.44
    Checking rustls v0.23.45
    Checking h2 v0.4.19
    Checking tower v0.5.3
    Checking hyper v1.11.1
    Checking axum-core v0.5.6
    Checking hyper-util v0.1.20
   Compiling nix v0.29.0
    Checking tokio-rustls v0.26.5
    Checking axum v0.8.9
    Checking hyper-timeout v0.5.2
    Checking linux-raw-sys v0.12.1
    Checking rustix v1.1.5
    Checking getrandom v0.4.3
   Compiling pkg-config v0.3.34
    Checking tonic v0.14.6
    Checking fastrand v2.5.0
    Checking tempfile v3.27.0
   Compiling fuser v0.16.0 (/var/tmp/afs-dfs-statfs-20261006-r1/source/third_party/fuser)
    Checking opentelemetry v0.32.0
    Checking clap_builder v4.6.7
    Checking tonic-prost v0.14.6
    Checking tonic-types v0.14.6
    Checking opentelemetry_sdk v0.32.1
    Checking clap v4.6.7
    Checking opentelemetry-proto v0.32.0
   Compiling afs-protocol v0.1.0 (/var/tmp/afs-dfs-statfs-20261006-r1/source/common/protocol)
    Checking opentelemetry-otlp v0.32.0
    Checking tracing-opentelemetry v0.33.0
    Checking afs-metrics v0.1.0 (/var/tmp/afs-dfs-statfs-20261006-r1/source/common/metrics)
   Compiling afs-transport v0.1.0 (/var/tmp/afs-dfs-statfs-20261006-r1/source/common/transport)
    Checking slog-global v0.1.0 (https://github.com/tikv/slog-global.git?rev=d592f88e4dbba5eb439998463054f1a44fbf17b9#d592f88e)
    Checking afs-tracing v0.1.0 (/var/tmp/afs-dfs-statfs-20261006-r1/source/common/tracing)
    Checking afs-error v0.1.0 (/var/tmp/afs-dfs-statfs-20261006-r1/source/common/error)
    Checking afs-logging v0.1.0 (/var/tmp/afs-dfs-statfs-20261006-r1/source/common/logging)
    Checking etcd-client v0.20.0
    Checking aho-corasick v1.1.5
    Checking regex-syntax v0.8.11
    Checking regex-automata v0.4.18
    Checking regex v1.13.1
    Checking afs-client v0.1.0 (/var/tmp/afs-dfs-statfs-20261006-r1/source/client)
    Checking afs v0.1.0 (/var/tmp/afs-dfs-statfs-20261006-r1/source)
    Checking jiff-core v0.1.1
    Checking jiff v0.2.37
    Checking env_filter v2.0.0
    Checking env_logger v0.11.11
    Checking bincode v1.3.3
    Finished `release` profile [optimized] target(s) in 13.48s
