   Compiling afs v0.1.0 (/var/tmp/afs-dfs-statfs-20261006-r1/source)
    Finished `release` profile [optimized] target(s) in 1m 06s
     Running tests/config_contract.rs (/var/tmp/afs-e2e-release-20261006-r1/target/release/deps/config_contract-685a7e439b07ac8a)

running 5 tests
test invalid_limits_and_uncompiled_mode_fail ... ok
test file_values_are_overridden_only_by_explicit_cli ... ok
test unknown_field_is_rejected ... ok
test meta_store_defaults_to_etcd_and_cli_overrides_toml ... ok
test volatile_meta_policy_defaults_to_false_and_cli_overrides_toml ... ok

test result: ok. 5 passed; 0 failed; 0 ignored; 0 measured; 0 filtered out; finished in 0.00s

     Running tests/fuse_contract.rs (/var/tmp/afs-e2e-release-20261006-r1/target/release/deps/fuse_contract-bb2f0fbb23a93206)

running 12 tests
test fuse_direct_io_open_allows_basic_shared_mmap ... ignored, requires Linux /dev/fuse, fusermount3 and python3 mmap
test fuse_ftruncate_on_same_handle_waits_for_prior_write ... ignored, requires Linux /dev/fuse and fusermount3
test fuse_mount_binds_backend_at_mount_root ... ignored, requires Linux /dev/fuse and fusermount3
test fuse_mount_dispatches_real_backend_and_preserves_open_handle_identity ... ignored, requires Linux /dev/fuse and fusermount3
test fuse_mount_does_not_invent_backend_namespace_directories ... ignored, requires Linux /dev/fuse and fusermount3
test fuse_mount_rejects_existing_live_mount ... ignored, requires Linux /dev/fuse and fusermount3
test fuse_statfs_returns_backend_capacity_fields_to_kernel_stat ... ignored, requires Linux /dev/fuse, fusermount3 and GNU stat
test fuse_statfs_unsupported_backend_fails_instead_of_zero_success ... ignored, requires Linux /dev/fuse, fusermount3 and GNU stat
test vfs_killpriv_options_fail_closed_until_backend_supports_them ... ok
test vfs_advisory_lock_methods_fail_closed_until_backend_supports_them ... ok
test vfs_statfs_fails_closed_until_backend_supports_it ... ok
test vfs_options_preserve_legacy_paths_without_killpriv ... ok

test result: ok. 4 passed; 0 failed; 8 ignored; 0 measured; 0 filtered out; finished in 0.00s

     Running tests/vfs_contract.rs (/var/tmp/afs-e2e-release-20261006-r1/target/release/deps/vfs_contract-068dfd5704de7753)

running 1 test
test backend_contract_binds_one_root_and_rejects_unimplemented_operations ... ok

test result: ok. 1 passed; 0 failed; 0 ignored; 0 measured; 0 filtered out; finished in 0.00s

