    Checking libc v0.2.189
    Checking cfg-if v1.0.5
    Checking pin-project-lite v0.2.17
    Checking smallvec v1.16.1
    Checking bytes v1.12.1
    Checking futures-core v0.3.34
    Checking scopeguard v1.2.0
    Checking lock_api v0.4.14
    Checking serde_core v1.0.229
    Checking parking_lot_core v0.9.12
    Checking parking_lot v0.12.5
    Checking futures-sink v0.3.34
    Checking itoa v1.0.18
    Checking errno v0.3.14
    Checking once_cell v1.21.4
    Checking log v0.4.34
    Checking signal-hook-registry v1.4.8
    Checking socket2 v0.6.5
    Checking mio v1.2.3
    Checking tracing-core v0.1.36
    Checking tokio v1.53.1
    Checking slab v0.4.12
    Checking serde v1.0.229
    Checking tracing v0.1.44
    Checking http v1.5.0
    Checking memchr v2.8.3
    Checking futures-task v0.3.34
    Checking futures-util v0.3.34
    Checking fnv v1.0.7
    Checking hashbrown v0.17.1
    Checking tokio-util v0.7.19
    Checking equivalent v1.0.2
    Checking indexmap v2.14.2
    Checking http-body v1.1.0
    Checking percent-encoding v2.3.2
    Checking futures-channel v0.3.34
    Checking tower-service v0.3.3
    Checking try-lock v0.2.5
    Checking atomic-waker v1.1.2
    Checking want v0.3.1
    Checking h2 v0.4.19
    Checking zerofrom v0.1.8
    Checking httparse v1.10.1
    Checking form_urlencoded v1.2.2
    Checking getrandom v0.2.17
    Checking stable_deref_trait v1.2.1
    Checking zeroize v1.9.0
    Checking httpdate v1.0.3
    Checking untrusted v0.9.0
    Checking ring v0.17.14
    Checking rustls-pki-types v1.15.1
    Checking yoke v0.8.3
    Checking zmij v1.0.23
    Checking sync_wrapper v1.0.2
    Checking tower-layer v0.3.3
    Checking ryu v1.0.23
    Checking serde_json v1.0.151
    Checking hyper v1.11.1
    Checking rustls-webpki v0.103.15
    Checking http-body-util v0.1.5
    Checking mime v0.3.17
    Checking hyper-util v0.1.20
    Checking subtle v2.6.1
    Checking rustls v0.23.45
    Checking axum-core v0.5.6
    Checking zerovec v0.11.8
    Checking serde_urlencoded v0.7.1
    Checking tower v0.5.3
    Checking serde_path_to_error v0.1.20
    Checking matchit v0.8.4
    Checking thiserror v2.0.21
    Checking axum v0.8.9
    Checking pin-project v1.1.13
    Checking tokio-rustls v0.26.5
    Checking hyper-timeout v0.5.2
    Checking tokio-stream v0.1.19
    Checking prost v0.14.4
    Checking base64 v0.22.1
    Checking zerocopy v0.8.58
    Checking tonic v0.14.6
    Checking getrandom v0.3.4
    Checking tinystr v0.8.4
    Checking writeable v0.6.4
    Checking litemap v0.8.3
    Checking lazy_static v1.5.0
    Checking icu_locale_core v2.1.1
    Checking tonic-prost v0.14.6
    Checking rand_core v0.9.5
    Checking ppv-lite86 v0.2.21
    Checking zerotrie v0.2.5
    Checking potential_utf v0.1.6
    Checking icu_provider v2.1.1
    Checking icu_collections v2.1.1
    Checking rand_chacha v0.9.0
    Checking opentelemetry v0.32.0
    Checking erased-serde v0.3.31
    Checking thread_local v1.1.10
    Checking slog v2.8.2
    Checking rand v0.9.5
    Checking icu_normalizer_data v2.1.1
    Checking icu_properties_data v2.1.2
    Checking prost-types v0.14.4
    Checking futures-executor v0.3.34
    Checking opentelemetry_sdk v0.32.1
    Checking icu_properties v2.1.2
    Checking tonic-types v0.14.6
    Checking icu_normalizer v2.1.1
    Checking sharded-slab v0.1.7
    Checking time-core v0.1.9
    Checking parking v2.2.1
    Checking powerfmt v0.2.0
    Checking num-conv v0.2.2
    Checking deranged v0.5.8
    Checking utf8parse v0.2.2
    Checking anstyle-parse v1.0.0
    Checking tracing-subscriber v0.3.23
    Checking event-listener v5.4.2
    Checking time v0.3.55
    Checking idna_adapter v1.2.1
    Checking num-traits v0.2.19
    Checking memoffset v0.9.1
    Checking opentelemetry-proto v0.32.0
    Checking crossbeam-utils v0.8.23
    Checking prometheus v0.14.0
    Checking anstyle v1.0.14
    Checking utf8_iter v1.0.4
    Checking is_terminal_polyfill v1.70.2
    Checking colorchoice v1.0.5
    Checking iana-time-zone v0.1.65
    Checking anstyle-query v1.1.5
    Checking bitflags v2.13.2
    Checking anstream v1.0.0
    Checking nix v0.29.0
    Checking afs-metrics v0.1.0 (/var/tmp/afs-dfs-statfs-20261006-r1/source/common/metrics)
    Checking chrono v0.4.45
    Checking idna v1.1.0
    Checking crossbeam-channel v0.5.17
    Checking opentelemetry-otlp v0.32.0
    Checking event-listener-strategy v0.5.4
    Checking tracing-opentelemetry v0.33.0
   Compiling afs-transport v0.1.0 (/var/tmp/afs-dfs-statfs-20261006-r1/source/common/transport)
    Checking is-terminal v0.4.17
    Checking clap_lex v1.1.1
    Checking strsim v0.11.1
    Checking take_mut v0.2.2
    Checking term v1.2.1
    Checking arc-swap v0.4.8
    Checking winnow v1.0.4
    Checking slog-term v2.9.2
    Checking toml_parser v1.1.3+spec-1.1.0
    Checking slog-global v0.1.0 (https://github.com/tikv/slog-global.git?rev=d592f88e4dbba5eb439998463054f1a44fbf17b9#d592f88e)
    Checking clap_builder v4.6.7
    Checking slog-async v2.8.0
    Checking afs-tracing v0.1.0 (/var/tmp/afs-dfs-statfs-20261006-r1/source/common/tracing)
    Checking async-lock v3.4.2
    Checking url v2.5.8
    Checking afs-protocol v0.1.0 (/var/tmp/afs-dfs-statfs-20261006-r1/source/common/protocol)
    Checking slog-json v2.6.1
    Checking combine v4.6.8
    Checking toml_datetime v0.7.5+spec-1.1.0
    Checking serde_spanned v1.1.1
    Checking page_size v0.6.0
    Checking winnow v0.7.15
    Checking toml_writer v1.1.2+spec-1.1.0
    Checking constant_time_eq v0.4.2
    Checking arcstr v1.2.0
    Checking xxhash-rust v0.8.19
    Checking arrayvec v0.7.8
    Checking afs-error v0.1.0 (/var/tmp/afs-dfs-statfs-20261006-r1/source/common/error)
    Checking blake3 v1.8.7
    Checking redis v1.2.2
    Checking toml v0.9.12+spec-1.1.0
    Checking fuser v0.16.0 (/var/tmp/afs-dfs-statfs-20261006-r1/source/third_party/fuser)
    Checking clap v4.6.7
    Checking afs-logging v0.1.0 (/var/tmp/afs-dfs-statfs-20261006-r1/source/common/logging)
    Checking etcd-client v0.20.0
    Checking afs v0.1.0 (/var/tmp/afs-dfs-statfs-20261006-r1/source)
warning: field `fallback` is never read
   --> src/node/rpc/peer.rs:336:5
    |
333 | pub struct RdmaReplicaDataPlane {
    |            -------------------- field in this struct
...
336 |     fallback: Option<GrpcReplicaDataPlane>,
    |     ^^^^^^^^
    |
    = note: `#[warn(dead_code)]` (part of `#[warn(unused)]`) on by default

warning: field `fallback` is never read
    --> src/node/rpc/peer.rs:1229:5
     |
1225 | pub struct RdmaChunkTransfer {
     |            ----------------- field in this struct
...
1229 |     fallback: Option<GrpcChunkTransfer>,
     |     ^^^^^^^^

warning: `afs` (lib) generated 2 warnings
    Finished `release` profile [optimized] target(s) in 13.57s
