    Finished `release` profile [optimized] target(s) in 0.07s
     Running unittests src/lib.rs (/var/tmp/afs-e2e-release-20261006-r1/target/release/deps/afs-993fcb88fd9e56b2)

running 17 tests
test node::rpc::data::tests::dfs_rdma_packed_ranges_reject_gaps_capacity_and_wrong_caller ... ok
test node::rpc::peer::dfs_rdma_tests::read_windows_split_at_registered_capacity_and_preserve_destinations ... ok
test node::storage::localfs::tests::statvfs_reports_capacity_from_open_root_fd ... ok
test node::replication::tests::capacity_denies_replicated_or_remote_or_wrong_device_authority ... ok
test node::vfs::dfs::tests::statfs_returns_unsupported_when_chunk_backend_has_no_capacity_capability ... ok
test node::vfs::dfs::tests::remote_release_capacity_rejects_new_admission_without_owner_open ... ok
test node::vfs::locks::tests::acknowledged_terminal_outcome_retains_replay_capacity_until_session_close ... ok
test node::vfs::locks::tests::cancelled_waiter_capacity_does_not_drop_existing_marker ... ok
test node::chunk::replica_replay_tests::capacity_reports_fd_backed_root_after_path_replacement_and_catalog_advance ... ok
test node::vfs::locks::tests::closed_session_capacity_preserves_other_session_locks ... ok
test node::vfs::locks::tests::partial_unlock_that_would_exceed_capacity_keeps_original_locks ... ok
test node::vfs::locks::tests::retired_identity_capacity_is_bounded ... ok
test node::vfs::locks::tests::live_cancel_at_outcome_capacity_keeps_waiter_registered ... ok
test node::vfs::ownerfs::tests::owner_closed_scope_capacity_preserves_live_locks_and_cleanup ... ok
test node::replication::tests::local_r1_capacity_forwards_after_catalog_advance_without_revision_equality ... ok
test node::vfs::dfs::tests::statfs_validates_meta_inode_and_reads_chunk_store_capacity_without_writer ... ok
test node::vfs::ownerfs::tests::local_home_statfs_reports_backing_capacity_and_root_fails_closed ... ok

test result: ok. 17 passed; 0 failed; 0 ignored; 0 measured; 548 filtered out; finished in 0.01s

