test_command_identity_exit_and_tls_options_are_bound (test_environment_network.NetworkEnvironmentTests.test_command_identity_exit_and_tls_options_are_bound) ... ok
test_consistent_unknown_probe_is_rejected (test_environment_network.NetworkEnvironmentTests.test_consistent_unknown_probe_is_rejected) ... ok
test_declared_fault_recipe_must_be_supported (test_environment_network.NetworkEnvironmentTests.test_declared_fault_recipe_must_be_supported) ... ok
test_declared_network_path_cannot_escape_bundle (test_environment_network.NetworkEnvironmentTests.test_declared_network_path_cannot_escape_bundle) ... ok
test_duplicate_nonce_is_rejected (test_environment_network.NetworkEnvironmentTests.test_duplicate_nonce_is_rejected) ... ok
test_empty_or_failed_command_transcript_is_rejected (test_environment_network.NetworkEnvironmentTests.test_empty_or_failed_command_transcript_is_rejected) ... ok
test_fault_commands_must_execute_instead_of_echo (test_environment_network.NetworkEnvironmentTests.test_fault_commands_must_execute_instead_of_echo) ... ok
test_fault_hit_and_exact_restoration_are_required (test_environment_network.NetworkEnvironmentTests.test_fault_hit_and_exact_restoration_are_required) ... ok
test_generic_pass_receipt_is_not_network_evidence (test_environment_network.NetworkEnvironmentTests.test_generic_pass_receipt_is_not_network_evidence) ... ok
test_malformed_command_fields_return_failure_without_exception (test_environment_network.NetworkEnvironmentTests.test_malformed_command_fields_return_failure_without_exception) ... ok
test_missing_artifact_is_blocked (test_environment_network.NetworkEnvironmentTests.test_missing_artifact_is_blocked) ... ok
test_missing_live_schema_is_not_an_exception_or_pass (test_environment_network.NetworkEnvironmentTests.test_missing_live_schema_is_not_an_exception_or_pass) ... ok
test_rehashed_bad_semantics_cannot_pass (test_environment_network.NetworkEnvironmentTests.test_rehashed_bad_semantics_cannot_pass) ... ok
test_retained_valid_network_observations_pass_only_network_predicate (test_environment_network.NetworkEnvironmentTests.test_retained_valid_network_observations_pass_only_network_predicate) ... ok
test_tampered_artifact_fails (test_environment_network.NetworkEnvironmentTests.test_tampered_artifact_fails) ... ok
test_watchdog_completion_cannot_replace_fault_transcript (test_environment_network.NetworkEnvironmentTests.test_watchdog_completion_cannot_replace_fault_transcript) ... ok
test_actual_like_bundle_is_blocked_by_deferred_semantics_and_missing_initial (test_environment.EnvironmentEvaluatorTests.test_actual_like_bundle_is_blocked_by_deferred_semantics_and_missing_initial) ... ok
test_bad_artifact_references_are_invalid_input (test_environment.EnvironmentEvaluatorTests.test_bad_artifact_references_are_invalid_input) ... ok
test_cli_guard_adds_blocked_on_non_linux_arm64 (test_environment.EnvironmentEvaluatorTests.test_cli_guard_adds_blocked_on_non_linux_arm64) ... ok
test_contract_hashes_actual_referenced_file (test_environment.EnvironmentEvaluatorTests.test_contract_hashes_actual_referenced_file) ... ok
test_contract_path_escape_returns_blocker_without_exception (test_environment.EnvironmentEvaluatorTests.test_contract_path_escape_returns_blocker_without_exception) ... ok
test_failed_probes_and_wrong_volume_or_image_cannot_record_pass (test_environment.EnvironmentEvaluatorTests.test_failed_probes_and_wrong_volume_or_image_cannot_record_pass) ... ok
test_generic_receipts_do_not_make_environment_pass (test_environment.EnvironmentEvaluatorTests.test_generic_receipts_do_not_make_environment_pass) ... ok
test_host_uses_hash_bound_json_not_lock (test_environment.EnvironmentEvaluatorTests.test_host_uses_hash_bound_json_not_lock) ... ok
test_low_data_reserve_blocks_and_preserves_dead_fuse_context (test_environment.EnvironmentEvaluatorTests.test_low_data_reserve_blocks_and_preserves_dead_fuse_context) ... ok
test_mismatched_guest_identity_is_fail (test_environment.EnvironmentEvaluatorTests.test_mismatched_guest_identity_is_fail) ... ok
test_missing_memtotal_is_blocked_not_pass (test_environment.EnvironmentEvaluatorTests.test_missing_memtotal_is_blocked_not_pass) ... ok
test_nested_malformed_evidence_returns_blockers_without_exception (test_environment.EnvironmentEvaluatorTests.test_nested_malformed_evidence_returns_blockers_without_exception) ... ok
test_qualification_errors_malformed_and_tampered_paths (test_environment.EnvironmentEvaluatorTests.test_qualification_errors_malformed_and_tampered_paths) ... ok
test_wrong_actual_image_is_fail_even_if_lock_correct (test_environment.EnvironmentEvaluatorTests.test_wrong_actual_image_is_fail_even_if_lock_correct) ... ok

----------------------------------------------------------------------
Ran 30 tests in 0.614s

OK
