test_wrong_client_negative_schema_and_command_are_required (test_environment_network.NetworkEnvironmentTests.test_wrong_client_negative_schema_and_command_are_required) ... 
  test_wrong_client_negative_schema_and_command_are_required (test_environment_network.NetworkEnvironmentTests.test_wrong_client_negative_schema_and_command_are_required) (value=None) ... ERROR
  test_wrong_client_negative_schema_and_command_are_required (test_environment_network.NetworkEnvironmentTests.test_wrong_client_negative_schema_and_command_are_required) (value=[]) ... ERROR
  test_wrong_client_negative_schema_and_command_are_required (test_environment_network.NetworkEnvironmentTests.test_wrong_client_negative_schema_and_command_are_required) (value='PASS') ... ERROR
  test_wrong_client_negative_schema_and_command_are_required (test_environment_network.NetworkEnvironmentTests.test_wrong_client_negative_schema_and_command_are_required) (value={'status': 'FAIL', 'negative': 'wrong_hostname', 'observed': {'status': 'FAIL', 'reason': 'untrusted_ca', 'detail': 'unknown ca'}}) ... FAIL
test_wrong_client_negative_schema_and_command_are_required (test_environment_network.NetworkEnvironmentTests.test_wrong_client_negative_schema_and_command_are_required) ... FAIL
test_preserved_observations_cannot_compare_missing_equal (test_environment_network.NetworkEnvironmentTests.test_preserved_observations_cannot_compare_missing_equal) ... 
  test_preserved_observations_cannot_compare_missing_equal (test_environment_network.NetworkEnvironmentTests.test_preserved_observations_cannot_compare_missing_equal) (field='processes') ... FAIL
  test_preserved_observations_cannot_compare_missing_equal (test_environment_network.NetworkEnvironmentTests.test_preserved_observations_cannot_compare_missing_equal) (field='mountinfo') ... FAIL
  test_preserved_observations_cannot_compare_missing_equal (test_environment_network.NetworkEnvironmentTests.test_preserved_observations_cannot_compare_missing_equal) (field='iptables') ... FAIL
test_fault_counter_addresses_and_scope_are_exact (test_environment_network.NetworkEnvironmentTests.test_fault_counter_addresses_and_scope_are_exact) ... 
  test_fault_counter_addresses_and_scope_are_exact (test_environment_network.NetworkEnvironmentTests.test_fault_counter_addresses_and_scope_are_exact) (new='192.168.109.130') ... FAIL
  test_fault_counter_addresses_and_scope_are_exact (test_environment_network.NetworkEnvironmentTests.test_fault_counter_addresses_and_scope_are_exact) (new='192.168.109.12/0') ... FAIL
  test_fault_counter_addresses_and_scope_are_exact (test_environment_network.NetworkEnvironmentTests.test_fault_counter_addresses_and_scope_are_exact) (new='eth0   *') ... FAIL
  test_fault_counter_addresses_and_scope_are_exact (test_environment_network.NetworkEnvironmentTests.test_fault_counter_addresses_and_scope_are_exact) (new='udp dpt:195660') ... FAIL
test_client_command_cannot_mask_exit_with_extra_shell_commands (test_environment_network.NetworkEnvironmentTests.test_client_command_cannot_mask_exit_with_extra_shell_commands) ... 
  test_client_command_cannot_mask_exit_with_extra_shell_commands (test_environment_network.NetworkEnvironmentTests.test_client_command_cannot_mask_exit_with_extra_shell_commands) (suffix=' || true') ... FAIL
  test_client_command_cannot_mask_exit_with_extra_shell_commands (test_environment_network.NetworkEnvironmentTests.test_client_command_cannot_mask_exit_with_extra_shell_commands) (suffix=' --missing-client-cert') ... FAIL
test_rehashed_bad_semantics_cannot_pass (test_environment_network.NetworkEnvironmentTests.test_rehashed_bad_semantics_cannot_pass) ... 
  test_rehashed_bad_semantics_cannot_pass (test_environment_network.NetworkEnvironmentTests.test_rehashed_bad_semantics_cannot_pass) (name='missing-fault-nonce') ... FAIL
  test_rehashed_bad_semantics_cannot_pass (test_environment_network.NetworkEnvironmentTests.test_rehashed_bad_semantics_cannot_pass) (name='unbounded-fault-timeout') ... FAIL

======================================================================
ERROR: test_wrong_client_negative_schema_and_command_are_required (test_environment_network.NetworkEnvironmentTests.test_wrong_client_negative_schema_and_command_are_required) (value=None)
----------------------------------------------------------------------
Traceback (most recent call last):
  File "/tmp/afs-network-v68/acceptance/test_environment_network.py", line 221, in test_wrong_client_negative_schema_and_command_are_required
    self.assertEqual("FAIL", self.outcome(root, bundle)["status"])
                             ^^^^^^^^^^^^^^^^^^^^^^^^^^
  File "/tmp/afs-network-v68/acceptance/test_environment_network.py", line 32, in outcome
    report = environment.evaluate_environment(test_environment.lock(bundle["contract"]["sha256"]), bundle, root)
             ^^^^^^^^^^^^^^^^^^^^^^^^^^^^^^^^^^^^^^^^^^^^^^^^^^^^^^^^^^^^^^^^^^^^^^^^^^^^^^^^^^^^^^^^^^^^^^^^^^^
  File "/tmp/afs-network-v68/acceptance/environment.py", line 716, in evaluate_environment
    return _evaluate_environment(lock, bundle, artifact_root)
           ^^^^^^^^^^^^^^^^^^^^^^^^^^^^^^^^^^^^^^^^^^^^^^^^^^
  File "/tmp/afs-network-v68/acceptance/environment.py", line 701, in _evaluate_environment
    network_check = evaluate_network(bundle, artifact_root, refs)
                    ^^^^^^^^^^^^^^^^^^^^^^^^^^^^^^^^^^^^^^^^^^^^^
  File "/tmp/afs-network-v68/acceptance/environment.py", line 457, in evaluate_network
    observed = checks.get("tls_untrusted_client_cert", {}).get("observed") if isinstance(checks, dict) else None
               ^^^^^^^^^^^^^^^^^^^^^^^^^^^^^^^^^^^^^^^^^^^^^^^
AttributeError: 'NoneType' object has no attribute 'get'

======================================================================
ERROR: test_wrong_client_negative_schema_and_command_are_required (test_environment_network.NetworkEnvironmentTests.test_wrong_client_negative_schema_and_command_are_required) (value=[])
----------------------------------------------------------------------
Traceback (most recent call last):
  File "/tmp/afs-network-v68/acceptance/test_environment_network.py", line 221, in test_wrong_client_negative_schema_and_command_are_required
    self.assertEqual("FAIL", self.outcome(root, bundle)["status"])
                             ^^^^^^^^^^^^^^^^^^^^^^^^^^
  File "/tmp/afs-network-v68/acceptance/test_environment_network.py", line 32, in outcome
    report = environment.evaluate_environment(test_environment.lock(bundle["contract"]["sha256"]), bundle, root)
             ^^^^^^^^^^^^^^^^^^^^^^^^^^^^^^^^^^^^^^^^^^^^^^^^^^^^^^^^^^^^^^^^^^^^^^^^^^^^^^^^^^^^^^^^^^^^^^^^^^^
  File "/tmp/afs-network-v68/acceptance/environment.py", line 716, in evaluate_environment
    return _evaluate_environment(lock, bundle, artifact_root)
           ^^^^^^^^^^^^^^^^^^^^^^^^^^^^^^^^^^^^^^^^^^^^^^^^^^
  File "/tmp/afs-network-v68/acceptance/environment.py", line 701, in _evaluate_environment
    network_check = evaluate_network(bundle, artifact_root, refs)
                    ^^^^^^^^^^^^^^^^^^^^^^^^^^^^^^^^^^^^^^^^^^^^^
  File "/tmp/afs-network-v68/acceptance/environment.py", line 457, in evaluate_network
    observed = checks.get("tls_untrusted_client_cert", {}).get("observed") if isinstance(checks, dict) else None
               ^^^^^^^^^^^^^^^^^^^^^^^^^^^^^^^^^^^^^^^^^^^^^^^
AttributeError: 'list' object has no attribute 'get'

======================================================================
ERROR: test_wrong_client_negative_schema_and_command_are_required (test_environment_network.NetworkEnvironmentTests.test_wrong_client_negative_schema_and_command_are_required) (value='PASS')
----------------------------------------------------------------------
Traceback (most recent call last):
  File "/tmp/afs-network-v68/acceptance/test_environment_network.py", line 221, in test_wrong_client_negative_schema_and_command_are_required
    self.assertEqual("FAIL", self.outcome(root, bundle)["status"])
                             ^^^^^^^^^^^^^^^^^^^^^^^^^^
  File "/tmp/afs-network-v68/acceptance/test_environment_network.py", line 32, in outcome
    report = environment.evaluate_environment(test_environment.lock(bundle["contract"]["sha256"]), bundle, root)
             ^^^^^^^^^^^^^^^^^^^^^^^^^^^^^^^^^^^^^^^^^^^^^^^^^^^^^^^^^^^^^^^^^^^^^^^^^^^^^^^^^^^^^^^^^^^^^^^^^^^
  File "/tmp/afs-network-v68/acceptance/environment.py", line 716, in evaluate_environment
    return _evaluate_environment(lock, bundle, artifact_root)
           ^^^^^^^^^^^^^^^^^^^^^^^^^^^^^^^^^^^^^^^^^^^^^^^^^^
  File "/tmp/afs-network-v68/acceptance/environment.py", line 701, in _evaluate_environment
    network_check = evaluate_network(bundle, artifact_root, refs)
                    ^^^^^^^^^^^^^^^^^^^^^^^^^^^^^^^^^^^^^^^^^^^^^
  File "/tmp/afs-network-v68/acceptance/environment.py", line 457, in evaluate_network
    observed = checks.get("tls_untrusted_client_cert", {}).get("observed") if isinstance(checks, dict) else None
               ^^^^^^^^^^^^^^^^^^^^^^^^^^^^^^^^^^^^^^^^^^^^^^^
AttributeError: 'str' object has no attribute 'get'

======================================================================
FAIL: test_wrong_client_negative_schema_and_command_are_required (test_environment_network.NetworkEnvironmentTests.test_wrong_client_negative_schema_and_command_are_required) (value={'status': 'FAIL', 'negative': 'wrong_hostname', 'observed': {'status': 'FAIL', 'reason': 'untrusted_ca', 'detail': 'unknown ca'}})
----------------------------------------------------------------------
Traceback (most recent call last):
  File "/tmp/afs-network-v68/acceptance/test_environment_network.py", line 221, in test_wrong_client_negative_schema_and_command_are_required
    self.assertEqual("FAIL", self.outcome(root, bundle)["status"])
AssertionError: 'FAIL' != 'PASS'
- FAIL
+ PASS


======================================================================
FAIL: test_wrong_client_negative_schema_and_command_are_required (test_environment_network.NetworkEnvironmentTests.test_wrong_client_negative_schema_and_command_are_required)
----------------------------------------------------------------------
Traceback (most recent call last):
  File "/tmp/afs-network-v68/acceptance/test_environment_network.py", line 229, in test_wrong_client_negative_schema_and_command_are_required
    self.assertEqual("FAIL", self.outcome(root, bundle)["status"])
AssertionError: 'FAIL' != 'PASS'
- FAIL
+ PASS


======================================================================
FAIL: test_preserved_observations_cannot_compare_missing_equal (test_environment_network.NetworkEnvironmentTests.test_preserved_observations_cannot_compare_missing_equal) (field='processes')
----------------------------------------------------------------------
Traceback (most recent call last):
  File "/tmp/afs-network-v68/acceptance/test_environment_network.py", line 238, in test_preserved_observations_cannot_compare_missing_equal
    self.assertEqual("FAIL", self.outcome(root, bundle)["status"])
AssertionError: 'FAIL' != 'PASS'
- FAIL
+ PASS


======================================================================
FAIL: test_preserved_observations_cannot_compare_missing_equal (test_environment_network.NetworkEnvironmentTests.test_preserved_observations_cannot_compare_missing_equal) (field='mountinfo')
----------------------------------------------------------------------
Traceback (most recent call last):
  File "/tmp/afs-network-v68/acceptance/test_environment_network.py", line 238, in test_preserved_observations_cannot_compare_missing_equal
    self.assertEqual("FAIL", self.outcome(root, bundle)["status"])
AssertionError: 'FAIL' != 'PASS'
- FAIL
+ PASS


======================================================================
FAIL: test_preserved_observations_cannot_compare_missing_equal (test_environment_network.NetworkEnvironmentTests.test_preserved_observations_cannot_compare_missing_equal) (field='iptables')
----------------------------------------------------------------------
Traceback (most recent call last):
  File "/tmp/afs-network-v68/acceptance/test_environment_network.py", line 238, in test_preserved_observations_cannot_compare_missing_equal
    self.assertEqual("FAIL", self.outcome(root, bundle)["status"])
AssertionError: 'FAIL' != 'PASS'
- FAIL
+ PASS


======================================================================
FAIL: test_fault_counter_addresses_and_scope_are_exact (test_environment_network.NetworkEnvironmentTests.test_fault_counter_addresses_and_scope_are_exact) (new='192.168.109.130')
----------------------------------------------------------------------
Traceback (most recent call last):
  File "/tmp/afs-network-v68/acceptance/test_environment_network.py", line 251, in test_fault_counter_addresses_and_scope_are_exact
    self.assertEqual("FAIL", self.outcome(root, bundle)["status"])
AssertionError: 'FAIL' != 'PASS'
- FAIL
+ PASS


======================================================================
FAIL: test_fault_counter_addresses_and_scope_are_exact (test_environment_network.NetworkEnvironmentTests.test_fault_counter_addresses_and_scope_are_exact) (new='192.168.109.12/0')
----------------------------------------------------------------------
Traceback (most recent call last):
  File "/tmp/afs-network-v68/acceptance/test_environment_network.py", line 251, in test_fault_counter_addresses_and_scope_are_exact
    self.assertEqual("FAIL", self.outcome(root, bundle)["status"])
AssertionError: 'FAIL' != 'PASS'
- FAIL
+ PASS


======================================================================
FAIL: test_fault_counter_addresses_and_scope_are_exact (test_environment_network.NetworkEnvironmentTests.test_fault_counter_addresses_and_scope_are_exact) (new='eth0   *')
----------------------------------------------------------------------
Traceback (most recent call last):
  File "/tmp/afs-network-v68/acceptance/test_environment_network.py", line 251, in test_fault_counter_addresses_and_scope_are_exact
    self.assertEqual("FAIL", self.outcome(root, bundle)["status"])
AssertionError: 'FAIL' != 'PASS'
- FAIL
+ PASS


======================================================================
FAIL: test_fault_counter_addresses_and_scope_are_exact (test_environment_network.NetworkEnvironmentTests.test_fault_counter_addresses_and_scope_are_exact) (new='udp dpt:195660')
----------------------------------------------------------------------
Traceback (most recent call last):
  File "/tmp/afs-network-v68/acceptance/test_environment_network.py", line 251, in test_fault_counter_addresses_and_scope_are_exact
    self.assertEqual("FAIL", self.outcome(root, bundle)["status"])
AssertionError: 'FAIL' != 'PASS'
- FAIL
+ PASS


======================================================================
FAIL: test_client_command_cannot_mask_exit_with_extra_shell_commands (test_environment_network.NetworkEnvironmentTests.test_client_command_cannot_mask_exit_with_extra_shell_commands) (suffix=' || true')
----------------------------------------------------------------------
Traceback (most recent call last):
  File "/tmp/afs-network-v68/acceptance/test_environment_network.py", line 263, in test_client_command_cannot_mask_exit_with_extra_shell_commands
    self.assertEqual("FAIL", self.outcome(root, bundle)["status"])
AssertionError: 'FAIL' != 'PASS'
- FAIL
+ PASS


======================================================================
FAIL: test_client_command_cannot_mask_exit_with_extra_shell_commands (test_environment_network.NetworkEnvironmentTests.test_client_command_cannot_mask_exit_with_extra_shell_commands) (suffix=' --missing-client-cert')
----------------------------------------------------------------------
Traceback (most recent call last):
  File "/tmp/afs-network-v68/acceptance/test_environment_network.py", line 263, in test_client_command_cannot_mask_exit_with_extra_shell_commands
    self.assertEqual("FAIL", self.outcome(root, bundle)["status"])
AssertionError: 'FAIL' != 'PASS'
- FAIL
+ PASS


======================================================================
FAIL: test_rehashed_bad_semantics_cannot_pass (test_environment_network.NetworkEnvironmentTests.test_rehashed_bad_semantics_cannot_pass) (name='missing-fault-nonce')
----------------------------------------------------------------------
Traceback (most recent call last):
  File "/tmp/afs-network-v68/acceptance/test_environment_network.py", line 97, in test_rehashed_bad_semantics_cannot_pass
    self.assertEqual("FAIL", self.outcome(root, bundle)["status"])
AssertionError: 'FAIL' != 'PASS'
- FAIL
+ PASS


======================================================================
FAIL: test_rehashed_bad_semantics_cannot_pass (test_environment_network.NetworkEnvironmentTests.test_rehashed_bad_semantics_cannot_pass) (name='unbounded-fault-timeout')
----------------------------------------------------------------------
Traceback (most recent call last):
  File "/tmp/afs-network-v68/acceptance/test_environment_network.py", line 97, in test_rehashed_bad_semantics_cannot_pass
    self.assertEqual("FAIL", self.outcome(root, bundle)["status"])
AssertionError: 'FAIL' != 'PASS'
- FAIL
+ PASS


----------------------------------------------------------------------
Ran 5 tests in 0.443s

FAILED (failures=13, errors=3)
