    Finished `test` profile [unoptimized + debuginfo] target(s) in 0.08s
     Running unittests src/lib.rs (/home/lzc.guest/afs-build/target/debug/deps/afs-586e1b701367e588)

running 20 tests
test meta::dfs::read_recovery_tests::corruption_report_blocks_when_all_sources_are_bad ... ok
test meta::dfs::read_recovery_tests::corruption_report_exact_replay_does_not_remark_newer_repaired_copy ... ok
test meta::dfs::read_recovery_tests::corruption_report_fresh_stale_quarantine_ack_preserves_newer_repair ... ok
test meta::dfs::read_recovery_tests::corruption_report_excludes_bad_own_copy_and_persists_repair_debt ... ok
test meta::dfs::read_recovery_tests::corruption_report_rejects_forged_identity_device_revision_and_session ... ok
test meta::dfs::read_recovery_tests::corruption_report_rejects_modified_request_reusing_same_operation ... ok
test meta::dfs::read_recovery_tests::live_read_copy_allows_new_writes_above_startup_catalog_floor ... ok
test meta::dfs::read_recovery_tests::late_exact_report_with_full_receipts_completes_and_replays ... ok
test meta::dfs::read_recovery_tests::recovered_r1_copy_serves_new_epoch_without_mutating_durable_evidence ... ok
test meta::dfs::read_recovery_tests::mismatched_source_copy_is_not_claimable ... ok
test meta::dfs::read_recovery_tests::recovered_read_copy_rejects_regressed_missing_expired_or_wrong_authority ... ok
test meta::dfs::read_recovery_tests::repair_report_requires_full_desired_receipts ... ok
test meta::dfs::read_recovery_tests::recovered_read_copy_rejects_changed_device_and_insufficient_catalog ... ok
test meta::dfs::read_recovery_tests::replication_claim_is_idempotent_and_digest_bound ... ok
test meta::dfs::read_recovery_tests::expired_worker_blocks_without_source_before_repair_lease_expires ... ok
test meta::dfs::read_recovery_tests::restarted_worker_reclaims_unexpired_repair_without_waiting_for_task_lease ... ok
test meta::dfs::read_recovery_tests::restored_source_device_can_claim_repair_with_new_epoch ... ok
test meta::dfs::read_recovery_tests::source_invalid_marks_only_proven_source_and_blocks_without_live_source ... ok
test meta::dfs::read_recovery_tests::stale_reassigned_report_returns_superseded_code ... ok
test meta::dfs::read_recovery_tests::lost_target_persists_repair_debt_before_replacement_is_available ... ok

test result: ok. 20 passed; 0 failed; 0 ignored; 0 measured; 378 filtered out; finished in 0.28s

