    Finished `test` profile [unoptimized + debuginfo] target(s) in 0.06s
     Running unittests src/lib.rs (/home/lzc.guest/afs-build/target/debug/deps/afs-586e1b701367e588)

running 28 tests
test meta::store::etcd::tests::etcd_ack_reconnect_and_stale_cas_on_dedicated_instance ... ok
test meta::store::local_file::tests::empty_snapshot_is_corruption_not_fresh_authority ... ok
test meta::store::local_file::tests::process_lock_rejects_second_open ... ok
test meta::store::local_file::tests::checksum_corruption_is_rejected ... ok
test meta::store::redis::tests::parses_required_config_get_shape ... ok
test meta::store::redis::tests::redis_ack_reconnect_and_stale_cas_on_dedicated_instance ... ignored, requires a fresh dedicated durable Redis; see development/validation.md
test meta::store::local_file::tests::replays_committed_frames_after_reopen ... ok
test meta::store::tests::current_session_match_rejects_expired_session ... ok
test meta::store::tests::entity_names_are_stable_for_diagnostics ... ok
test meta::store::local_file::tests::torn_wal_tail_is_truncated_and_ignored ... ok
test meta::store::tests::concurrent_commands_keep_distinct_ordered_logical_revisions ... ok
test meta::store::tests::expired_session_id_cannot_be_registered_again ... ok
test meta::store::tests::node_session_liveness_uses_strict_expiry_boundary ... ok
test meta::store::tests::meta_store_is_replaceable_behind_a_trait_object ... ok
test meta::store::tests::failed_commit_poison_store_instead_of_exposing_stale_authority ... ok
test meta::store::tests::pinned_read_view_keeps_one_revision_across_later_commits ... ok
test meta::store::tests::pending_write_is_invisible_until_backend_ack ... ok
test meta::store::tests::root_grant_read_rejects_expired_holder_session ... ok
test meta::store::tests::root_grant_read_rejects_expired_home_session ... ok
test meta::store::tests::store_replays_business_state_from_dedicated_etcd ... ok
test meta::store::tests::transaction_rejects_reused_request_id_for_other_operation ... ok
test meta::store::tests::transaction_requires_same_commit_idempotent_outcome ... ok
test meta::store::tests::unavailable_store_is_explicit_not_an_in_memory_fallback ... ok
test meta::store::tests::watch_allows_multiple_ordered_keys_in_one_revision ... ok
test meta::store::tests::watch_batch_rejects_duplicate_positions_within_a_revision ... ok
test meta::store::tests::snapshot_bytes_are_independent_of_hash_map_insertion_order ... ok
test meta::store::tests::replay_and_session_fencing_survive_store_reopen ... ok
test meta::store::local_file::tests::compaction_bounds_wal_growth ... ok

test result: ok. 27 passed; 0 failed; 1 ignored; 0 measured; 370 filtered out; finished in 0.18s

