AFS_RDMA_GID index=1 address=::ffff:192.168.109.12 family=ipv4
fuse: warning: library too old, some operations may not work
{"msg":"Mounting /mnt/lima-afsadata/afs-delivery/20260930-rdma-ab-02/r1/mount","level":"INFO","ts":"2026-09-30T10:16:33.495129681Z","instance":"rdma-node-a","service_name":"afs-node"}
{"msg":"node.ready","level":"INFO","ts":"2026-09-30T10:16:33.497657158Z","instance":"rdma-node-a","service_name":"afs-node","dfs":true,"ownerfs":false,"uds":"/var/tmp/afs-20260930-rdma-ab-02-r1-a/node.sock","rest":"0.0.0.0:18451","grpc":"0.0.0.0:18450"}
{"msg":"FUSE request failed","level":"ERRO","ts":"2026-09-30T10:16:34.852734933Z","instance":"rdma-node-a","service_name":"afs-node","message":"DFS dentry not found","kind":"NotFound","code":34078721}
{"msg":"fuse.create","level":"INFO","ts":"2026-09-30T10:16:34.852760262Z","instance":"rdma-node-a","service_name":"afs-node","name":"payload.bin","parent":1}
{"msg":"FUSE request failed","level":"ERRO","ts":"2026-09-30T10:16:34.859636718Z","instance":"rdma-node-a","service_name":"afs-node","message":"DFS currently supports only user.* xattrs","kind":"FailedPrecondition","code":67305489}
AFS_RDMA_GID index=1 address=::ffff:192.168.109.12 family=ipv4
AFS_RDMA_PROBE receive_complete
AFS_RDMA_COMPLETE op=WRITE bytes=131072
AFS_RDMA_COMPLETE op=WRITE bytes=131072
AFS_RDMA_COMPLETE op=WRITE bytes=131072
AFS_RDMA_COMPLETE op=WRITE bytes=131072
AFS_RDMA_COMPLETE op=WRITE bytes=131072
AFS_RDMA_COMPLETE op=WRITE bytes=131072
AFS_RDMA_COMPLETE op=WRITE bytes=131072
AFS_RDMA_COMPLETE op=WRITE bytes=131072
AFS_RDMA_COMPLETE op=WRITE bytes=131072
AFS_RDMA_COMPLETE op=WRITE bytes=131072
AFS_RDMA_COMPLETE op=WRITE bytes=131072
AFS_RDMA_COMPLETE op=WRITE bytes=131072
AFS_RDMA_COMPLETE op=WRITE bytes=131072
AFS_RDMA_COMPLETE op=WRITE bytes=131072
AFS_RDMA_COMPLETE op=WRITE bytes=131072
AFS_RDMA_COMPLETE op=WRITE bytes=131072
AFS_RDMA_COMPLETE op=WRITE bytes=131072
AFS_RDMA_COMPLETE op=WRITE bytes=131072
AFS_RDMA_COMPLETE op=WRITE bytes=131072
AFS_RDMA_COMPLETE op=WRITE bytes=131072
AFS_RDMA_COMPLETE op=WRITE bytes=131072
AFS_RDMA_COMPLETE op=WRITE bytes=131072
AFS_RDMA_COMPLETE op=WRITE bytes=131072
AFS_RDMA_COMPLETE op=WRITE bytes=131072
AFS_RDMA_COMPLETE op=WRITE bytes=131072
AFS_RDMA_COMPLETE op=WRITE bytes=131072
AFS_RDMA_COMPLETE op=WRITE bytes=131072
AFS_RDMA_COMPLETE op=WRITE bytes=131072
AFS_RDMA_COMPLETE op=WRITE bytes=131072
AFS_RDMA_COMPLETE op=WRITE bytes=131072
AFS_RDMA_COMPLETE op=WRITE bytes=131072
AFS_RDMA_COMPLETE op=WRITE bytes=131072
AFS_RDMA_COMPLETE op=WRITE bytes=17
