Host information
	Hostname:   lima-afs-g1-clean
	Python:     3.12.3 (main, Mar  3 2026, 12:15:18) [GCC 13.3.0]
	Directory:  /var/tmp/afs-e2e-20261006-r1/results/owner-ltp-r1/artifacts/std-02-ltp/commands/0004-stat01/kirk-tmp/kirk.root/tmpg7g6k82a

Connecting to SUT: default

cd '/var/tmp/afs-e2e-20261006-r1/mount/ownerfs/g2-e2e-owner/.lca0c596c/0004/w' && export LTPROOT='/var/tmp/afs-e2e-20261006-r1/suites/ltp-small-install' && export PATH='/var/tmp/afs-e2e-20261006-r1/suites/ltp-small-install/testcases/bin:/var/tmp/afs-e2e-20261006-r1/suites/ltp-small-install/bin':"$PATH" && export TMPDIR='/var/tmp/afs-e2e-20261006-r1/mount/ownerfs/g2-e2e-owner/.lca0c596c/0004/t' && export TMP='/var/tmp/afs-e2e-20261006-r1/mount/ownerfs/g2-e2e-owner/.lca0c596c/0004/t' && export TEMP='/var/tmp/afs-e2e-20261006-r1/mount/ownerfs/g2-e2e-owner/.lca0c596c/0004/t' && stat01
tst_tmpdir.c:308: TINFO: Using /var/tmp/afs-e2e-20261006-r1/mount/ownerfs/g2-e2e-owner/.lca0c596c/0004/t/LTP_staf4PH4X as tmpdir (fuse filesystem)
tst_test.c:2042: TINFO: LTP version: 20260529
tst_test.c:2045: TINFO: Tested kernel: 6.8.0-106-generic #106-Ubuntu SMP PREEMPT_DYNAMIC Fri Mar  6 07:44:40 UTC 2026 aarch64
tst_kconfig.c:90: TINFO: Parsing kernel config '/lib/modules/6.8.0-106-generic/build/.config'
tst_test.c:1870: TINFO: Overall timeout per run is 0h 00m 30s
stat01.c:41: TPASS: stat(tc->pathname, &stat_buf) passed
stat01.c:43: TPASS: stat_buf.st_uid == user_id (65534)
stat01.c:44: TPASS: stat_buf.st_gid == group_id (0)
stat01.c:45: TPASS: stat_buf.st_size == FILE_SIZE (1024)
stat01.c:46: TPASS: stat_buf.st_mode & MASK == tc->mode (438)
stat01.c:47: TPASS: stat_buf.st_nlink == 1 (1)
stat01.c:41: TPASS: stat(tc->pathname, &stat_buf) passed
stat01.c:43: TPASS: stat_buf.st_uid == user_id (65534)
stat01.c:44: TPASS: stat_buf.st_gid == group_id (0)
stat01.c:45: TPASS: stat_buf.st_size == FILE_SIZE (1024)
stat01.c:46: TPASS: stat_buf.st_mode & MASK == tc->mode (146)
stat01.c:47: TPASS: stat_buf.st_nlink == 1 (1)

Summary:
passed   12
failed   0
broken   0
skipped  0
warnings 0

Exit code: 0

Disconnecting from SUT: default
Session stopped
