{
  "schema": "afs.dfs_small_fixture.v1",
  "action": "preflight",
  "role": "b",
  "root": "/mnt/lima-afsbdata/afs-delivery/dfs-small-6d-20261007-r1",
  "time_unix_ns": 1791324155855998177,
  "status": "PASS_CONFIG_ADMISSION_ONLY",
  "identities": {
    "node": {
      "path": "/mnt/lima-afsbdata/afs-delivery/dfs-small-6d-20261007-r1/prefix/bin/afs-node",
      "sha256": "2cf1f538fe7af332a711f3c66a074ace140c00773826a182709a6445b8ae2645",
      "bytes": 25880120
    },
    "afs-processctl": {
      "path": "/mnt/lima-afsbdata/afs-delivery/dfs-small-6d-20261007-r1/prefix/bin/afs-processctl",
      "sha256": "1ea10552180c917da2c598bee9dd8fecee7be26ae9d70dcdcba2e4829150d896",
      "bytes": 27095
    },
    "io": {
      "path": "/mnt/lima-afsbdata/afs-delivery/dfs-small-6d-20261007-r1/tools/io",
      "sha256": "70ac97c7634d406a177a74c783d446b62a2014ba198586132882a1d9228e55e8",
      "bytes": 72400
    }
  },
  "config_sha256": "885993757201ff6e149350f151fade9cb7477c4f9c2d53b4b165ce967e1bc039",
  "tls_sha256": {
    "/mnt/lima-afsbdata/afs-delivery/dfs-small-6d-20261007-r1/etc/tls/ca.pem": "4947b5b880f2d72a88589f90092988494e146c641953f1f2812dd5ce11914864",
    "/mnt/lima-afsbdata/afs-delivery/dfs-small-6d-20261007-r1/etc/tls/meta.pem": "2f20dc74467906b25426e6414aa5cae29b53523d3a8d4a22ba9f582b3441213b",
    "/mnt/lima-afsbdata/afs-delivery/dfs-small-6d-20261007-r1/etc/tls/dfs-a-r1.pem": "f05d12718c161c10ff39bb94ac8e52b218f69d46f029f73892b9edff308c70a2",
    "/mnt/lima-afsbdata/afs-delivery/dfs-small-6d-20261007-r1/etc/tls/dfs-b-r1.pem": "fc00912f4fd2e19e185ab17f698719606d79ff9fa180d1cb0728a6a338386fd9",
    "/mnt/lima-afsbdata/afs-delivery/dfs-small-6d-20261007-r1/etc/tls/dfs-c-r1.pem": "242a4193ca98a2a8eeec86a614683875b447d26a0366fe6b5321c2b4fece3ae0"
  },
  "print_config": {
    "id": "dfs-b-r1",
    "grpc_listen": "0.0.0.0:23200",
    "rest_listen": "0.0.0.0:23201",
    "meta_endpoint": "https://192.168.109.11:23100",
    "etcd_endpoint": null,
    "redis_endpoint": null,
    "meta_store": "etcd",
    "allow_volatile_meta": false,
    "peer_endpoint": null,
    "advertise_endpoint": "https://192.168.109.13:23200",
    "tls_ca_certificate": "/mnt/lima-afsbdata/afs-delivery/dfs-small-6d-20261007-r1/etc/tls/ca.pem",
    "tls_identity_certificate": "/mnt/lima-afsbdata/afs-delivery/dfs-small-6d-20261007-r1/etc/tls/dfs-b-r1.pem",
    "tls_identity_private_key": "/mnt/lima-afsbdata/afs-delivery/dfs-small-6d-20261007-r1/etc/tls/dfs-b-r1-key.pem",
    "tls_server_name": "afs-meta",
    "trusted_node_certs": {
      "dfs-c-r1": "/mnt/lima-afsbdata/afs-delivery/dfs-small-6d-20261007-r1/etc/tls/dfs-c-r1.pem",
      "dfs-a-r1": "/mnt/lima-afsbdata/afs-delivery/dfs-small-6d-20261007-r1/etc/tls/dfs-a-r1.pem",
      "dfs-b-r1": "/mnt/lima-afsbdata/afs-delivery/dfs-small-6d-20261007-r1/etc/tls/dfs-b-r1.pem"
    },
    "ownerfs": false,
    "dfs": true,
    "data_mode": "grpc",
    "rdma_device": null,
    "data_dir": "/mnt/lima-afsbdata/afs-delivery/dfs-small-6d-20261007-r1/state/node",
    "uds_path": "/mnt/lima-afsbdata/afs-delivery/dfs-small-6d-20261007-r1/run/node.sock",
    "ownerfs_mount": null,
    "experimental_native_workspace": false,
    "native_workspace": null,
    "dfs_mount": "/mnt/lima-afsbdata/afs-delivery/dfs-small-6d-20261007-r1/mount/dfs",
    "dfs_desired_copies": 2,
    "dfs_sync_required_copies": 2,
    "dfs_min_distinct_nodes": 2,
    "dfs_min_distinct_failure_domains": 2,
    "dfs_local_copy": "required",
    "dfs_read_max_ops_per_batch": 128,
    "dfs_read_max_inflight_bytes": 8388608,
    "dfs_read_source_cache_ttl_ms": 500,
    "timeout_ms": 5000,
    "log_level": "info",
    "trace_enabled": false,
    "trace_endpoint": "http://127.0.0.1:4317",
    "trace_sample_ratio": 0.01
  },
  "capacity": {
    "volume": {
      "target": "/mnt/lima-afsbdata",
      "source": "/dev/vdb1",
      "fstype": "ext4",
      "options": "rw,relatime"
    },
    "available_bytes": 18626187264,
    "allocated_bytes": 26116096,
    "budget_bytes": 536870912,
    "free_floor_bytes": 1073741824,
    "scope": "single 64MiB file, R2 local storage/dirty view, binaries and bounded logs"
  },
  "inventory": {
    "boot_id": "3adebcd0-cb31-4df0-b18a-e970786ab7fb",
    "old_processes": [],
    "mount_inventory": [
      {
        "target": "/",
        "source": "/dev/vda1",
        "fstype": "ext4",
        "options": "rw,relatime,discard,errors=remount-ro,commit=30",
        "id": 32,
        "children": [
          {
            "target": "/sys",
            "source": "sysfs",
            "fstype": "sysfs",
            "options": "rw,nosuid,nodev,noexec,relatime",
            "id": 26,
            "children": [
              {
                "target": "/sys/firmware/efi/efivars",
                "source": "efivarfs",
                "fstype": "efivarfs",
                "options": "rw,nosuid,nodev,noexec,relatime",
                "id": 31
              },
              {
                "target": "/sys/kernel/security",
                "source": "securityfs",
                "fstype": "securityfs",
                "options": "rw,nosuid,nodev,noexec,relatime",
                "id": 33
              },
              {
                "target": "/sys/fs/cgroup",
                "source": "cgroup2",
                "fstype": "cgroup2",
                "options": "rw,nosuid,nodev,noexec,relatime,nsdelegate,memory_recursiveprot",
                "id": 36
              },
              {
                "target": "/sys/fs/pstore",
                "source": "pstore",
                "fstype": "pstore",
                "options": "rw,nosuid,nodev,noexec,relatime",
                "id": 37
              },
              {
                "target": "/sys/fs/bpf",
                "source": "bpf",
                "fstype": "bpf",
                "options": "rw,nosuid,nodev,noexec,relatime,mode=700",
                "id": 38
              },
              {
                "target": "/sys/kernel/debug",
                "source": "debugfs",
                "fstype": "debugfs",
                "options": "rw,nosuid,nodev,noexec,relatime",
                "id": 42,
                "children": [
                  {
                    "target": "/sys/kernel/debug/tracing",
                    "source": "tracefs",
                    "fstype": "tracefs",
                    "options": "rw,nosuid,nodev,noexec,relatime",
                    "id": 129
                  }
                ]
              },
              {
                "target": "/sys/kernel/tracing",
                "source": "tracefs",
                "fstype": "tracefs",
                "options": "rw,nosuid,nodev,noexec,relatime",
                "id": 43
              },
              {
                "target": "/sys/fs/fuse/connections",
                "source": "fusectl",
                "fstype": "fusectl",
                "options": "rw,nosuid,nodev,noexec,relatime",
                "id": 44
              },
              {
                "target": "/sys/kernel/config",
                "source": "configfs",
                "fstype": "configfs",
                "options": "rw,nosuid,nodev,noexec,relatime",
                "id": 45
              }
            ]
          },
          {
            "target": "/proc",
            "source": "proc",
            "fstype": "proc",
            "options": "rw,nosuid,nodev,noexec,relatime",
            "id": 27,
            "children": [
              {
                "target": "/proc/sys/fs/binfmt_misc",
                "source": "systemd-1",
                "fstype": "autofs",
                "options": "rw,relatime,fd=32,pgrp=1,timeout=0,minproto=5,maxproto=5,direct,pipe_ino=5198",
                "id": 39,
                "children": [
                  {
                    "target": "/proc/sys/fs/binfmt_misc",
                    "source": "binfmt_misc",
                    "fstype": "binfmt_misc",
                    "options": "rw,nosuid,nodev,noexec,relatime",
                    "id": 51
                  }
                ]
              }
            ]
          },
          {
            "target": "/dev",
            "source": "udev",
            "fstype": "devtmpfs",
            "options": "rw,nosuid,relatime,size=2974872k,nr_inodes=743718,mode=755,inode64",
            "id": 28,
            "children": [
              {
                "target": "/dev/pts",
                "source": "devpts",
                "fstype": "devpts",
                "options": "rw,nosuid,noexec,relatime,gid=5,mode=620,ptmxmode=000",
                "id": 29
              },
              {
                "target": "/dev/shm",
                "source": "tmpfs",
                "fstype": "tmpfs",
                "options": "rw,nosuid,nodev,inode64",
                "id": 34
              },
              {
                "target": "/dev/hugepages",
                "source": "hugetlbfs",
                "fstype": "hugetlbfs",
                "options": "rw,nosuid,nodev,relatime,pagesize=2M",
                "id": 40
              },
              {
                "target": "/dev/mqueue",
                "source": "mqueue",
                "fstype": "mqueue",
                "options": "rw,nosuid,nodev,noexec,relatime",
                "id": 41
              }
            ]
          },
          {
            "target": "/run",
            "source": "tmpfs",
            "fstype": "tmpfs",
            "options": "rw,nosuid,nodev,noexec,relatime,size=605372k,mode=755,inode64",
            "id": 30,
            "children": [
              {
                "target": "/run/lock",
                "source": "tmpfs",
                "fstype": "tmpfs",
                "options": "rw,nosuid,nodev,noexec,relatime,size=5120k,inode64",
                "id": 35
              },
              {
                "target": "/run/user/501",
                "source": "tmpfs",
                "fstype": "tmpfs",
                "options": "rw,nosuid,nodev,relatime,size=605368k,nr_inodes=151342,mode=700,uid=501,gid=1000,inode64",
                "id": 58
              }
            ]
          },
          {
            "target": "/boot",
            "source": "/dev/vda16",
            "fstype": "ext4",
            "options": "rw,relatime",
            "id": 47,
            "children": [
              {
                "target": "/boot/efi",
                "source": "/dev/vda15",
                "fstype": "vfat",
                "options": "rw,relatime,fmask=0077,dmask=0077,codepage=437,iocharset=iso8859-1,shortname=mixed,errors=remount-ro",
                "id": 49
              }
            ]
          },
          {
            "target": "/mnt/lima-cidata",
            "source": "/dev/vdc",
            "fstype": "iso9660",
            "options": "ro,relatime,nojoliet,overriderockperm,check=s,map=n,blocksize=2048,uid=0,dmode=700,fmode=700,iocharset=utf8",
            "id": 91
          },
          {
            "target": "/mnt/lima-afsbdata",
            "source": "/dev/vdb1",
            "fstype": "ext4",
            "options": "rw,relatime",
            "id": 100
          }
        ]
      }
    ],
    "selected_ports": [
      23200,
      23201
    ]
  },
  "remaining": "live authenticated connectivity/mount, writer commit, two reader content and timing, normal processctl cleanup; not three-sync/3FS qualification",
  "commands": [
    {
      "argv": [
        "findmnt",
        "-J",
        "-o",
        "TARGET,SOURCE,FSTYPE,OPTIONS,ID"
      ],
      "returncode": 0,
      "stdout": "{\n   \"filesystems\": [\n      {\n         \"target\": \"/\",\n         \"source\": \"/dev/vda1\",\n         \"fstype\": \"ext4\",\n         \"options\": \"rw,relatime,discard,errors=remount-ro,commit=30\",\n         \"id\": 32,\n         \"children\": [\n            {\n               \"target\": \"/sys\",\n               \"source\": \"sysfs\",\n               \"fstype\": \"sysfs\",\n               \"options\": \"rw,nosuid,nodev,noexec,relatime\",\n               \"id\": 26,\n               \"children\": [\n                  {\n                     \"target\": \"/sys/firmware/efi/efivars\",\n                     \"source\": \"efivarfs\",\n                     \"fstype\": \"efivarfs\",\n                     \"options\": \"rw,nosuid,nodev,noexec,relatime\",\n                     \"id\": 31\n                  },{\n                     \"target\": \"/sys/kernel/security\",\n                     \"source\": \"securityfs\",\n                     \"fstype\": \"securityfs\",\n                     \"options\": \"rw,nosuid,nodev,noexec,relatime\",\n                     \"id\": 33\n                  },{\n                     \"target\": \"/sys/fs/cgroup\",\n                     \"source\": \"cgroup2\",\n                     \"fstype\": \"cgroup2\",\n                     \"options\": \"rw,nosuid,nodev,noexec,relatime,nsdelegate,memory_recursiveprot\",\n                     \"id\": 36\n                  },{\n                     \"target\": \"/sys/fs/pstore\",\n                     \"source\": \"pstore\",\n                     \"fstype\": \"pstore\",\n                     \"options\": \"rw,nosuid,nodev,noexec,relatime\",\n                     \"id\": 37\n                  },{\n                     \"target\": \"/sys/fs/bpf\",\n                     \"source\": \"bpf\",\n                     \"fstype\": \"bpf\",\n                     \"options\": \"rw,nosuid,nodev,noexec,relatime,mode=700\",\n                     \"id\": 38\n                  },{\n                     \"target\": \"/sys/kernel/debug\",\n                     \"source\": \"debugfs\",\n                     \"fstype\": \"debugfs\",\n                     \"options\": \"rw,nosuid,nodev,noexec,relatime\",\n                     \"id\": 42,\n                     \"children\": [\n                        {\n                           \"target\": \"/sys/kernel/debug/tracing\",\n                           \"source\": \"tracefs\",\n                           \"fstype\": \"tracefs\",\n                           \"options\": \"rw,nosuid,nodev,noexec,relatime\",\n                           \"id\": 129\n                        }\n                     ]\n                  },{\n                     \"target\": \"/sys/kernel/tracing\",\n                     \"source\": \"tracefs\",\n                     \"fstype\": \"tracefs\",\n                     \"options\": \"rw,nosuid,nodev,noexec,relatime\",\n                     \"id\": 43\n                  },{\n                     \"target\": \"/sys/fs/fuse/connections\",\n                     \"source\": \"fusectl\",\n                     \"fstype\": \"fusectl\",\n                     \"options\": \"rw,nosuid,nodev,noexec,relatime\",\n                     \"id\": 44\n                  },{\n                     \"target\": \"/sys/kernel/config\",\n                     \"source\": \"configfs\",\n                     \"fstype\": \"configfs\",\n                     \"options\": \"rw,nosuid,nodev,noexec,relatime\",\n                     \"id\": 45\n                  }\n               ]\n            },{\n               \"target\": \"/proc\",\n               \"source\": \"proc\",\n               \"fstype\": \"proc\",\n               \"options\": \"rw,nosuid,nodev,noexec,relatime\",\n               \"id\": 27,\n               \"children\": [\n                  {\n                     \"target\": \"/proc/sys/fs/binfmt_misc\",\n                     \"source\": \"systemd-1\",\n                     \"fstype\": \"autofs\",\n                     \"options\": \"rw,relatime,fd=32,pgrp=1,timeout=0,minproto=5,maxproto=5,direct,pipe_ino=5198\",\n                     \"id\": 39,\n                     \"children\": [\n                        {\n                           \"target\": \"/proc/sys/fs/binfmt_misc\",\n                           \"source\": \"binfmt_misc\",\n                           \"fstype\": \"binfmt_misc\",\n                           \"options\": \"rw,nosuid,nodev,noexec,relatime\",\n                           \"id\": 51\n                        }\n                     ]\n                  }\n               ]\n            },{\n               \"target\": \"/dev\",\n               \"source\": \"udev\",\n               \"fstype\": \"devtmpfs\",\n               \"options\": \"rw,nosuid,relatime,size=2974872k,nr_inodes=743718,mode=755,inode64\",\n               \"id\": 28,\n               \"children\": [\n                  {\n                     \"target\": \"/dev/pts\",\n                     \"source\": \"devpts\",\n                     \"fstype\": \"devpts\",\n                     \"options\": \"rw,nosuid,noexec,relatime,gid=5,mode=620,ptmxmode=000\",\n                     \"id\": 29\n                  },{\n                     \"target\": \"/dev/shm\",\n                     \"source\": \"tmpfs\",\n                     \"fstype\": \"tmpfs\",\n                     \"options\": \"rw,nosuid,nodev,inode64\",\n                     \"id\": 34\n                  },{\n                     \"target\": \"/dev/hugepages\",\n                     \"source\": \"hugetlbfs\",\n                     \"fstype\": \"hugetlbfs\",\n                     \"options\": \"rw,nosuid,nodev,relatime,pagesize=2M\",\n                     \"id\": 40\n                  },{\n                     \"target\": \"/dev/mqueue\",\n                     \"source\": \"mqueue\",\n                     \"fstype\": \"mqueue\",\n                     \"options\": \"rw,nosuid,nodev,noexec,relatime\",\n                     \"id\": 41\n                  }\n               ]\n            },{\n               \"target\": \"/run\",\n               \"source\": \"tmpfs\",\n               \"fstype\": \"tmpfs\",\n               \"options\": \"rw,nosuid,nodev,noexec,relatime,size=605372k,mode=755,inode64\",\n               \"id\": 30,\n               \"children\": [\n                  {\n                     \"target\": \"/run/lock\",\n                     \"source\": \"tmpfs\",\n                     \"fstype\": \"tmpfs\",\n                     \"options\": \"rw,nosuid,nodev,noexec,relatime,size=5120k,inode64\",\n                     \"id\": 35\n                  },{\n                     \"target\": \"/run/user/501\",\n                     \"source\": \"tmpfs\",\n                     \"fstype\": \"tmpfs\",\n                     \"options\": \"rw,nosuid,nodev,relatime,size=605368k,nr_inodes=151342,mode=700,uid=501,gid=1000,inode64\",\n                     \"id\": 58\n                  }\n               ]\n            },{\n               \"target\": \"/boot\",\n               \"source\": \"/dev/vda16\",\n               \"fstype\": \"ext4\",\n               \"options\": \"rw,relatime\",\n               \"id\": 47,\n               \"children\": [\n                  {\n                     \"target\": \"/boot/efi\",\n                     \"source\": \"/dev/vda15\",\n                     \"fstype\": \"vfat\",\n                     \"options\": \"rw,relatime,fmask=0077,dmask=0077,codepage=437,iocharset=iso8859-1,shortname=mixed,errors=remount-ro\",\n                     \"id\": 49\n                  }\n               ]\n            },{\n               \"target\": \"/mnt/lima-cidata\",\n               \"source\": \"/dev/vdc\",\n               \"fstype\": \"iso9660\",\n               \"options\": \"ro,relatime,nojoliet,overriderockperm,check=s,map=n,blocksize=2048,uid=0,dmode=700,fmode=700,iocharset=utf8\",\n               \"id\": 91\n            },{\n               \"target\": \"/mnt/lima-afsbdata\",\n               \"source\": \"/dev/vdb1\",\n               \"fstype\": \"ext4\",\n               \"options\": \"rw,relatime\",\n               \"id\": 100\n            }\n         ]\n      }\n   ]\n}\n",
      "stderr": ""
    },
    {
      "argv": [
        "ss",
        "-ltnp"
      ],
      "returncode": 0,
      "stdout": "State  Recv-Q Send-Q Local Address:Port Peer Address:PortProcess                                                 \nLISTEN 0      4096         0.0.0.0:22        0.0.0.0:*    users:((\"sshd\",pid=1147,fd=3),(\"systemd\",pid=1,fd=173))\nLISTEN 0      4096   127.0.0.53%lo:53        0.0.0.0:*    users:((\"systemd-resolve\",pid=463,fd=17))              \nLISTEN 0      4096      127.0.0.54:53        0.0.0.0:*    users:((\"systemd-resolve\",pid=463,fd=19))              \nLISTEN 0      4096            [::]:22           [::]:*    users:((\"sshd\",pid=1147,fd=4),(\"systemd\",pid=1,fd=174))\n",
      "stderr": ""
    },
    {
      "argv": [
        "ip",
        "-j",
        "-4",
        "addr"
      ],
      "returncode": 0,
      "stdout": "[{\"ifindex\":1,\"ifname\":\"lo\",\"flags\":[\"LOOPBACK\",\"UP\",\"LOWER_UP\"],\"mtu\":65536,\"qdisc\":\"noqueue\",\"operstate\":\"UNKNOWN\",\"group\":\"default\",\"txqlen\":1000,\"addr_info\":[{\"family\":\"inet\",\"local\":\"127.0.0.1\",\"prefixlen\":8,\"scope\":\"host\",\"label\":\"lo\",\"valid_life_time\":4294967295,\"preferred_life_time\":4294967295}]},{\"ifindex\":2,\"ifname\":\"eth0\",\"flags\":[\"BROADCAST\",\"MULTICAST\",\"UP\",\"LOWER_UP\"],\"mtu\":1500,\"qdisc\":\"fq_codel\",\"operstate\":\"UP\",\"group\":\"default\",\"txqlen\":1000,\"addr_info\":[{\"family\":\"inet\",\"local\":\"192.168.109.13\",\"prefixlen\":24,\"metric\":200,\"broadcast\":\"192.168.109.255\",\"scope\":\"global\",\"dynamic\":true,\"label\":\"eth0\",\"valid_life_time\":3117,\"preferred_life_time\":3117}]}]\n",
      "stderr": ""
    },
    {
      "argv": [
        "ldd",
        "/mnt/lima-afsbdata/afs-delivery/dfs-small-6d-20261007-r1/prefix/bin/afs-node"
      ],
      "returncode": 0,
      "stdout": "\tlinux-vdso.so.1 (0x0000fd37f58df000)\n\tlibibverbs.so.1 => /lib/aarch64-linux-gnu/libibverbs.so.1 (0x0000fd37f46f0000)\n\tlibgcc_s.so.1 => /lib/aarch64-linux-gnu/libgcc_s.so.1 (0x0000fd37f46b0000)\n\tlibm.so.6 => /lib/aarch64-linux-gnu/libm.so.6 (0x0000fd37f4600000)\n\tlibc.so.6 => /lib/aarch64-linux-gnu/libc.so.6 (0x0000fd37f4440000)\n\t/lib/ld-linux-aarch64.so.1 (0x0000fd37f5890000)\n\tlibnl-route-3.so.200 => /lib/aarch64-linux-gnu/libnl-route-3.so.200 (0x0000fd37f4390000)\n\tlibnl-3.so.200 => /lib/aarch64-linux-gnu/libnl-3.so.200 (0x0000fd37f4340000)\n",
      "stderr": ""
    },
    {
      "argv": [
        "ldd",
        "/mnt/lima-afsbdata/afs-delivery/dfs-small-6d-20261007-r1/tools/io"
      ],
      "returncode": 0,
      "stdout": "\tlinux-vdso.so.1 (0x0000e640ca6dd000)\n\tlibc.so.6 => /lib/aarch64-linux-gnu/libc.so.6 (0x0000e640ca4a0000)\n\t/lib/ld-linux-aarch64.so.1 (0x0000e640ca690000)\n",
      "stderr": ""
    },
    {
      "argv": [
        "/mnt/lima-afsbdata/afs-delivery/dfs-small-6d-20261007-r1/prefix/bin/afs-node",
        "--config",
        "/mnt/lima-afsbdata/afs-delivery/dfs-small-6d-20261007-r1/etc/node.toml",
        "--print-config"
      ],
      "returncode": 0,
      "stdout": "{\n  \"id\": \"dfs-b-r1\",\n  \"grpc_listen\": \"0.0.0.0:23200\",\n  \"rest_listen\": \"0.0.0.0:23201\",\n  \"meta_endpoint\": \"https://192.168.109.11:23100\",\n  \"etcd_endpoint\": null,\n  \"redis_endpoint\": null,\n  \"meta_store\": \"etcd\",\n  \"allow_volatile_meta\": false,\n  \"peer_endpoint\": null,\n  \"advertise_endpoint\": \"https://192.168.109.13:23200\",\n  \"tls_ca_certificate\": \"/mnt/lima-afsbdata/afs-delivery/dfs-small-6d-20261007-r1/etc/tls/ca.pem\",\n  \"tls_identity_certificate\": \"/mnt/lima-afsbdata/afs-delivery/dfs-small-6d-20261007-r1/etc/tls/dfs-b-r1.pem\",\n  \"tls_identity_private_key\": \"/mnt/lima-afsbdata/afs-delivery/dfs-small-6d-20261007-r1/etc/tls/dfs-b-r1-key.pem\",\n  \"tls_server_name\": \"afs-meta\",\n  \"trusted_node_certs\": {\n    \"dfs-c-r1\": \"/mnt/lima-afsbdata/afs-delivery/dfs-small-6d-20261007-r1/etc/tls/dfs-c-r1.pem\",\n    \"dfs-a-r1\": \"/mnt/lima-afsbdata/afs-delivery/dfs-small-6d-20261007-r1/etc/tls/dfs-a-r1.pem\",\n    \"dfs-b-r1\": \"/mnt/lima-afsbdata/afs-delivery/dfs-small-6d-20261007-r1/etc/tls/dfs-b-r1.pem\"\n  },\n  \"ownerfs\": false,\n  \"dfs\": true,\n  \"data_mode\": \"grpc\",\n  \"rdma_device\": null,\n  \"data_dir\": \"/mnt/lima-afsbdata/afs-delivery/dfs-small-6d-20261007-r1/state/node\",\n  \"uds_path\": \"/mnt/lima-afsbdata/afs-delivery/dfs-small-6d-20261007-r1/run/node.sock\",\n  \"ownerfs_mount\": null,\n  \"experimental_native_workspace\": false,\n  \"native_workspace\": null,\n  \"dfs_mount\": \"/mnt/lima-afsbdata/afs-delivery/dfs-small-6d-20261007-r1/mount/dfs\",\n  \"dfs_desired_copies\": 2,\n  \"dfs_sync_required_copies\": 2,\n  \"dfs_min_distinct_nodes\": 2,\n  \"dfs_min_distinct_failure_domains\": 2,\n  \"dfs_local_copy\": \"required\",\n  \"dfs_read_max_ops_per_batch\": 128,\n  \"dfs_read_max_inflight_bytes\": 8388608,\n  \"dfs_read_source_cache_ttl_ms\": 500,\n  \"timeout_ms\": 5000,\n  \"log_level\": \"info\",\n  \"trace_enabled\": false,\n  \"trace_endpoint\": \"http://127.0.0.1:4317\",\n  \"trace_sample_ratio\": 0.01\n}\n",
      "stderr": ""
    },
    {
      "argv": [
        "openssl",
        "verify",
        "-CAfile",
        "/mnt/lima-afsbdata/afs-delivery/dfs-small-6d-20261007-r1/etc/tls/ca.pem",
        "-verify_hostname",
        "afs-meta",
        "/mnt/lima-afsbdata/afs-delivery/dfs-small-6d-20261007-r1/etc/tls/meta.pem"
      ],
      "returncode": 0,
      "stdout": "/mnt/lima-afsbdata/afs-delivery/dfs-small-6d-20261007-r1/etc/tls/meta.pem: OK\n",
      "stderr": ""
    },
    {
      "argv": [
        "openssl",
        "verify",
        "-CAfile",
        "/mnt/lima-afsbdata/afs-delivery/dfs-small-6d-20261007-r1/etc/tls/ca.pem",
        "-verify_ip",
        "192.168.109.11",
        "/mnt/lima-afsbdata/afs-delivery/dfs-small-6d-20261007-r1/etc/tls/meta.pem"
      ],
      "returncode": 0,
      "stdout": "/mnt/lima-afsbdata/afs-delivery/dfs-small-6d-20261007-r1/etc/tls/meta.pem: OK\n",
      "stderr": ""
    },
    {
      "argv": [
        "openssl",
        "x509",
        "-in",
        "/mnt/lima-afsbdata/afs-delivery/dfs-small-6d-20261007-r1/etc/tls/meta.pem",
        "-noout",
        "-subject",
        "-nameopt",
        "RFC2253"
      ],
      "returncode": 0,
      "stdout": "subject=CN=afs-meta\n",
      "stderr": ""
    },
    {
      "argv": [
        "openssl",
        "verify",
        "-CAfile",
        "/mnt/lima-afsbdata/afs-delivery/dfs-small-6d-20261007-r1/etc/tls/ca.pem",
        "-verify_hostname",
        "dfs-a-r1",
        "/mnt/lima-afsbdata/afs-delivery/dfs-small-6d-20261007-r1/etc/tls/dfs-a-r1.pem"
      ],
      "returncode": 0,
      "stdout": "/mnt/lima-afsbdata/afs-delivery/dfs-small-6d-20261007-r1/etc/tls/dfs-a-r1.pem: OK\n",
      "stderr": ""
    },
    {
      "argv": [
        "openssl",
        "verify",
        "-CAfile",
        "/mnt/lima-afsbdata/afs-delivery/dfs-small-6d-20261007-r1/etc/tls/ca.pem",
        "-verify_ip",
        "192.168.109.12",
        "/mnt/lima-afsbdata/afs-delivery/dfs-small-6d-20261007-r1/etc/tls/dfs-a-r1.pem"
      ],
      "returncode": 0,
      "stdout": "/mnt/lima-afsbdata/afs-delivery/dfs-small-6d-20261007-r1/etc/tls/dfs-a-r1.pem: OK\n",
      "stderr": ""
    },
    {
      "argv": [
        "openssl",
        "x509",
        "-in",
        "/mnt/lima-afsbdata/afs-delivery/dfs-small-6d-20261007-r1/etc/tls/dfs-a-r1.pem",
        "-noout",
        "-subject",
        "-nameopt",
        "RFC2253"
      ],
      "returncode": 0,
      "stdout": "subject=CN=dfs-a-r1\n",
      "stderr": ""
    },
    {
      "argv": [
        "openssl",
        "verify",
        "-CAfile",
        "/mnt/lima-afsbdata/afs-delivery/dfs-small-6d-20261007-r1/etc/tls/ca.pem",
        "-verify_hostname",
        "dfs-b-r1",
        "/mnt/lima-afsbdata/afs-delivery/dfs-small-6d-20261007-r1/etc/tls/dfs-b-r1.pem"
      ],
      "returncode": 0,
      "stdout": "/mnt/lima-afsbdata/afs-delivery/dfs-small-6d-20261007-r1/etc/tls/dfs-b-r1.pem: OK\n",
      "stderr": ""
    },
    {
      "argv": [
        "openssl",
        "verify",
        "-CAfile",
        "/mnt/lima-afsbdata/afs-delivery/dfs-small-6d-20261007-r1/etc/tls/ca.pem",
        "-verify_ip",
        "192.168.109.13",
        "/mnt/lima-afsbdata/afs-delivery/dfs-small-6d-20261007-r1/etc/tls/dfs-b-r1.pem"
      ],
      "returncode": 0,
      "stdout": "/mnt/lima-afsbdata/afs-delivery/dfs-small-6d-20261007-r1/etc/tls/dfs-b-r1.pem: OK\n",
      "stderr": ""
    },
    {
      "argv": [
        "openssl",
        "x509",
        "-in",
        "/mnt/lima-afsbdata/afs-delivery/dfs-small-6d-20261007-r1/etc/tls/dfs-b-r1.pem",
        "-noout",
        "-subject",
        "-nameopt",
        "RFC2253"
      ],
      "returncode": 0,
      "stdout": "subject=CN=dfs-b-r1\n",
      "stderr": ""
    },
    {
      "argv": [
        "openssl",
        "verify",
        "-CAfile",
        "/mnt/lima-afsbdata/afs-delivery/dfs-small-6d-20261007-r1/etc/tls/ca.pem",
        "-verify_hostname",
        "dfs-c-r1",
        "/mnt/lima-afsbdata/afs-delivery/dfs-small-6d-20261007-r1/etc/tls/dfs-c-r1.pem"
      ],
      "returncode": 0,
      "stdout": "/mnt/lima-afsbdata/afs-delivery/dfs-small-6d-20261007-r1/etc/tls/dfs-c-r1.pem: OK\n",
      "stderr": ""
    },
    {
      "argv": [
        "openssl",
        "verify",
        "-CAfile",
        "/mnt/lima-afsbdata/afs-delivery/dfs-small-6d-20261007-r1/etc/tls/ca.pem",
        "-verify_ip",
        "192.168.109.14",
        "/mnt/lima-afsbdata/afs-delivery/dfs-small-6d-20261007-r1/etc/tls/dfs-c-r1.pem"
      ],
      "returncode": 0,
      "stdout": "/mnt/lima-afsbdata/afs-delivery/dfs-small-6d-20261007-r1/etc/tls/dfs-c-r1.pem: OK\n",
      "stderr": ""
    },
    {
      "argv": [
        "openssl",
        "x509",
        "-in",
        "/mnt/lima-afsbdata/afs-delivery/dfs-small-6d-20261007-r1/etc/tls/dfs-c-r1.pem",
        "-noout",
        "-subject",
        "-nameopt",
        "RFC2253"
      ],
      "returncode": 0,
      "stdout": "subject=CN=dfs-c-r1\n",
      "stderr": ""
    },
    {
      "argv": [
        "openssl",
        "x509",
        "-in",
        "/mnt/lima-afsbdata/afs-delivery/dfs-small-6d-20261007-r1/etc/tls/dfs-b-r1.pem",
        "-pubkey",
        "-noout"
      ],
      "returncode": 0,
      "stdout": "-----BEGIN PUBLIC KEY-----\nMIIBIjANBgkqhkiG9w0BAQEFAAOCAQ8AMIIBCgKCAQEAzNcIB6dc/qu5YQQoMlPX\ncYSHdBygbM0awCcQNhc3MOIuAvSBRJYjMMVQJtek1YYYbCGTmoZ9L8Gnbx8YMOta\n1qLyJZFgietDYS8poql7nq6X4OWOPMmhtem67QzjQI74q4QGVgoOcij5kvAFHEKU\niMKb94vsy+e+4wMNO1muH8mwS53Cpq2OyhUkJZqUVZ4rkZS0D2FQ9qJUbENn2dlc\nRjIZFA+6MNImUXkNM2pPLeUMIWSptg3GxVpINRVYcQzXDH8S6PWCo3eofZrBNVsC\nBd4S6vxfiNbEYwg8tUUMaRPauXJRrvLg9P+XSC7enM8EE7qa7z4OD/gjITRmbQ/C\nmQIDAQAB\n-----END PUBLIC KEY-----\n",
      "stderr": ""
    },
    {
      "argv": [
        "openssl",
        "pkey",
        "-in",
        "/mnt/lima-afsbdata/afs-delivery/dfs-small-6d-20261007-r1/etc/tls/dfs-b-r1-key.pem",
        "-pubout"
      ],
      "returncode": 0,
      "stdout": "-----BEGIN PUBLIC KEY-----\nMIIBIjANBgkqhkiG9w0BAQEFAAOCAQ8AMIIBCgKCAQEAzNcIB6dc/qu5YQQoMlPX\ncYSHdBygbM0awCcQNhc3MOIuAvSBRJYjMMVQJtek1YYYbCGTmoZ9L8Gnbx8YMOta\n1qLyJZFgietDYS8poql7nq6X4OWOPMmhtem67QzjQI74q4QGVgoOcij5kvAFHEKU\niMKb94vsy+e+4wMNO1muH8mwS53Cpq2OyhUkJZqUVZ4rkZS0D2FQ9qJUbENn2dlc\nRjIZFA+6MNImUXkNM2pPLeUMIWSptg3GxVpINRVYcQzXDH8S6PWCo3eofZrBNVsC\nBd4S6vxfiNbEYwg8tUUMaRPauXJRrvLg9P+XSC7enM8EE7qa7z4OD/gjITRmbQ/C\nmQIDAQAB\n-----END PUBLIC KEY-----\n",
      "stderr": ""
    },
    {
      "argv": [
        "findmnt",
        "-J",
        "--mountpoint",
        "/mnt/lima-afsbdata"
      ],
      "returncode": 0,
      "stdout": "{\n   \"filesystems\": [\n      {\n         \"target\": \"/mnt/lima-afsbdata\",\n         \"source\": \"/dev/vdb1\",\n         \"fstype\": \"ext4\",\n         \"options\": \"rw,relatime\"\n      }\n   ]\n}\n",
      "stderr": ""
    }
  ]
}
