{
  "schema": "afs.dfs_small_fixture.v1",
  "action": "prepare",
  "role": "b",
  "root": "/mnt/lima-afsbdata/afs-delivery/dfs-small-6d-20261007-r1",
  "time_unix_ns": 1791324151819685321,
  "status": "PREPARED_NOT_ADMITTED",
  "config_sha256": "885993757201ff6e149350f151fade9cb7477c4f9c2d53b4b165ce967e1bc039",
  "original_sha256": "58e249c7b60f65741e59a9b6fe22fb9c48f409aed7dd51b3c9b16f890aec6ef2",
  "capacity": {
    "volume": {
      "target": "/mnt/lima-afsbdata",
      "source": "/dev/vdb1",
      "fstype": "ext4",
      "options": "rw,relatime"
    },
    "available_bytes": 18626203648,
    "allocated_bytes": 26099712,
    "budget_bytes": 536870912,
    "free_floor_bytes": 1073741824,
    "scope": "single 64MiB file, R2 local storage/dirty view, binaries and bounded logs"
  },
  "inventory": {
    "boot_id": "3adebcd0-cb31-4df0-b18a-e970786ab7fb",
    "old_processes": [],
    "mount_inventory": [
      {
        "target": "/",
        "source": "/dev/vda1",
        "fstype": "ext4",
        "options": "rw,relatime,discard,errors=remount-ro,commit=30",
        "id": 32,
        "children": [
          {
            "target": "/sys",
            "source": "sysfs",
            "fstype": "sysfs",
            "options": "rw,nosuid,nodev,noexec,relatime",
            "id": 26,
            "children": [
              {
                "target": "/sys/firmware/efi/efivars",
                "source": "efivarfs",
                "fstype": "efivarfs",
                "options": "rw,nosuid,nodev,noexec,relatime",
                "id": 31
              },
              {
                "target": "/sys/kernel/security",
                "source": "securityfs",
                "fstype": "securityfs",
                "options": "rw,nosuid,nodev,noexec,relatime",
                "id": 33
              },
              {
                "target": "/sys/fs/cgroup",
                "source": "cgroup2",
                "fstype": "cgroup2",
                "options": "rw,nosuid,nodev,noexec,relatime,nsdelegate,memory_recursiveprot",
                "id": 36
              },
              {
                "target": "/sys/fs/pstore",
                "source": "pstore",
                "fstype": "pstore",
                "options": "rw,nosuid,nodev,noexec,relatime",
                "id": 37
              },
              {
                "target": "/sys/fs/bpf",
                "source": "bpf",
                "fstype": "bpf",
                "options": "rw,nosuid,nodev,noexec,relatime,mode=700",
                "id": 38
              },
              {
                "target": "/sys/kernel/debug",
                "source": "debugfs",
                "fstype": "debugfs",
                "options": "rw,nosuid,nodev,noexec,relatime",
                "id": 42,
                "children": [
                  {
                    "target": "/sys/kernel/debug/tracing",
                    "source": "tracefs",
                    "fstype": "tracefs",
                    "options": "rw,nosuid,nodev,noexec,relatime",
                    "id": 129
                  }
                ]
              },
              {
                "target": "/sys/kernel/tracing",
                "source": "tracefs",
                "fstype": "tracefs",
                "options": "rw,nosuid,nodev,noexec,relatime",
                "id": 43
              },
              {
                "target": "/sys/fs/fuse/connections",
                "source": "fusectl",
                "fstype": "fusectl",
                "options": "rw,nosuid,nodev,noexec,relatime",
                "id": 44
              },
              {
                "target": "/sys/kernel/config",
                "source": "configfs",
                "fstype": "configfs",
                "options": "rw,nosuid,nodev,noexec,relatime",
                "id": 45
              }
            ]
          },
          {
            "target": "/proc",
            "source": "proc",
            "fstype": "proc",
            "options": "rw,nosuid,nodev,noexec,relatime",
            "id": 27,
            "children": [
              {
                "target": "/proc/sys/fs/binfmt_misc",
                "source": "systemd-1",
                "fstype": "autofs",
                "options": "rw,relatime,fd=32,pgrp=1,timeout=0,minproto=5,maxproto=5,direct,pipe_ino=5198",
                "id": 39,
                "children": [
                  {
                    "target": "/proc/sys/fs/binfmt_misc",
                    "source": "binfmt_misc",
                    "fstype": "binfmt_misc",
                    "options": "rw,nosuid,nodev,noexec,relatime",
                    "id": 51
                  }
                ]
              }
            ]
          },
          {
            "target": "/dev",
            "source": "udev",
            "fstype": "devtmpfs",
            "options": "rw,nosuid,relatime,size=2974872k,nr_inodes=743718,mode=755,inode64",
            "id": 28,
            "children": [
              {
                "target": "/dev/pts",
                "source": "devpts",
                "fstype": "devpts",
                "options": "rw,nosuid,noexec,relatime,gid=5,mode=620,ptmxmode=000",
                "id": 29
              },
              {
                "target": "/dev/shm",
                "source": "tmpfs",
                "fstype": "tmpfs",
                "options": "rw,nosuid,nodev,inode64",
                "id": 34
              },
              {
                "target": "/dev/hugepages",
                "source": "hugetlbfs",
                "fstype": "hugetlbfs",
                "options": "rw,nosuid,nodev,relatime,pagesize=2M",
                "id": 40
              },
              {
                "target": "/dev/mqueue",
                "source": "mqueue",
                "fstype": "mqueue",
                "options": "rw,nosuid,nodev,noexec,relatime",
                "id": 41
              }
            ]
          },
          {
            "target": "/run",
            "source": "tmpfs",
            "fstype": "tmpfs",
            "options": "rw,nosuid,nodev,noexec,relatime,size=605372k,mode=755,inode64",
            "id": 30,
            "children": [
              {
                "target": "/run/lock",
                "source": "tmpfs",
                "fstype": "tmpfs",
                "options": "rw,nosuid,nodev,noexec,relatime,size=5120k,inode64",
                "id": 35
              },
              {
                "target": "/run/user/501",
                "source": "tmpfs",
                "fstype": "tmpfs",
                "options": "rw,nosuid,nodev,relatime,size=605368k,nr_inodes=151342,mode=700,uid=501,gid=1000,inode64",
                "id": 58
              }
            ]
          },
          {
            "target": "/boot",
            "source": "/dev/vda16",
            "fstype": "ext4",
            "options": "rw,relatime",
            "id": 47,
            "children": [
              {
                "target": "/boot/efi",
                "source": "/dev/vda15",
                "fstype": "vfat",
                "options": "rw,relatime,fmask=0077,dmask=0077,codepage=437,iocharset=iso8859-1,shortname=mixed,errors=remount-ro",
                "id": 49
              }
            ]
          },
          {
            "target": "/mnt/lima-cidata",
            "source": "/dev/vdc",
            "fstype": "iso9660",
            "options": "ro,relatime,nojoliet,overriderockperm,check=s,map=n,blocksize=2048,uid=0,dmode=700,fmode=700,iocharset=utf8",
            "id": 91
          },
          {
            "target": "/mnt/lima-afsbdata",
            "source": "/dev/vdb1",
            "fstype": "ext4",
            "options": "rw,relatime",
            "id": 100
          }
        ]
      }
    ],
    "selected_ports": [
      23200,
      23201
    ]
  },
  "commands": [
    {
      "argv": [
        "findmnt",
        "-J",
        "-o",
        "TARGET,SOURCE,FSTYPE,OPTIONS,ID"
      ],
      "returncode": 0,
      "stdout": "{\n   \"filesystems\": [\n      {\n         \"target\": \"/\",\n         \"source\": \"/dev/vda1\",\n         \"fstype\": \"ext4\",\n         \"options\": \"rw,relatime,discard,errors=remount-ro,commit=30\",\n         \"id\": 32,\n         \"children\": [\n            {\n               \"target\": \"/sys\",\n               \"source\": \"sysfs\",\n               \"fstype\": \"sysfs\",\n               \"options\": \"rw,nosuid,nodev,noexec,relatime\",\n               \"id\": 26,\n               \"children\": [\n                  {\n                     \"target\": \"/sys/firmware/efi/efivars\",\n                     \"source\": \"efivarfs\",\n                     \"fstype\": \"efivarfs\",\n                     \"options\": \"rw,nosuid,nodev,noexec,relatime\",\n                     \"id\": 31\n                  },{\n                     \"target\": \"/sys/kernel/security\",\n                     \"source\": \"securityfs\",\n                     \"fstype\": \"securityfs\",\n                     \"options\": \"rw,nosuid,nodev,noexec,relatime\",\n                     \"id\": 33\n                  },{\n                     \"target\": \"/sys/fs/cgroup\",\n                     \"source\": \"cgroup2\",\n                     \"fstype\": \"cgroup2\",\n                     \"options\": \"rw,nosuid,nodev,noexec,relatime,nsdelegate,memory_recursiveprot\",\n                     \"id\": 36\n                  },{\n                     \"target\": \"/sys/fs/pstore\",\n                     \"source\": \"pstore\",\n                     \"fstype\": \"pstore\",\n                     \"options\": \"rw,nosuid,nodev,noexec,relatime\",\n                     \"id\": 37\n                  },{\n                     \"target\": \"/sys/fs/bpf\",\n                     \"source\": \"bpf\",\n                     \"fstype\": \"bpf\",\n                     \"options\": \"rw,nosuid,nodev,noexec,relatime,mode=700\",\n                     \"id\": 38\n                  },{\n                     \"target\": \"/sys/kernel/debug\",\n                     \"source\": \"debugfs\",\n                     \"fstype\": \"debugfs\",\n                     \"options\": \"rw,nosuid,nodev,noexec,relatime\",\n                     \"id\": 42,\n                     \"children\": [\n                        {\n                           \"target\": \"/sys/kernel/debug/tracing\",\n                           \"source\": \"tracefs\",\n                           \"fstype\": \"tracefs\",\n                           \"options\": \"rw,nosuid,nodev,noexec,relatime\",\n                           \"id\": 129\n                        }\n                     ]\n                  },{\n                     \"target\": \"/sys/kernel/tracing\",\n                     \"source\": \"tracefs\",\n                     \"fstype\": \"tracefs\",\n                     \"options\": \"rw,nosuid,nodev,noexec,relatime\",\n                     \"id\": 43\n                  },{\n                     \"target\": \"/sys/fs/fuse/connections\",\n                     \"source\": \"fusectl\",\n                     \"fstype\": \"fusectl\",\n                     \"options\": \"rw,nosuid,nodev,noexec,relatime\",\n                     \"id\": 44\n                  },{\n                     \"target\": \"/sys/kernel/config\",\n                     \"source\": \"configfs\",\n                     \"fstype\": \"configfs\",\n                     \"options\": \"rw,nosuid,nodev,noexec,relatime\",\n                     \"id\": 45\n                  }\n               ]\n            },{\n               \"target\": \"/proc\",\n               \"source\": \"proc\",\n               \"fstype\": \"proc\",\n               \"options\": \"rw,nosuid,nodev,noexec,relatime\",\n               \"id\": 27,\n               \"children\": [\n                  {\n                     \"target\": \"/proc/sys/fs/binfmt_misc\",\n                     \"source\": \"systemd-1\",\n                     \"fstype\": \"autofs\",\n                     \"options\": \"rw,relatime,fd=32,pgrp=1,timeout=0,minproto=5,maxproto=5,direct,pipe_ino=5198\",\n                     \"id\": 39,\n                     \"children\": [\n                        {\n                           \"target\": \"/proc/sys/fs/binfmt_misc\",\n                           \"source\": \"binfmt_misc\",\n                           \"fstype\": \"binfmt_misc\",\n                           \"options\": \"rw,nosuid,nodev,noexec,relatime\",\n                           \"id\": 51\n                        }\n                     ]\n                  }\n               ]\n            },{\n               \"target\": \"/dev\",\n               \"source\": \"udev\",\n               \"fstype\": \"devtmpfs\",\n               \"options\": \"rw,nosuid,relatime,size=2974872k,nr_inodes=743718,mode=755,inode64\",\n               \"id\": 28,\n               \"children\": [\n                  {\n                     \"target\": \"/dev/pts\",\n                     \"source\": \"devpts\",\n                     \"fstype\": \"devpts\",\n                     \"options\": \"rw,nosuid,noexec,relatime,gid=5,mode=620,ptmxmode=000\",\n                     \"id\": 29\n                  },{\n                     \"target\": \"/dev/shm\",\n                     \"source\": \"tmpfs\",\n                     \"fstype\": \"tmpfs\",\n                     \"options\": \"rw,nosuid,nodev,inode64\",\n                     \"id\": 34\n                  },{\n                     \"target\": \"/dev/hugepages\",\n                     \"source\": \"hugetlbfs\",\n                     \"fstype\": \"hugetlbfs\",\n                     \"options\": \"rw,nosuid,nodev,relatime,pagesize=2M\",\n                     \"id\": 40\n                  },{\n                     \"target\": \"/dev/mqueue\",\n                     \"source\": \"mqueue\",\n                     \"fstype\": \"mqueue\",\n                     \"options\": \"rw,nosuid,nodev,noexec,relatime\",\n                     \"id\": 41\n                  }\n               ]\n            },{\n               \"target\": \"/run\",\n               \"source\": \"tmpfs\",\n               \"fstype\": \"tmpfs\",\n               \"options\": \"rw,nosuid,nodev,noexec,relatime,size=605372k,mode=755,inode64\",\n               \"id\": 30,\n               \"children\": [\n                  {\n                     \"target\": \"/run/lock\",\n                     \"source\": \"tmpfs\",\n                     \"fstype\": \"tmpfs\",\n                     \"options\": \"rw,nosuid,nodev,noexec,relatime,size=5120k,inode64\",\n                     \"id\": 35\n                  },{\n                     \"target\": \"/run/user/501\",\n                     \"source\": \"tmpfs\",\n                     \"fstype\": \"tmpfs\",\n                     \"options\": \"rw,nosuid,nodev,relatime,size=605368k,nr_inodes=151342,mode=700,uid=501,gid=1000,inode64\",\n                     \"id\": 58\n                  }\n               ]\n            },{\n               \"target\": \"/boot\",\n               \"source\": \"/dev/vda16\",\n               \"fstype\": \"ext4\",\n               \"options\": \"rw,relatime\",\n               \"id\": 47,\n               \"children\": [\n                  {\n                     \"target\": \"/boot/efi\",\n                     \"source\": \"/dev/vda15\",\n                     \"fstype\": \"vfat\",\n                     \"options\": \"rw,relatime,fmask=0077,dmask=0077,codepage=437,iocharset=iso8859-1,shortname=mixed,errors=remount-ro\",\n                     \"id\": 49\n                  }\n               ]\n            },{\n               \"target\": \"/mnt/lima-cidata\",\n               \"source\": \"/dev/vdc\",\n               \"fstype\": \"iso9660\",\n               \"options\": \"ro,relatime,nojoliet,overriderockperm,check=s,map=n,blocksize=2048,uid=0,dmode=700,fmode=700,iocharset=utf8\",\n               \"id\": 91\n            },{\n               \"target\": \"/mnt/lima-afsbdata\",\n               \"source\": \"/dev/vdb1\",\n               \"fstype\": \"ext4\",\n               \"options\": \"rw,relatime\",\n               \"id\": 100\n            }\n         ]\n      }\n   ]\n}\n",
      "stderr": ""
    },
    {
      "argv": [
        "ss",
        "-ltnp"
      ],
      "returncode": 0,
      "stdout": "State  Recv-Q Send-Q Local Address:Port Peer Address:PortProcess                                                 \nLISTEN 0      4096         0.0.0.0:22        0.0.0.0:*    users:((\"sshd\",pid=1147,fd=3),(\"systemd\",pid=1,fd=173))\nLISTEN 0      4096   127.0.0.53%lo:53        0.0.0.0:*    users:((\"systemd-resolve\",pid=463,fd=17))              \nLISTEN 0      4096      127.0.0.54:53        0.0.0.0:*    users:((\"systemd-resolve\",pid=463,fd=19))              \nLISTEN 0      4096            [::]:22           [::]:*    users:((\"sshd\",pid=1147,fd=4),(\"systemd\",pid=1,fd=174))\n",
      "stderr": ""
    },
    {
      "argv": [
        "findmnt",
        "-J",
        "--mountpoint",
        "/mnt/lima-afsbdata"
      ],
      "returncode": 0,
      "stdout": "{\n   \"filesystems\": [\n      {\n         \"target\": \"/mnt/lima-afsbdata\",\n         \"source\": \"/dev/vdb1\",\n         \"fstype\": \"ext4\",\n         \"options\": \"rw,relatime\"\n      }\n   ]\n}\n",
      "stderr": ""
    }
  ]
}
