[
  {
    "role": "ctl",
    "tar": "/var/tmp/dfs-small-6d-ctl-config.tar",
    "sha256": "6ede43131a89a628c6b4a8b49e0186a7225496c14454aa242fbda871f3e86daf",
    "files": {
      "meta.toml": "deb7e4858615ac5748dc23b5013bb8f13710ba322f89baafc270ffc8d1b54e92",
      "tls/dfs-b-r1.pem": "fc00912f4fd2e19e185ab17f698719606d79ff9fa180d1cb0728a6a338386fd9",
      "tls/dfs-c-r1.pem": "242a4193ca98a2a8eeec86a614683875b447d26a0366fe6b5321c2b4fece3ae0",
      "tls/dfs-a-r1.pem": "f05d12718c161c10ff39bb94ac8e52b218f69d46f029f73892b9edff308c70a2",
      "tls/ca.pem": "4947b5b880f2d72a88589f90092988494e146c641953f1f2812dd5ce11914864",
      "tls/meta-key.pem": "fcb92479781978db294480ba3335406076fd0945ebbc3a856e65e9d53f1ee80a",
      "tls/meta.pem": "2f20dc74467906b25426e6414aa5cae29b53523d3a8d4a22ba9f582b3441213b"
    }
  },
  {
    "role": "a",
    "tar": "/var/tmp/dfs-small-6d-a-config.tar",
    "sha256": "c1a9a5b08756723383fab2284583852d75f9d54fc7bbd97efb3266d5831463ff",
    "files": {
      "node.toml": "77b9a42115be6e257e47376deb98829e5bacc8e8cbd57a5ba8e9cdfe7e5fa892",
      "tls/dfs-b-r1.pem": "fc00912f4fd2e19e185ab17f698719606d79ff9fa180d1cb0728a6a338386fd9",
      "tls/dfs-a-r1-key.pem": "3d7d72717898ce179d7419aa210075d73c05c61bf553952bb1c285d862b4f5c5",
      "tls/dfs-c-r1.pem": "242a4193ca98a2a8eeec86a614683875b447d26a0366fe6b5321c2b4fece3ae0",
      "tls/dfs-a-r1.pem": "f05d12718c161c10ff39bb94ac8e52b218f69d46f029f73892b9edff308c70a2",
      "tls/ca.pem": "4947b5b880f2d72a88589f90092988494e146c641953f1f2812dd5ce11914864",
      "tls/meta.pem": "2f20dc74467906b25426e6414aa5cae29b53523d3a8d4a22ba9f582b3441213b"
    }
  },
  {
    "role": "b",
    "tar": "/var/tmp/dfs-small-6d-b-config.tar",
    "sha256": "0ab39c780ce5a47e7af099a0886ab87528ff9c223098eb096819f4d31b465137",
    "files": {
      "node.toml": "58e249c7b60f65741e59a9b6fe22fb9c48f409aed7dd51b3c9b16f890aec6ef2",
      "tls/dfs-b-r1.pem": "fc00912f4fd2e19e185ab17f698719606d79ff9fa180d1cb0728a6a338386fd9",
      "tls/dfs-c-r1.pem": "242a4193ca98a2a8eeec86a614683875b447d26a0366fe6b5321c2b4fece3ae0",
      "tls/dfs-a-r1.pem": "f05d12718c161c10ff39bb94ac8e52b218f69d46f029f73892b9edff308c70a2",
      "tls/ca.pem": "4947b5b880f2d72a88589f90092988494e146c641953f1f2812dd5ce11914864",
      "tls/meta.pem": "2f20dc74467906b25426e6414aa5cae29b53523d3a8d4a22ba9f582b3441213b",
      "tls/dfs-b-r1-key.pem": "4ad58bff93f941092fae65492cdc9e0d9e05ffffbe80ea49ec80c767a425526f"
    }
  },
  {
    "role": "c",
    "tar": "/var/tmp/dfs-small-6d-c-config.tar",
    "sha256": "a22ed16fb4a1d04fb6e21ca1b8ef8c60a1ab0ffe241dafa9b992c3feb240d2e6",
    "files": {
      "node.toml": "a56809413013e1b01b47a4a9a58e05b3a3d46ad3e04ef44728d96dee572b7b2d",
      "tls/dfs-b-r1.pem": "fc00912f4fd2e19e185ab17f698719606d79ff9fa180d1cb0728a6a338386fd9",
      "tls/dfs-c-r1.pem": "242a4193ca98a2a8eeec86a614683875b447d26a0366fe6b5321c2b4fece3ae0",
      "tls/dfs-a-r1.pem": "f05d12718c161c10ff39bb94ac8e52b218f69d46f029f73892b9edff308c70a2",
      "tls/ca.pem": "4947b5b880f2d72a88589f90092988494e146c641953f1f2812dd5ce11914864",
      "tls/dfs-c-r1-key.pem": "c9ed2679a26df028b1d47735ea7028a56e5e622afed47b43b7809602d9ca5662",
      "tls/meta.pem": "2f20dc74467906b25426e6414aa5cae29b53523d3a8d4a22ba9f582b3441213b"
    }
  }
]
