Host information
	Hostname:   lima-afs-g1-clean
	Python:     3.12.3 (main, Mar  3 2026, 12:15:18) [GCC 13.3.0]
	Directory:  /var/tmp/afs-e2e-20261006-r1/results/owner-ltp-r1/artifacts/std-02-ltp/commands/0002-read01/kirk-tmp/kirk.root/tmpfh6xrt8b

Connecting to SUT: default

cd '/var/tmp/afs-e2e-20261006-r1/mount/ownerfs/g2-e2e-owner/.lca0c596c/0002/w' && export LTPROOT='/var/tmp/afs-e2e-20261006-r1/suites/ltp-small-install' && export PATH='/var/tmp/afs-e2e-20261006-r1/suites/ltp-small-install/testcases/bin:/var/tmp/afs-e2e-20261006-r1/suites/ltp-small-install/bin':"$PATH" && export TMPDIR='/var/tmp/afs-e2e-20261006-r1/mount/ownerfs/g2-e2e-owner/.lca0c596c/0002/t' && export TMP='/var/tmp/afs-e2e-20261006-r1/mount/ownerfs/g2-e2e-owner/.lca0c596c/0002/t' && export TEMP='/var/tmp/afs-e2e-20261006-r1/mount/ownerfs/g2-e2e-owner/.lca0c596c/0002/t' && read01
tst_tmpdir.c:308: TINFO: Using /var/tmp/afs-e2e-20261006-r1/mount/ownerfs/g2-e2e-owner/.lca0c596c/0002/t/LTP_reanAv74x as tmpdir (fuse filesystem)
tst_test.c:2042: TINFO: LTP version: 20260529
tst_test.c:2045: TINFO: Tested kernel: 6.8.0-106-generic #106-Ubuntu SMP PREEMPT_DYNAMIC Fri Mar  6 07:44:40 UTC 2026 aarch64
tst_kconfig.c:90: TINFO: Parsing kernel config '/lib/modules/6.8.0-106-generic/build/.config'
tst_test.c:1870: TINFO: Overall timeout per run is 0h 00m 30s
read01.c:24: TPASS: read(2) returned 512

Summary:
passed   1
failed   0
broken   0
skipped  0
warnings 0

Exit code: 0

Disconnecting from SUT: default
Session stopped
