./DEPENDENCIES.md: OK
./bin/afs-meta: OK
./bin/afs-node: OK
./bin/afs-processctl: OK
./bin/afs-selfcheck: OK
./bin/afs-trial-config: OK
./bin/dep02-smoke.sh: OK
./docs/guides/trial.md: OK
./install.sh: OK
./ldd.txt: OK
./manifest.json: OK
./templates/meta.toml: OK
./templates/node-dfs.toml: OK
./templates/node-ownerfs.toml: OK
./templates/node.toml: OK
created local TLS bootstrap files: /opt/afs-container-perf-20261007-r1/off/etc/tls
created config: /opt/afs-container-perf-20261007-r1/off/etc/meta.toml
created config: /opt/afs-container-perf-20261007-r1/off/etc/node.toml
created compatibility config: /opt/afs-container-perf-20261007-r1/off/etc/node-dfs.toml -> node.toml
created compatibility config: /opt/afs-container-perf-20261007-r1/off/etc/node-ownerfs.toml -> node.toml
installed AFS package under /opt/afs-container-perf-20261007-r1/off/prefix
config: /opt/afs-container-perf-20261007-r1/off/etc
state:  /opt/afs-container-perf-20261007-r1/off/state
mount:  /opt/afs-container-perf-20261007-r1/off/mount
