{
  "fixture": "dfs-r3-current-20261007-r1",
  "role": "a",
  "root": "/mnt/lima-afsadata/afs-delivery/dfs-r3-current-20261007-r1",
  "commands": [
    {
      "argv": [
        "ip",
        "-j",
        "-4",
        "addr"
      ],
      "rc": 0,
      "stdout": "[{\"ifindex\":1,\"ifname\":\"lo\",\"flags\":[\"LOOPBACK\",\"UP\",\"LOWER_UP\"],\"mtu\":65536,\"qdisc\":\"noqueue\",\"operstate\":\"UNKNOWN\",\"group\":\"default\",\"txqlen\":1000,\"addr_info\":[{\"family\":\"inet\",\"local\":\"127.0.0.1\",\"prefixlen\":8,\"scope\":\"host\",\"label\":\"lo\",\"valid_life_time\":4294967295,\"preferred_life_time\":4294967295}]},{\"ifindex\":2,\"ifname\":\"eth0\",\"flags\":[\"BROADCAST\",\"MULTICAST\",\"UP\",\"LOWER_UP\"],\"mtu\":1500,\"qdisc\":\"fq_codel\",\"operstate\":\"UP\",\"group\":\"default\",\"txqlen\":1000,\"addr_info\":[{\"family\":\"inet\",\"local\":\"192.168.109.12\",\"prefixlen\":24,\"metric\":200,\"broadcast\":\"192.168.109.255\",\"scope\":\"global\",\"dynamic\":true,\"label\":\"eth0\",\"valid_life_time\":2301,\"preferred_life_time\":2301}]}]\n",
      "stderr": ""
    },
    {
      "argv": [
        "ldd",
        "/mnt/lima-afsadata/afs-delivery/dfs-r3-current-20261007-r1/prefix/bin/afs-node"
      ],
      "rc": 0,
      "stdout": "\tlinux-vdso.so.1 (0x0000e1ebc9ed0000)\n\tlibibverbs.so.1 => /lib/aarch64-linux-gnu/libibverbs.so.1 (0x0000e1ebc8cb0000)\n\tlibgcc_s.so.1 => /lib/aarch64-linux-gnu/libgcc_s.so.1 (0x0000e1ebc8c70000)\n\tlibm.so.6 => /lib/aarch64-linux-gnu/libm.so.6 (0x0000e1ebc8bc0000)\n\tlibc.so.6 => /lib/aarch64-linux-gnu/libc.so.6 (0x0000e1ebc8a00000)\n\t/lib/ld-linux-aarch64.so.1 (0x0000e1ebc9e80000)\n\tlibnl-route-3.so.200 => /lib/aarch64-linux-gnu/libnl-route-3.so.200 (0x0000e1ebc8950000)\n\tlibnl-3.so.200 => /lib/aarch64-linux-gnu/libnl-3.so.200 (0x0000e1ebc8900000)\n",
      "stderr": ""
    },
    {
      "argv": [
        "/mnt/lima-afsadata/afs-delivery/dfs-r3-current-20261007-r1/prefix/bin/afs-node",
        "--config",
        "/mnt/lima-afsadata/afs-delivery/dfs-r3-current-20261007-r1/etc/node.toml",
        "--print-config"
      ],
      "rc": 0,
      "stdout": "{\n  \"id\": \"dfs-a-r3\",\n  \"grpc_listen\": \"0.0.0.0:24800\",\n  \"rest_listen\": \"0.0.0.0:24801\",\n  \"meta_endpoint\": \"https://192.168.109.11:24700\",\n  \"etcd_endpoint\": null,\n  \"redis_endpoint\": null,\n  \"meta_store\": \"etcd\",\n  \"allow_volatile_meta\": false,\n  \"peer_endpoint\": null,\n  \"advertise_endpoint\": \"https://192.168.109.12:24800\",\n  \"tls_ca_certificate\": \"/mnt/lima-afsadata/afs-delivery/dfs-r3-current-20261007-r1/etc/tls/ca.pem\",\n  \"tls_identity_certificate\": \"/mnt/lima-afsadata/afs-delivery/dfs-r3-current-20261007-r1/etc/tls/dfs-a-r3.pem\",\n  \"tls_identity_private_key\": \"/mnt/lima-afsadata/afs-delivery/dfs-r3-current-20261007-r1/etc/tls/dfs-a-r3-key.pem\",\n  \"tls_server_name\": \"afs-meta\",\n  \"trusted_node_certs\": {\n    \"dfs-b-r3\": \"/mnt/lima-afsadata/afs-delivery/dfs-r3-current-20261007-r1/etc/tls/dfs-b-r3.pem\",\n    \"dfs-c-r3\": \"/mnt/lima-afsadata/afs-delivery/dfs-r3-current-20261007-r1/etc/tls/dfs-c-r3.pem\",\n    \"dfs-a-r3\": \"/mnt/lima-afsadata/afs-delivery/dfs-r3-current-20261007-r1/etc/tls/dfs-a-r3.pem\"\n  },\n  \"ownerfs\": false,\n  \"dfs\": true,\n  \"data_mode\": \"grpc\",\n  \"rdma_device\": null,\n  \"data_dir\": \"/mnt/lima-afsadata/afs-delivery/dfs-r3-current-20261007-r1/state/node\",\n  \"uds_path\": \"/mnt/lima-afsadata/afs-delivery/dfs-r3-current-20261007-r1/run/node.sock\",\n  \"ownerfs_mount\": null,\n  \"experimental_native_workspace\": false,\n  \"native_workspace\": null,\n  \"experimental_ownerfs_workspace_bind\": false,\n  \"ownerfs_workspace_bind\": null,\n  \"dfs_mount\": \"/mnt/lima-afsadata/afs-delivery/dfs-r3-current-20261007-r1/mount/dfs\",\n  \"dfs_desired_copies\": 3,\n  \"dfs_sync_required_copies\": 3,\n  \"dfs_min_distinct_nodes\": 3,\n  \"dfs_min_distinct_failure_domains\": 3,\n  \"dfs_local_copy\": \"required\",\n  \"dfs_read_max_ops_per_batch\": 128,\n  \"dfs_read_max_inflight_bytes\": 8388608,\n  \"dfs_read_source_cache_ttl_ms\": 500,\n  \"timeout_ms\": 5000,\n  \"log_level\": \"info\",\n  \"trace_enabled\": false,\n  \"trace_endpoint\": \"http://127.0.0.1:4317\",\n  \"trace_sample_ratio\": 0.01\n}\n",
      "stderr": ""
    },
    {
      "argv": [
        "openssl",
        "verify",
        "-CAfile",
        "/mnt/lima-afsadata/afs-delivery/dfs-r3-current-20261007-r1/etc/tls/ca.pem",
        "-verify_hostname",
        "afs-meta",
        "/mnt/lima-afsadata/afs-delivery/dfs-r3-current-20261007-r1/etc/tls/meta.pem"
      ],
      "rc": 0,
      "stdout": "/mnt/lima-afsadata/afs-delivery/dfs-r3-current-20261007-r1/etc/tls/meta.pem: OK\n",
      "stderr": ""
    },
    {
      "argv": [
        "openssl",
        "verify",
        "-CAfile",
        "/mnt/lima-afsadata/afs-delivery/dfs-r3-current-20261007-r1/etc/tls/ca.pem",
        "-verify_ip",
        "192.168.109.11",
        "/mnt/lima-afsadata/afs-delivery/dfs-r3-current-20261007-r1/etc/tls/meta.pem"
      ],
      "rc": 0,
      "stdout": "/mnt/lima-afsadata/afs-delivery/dfs-r3-current-20261007-r1/etc/tls/meta.pem: OK\n",
      "stderr": ""
    },
    {
      "argv": [
        "openssl",
        "x509",
        "-in",
        "/mnt/lima-afsadata/afs-delivery/dfs-r3-current-20261007-r1/etc/tls/meta.pem",
        "-noout",
        "-subject",
        "-nameopt",
        "RFC2253"
      ],
      "rc": 0,
      "stdout": "subject=CN=afs-meta\n",
      "stderr": ""
    },
    {
      "argv": [
        "openssl",
        "verify",
        "-CAfile",
        "/mnt/lima-afsadata/afs-delivery/dfs-r3-current-20261007-r1/etc/tls/ca.pem",
        "-verify_hostname",
        "dfs-a-r3",
        "/mnt/lima-afsadata/afs-delivery/dfs-r3-current-20261007-r1/etc/tls/dfs-a-r3.pem"
      ],
      "rc": 0,
      "stdout": "/mnt/lima-afsadata/afs-delivery/dfs-r3-current-20261007-r1/etc/tls/dfs-a-r3.pem: OK\n",
      "stderr": ""
    },
    {
      "argv": [
        "openssl",
        "verify",
        "-CAfile",
        "/mnt/lima-afsadata/afs-delivery/dfs-r3-current-20261007-r1/etc/tls/ca.pem",
        "-verify_ip",
        "192.168.109.12",
        "/mnt/lima-afsadata/afs-delivery/dfs-r3-current-20261007-r1/etc/tls/dfs-a-r3.pem"
      ],
      "rc": 0,
      "stdout": "/mnt/lima-afsadata/afs-delivery/dfs-r3-current-20261007-r1/etc/tls/dfs-a-r3.pem: OK\n",
      "stderr": ""
    },
    {
      "argv": [
        "openssl",
        "x509",
        "-in",
        "/mnt/lima-afsadata/afs-delivery/dfs-r3-current-20261007-r1/etc/tls/dfs-a-r3.pem",
        "-noout",
        "-subject",
        "-nameopt",
        "RFC2253"
      ],
      "rc": 0,
      "stdout": "subject=CN=dfs-a-r3\n",
      "stderr": ""
    },
    {
      "argv": [
        "openssl",
        "verify",
        "-CAfile",
        "/mnt/lima-afsadata/afs-delivery/dfs-r3-current-20261007-r1/etc/tls/ca.pem",
        "-verify_hostname",
        "dfs-b-r3",
        "/mnt/lima-afsadata/afs-delivery/dfs-r3-current-20261007-r1/etc/tls/dfs-b-r3.pem"
      ],
      "rc": 0,
      "stdout": "/mnt/lima-afsadata/afs-delivery/dfs-r3-current-20261007-r1/etc/tls/dfs-b-r3.pem: OK\n",
      "stderr": ""
    },
    {
      "argv": [
        "openssl",
        "verify",
        "-CAfile",
        "/mnt/lima-afsadata/afs-delivery/dfs-r3-current-20261007-r1/etc/tls/ca.pem",
        "-verify_ip",
        "192.168.109.13",
        "/mnt/lima-afsadata/afs-delivery/dfs-r3-current-20261007-r1/etc/tls/dfs-b-r3.pem"
      ],
      "rc": 0,
      "stdout": "/mnt/lima-afsadata/afs-delivery/dfs-r3-current-20261007-r1/etc/tls/dfs-b-r3.pem: OK\n",
      "stderr": ""
    },
    {
      "argv": [
        "openssl",
        "x509",
        "-in",
        "/mnt/lima-afsadata/afs-delivery/dfs-r3-current-20261007-r1/etc/tls/dfs-b-r3.pem",
        "-noout",
        "-subject",
        "-nameopt",
        "RFC2253"
      ],
      "rc": 0,
      "stdout": "subject=CN=dfs-b-r3\n",
      "stderr": ""
    },
    {
      "argv": [
        "openssl",
        "verify",
        "-CAfile",
        "/mnt/lima-afsadata/afs-delivery/dfs-r3-current-20261007-r1/etc/tls/ca.pem",
        "-verify_hostname",
        "dfs-c-r3",
        "/mnt/lima-afsadata/afs-delivery/dfs-r3-current-20261007-r1/etc/tls/dfs-c-r3.pem"
      ],
      "rc": 0,
      "stdout": "/mnt/lima-afsadata/afs-delivery/dfs-r3-current-20261007-r1/etc/tls/dfs-c-r3.pem: OK\n",
      "stderr": ""
    },
    {
      "argv": [
        "openssl",
        "verify",
        "-CAfile",
        "/mnt/lima-afsadata/afs-delivery/dfs-r3-current-20261007-r1/etc/tls/ca.pem",
        "-verify_ip",
        "192.168.109.14",
        "/mnt/lima-afsadata/afs-delivery/dfs-r3-current-20261007-r1/etc/tls/dfs-c-r3.pem"
      ],
      "rc": 0,
      "stdout": "/mnt/lima-afsadata/afs-delivery/dfs-r3-current-20261007-r1/etc/tls/dfs-c-r3.pem: OK\n",
      "stderr": ""
    },
    {
      "argv": [
        "openssl",
        "x509",
        "-in",
        "/mnt/lima-afsadata/afs-delivery/dfs-r3-current-20261007-r1/etc/tls/dfs-c-r3.pem",
        "-noout",
        "-subject",
        "-nameopt",
        "RFC2253"
      ],
      "rc": 0,
      "stdout": "subject=CN=dfs-c-r3\n",
      "stderr": ""
    },
    {
      "argv": [
        "openssl",
        "x509",
        "-in",
        "/mnt/lima-afsadata/afs-delivery/dfs-r3-current-20261007-r1/etc/tls/dfs-a-r3.pem",
        "-pubkey",
        "-noout"
      ],
      "rc": 0,
      "stdout": "-----BEGIN PUBLIC KEY-----\nMIIBIjANBgkqhkiG9w0BAQEFAAOCAQ8AMIIBCgKCAQEAx/sYyZh+xJMz3AZom5TW\naqPlEC14xFTK01AZOCQXqLNh//m2jfu2OqtI16ZqCi+IN0+F3UXLw3Upm587aB76\nqvi1HwmjGbXjulavzbDsgsqSw4Rt9RJy4q0QQqYTSqFfQ8Cnft2KCMumOooqPXHc\n7a9dvKO0F3RQfqadAzdAC7WHFK75IiyL0/kgbJ7WKNaW0QolLVOl2q0T9s2h2XkC\n3ueDHBoiYLoYgca1i5aVJjld96koy89D6kMQyJWQRnj2ZA9zHYiOu2o9CH+Up0wK\n/PYNQnJrqPZZ081fYPh7wYK0V7dz+oUx9Psdqaxa+FEpDUDIzE1fqGdPIoziEm6H\n0wIDAQAB\n-----END PUBLIC KEY-----\n",
      "stderr": ""
    },
    {
      "argv": [
        "openssl",
        "pkey",
        "-in",
        "/mnt/lima-afsadata/afs-delivery/dfs-r3-current-20261007-r1/etc/tls/dfs-a-r3-key.pem",
        "-pubout"
      ],
      "rc": 0,
      "stdout": "-----BEGIN PUBLIC KEY-----\nMIIBIjANBgkqhkiG9w0BAQEFAAOCAQ8AMIIBCgKCAQEAx/sYyZh+xJMz3AZom5TW\naqPlEC14xFTK01AZOCQXqLNh//m2jfu2OqtI16ZqCi+IN0+F3UXLw3Upm587aB76\nqvi1HwmjGbXjulavzbDsgsqSw4Rt9RJy4q0QQqYTSqFfQ8Cnft2KCMumOooqPXHc\n7a9dvKO0F3RQfqadAzdAC7WHFK75IiyL0/kgbJ7WKNaW0QolLVOl2q0T9s2h2XkC\n3ueDHBoiYLoYgca1i5aVJjld96koy89D6kMQyJWQRnj2ZA9zHYiOu2o9CH+Up0wK\n/PYNQnJrqPZZ081fYPh7wYK0V7dz+oUx9Psdqaxa+FEpDUDIzE1fqGdPIoziEm6H\n0wIDAQAB\n-----END PUBLIC KEY-----\n",
      "stderr": ""
    },
    {
      "argv": [
        "findmnt",
        "-J",
        "--mountpoint",
        "/mnt/lima-afsadata"
      ],
      "rc": 0,
      "stdout": "{\n   \"filesystems\": [\n      {\n         \"target\": \"/mnt/lima-afsadata\",\n         \"source\": \"/dev/vdb1\",\n         \"fstype\": \"ext4\",\n         \"options\": \"rw,relatime\"\n      }\n   ]\n}\n",
      "stderr": ""
    }
  ],
  "status": "BLOCKED",
  "error": "symlink path"
}
