{
  "platform": {
    "system": "Linux",
    "node": "lima-afs-g2-micro",
    "release": "6.8.0-106-generic",
    "version": "#106-Ubuntu SMP PREEMPT_DYNAMIC Fri Mar  6 07:44:40 UTC 2026",
    "machine": "aarch64",
    "processor": "aarch64"
  },
  "euid": 0,
  "boot_id": "57e1dc25-0d6c-4738-ba94-015bc45428dd",
  "mountinfo": [
    "26 32 0:24 / /sys rw,nosuid,nodev,noexec,relatime shared:7 - sysfs sysfs rw",
    "27 32 0:25 / /proc rw,nosuid,nodev,noexec,relatime shared:13 - proc proc rw",
    "28 32 0:5 / /dev rw,nosuid,relatime shared:2 - devtmpfs udev rw,size=4020012k,nr_inodes=1005003,mode=755,inode64",
    "29 28 0:26 / /dev/pts rw,nosuid,noexec,relatime shared:3 - devpts devpts rw,gid=5,mode=620,ptmxmode=000",
    "30 32 0:27 / /run rw,nosuid,nodev,noexec,relatime shared:5 - tmpfs tmpfs rw,size=811364k,mode=755,inode64",
    "31 26 0:28 / /sys/firmware/efi/efivars rw,nosuid,nodev,noexec,relatime shared:8 - efivarfs efivarfs rw",
    "32 1 253:1 / / rw,relatime shared:1 - ext4 /dev/vda1 rw,discard,errors=remount-ro,commit=30",
    "33 26 0:6 / /sys/kernel/security rw,nosuid,nodev,noexec,relatime shared:9 - securityfs securityfs rw",
    "34 28 0:29 / /dev/shm rw,nosuid,nodev shared:4 - tmpfs tmpfs rw,inode64",
    "35 30 0:30 / /run/lock rw,nosuid,nodev,noexec,relatime shared:6 - tmpfs tmpfs rw,size=5120k,inode64",
    "36 26 0:31 / /sys/fs/cgroup rw,nosuid,nodev,noexec,relatime shared:10 - cgroup2 cgroup2 rw,nsdelegate,memory_recursiveprot",
    "37 26 0:32 / /sys/fs/pstore rw,nosuid,nodev,noexec,relatime shared:11 - pstore pstore rw",
    "38 26 0:33 / /sys/fs/bpf rw,nosuid,nodev,noexec,relatime shared:12 - bpf bpf rw,mode=700",
    "40 27 0:34 / /proc/sys/fs/binfmt_misc rw,relatime shared:14 - autofs systemd-1 rw,fd=32,pgrp=1,timeout=0,minproto=5,maxproto=5,direct,pipe_ino=3230",
    "41 28 0:22 / /dev/mqueue rw,nosuid,nodev,noexec,relatime shared:15 - mqueue mqueue rw",
    "42 26 0:7 / /sys/kernel/debug rw,nosuid,nodev,noexec,relatime shared:16 - debugfs debugfs rw",
    "43 28 0:35 / /dev/hugepages rw,nosuid,nodev,relatime shared:17 - hugetlbfs hugetlbfs rw,pagesize=2M",
    "44 26 0:12 / /sys/kernel/tracing rw,nosuid,nodev,noexec,relatime shared:18 - tracefs tracefs rw",
    "45 26 0:36 / /sys/fs/fuse/connections rw,nosuid,nodev,noexec,relatime shared:19 - fusectl fusectl rw",
    "46 26 0:23 / /sys/kernel/config rw,nosuid,nodev,noexec,relatime shared:20 - configfs configfs rw",
    "48 32 259:0 / /boot rw,relatime shared:30 - ext4 /dev/vda16 rw",
    "50 48 253:15 / /boot/efi rw,relatime shared:47 - vfat /dev/vda15 rw,fmask=0077,dmask=0077,codepage=437,iocharset=iso8859-1,shortname=mixed,errors=remount-ro",
    "52 40 0:37 / /proc/sys/fs/binfmt_misc rw,nosuid,nodev,noexec,relatime shared:49 - binfmt_misc binfmt_misc rw",
    "56 32 0:44 / /workspace/dms ro,relatime shared:147 - virtiofs lima-a7a710dc212e898d ro",
    "98 32 253:16 / /mnt/lima-cidata ro,relatime shared:350 - iso9660 /dev/vdb ro,nojoliet,overriderockperm,check=s,map=n,blocksize=2048,uid=0,dmode=700,fmode=700,iocharset=utf8",
    "58 30 0:49 / /run/user/501 rw,nosuid,nodev,relatime shared:99 - tmpfs tmpfs rw,size=811360k,nr_inodes=202840,mode=700,uid=501,gid=1000,inode64"
  ],
  "dependencies": {
    "bash": "/usr/bin/bash",
    "python3": "/usr/bin/python3",
    "tar": "/usr/bin/tar",
    "ldd": "/usr/bin/ldd",
    "openssl": "/usr/bin/openssl",
    "findmnt": "/usr/bin/findmnt",
    "fusermount3": "/usr/bin/fusermount3",
    "curl": "/usr/bin/curl",
    "flock": "/usr/bin/flock",
    "ss": "/usr/bin/ss",
    "sed": "/usr/bin/sed",
    "awk": "/usr/bin/awk",
    "mountpoint": "/usr/bin/mountpoint",
    "setsid": "/usr/bin/setsid",
    "nsenter": "/usr/bin/nsenter",
    "head": "/usr/bin/head",
    "tr": "/usr/bin/tr",
    "sha256sum": "/usr/bin/sha256sum"
  },
  "files": {
    "/usr/local/sbin/runc": {
      "sha256": "d10ecae898361832a059be2089bab92d158aec54661b18ed7346ed79628b46b0",
      "mode": "0o755",
      "uid": 0,
      "bytes": 10091904,
      "regular": true,
      "symlink": false
    },
    "/opt/afs-native-20261007-r1/rootfs/bin/busybox": {
      "sha256": "52151e7f322f926b64049cdaa1410dc3ea6485525e0624b05813791c219ae933",
      "mode": "0o755",
      "uid": 0,
      "bytes": 1914704,
      "regular": true,
      "symlink": false
    },
    "/opt/afs-managed-orderly-recovery-20261007-r1/rootfs/bin/busybox": {
      "sha256": "52151e7f322f926b64049cdaa1410dc3ea6485525e0624b05813791c219ae933",
      "mode": "0o755",
      "uid": 0,
      "bytes": 1914704,
      "regular": true,
      "symlink": false
    }
  },
  "commands": [
    {
      "argv": [
        "/usr/local/sbin/runc",
        "--version"
      ],
      "rc": 0,
      "stdout": "runc version 1.5.2\ncommit: v1.5.2-0-g29dd3dc\nspec: 1.3.0\ngo: go1.26.8\nlibseccomp: 2.6.1\nlibpathrs: 0.2.6\n",
      "stderr": ""
    },
    {
      "argv": [
        "ldd",
        "/opt/afs-native-20261007-r1/rootfs/bin/busybox"
      ],
      "rc": 1,
      "stdout": "",
      "stderr": "\tnot a dynamic executable\n"
    },
    {
      "argv": [
        "ss",
        "-ltnp"
      ],
      "rc": 0,
      "stdout": "State  Recv-Q Send-Q Local Address:Port Peer Address:PortProcess                                     \nLISTEN 0      4096   127.0.0.53%lo:53        0.0.0.0:*    users:((\"systemd-resolve\",pid=58283,fd=18))\nLISTEN 0      4096         0.0.0.0:22        0.0.0.0:*    users:((\"systemd\",pid=1,fd=178))           \nLISTEN 0      4096      127.0.0.54:53        0.0.0.0:*    users:((\"systemd-resolve\",pid=58283,fd=20))\nLISTEN 0      4096            [::]:22           [::]:*    users:((\"systemd\",pid=1,fd=179))           \n",
      "stderr": ""
    },
    {
      "argv": [
        "findmnt",
        "-J",
        "-T",
        "/opt"
      ],
      "rc": 0,
      "stdout": "{\n   \"filesystems\": [\n      {\n         \"target\": \"/\",\n         \"source\": \"/dev/vda1\",\n         \"fstype\": \"ext4\",\n         \"options\": \"rw,relatime,discard,errors=remount-ro,commit=30\"\n      }\n   ]\n}\n",
      "stderr": ""
    }
  ],
  "processes": [
    {
      "pid": 3554,
      "exe": "/usr/bin/gpg-agent (deleted)",
      "starttick": 4412560,
      "argv": "gpg-agent --homedir /var/tmp/afs-runc-admission-20261007-r1/gnupg --use-standard-socket --daemon ",
      "exe_sha256": "5bd7c61c431192d41478e288e6f5bba0287aa5e766b007db82d25f27c8b8cdd7"
    }
  ],
  "free_opt_bytes": 8059277312,
  "ram": "MemTotal:        8113632 kB\nMemFree:          685520 kB\nMemAvailable:    7643064 kB\nBuffers:           84564 kB\nCached:          6762560 kB\nSwapCached:            0 kB\nActive:           187264 kB\nInactive:        6738424 kB\nActive(anon):      87032 kB\nInactive(anon):        0 kB\nActive(file):     100232 kB\nInactive(file):  6738424 kB\nUnevictable:       26104 kB\nMlocked:           26104 kB\nSwapTotal:             0 kB\nSwapFree:              0 kB\nZswap:                 0 kB\nZswapped:              0 kB\nDirty:               220 kB\nWriteback:             0 kB\nAnonPages:        104452 kB\nMapped:            81048 kB\nShmem:              1016 kB\nKReclaimable:     321912 kB\nSlab:             414848 kB\nSReclaimable:     321912 kB\nSUnreclaim:        92936 kB\nKernelStack:        2424 kB\nShadowCallStack:     608 kB\nPageTables:         2600 kB\nSecPageTables:         0 kB\nNFS_Unstable:          0 kB\nBounce:                0 kB\nWritebackTmp:          0 kB\nCommitLimit:     4056816 kB\nCommitted_AS:     415424 kB\nVmallocTotal:   133141626880 kB\nVmallocUsed:       11708 kB\nVmallocChunk:          0 kB\nPercpu:             2960 kB\nHardwareCorrupted:     0 kB\nAnonHugePages:         0 kB\nShmemHugePages:        0 kB\nShmemPmdMapped:        0 kB\nFileHugePages:         0 kB\nFilePmdMapped:         0 kB\nCmaTotal:          32768 kB\nCmaFree:           29696 kB\nHugePages_Total:       0\nHugePages_Free:        0\nHugePages_Rsvd:        0\nHugePages_Surp:        0\nHugepagesize:       2048 kB\nHugetlb:               0 kB\n",
  "cgroup": "0::/user.slice/user-501.slice/session-6.scope\n",
  "proposed_paths": {
    "/opt/afs-managed-workspace-probe-remediation-20261007-r1": false,
    "/var/tmp/afs-managed-workspace-probe-remediation-20261007-r1/results-r1": false,
    "/opt/afs-workspace-probe-remediation-20261007-r1/rootfs": false
  }
}
