   Compiling afs v0.1.0 (/home/lzc.guest/afs-build/work/owner-eio-v80)
    Finished `test` profile [unoptimized + debuginfo] target(s) in 21.56s
     Running unittests src/lib.rs (/home/lzc.guest/afs-build/target/debug/deps/afs-586e1b701367e588)

running 69 tests
test node::vfs::ownerfs::tests::fatal_sync_error_classification_keeps_retryable_errors_unpoisoned ... ok
test node::vfs::ownerfs::tests::freshly_created_root_getattr_uses_real_directory_identity ... ok
test node::vfs::ownerfs::tests::getattr_without_fh_observes_held_unlinked_inode_not_reused_path ... ok
test node::vfs::ownerfs::tests::expired_peer_session_reaps_only_its_home_handles ... ok
test node::vfs::ownerfs::tests::cached_root_entry_allocates_fresh_inode_when_active_root_identity_changes ... ok
test node::vfs::ownerfs::tests::home_handle_is_bound_to_its_peer_root_session_and_identity ... ok
test node::vfs::ownerfs::tests::local_and_peer_rename_enforce_sticky_destination_victim ... ok
test node::vfs::ownerfs::tests::local_and_peer_create_inherit_sgid_parent ... ok
test node::vfs::ownerfs::tests::local_create_existing_does_not_reset_owner_or_mode ... ok
test node::vfs::ownerfs::tests::local_create_mkdir_and_mknod_preserve_kernel_filtered_modes ... ok
test node::vfs::ownerfs::tests::local_directory_listing_uses_backend_entries ... ok

running 1 test

running 1 test
test node::vfs::ownerfs::tests::local_hardlink_refreshes_nlink_and_shares_data ... ok
test node::vfs::ownerfs::tests::local_killpriv_preserves_sgid_without_group_execute ... ok
test node::vfs::ownerfs::tests::local_flush_after_write_reaches_file_data_sync ... ok

test result: ok. 1 passed; 0 failed; 0 ignored; 0 measured; 426 filtered out; finished in 0.01s

test node::vfs::ownerfs::tests::local_flush_after_write_reaches_file_data_sync ... ok
test node::vfs::ownerfs::tests::local_fdatasync_eio_poison_blocks_later_barriers_and_mutations ... ok

test result: ok. 1 passed; 0 failed; 0 ignored; 0 measured; 426 filtered out; finished in 0.02s

test node::vfs::ownerfs::tests::local_fdatasync_eio_poison_blocks_later_barriers_and_mutations ... ok
test node::vfs::ownerfs::tests::local_killpriv_truncate_setattr_and_create_existing_clear_privilege_bits ... ok
test node::vfs::ownerfs::tests::local_killpriv_write_clears_suid_and_executable_sgid_only_after_positive_write ... ok
test node::vfs::ownerfs::tests::local_killpriv_zero_and_failed_writes_do_not_clear_privilege_bits ... ok
test node::vfs::ownerfs::tests::local_non_user_xattr_does_not_disable_getxattr_operation ... ok

running 1 test
test node::vfs::ownerfs::tests::local_mknod_fifo_records_special_metadata_and_permissions ... ok
test node::vfs::ownerfs::tests::local_namespace_mutations_enforce_parent_permissions_and_sticky ... ok

running 1 test
test node::vfs::ownerfs::tests::local_readonly_create_does_not_require_created_file_write_access ... ok
test node::vfs::ownerfs::tests::local_osync_eio_poison_is_reported_by_followup_flush ... ok

test result: ok. 1 passed; 0 failed; 0 ignored; 0 measured; 426 filtered out; finished in 0.00s

test node::vfs::ownerfs::tests::local_osync_eio_poison_is_reported_by_followup_flush ... ok
test node::vfs::ownerfs::tests::local_rename_hardlink_to_itself_keeps_source_alias_cached ... ok
test node::vfs::ownerfs::tests::local_rename_over_linked_destination_rebinds_surviving_alias ... ok
test node::vfs::ownerfs::tests::local_odsync_write_reaches_file_data_sync_before_return ... ok

test result: ok. 1 passed; 0 failed; 0 ignored; 0 measured; 426 filtered out; finished in 0.03s

test node::vfs::ownerfs::tests::local_odsync_write_reaches_file_data_sync_before_return ... ok
test node::vfs::ownerfs::tests::independent_remote_file_handles_write_without_global_owner_lock ... ok
test node::vfs::ownerfs::tests::local_setattr_rejects_non_owner_chmod ... ok
test node::vfs::ownerfs::tests::local_root_and_file_round_trip_without_per_write_meta ... ok
test node::vfs::ownerfs::tests::local_setattr_updates_mode_and_times ... ok
test node::vfs::ownerfs::tests::local_symlink_readlink_roundtrip ... ok
test node::vfs::ownerfs::tests::local_user_xattr_roundtrip_and_remove ... ok
test node::vfs::ownerfs::tests::namespace_remove_checks_search_and_sticky_source_or_destination ... ok
test node::vfs::ownerfs::tests::owner_closed_scope_capacity_preserves_live_locks_and_cleanup ... ok
test node::vfs::ownerfs::tests::old_fd_survives_unlink_and_same_name_recreate ... ok
test node::vfs::ownerfs::tests::owner_cancelled_waits_do_not_leak_routed_slots ... ok
test node::vfs::ownerfs::tests::owner_lock_interrupt_before_registration_and_closed_session_do_not_revive ... ok
test node::vfs::ownerfs::tests::owner_peer_waiter_scope_binds_root_epoch_and_process ... ok
test node::vfs::ownerfs::tests::owner_locks_share_inode_identity_across_handles_and_unlink ... ok
test node::vfs::ownerfs::tests::owner_remote_session_cleanup_retries_only_unacknowledged_targets ... ok
test node::vfs::ownerfs::tests::owner_posix_fd_access_and_flock_conflict_namespaces_are_distinct ... ok
test node::vfs::ownerfs::tests::peer_hardlink_uses_caller_permissions_and_refreshes_nlink ... ok
test node::vfs::ownerfs::tests::peer_mknod_uses_caller_permissions_and_parent_identity ... ok
test node::vfs::ownerfs::tests::peer_rename_hardlink_to_itself_keeps_source_alias_cached ... ok
test node::vfs::ownerfs::tests::peer_rename_over_linked_destination_rebinds_surviving_alias ... ok
test node::vfs::ownerfs::tests::peer_symlink_uses_caller_permissions_and_parent_identity ... ok
test node::vfs::ownerfs::tests::peer_rename_uncached_hardlink_destination_keeps_source_alias_cached ... ok
test node::vfs::ownerfs::tests::peer_namespace_mutations_enforce_parent_permissions_and_sticky ... ok
test node::vfs::ownerfs::tests::remote_flush_hard_error_is_retained_by_caller_handle ... ok
test node::vfs::ownerfs::tests::remote_flush_runs_once_after_write_and_release_only_cleans_up ... ok
test node::vfs::ownerfs::tests::owner_blocked_lock_wakes_on_unlock_and_authority_invalidation ... ok
test node::vfs::ownerfs::tests::peer_user_xattr_roundtrip_uses_original_caller_permissions ... ok
test node::vfs::ownerfs::tests::remote_fsync_hard_error_is_retained_by_caller_handle ... ok
test node::vfs::ownerfs::tests::remote_lookup_refreshes_cached_grant_after_home_restart ... ok
test node::vfs::ownerfs::tests::remote_open_receives_kernel_killpriv_cause ... ok
test node::vfs::ownerfs::tests::remote_open_refreshes_cached_grant_after_home_restart ... ok
test node::vfs::ownerfs::tests::remote_resize_flush_error_is_retained_by_caller_handle ... ok
test node::vfs::ownerfs::tests::remote_resize_only_marks_handle_dirty_for_flush ... ok
test node::vfs::ownerfs::tests::remote_write_receives_kernel_killpriv_cause ... ok
test node::vfs::ownerfs::tests::rename_no_replace_moves_when_destination_absent_and_preserves_existing_destination ... ok
test node::vfs::ownerfs::tests::rename_uncached_source_purges_cached_destination_path ... ok
test node::vfs::ownerfs::tests::rename_across_roots_returns_exdev_io_error ... ok
test node::vfs::ownerfs::tests::setattr_authorization_allows_owner_uid_noop_and_member_chgrp ... ok
test node::vfs::ownerfs::tests::renamed_directory_keeps_cached_descendant_inodes_at_new_path ... ok
test node::vfs::ownerfs::tests::stale_open_with_truncate_does_not_modify_recreated_path ... ok
test node::vfs::ownerfs::tests::write_sync_mode_distinguishes_odsync_from_osync ... ok
test node::vfs::ownerfs::tests::startup_recovery_hydrates_root_entries_from_local_catalog ... ok
test node::vfs::ownerfs::tests::writable_created_mode_zero_handle_can_ftruncate_but_readonly_cannot ... ok
test node::vfs::ownerfs::tests::release_waits_for_same_handle_and_marks_it_closed ... ok

test result: ok. 69 passed; 0 failed; 0 ignored; 0 measured; 358 filtered out; finished in 0.41s

