usage: workspace-bind-data-perf-linux.py [-h] --root ROOT --out OUT
                                         --transport TRANSPORT --package
                                         PACKAGE --inputs INPUTS
                                         --template-rootfs TEMPLATE_ROOTFS
                                         --rootfs-inputs ROOTFS_INPUTS
                                         --package-sha256 PACKAGE_SHA256
                                         --source-commit SOURCE_COMMIT
                                         --afs-meta-sha256 AFS_META_SHA256
                                         --afs-node-sha256 AFS_NODE_SHA256
                                         --inputs-sha256 INPUTS_SHA256
                                         --runtime-sha256 RUNTIME_SHA256
                                         [--protect-binary PROTECT_BINARY]

Current host workspace bind used by ordinary OCI: one small paired data case.

options:
  -h, --help            show this help message and exit
  --root ROOT
  --out OUT
  --transport TRANSPORT
  --package PACKAGE
  --inputs INPUTS
  --template-rootfs TEMPLATE_ROOTFS
  --rootfs-inputs ROOTFS_INPUTS
  --package-sha256 PACKAGE_SHA256
  --source-commit SOURCE_COMMIT
  --afs-meta-sha256 AFS_META_SHA256
  --afs-node-sha256 AFS_NODE_SHA256
  --inputs-sha256 INPUTS_SHA256
  --runtime-sha256 RUNTIME_SHA256
  --protect-binary PROTECT_BINARY
