bash: line 1: cd: /Users/lzc/workspace/code/agentruntime/rust-distributed-memory-store: No such file or directory
bash: line 1: cd: /Users/lzc: No such file or directory
    Checking afs v0.1.0 (/home/lzc.guest/afs-build/work/root-merged-v36)
error[E0308]: mismatched types
    --> src/node/vfs/dfs.rs:8546:13
     |
8543 |         let read_engine_b = Arc::new(crate::node::dfs_read::DfsReadEngine::new(
     |                                      ----------------------------------------- arguments to this function are incorrect
...
8546 |             chunks_b.clone(),
     |             ^^^^^^^^^^^^^^^^ expected `Arc<LocalChunkStore>`, found `Arc<dyn ChunkStore>`
     |
     = note: expected struct `std::sync::Arc<node::chunk::LocalChunkStore>`
                found struct `std::sync::Arc<dyn node::chunk::ChunkStore>`
     = help: `node::chunk::LocalChunkStore` implements `ChunkStore` so you could change the expected type to `Box<dyn ChunkStore>`
note: associated function defined here
    --> src/node/dfs_read.rs:235:12
     |
 235 |     pub fn new(
     |            ^^^
...
 238 |         local: Arc<LocalChunkStore>,
     |         ---------------------------

For more information about this error, try `rustc --explain E0308`.
error: could not compile `afs` (lib test) due to 1 previous error
warning: build failed, waiting for other jobs to finish...
