2026-10-01 09:32:42 +0800 Assertions          	PID 60223(storagekitd) ClientDied PreventUserIdleSystemSleep "com.apple.diskmanagementd" 00:40:09  id:0x0x100009432 [System: PrevIdle DeclUser kDisp]          
2026-10-01 09:35:32 +0800 Assertions          	PID 362(powerd) Released PreventUserIdleSystemSleep "Powerd - Prevent sleep while display is on" 00:33:16  id:0x0x100009502 [System: DeclUser kDisp]          
2026-10-01 09:36:13 +0800 Assertions          	PID 362(powerd) Created InternalPreventSleep "com.apple.powermanagement.darkwakelinger" 00:00:00  id:0x0xd00009794 [System: DeclUser SRPrevSleep kCPU kDisp]          
2026-10-01 09:36:14 +0800 Assertions          	Summary- [System: PrevIdle DeclUser SRPrevSleep kCPU kDisp] Using Batt(Charge: 75)          
2026-10-01 09:36:18 +0800 Assertions          	PID 362(powerd) TimedOut InternalPreventSleep "com.apple.powermanagement.darkwakelinger" 00:00:05  id:0x0xd00009794 [System: DeclUser SRPrevSleep kCPU kDisp]          
2026-10-01 09:36:18 +0800 Sleep               	Entering Sleep state due to 'Idle Sleep':TCPKeepAlive=active Using Batt (Charge:75%) 524 secs  
2026-10-01 09:36:20 +0800 Wake Requests       	[process=mDNSResponder request=Maintenance deltaSecs=7198 wakeAt=2026-10-01 11:36:18 info="upkeep wake"] [process=dasd request=SleepService deltaSecs=946 wakeAt=2026-10-01 09:52:06 info="com.apple.dasd:501:com.apple.intelligenceflow.toolbox.update.fastpass"] [process=powerd request=TCPKATurnOff deltaSecs=316858 wakeAt=2026-10-05 01:37:18] [process=powerd request=CSPNEvaluation deltaSecs=7212 wakeAt=2026-10-01 11:36:32] [*process=powerd request=UserWake deltaSecs=521 wakeAt=2026-10-01 09:45:01 info="com.apple.alarm.user-invisible-com.apple.acmd.alarm,349"]           
2026-10-01 09:36:20 +0800 PM Client Acks      	Delays to Sleep notifications: [com.apple.bluetooth.sleep is slow(1533 ms)]           
2026-10-01 10:34:06 +0800 Assertions          	PID 362(powerd) Summary PreventUserIdleSystemSleep "Powerd - Prevent sleep while display is on" 00:13:11  id:0x0x100009936 [System: PrevIdle DeclUser kDisp]          
2026-10-01 10:36:46 +0800 Assertions          	PID 362(powerd) Released PreventUserIdleSystemSleep "Powerd - Prevent sleep while display is on" 00:15:52  id:0x0x100009936 [System: No Assertions]          
2026-10-01 10:36:46 +0800 Assertions          	PID 362(powerd) Created InternalPreventSleep "com.apple.powermanagement.darkwakelinger" 00:00:00  id:0x0xd00009a42 [System: PrevIdle SRPrevSleep kCPU]          
2026-10-01 10:36:47 +0800 Assertions          	Summary- [System: PrevIdle SRPrevSleep kCPU] Using Batt(Charge: 72)          
2026-10-01 10:36:51 +0800 Assertions          	PID 362(powerd) TimedOut InternalPreventSleep "com.apple.powermanagement.darkwakelinger" 00:00:05  id:0x0xd00009a42 [System: PrevIdle SRPrevSleep kCPU]          
2026-10-01 10:36:51 +0800 Sleep               	Entering Sleep state due to 'Idle Sleep':TCPKeepAlive=active Using Batt (Charge:72%) 27 secs   
2026-10-01 10:36:53 +0800 Wake Requests       	[process=mDNSResponder request=Maintenance deltaSecs=7198 wakeAt=2026-10-01 12:36:51 info="upkeep wake"] [process=dasd request=SleepService deltaSecs=1038 wakeAt=2026-10-01 10:54:11 info="com.apple.dasd:501:com.apple.intelligenceflow.toolbox.update.fastpass"] [process=powerd request=TCPKATurnOff deltaSecs=316858 wakeAt=2026-10-05 02:37:51] [process=powerd request=CSPNEvaluation deltaSecs=6942 wakeAt=2026-10-01 12:32:35] [*process=powerd request=UserWake deltaSecs=593 wakeAt=2026-10-01 10:46:46 info="com.apple.alarm.user-invisible-com.apple.acmd.alarm,349"]           
2026-10-01 10:36:53 +0800 PM Client Acks      	Delays to Sleep notifications: [com.apple.bluetooth.sleep is slow(1532 ms)]           
2026-10-01 10:37:18 +0800 Assertions          	PID 470(mDNSResponder) Created MaintenanceWake "mDNSResponder:maintenance" 00:00:00  id:0x0xd00009a49 [System: PrevIdle]          
2026-10-01 10:37:18 +0800 Assertions          	PID 362(powerd) Created InternalPreventSleep "PM configd - Wait for Device enumeration" 00:00:00  id:0x0xd00009a4a [System: PrevIdle]          
2026-10-01 10:37:18 +0800 DarkWake            	DarkWake from Deep Idle [CDNP] : due to smc.sysState.Wake(0x70070000) wifibt SMC.OutboxNotEmpty/ Using BATT (Charge:72%) 6 secs    
2026-10-01 10:37:18 +0800 Kernel Client Acks  	Delays to Wake notifications: [AppleCS42L84Audio driver is slow(msg: DidChangeState to 1)(75 ms)] [Codec Output driver is slow(msg: WillChangeState to 1)(75 ms)] [RTBuddy(ANS2) driver is slow(msg: SetState to 2)(157 ms)] [AppleMultiFunctionManager driver is slow(msg: SetState to 1)(203 ms)] [AppleConvergedIPCOLYBTControl driver is slow(msg: SetState to 1)(202 ms)]           
2026-10-01 10:37:19 +0800 Assertions          	PID 470(mDNSResponder) Released MaintenanceWake "mDNSResponder:maintenance" 00:00:00  id:0x0xd00009a49 [System: PrevIdle PushSrvc SRPrevSleep IPushSrvc kCPU]          
2026-10-01 10:37:19 +0800 Assertions          	Summary- [System: PrevIdle PushSrvc SRPrevSleep kCPU] Using Batt(Charge: 72)          
2026-10-01 10:37:24 +0800 Assertions          	PID 362(powerd) Released InternalPreventSleep "PM configd - Wait for Device enumeration" 00:00:05  id:0x0xd00009a4a [System: PrevIdle]          
2026-10-01 10:37:24 +0800 Sleep               	Entering Sleep state due to 'Maintenance Sleep':TCPKeepAlive=active Using Batt (Charge:72%) 27 secs   
2026-10-01 10:37:26 +0800 Wake Requests       	[process=mDNSResponder request=Maintenance deltaSecs=7198 wakeAt=2026-10-01 12:37:24 info="upkeep wake"] [process=dasd request=SleepService deltaSecs=990 wakeAt=2026-10-01 10:53:56 info="com.apple.dasd:501:com.apple.intelligenceflow.toolbox.update.fastpass"] [process=powerd request=TCPKATurnOff deltaSecs=316826 wakeAt=2026-10-05 02:37:51] [process=powerd request=CSPNEvaluation deltaSecs=6910 wakeAt=2026-10-01 12:32:35] [*process=powerd request=UserWake deltaSecs=560 wakeAt=2026-10-01 10:46:46 info="com.apple.alarm.user-invisible-com.apple.acmd.alarm,349"]           
2026-10-01 10:37:26 +0800 PM Client Acks      	Delays to Sleep notifications: [com.apple.bluetooth.sleep is slow(1857 ms)]           
2026-10-01 10:37:51 +0800 Assertions          	PID 470(mDNSResponder) Created MaintenanceWake "mDNSResponder:maintenance" 00:00:00  id:0x0xd00009a56 [System: PrevIdle]          
2026-10-01 10:37:51 +0800 Assertions          	PID 362(powerd) Created InternalPreventSleep "PM configd - Wait for Device enumeration" 00:00:00  id:0x0xd00009a57 [System: PrevIdle]          
2026-10-01 10:37:51 +0800 DarkWake            	DarkWake from Deep Idle [CDNP] : due to smc.sysState.Wake(0x70070000) wifibt SMC.OutboxNotEmpty/ Using BATT (Charge:72%) 5 secs    
2026-10-01 10:37:51 +0800 Kernel Client Acks  	Delays to Wake notifications: [AppleCS42L84Audio driver is slow(msg: DidChangeState to 1)(75 ms)] [Codec Output driver is slow(msg: WillChangeState to 1)(75 ms)] [RTBuddy(ANS2) driver is slow(msg: SetState to 2)(157 ms)] [AppleMultiFunctionManager driver is slow(msg: SetState to 1)(203 ms)] [AppleConvergedIPCOLYBTControl driver is slow(msg: SetState to 1)(202 ms)] [AppleCS42L84Audio driver is slow(msg: DidChangeState to 1)(76 ms)] [Codec Output driver is slow(msg: WillChangeState to 1)(76 ms)] [RTBuddy(ANS2) driver is slow(msg: SetState to 2)(157 ms)] [AppleMultiFunctionManager driver is slow(msg: SetState to 1)(206 ms)] [AppleConvergedIPCOLYBTControl driver is slow(msg: SetState to 1)(205 ms)]           
2026-10-01 10:37:51 +0800 Assertions          	PID 470(mDNSResponder) Released MaintenanceWake "mDNSResponder:maintenance" 00:00:00  id:0x0xd00009a56 [System: PrevIdle PushSrvc SRPrevSleep kCPU]          
2026-10-01 10:37:56 +0800 Assertions          	PID 362(powerd) Released InternalPreventSleep "PM configd - Wait for Device enumeration" 00:00:05  id:0x0xd00009a57 [System: PrevIdle]          
2026-10-01 10:37:56 +0800 Sleep               	Entering Sleep state due to 'Maintenance Sleep':TCPKeepAlive=active Using Batt (Charge:72%) 3 secs    
2026-10-01 10:37:58 +0800 Wake Requests       	[process=mDNSResponder request=Maintenance deltaSecs=7198 wakeAt=2026-10-01 12:37:57 info="upkeep wake"] [process=dasd request=SleepService deltaSecs=1059 wakeAt=2026-10-01 10:55:38 info="com.apple.dasd:501:com.apple.intelligenceflow.toolbox.update.fastpass"] [process=powerd request=TCPKATurnOff deltaSecs=316793 wakeAt=2026-10-05 02:37:51] [process=powerd request=CSPNEvaluation deltaSecs=6877 wakeAt=2026-10-01 12:32:35] [*process=powerd request=UserWake deltaSecs=527 wakeAt=2026-10-01 10:46:46 info="com.apple.alarm.user-invisible-com.apple.acmd.alarm,349"]           
2026-10-01 10:37:58 +0800 PM Client Acks      	Delays to Sleep notifications: [com.apple.bluetooth.sleep is slow(1533 ms)]           
2026-10-01 10:37:59 +0800 Assertions          	PID 470(mDNSResponder) Created MaintenanceWake "mDNSResponder:maintenance" 00:00:00  id:0x0xd00009a6a [System: PrevIdle]          
2026-10-01 10:37:59 +0800 Assertions          	PID 362(powerd) Created InternalPreventSleep "PM configd - Wait for Device enumeration" 00:00:00  id:0x0xd00009a6b [System: PrevIdle]          
2026-10-01 10:37:59 +0800 DarkWake            	DarkWake from Deep Idle [CDNP] : due to smc.sysState.Wake(0x70070000) wifibt SMC.OutboxNotEmpty/ Using BATT (Charge:72%) 6 secs    
2026-10-01 10:37:59 +0800 Kernel Client Acks  	Delays to Wake notifications: [AppleCS42L84Audio driver is slow(msg: DidChangeState to 1)(75 ms)] [Codec Output driver is slow(msg: WillChangeState to 1)(75 ms)] [RTBuddy(ANS2) driver is slow(msg: SetState to 2)(157 ms)] [AppleMultiFunctionManager driver is slow(msg: SetState to 1)(203 ms)] [AppleConvergedIPCOLYBTControl driver is slow(msg: SetState to 1)(202 ms)] [AppleCS42L84Audio driver is slow(msg: DidChangeState to 1)(76 ms)] [Codec Output driver is slow(msg: WillChangeState to 1)(76 ms)] [RTBuddy(ANS2) driver is slow(msg: SetState to 2)(157 ms)] [AppleMultiFunctionManager driver is slow(msg: SetState to 1)(206 ms)] [AppleConvergedIPCOLYBTControl driver is slow(msg: SetState to 1)(205 ms)] [Codec Output driver is slow(msg: WillChangeState to 1)(75 ms)] [RTBuddy(ANS2) driver is slow(msg: SetState to 2)(158 ms)] [AppleMultiFunctionManager driver is slow(msg: SetState to 1)(204 ms)] [AppleConvergedIPCOLYBTControl driver is slow(msg: SetState to 1)(203 ms)]           
2026-10-01 10:38:00 +0800 Assertions          	PID 470(mDNSResponder) Released MaintenanceWake "mDNSResponder:maintenance" 00:00:00  id:0x0xd00009a6a [System: PrevIdle PushSrvc SRPrevSleep kCPU]          
2026-10-01 10:38:05 +0800 Assertions          	PID 362(powerd) Released InternalPreventSleep "PM configd - Wait for Device enumeration" 00:00:05  id:0x0xd00009a6b [System: PrevIdle]          
2026-10-01 10:38:05 +0800 Sleep               	Entering Sleep state due to 'Maintenance Sleep':TCPKeepAlive=active Using Batt (Charge:72%) 176 secs  
2026-10-01 10:38:06 +0800 Wake Requests       	[process=mDNSResponder request=Maintenance deltaSecs=7198 wakeAt=2026-10-01 12:38:05 info="upkeep wake"] [process=dasd request=SleepService deltaSecs=1008 wakeAt=2026-10-01 10:54:55 info="com.apple.dasd:501:com.apple.intelligenceflow.toolbox.update.fastpass"] [process=powerd request=TCPKATurnOff deltaSecs=316785 wakeAt=2026-10-05 02:37:51] [process=powerd request=CSPNEvaluation deltaSecs=6869 wakeAt=2026-10-01 12:32:35] [*process=powerd request=UserWake deltaSecs=519 wakeAt=2026-10-01 10:46:46 info="com.apple.alarm.user-invisible-com.apple.acmd.alarm,349"]           
2026-10-01 10:38:06 +0800 PM Client Acks      	Delays to Sleep notifications: [com.apple.bluetooth.sleep is slow(1534 ms)]           
