verbose
validate data
size 256
count 3
port 19669
created cm_id 0xb864c0f50cc0
cma_event type RDMA_CM_EVENT_ADDR_RESOLVED cma_id 0xb864c0f50cc0 (parent)
cma_event type RDMA_CM_EVENT_ROUTE_RESOLVED cma_id 0xb864c0f50cc0 (parent)
rdma_resolve_addr - rdma_resolve_route successful
created pd 0xb864c0f45860
created channel 0xb864c0f46890
created cq 0xb864c0f51060
created qp 0xb864c0f511d0
rping_setup_buffers called on cb 0xb864c0f437c0
allocated & registered buffers...
cq_thread started.
cma_event type RDMA_CM_EVENT_ESTABLISHED cma_id 0xb864c0f50cc0 (parent)
ESTABLISHED
rdma_connect successful
RDMA addr b864c0f51580 rkey 290e0 len 256
send completion
recv completion
RDMA addr b864c0f51430 rkey 28f7b len 256
send completion
recv completion
ping data: rdma-ping-0: ABCDEFGHIJKLMNOPQRSTUVWXYZ[\]^_`abcdefghijklmnopqrstuvwxyzABCDEFGHIJKLMNOPQRSTUVWXYZ[\]^_`abcdefghijklmnopqrstuvwxyzABCDEFGHIJKLMNOPQRSTUVWXYZ[\]^_`abcdefghijklmnopqrstuvwxyzABCDEFGHIJKLMNOPQRSTUVWXYZ[\]^_`abcdefghijklmnopqrstuvwxyzABCDEFGHIJ
RDMA addr b864c0f51580 rkey 290e0 len 256
send completion
recv completion
RDMA addr b864c0f51430 rkey 28f7b len 256
send completion
recv completion
ping data: rdma-ping-1: BCDEFGHIJKLMNOPQRSTUVWXYZ[\]^_`abcdefghijklmnopqrstuvwxyzABCDEFGHIJKLMNOPQRSTUVWXYZ[\]^_`abcdefghijklmnopqrstuvwxyzABCDEFGHIJKLMNOPQRSTUVWXYZ[\]^_`abcdefghijklmnopqrstuvwxyzABCDEFGHIJKLMNOPQRSTUVWXYZ[\]^_`abcdefghijklmnopqrstuvwxyzABCDEFGHIJK
RDMA addr b864c0f51580 rkey 290e0 len 256
send completion
recv completion
RDMA addr b864c0f51430 rkey 28f7b len 256
send completion
recv completion
ping data: rdma-ping-2: CDEFGHIJKLMNOPQRSTUVWXYZ[\]^_`abcdefghijklmnopqrstuvwxyzABCDEFGHIJKLMNOPQRSTUVWXYZ[\]^_`abcdefghijklmnopqrstuvwxyzABCDEFGHIJKLMNOPQRSTUVWXYZ[\]^_`abcdefghijklmnopqrstuvwxyzABCDEFGHIJKLMNOPQRSTUVWXYZ[\]^_`abcdefghijklmnopqrstuvwxyzABCDEFGHIJKL
cma_event type RDMA_CM_EVENT_DISCONNECTED cma_id 0xb864c0f50cc0 (parent)
client DISCONNECT EVENT...
rping_free_buffers called on cb 0xb864c0f437c0
destroy cm_id 0xb864c0f50cc0
