2026-10-07 00:20:52,995 - kirk.events:144 - INFO - Register event: 'suite_started'
2026-10-07 00:20:52,995 - kirk.events:144 - INFO - Register event: 'test_completed'
2026-10-07 00:20:52,995 - kirk.events:144 - INFO - Register event: 'session_restore'
2026-10-07 00:20:52,995 - kirk.events:144 - INFO - Register event: 'session_started'
2026-10-07 00:20:52,995 - kirk.events:144 - INFO - Register event: 'session_stopped'
2026-10-07 00:20:52,995 - kirk.events:144 - INFO - Register event: 'sut_start'
2026-10-07 00:20:52,995 - kirk.events:144 - INFO - Register event: 'sut_stop'
2026-10-07 00:20:52,995 - kirk.events:144 - INFO - Register event: 'sut_restart'
2026-10-07 00:20:52,995 - kirk.events:144 - INFO - Register event: 'run_cmd_start'
2026-10-07 00:20:52,995 - kirk.events:144 - INFO - Register event: 'run_cmd_stdout'
2026-10-07 00:20:52,995 - kirk.events:144 - INFO - Register event: 'run_cmd_stop'
2026-10-07 00:20:52,995 - kirk.events:144 - INFO - Register event: 'suite_started'
2026-10-07 00:20:52,995 - kirk.events:144 - INFO - Register event: 'suite_completed'
2026-10-07 00:20:52,995 - kirk.events:144 - INFO - Register event: 'suite_timeout'
2026-10-07 00:20:52,995 - kirk.events:144 - INFO - Register event: 'session_warning'
2026-10-07 00:20:52,995 - kirk.events:144 - INFO - Register event: 'session_error'
2026-10-07 00:20:52,995 - kirk.events:144 - INFO - Register event: 'session_completed'
2026-10-07 00:20:52,995 - kirk.events:144 - INFO - Register event: 'internal_error'
2026-10-07 00:20:52,995 - kirk.events:144 - INFO - Register event: 'printf'
2026-10-07 00:20:52,995 - kirk.events:144 - INFO - Register event: 'sut_not_responding'
2026-10-07 00:20:52,995 - kirk.events:144 - INFO - Register event: 'kernel_panic'
2026-10-07 00:20:52,995 - kirk.events:144 - INFO - Register event: 'kernel_tainted'
2026-10-07 00:20:52,995 - kirk.events:144 - INFO - Register event: 'test_timed_out'
2026-10-07 00:20:52,995 - kirk.events:144 - INFO - Register event: 'test_started'
2026-10-07 00:20:52,995 - kirk.events:144 - INFO - Register event: 'test_completed'
2026-10-07 00:20:52,995 - asyncio:64 - DEBUG - Using selector: EpollSelector
2026-10-07 00:20:52,995 - kirk.events:250 - INFO - Starting event loop
2026-10-07 00:20:52,995 - kirk.shell:147 - INFO - Executing command: 'test -d /opt/ltp/testcases/bin'
2026-10-07 00:20:52,996 - kirk.shell:80 - INFO - Kill process 231706
2026-10-07 00:20:52,996 - kirk.shell:211 - DEBUG - return data={'command': 'test -d /opt/ltp/testcases/bin', 'stdout': '', 'returncode': 1, 'exec_time': 0.00010967254638671875}
2026-10-07 00:20:52,996 - kirk.shell:213 - INFO - Command executed
2026-10-07 00:20:52,996 - kirk.shell:147 - INFO - Executing command: 'cd '/var/tmp/afs-dfs-statfs-runtime-20261007-r2/mount/dfs/.ltp-smoke6/.l7e545f6a/0003/w' && export LTPROOT='/var/tmp/afs-e2e-20261006-r1/suites/ltp-small-install' && export PATH='/var/tmp/afs-e2e-20261006-r1/suites/ltp-small-install/testcases/bin:/var/tmp/afs-e2e-20261006-r1/suites/ltp-small-install/bin':"$PATH" && export TMPDIR='/var/tmp/afs-dfs-statfs-runtime-20261007-r2/mount/dfs/.ltp-smoke6/.l7e545f6a/0003/t' && export TMP='/var/tmp/afs-dfs-statfs-runtime-20261007-r2/mount/dfs/.ltp-smoke6/.l7e545f6a/0003/t' && export TEMP='/var/tmp/afs-dfs-statfs-runtime-20261007-r2/mount/dfs/.ltp-smoke6/.l7e545f6a/0003/t' && write01'
2026-10-07 00:20:54,430 - kirk.shell:80 - INFO - Kill process 231708
2026-10-07 00:20:54,430 - kirk.shell:211 - DEBUG - return data={'command': 'cd \'/var/tmp/afs-dfs-statfs-runtime-20261007-r2/mount/dfs/.ltp-smoke6/.l7e545f6a/0003/w\' && export LTPROOT=\'/var/tmp/afs-e2e-20261006-r1/suites/ltp-small-install\' && export PATH=\'/var/tmp/afs-e2e-20261006-r1/suites/ltp-small-install/testcases/bin:/var/tmp/afs-e2e-20261006-r1/suites/ltp-small-install/bin\':"$PATH" && export TMPDIR=\'/var/tmp/afs-dfs-statfs-runtime-20261007-r2/mount/dfs/.ltp-smoke6/.l7e545f6a/0003/t\' && export TMP=\'/var/tmp/afs-dfs-statfs-runtime-20261007-r2/mount/dfs/.ltp-smoke6/.l7e545f6a/0003/t\' && export TEMP=\'/var/tmp/afs-dfs-statfs-runtime-20261007-r2/mount/dfs/.ltp-smoke6/.l7e545f6a/0003/t\' && write01', 'stdout': "tst_tmpdir.c:308: TINFO: Using /var/tmp/afs-dfs-statfs-runtime-20261007-r2/mount/dfs/.ltp-smoke6/.l7e545f6a/0003/t/LTP_wriCLfQbe as tmpdir (fuse filesystem)\ntst_test.c:2042: TINFO: LTP version: 20260529\ntst_test.c:2045: TINFO: Tested kernel: 6.8.0-106-generic #106-Ubuntu SMP PREEMPT_DYNAMIC Fri Mar  6 07:44:40 UTC 2026 aarch64\ntst_kconfig.c:90: TINFO: Parsing kernel config '/lib/modules/6.8.0-106-generic/build/.config'\ntst_test.c:1870: TINFO: Overall timeout per run is 0h 00m 30s\nwrite01.c:40: TPASS: write() passed\n\nSummary:\npassed   1\nfailed   0\nbroken   0\nskipped  0\nwarnings 0\n", 'returncode': 0, 'exec_time': 1.4343087673187256}
2026-10-07 00:20:54,430 - kirk.shell:213 - INFO - Command executed
2026-10-07 00:20:54,430 - kirk.suite_scheduler:469 - INFO - Stopping suites execution
2026-10-07 00:20:54,430 - kirk.test_scheduler:206 - INFO - Stopping tests execution
2026-10-07 00:20:54,430 - kirk.test_scheduler:221 - INFO - Wait for running tests to be completed
2026-10-07 00:20:54,430 - kirk.test_scheduler:229 - INFO - All tests have been completed
2026-10-07 00:20:54,430 - kirk.suite_scheduler:481 - INFO - Suites execution has stopped
2026-10-07 00:20:54,430 - kirk.shell:110 - INFO - Stopping shell communication
2026-10-07 00:20:54,430 - kirk.shell:132 - INFO - Shell communication has stopped
2026-10-07 00:20:54,430 - kirk.events:226 - INFO - Stopping event loop
2026-10-07 00:20:54,430 - kirk.events:255 - INFO - Event loop completed
2026-10-07 00:20:54,430 - kirk.events:240 - INFO - Event loop stopped
2026-10-07 00:20:54,430 - kirk.suite_scheduler:469 - INFO - Stopping suites execution
2026-10-07 00:20:54,430 - kirk.test_scheduler:206 - INFO - Stopping tests execution
2026-10-07 00:20:54,430 - kirk.test_scheduler:221 - INFO - Wait for running tests to be completed
2026-10-07 00:20:54,430 - kirk.test_scheduler:229 - INFO - All tests have been completed
2026-10-07 00:20:54,430 - kirk.suite_scheduler:481 - INFO - Suites execution has stopped
2026-10-07 00:20:54,431 - kirk.events:226 - INFO - Stopping event loop
2026-10-07 00:20:54,431 - kirk.events:240 - INFO - Event loop stopped
