{"msg":"Mounting /mnt/lima-afsadata/afs-delivery/owner-remote-write-6d-bhome-20261007-r1/mount/ownerfs","level":"INFO","ts":"2026-10-06T22:24:21.29487016Z","instance":"remote-a-r1","service_name":"afs-node"}
{"msg":"node.ready","level":"INFO","ts":"2026-10-06T22:24:21.303988751Z","instance":"remote-a-r1","service_name":"afs-node","dfs":false,"ownerfs":true,"uds":"/mnt/lima-afsadata/afs-delivery/owner-remote-write-6d-bhome-20261007-r1/run/node.sock","rest":"0.0.0.0:22901","grpc":"0.0.0.0:22900"}
{"msg":"FUSE request failed","level":"ERRO","ts":"2026-10-06T22:25:45.8267032Z","instance":"remote-a-r1","service_name":"afs-node","message":"No such file or directory (os error 2)","kind":"NotFound","code":67305473}
{"msg":"FUSE request failed","level":"ERRO","ts":"2026-10-06T22:25:45.827834075Z","instance":"remote-a-r1","service_name":"afs-node","message":"No such file or directory (os error 2)","kind":"NotFound","code":67305473}
{"msg":"fuse.create","level":"INFO","ts":"2026-10-06T22:25:45.827905242Z","instance":"remote-a-r1","service_name":"afs-node","name":"owner-write-r00-payload64m.bin","parent":3}
{"msg":"[Not Implemented] ioctl(ino: 0x4, fh: 4, flags: 0, cmd: 21505, in_data.len(): 0, out_size: 0)","level":"WARN","ts":"2026-10-06T22:25:46.610028912Z","instance":"remote-a-r1","service_name":"afs-node"}
{"msg":"FUSE request failed","level":"ERRO","ts":"2026-10-06T22:25:50.665223718Z","instance":"remote-a-r1","service_name":"afs-node","message":"No such file or directory (os error 2)","kind":"NotFound","code":67305473}
{"msg":"FUSE request failed","level":"ERRO","ts":"2026-10-06T22:25:50.666816302Z","instance":"remote-a-r1","service_name":"afs-node","message":"No such file or directory (os error 2)","kind":"NotFound","code":67305473}
{"msg":"fuse.create","level":"INFO","ts":"2026-10-06T22:25:50.666843802Z","instance":"remote-a-r1","service_name":"afs-node","name":"owner-write-r01-payload64m.bin","parent":3}
{"msg":"[Not Implemented] ioctl(ino: 0x5, fh: 8, flags: 0, cmd: 21505, in_data.len(): 0, out_size: 0)","level":"WARN","ts":"2026-10-06T22:25:51.521629265Z","instance":"remote-a-r1","service_name":"afs-node"}
{"msg":"FUSE request failed","level":"ERRO","ts":"2026-10-06T22:25:51.816550686Z","instance":"remote-a-r1","service_name":"afs-node","message":"No such file or directory (os error 2)","kind":"NotFound","code":67305473}
{"msg":"FUSE request failed","level":"ERRO","ts":"2026-10-06T22:25:51.81761977Z","instance":"remote-a-r1","service_name":"afs-node","message":"No such file or directory (os error 2)","kind":"NotFound","code":67305473}
{"msg":"fuse.create","level":"INFO","ts":"2026-10-06T22:25:51.817637562Z","instance":"remote-a-r1","service_name":"afs-node","name":"owner-write-r02-payload64m.bin","parent":3}
{"msg":"[Not Implemented] ioctl(ino: 0x6, fh: 12, flags: 0, cmd: 21505, in_data.len(): 0, out_size: 0)","level":"WARN","ts":"2026-10-06T22:25:52.502612679Z","instance":"remote-a-r1","service_name":"afs-node"}
{"msg":"FUSE request failed","level":"ERRO","ts":"2026-10-06T22:25:54.069662254Z","instance":"remote-a-r1","service_name":"afs-node","message":"No such file or directory (os error 2)","kind":"NotFound","code":67305473}
{"msg":"FUSE request failed","level":"ERRO","ts":"2026-10-06T22:25:54.071111879Z","instance":"remote-a-r1","service_name":"afs-node","message":"No such file or directory (os error 2)","kind":"NotFound","code":67305473}
{"msg":"fuse.create","level":"INFO","ts":"2026-10-06T22:25:54.071133212Z","instance":"remote-a-r1","service_name":"afs-node","name":"owner-write-r03-payload64m.bin","parent":3}
{"msg":"[Not Implemented] ioctl(ino: 0x7, fh: 16, flags: 0, cmd: 21505, in_data.len(): 0, out_size: 0)","level":"WARN","ts":"2026-10-06T22:25:54.529322549Z","instance":"remote-a-r1","service_name":"afs-node"}
{"msg":"FUSE request failed","level":"ERRO","ts":"2026-10-06T22:25:54.71604356Z","instance":"remote-a-r1","service_name":"afs-node","message":"No such file or directory (os error 2)","kind":"NotFound","code":67305473}
{"msg":"FUSE request failed","level":"ERRO","ts":"2026-10-06T22:25:54.717176394Z","instance":"remote-a-r1","service_name":"afs-node","message":"No such file or directory (os error 2)","kind":"NotFound","code":67305473}
{"msg":"fuse.create","level":"INFO","ts":"2026-10-06T22:25:54.717209394Z","instance":"remote-a-r1","service_name":"afs-node","name":"owner-write-r04-payload64m.bin","parent":3}
{"msg":"[Not Implemented] ioctl(ino: 0x8, fh: 20, flags: 0, cmd: 21505, in_data.len(): 0, out_size: 0)","level":"WARN","ts":"2026-10-06T22:25:55.15101739Z","instance":"remote-a-r1","service_name":"afs-node"}
{"msg":"FUSE request failed","level":"ERRO","ts":"2026-10-06T22:25:56.418605445Z","instance":"remote-a-r1","service_name":"afs-node","message":"No such file or directory (os error 2)","kind":"NotFound","code":67305473}
{"msg":"FUSE request failed","level":"ERRO","ts":"2026-10-06T22:25:56.420100195Z","instance":"remote-a-r1","service_name":"afs-node","message":"No such file or directory (os error 2)","kind":"NotFound","code":67305473}
{"msg":"fuse.create","level":"INFO","ts":"2026-10-06T22:25:56.420117028Z","instance":"remote-a-r1","service_name":"afs-node","name":"owner-write-r05-payload64m.bin","parent":3}
{"msg":"[Not Implemented] ioctl(ino: 0x9, fh: 24, flags: 0, cmd: 21505, in_data.len(): 0, out_size: 0)","level":"WARN","ts":"2026-10-06T22:25:56.836499599Z","instance":"remote-a-r1","service_name":"afs-node"}
{"msg":"services.stopped","level":"INFO","ts":"2026-10-06T22:26:31.310404276Z","instance":"remote-a-r1","service_name":"afs-node"}
