   Compiling afs v0.1.0 (/home/lzc.guest/afs-build/work/rdma-admission-v74-r1)
warning: unused `OwnedSemaphorePermit` that must be used
    --> src/node/rpc/control.rs:1702:9
     |
1702 | /         first
1703 | |             .reserve_admission()
1704 | |             .await
1705 | |             .expect("admission recovers when a permit drops");
     | |_____________________________________________________________^
     |
     = note: `#[warn(unused_must_use)]` (part of `#[warn(unused)]`) on by default
help: use `let _ = ...` to ignore the resulting value
     |
1702 |         let _ = first
     |         +++++++

warning: `afs` (lib test) generated 1 warning
    Finished `test` profile [unoptimized + debuginfo] target(s) in 20.83s
     Running unittests src/lib.rs (/home/lzc.guest/afs-build/target/debug/deps/afs-586e1b701367e588)

running 10 tests
test node::rpc::control::tests::closed_rdma_endpoints_retain_admission_until_last_owner_drops ... ignored, requires a Linux RXE device from AFS_RDMA_DEVICE
test node::rpc::control::tests::dfs_and_owner_peer_session_identities_do_not_alias ... ok
test node::rpc::control::tests::owner_peer_session_identity_binds_every_root_access_field ... ok
test node::rpc::control::tests::owner_peer_session_identity_is_structured_not_colon_encoded ... ok
test node::rpc::control::tests::ping_returns_pong_for_literal_ping ... ok
test node::rpc::control::tests::legacy_handshake_is_rejected_before_allocating_rdma_resources ... ok
test node::rpc::control::tests::rdma_admission_is_per_registry_and_recovers_on_permit_drop ... ok
test node::rpc::control::tests::unknown_and_closed_sessions_are_rejected ... ok
test node::rpc::control::tests::concurrent_rdma_admission_is_bounded_per_registry ... ok
test node::rpc::control::tests::failed_rdma_native_allocation_releases_admission ... ok

test result: ok. 9 passed; 0 failed; 1 ignored; 0 measured; 403 filtered out; finished in 0.00s

