warning: unused `OwnedSemaphorePermit` that must be used
    --> src/node/rpc/control.rs:1702:9
     |
1702 | /         first
1703 | |             .reserve_admission()
1704 | |             .await
1705 | |             .expect("admission recovers when a permit drops");
     | |_____________________________________________________________^
     |
     = note: `#[warn(unused_must_use)]` (part of `#[warn(unused)]`) on by default
help: use `let _ = ...` to ignore the resulting value
     |
1702 |         let _ = first
     |         +++++++

warning: `afs` (lib test) generated 1 warning
    Finished `test` profile [unoptimized + debuginfo] target(s) in 0.05s
     Running unittests src/lib.rs (/home/lzc.guest/afs-build/target/debug/deps/afs-586e1b701367e588)

running 14 tests
test node::rpc::peer::tests::cancellation_guard_poisons_unfinished_session_and_disarm_preserves_it ... ok
test node::rpc::peer::tests::grpc_client_rejects_write_count_mismatch ... ok
test node::rpc::peer::tests::grpc_client_rejects_read_reply_shape_mismatch ... ok
test node::rpc::peer::tests::owner_rdma_client_admission_rejects_before_endpoint_open ... ok
test node::rpc::peer::tests::owner_prefetch_cache_hits_do_not_count_as_client_rpc_or_payload ... ok
test node::rpc::peer::tests::owner_grpc_malformed_replies_do_not_count_successful_payload_bytes ... ok
test node::rpc::peer::tests::owner_rdma_missing_device_errors_are_counted_by_client_timer ... ok
test node::rpc::peer::tests::peer_pool_never_regresses_epoch_even_after_channel_eviction ... ok
test node::rpc::peer::tests::poisoning_preserves_failure_category ... ok
test node::rpc::peer::tests::range_decoder_rejects_duplicate_stale_and_corrupt_frames ... ok
test node::rpc::peer::tests::range_decoder_requires_every_operation_and_completion ... ok
test node::rpc::peer::tests::owner_grpc_payload_bytes_count_successful_logical_bytes ... ok
test node::rpc::peer::tests::owner_release_retries_transient_failures_without_losing_handle ... ok
test node::rpc::peer::tests::owner_release_treats_stale_handle_as_idempotent_success ... ok

test result: ok. 14 passed; 0 failed; 0 ignored; 0 measured; 399 filtered out; finished in 0.02s

