   Compiling fuser v0.16.0 (/workspace/dms/source/third_party/fuser)
   Compiling afs v0.1.0 (/workspace/dms/source)
    Finished `release` profile [optimized] target(s) in 1m 01s
     Running unittests src/lib.rs (/var/tmp/afs-e2e-release-20261006-r1/target/release/deps/afs-993fcb88fd9e56b2)

running 17 tests
test node::native_workspace::mount::linux::tests::attaches_and_detaches_in_private_mount_namespace ... ignored, requires root Linux private mount namespace; run explicitly
test node::native_workspace::mount::linux::tests::detach_of_unactivated_prepare_rejects_foreign_mount ... ignored, requires root Linux private mount namespace; run explicitly
test node::native_workspace::mount::linux::tests::detach_rejects_identity_drift_and_retains_claim ... ignored, requires root Linux private mount namespace; run explicitly
test node::native_workspace::mount::linux::tests::final_clone_detach_rejects_wrong_identity_and_flags_with_proc_hidden ... ignored, requires root Linux private mount namespace; run explicitly
test node::native_workspace::mount::linux::tests::rejects_invalid_components_before_mount_work ... ok
test node::native_workspace::mount::linux::tests::rejects_symlink_target_component ... ok
test node::native_workspace::tests::native_command_sequence_rejects_malformed_records_and_overflow ... ok
test node::native_workspace::tests::native_container_has_only_workspace_and_drops_capabilities ... ok
test node::native_workspace::tests::native_control_rejects_source_injection_and_bad_identifiers ... ok
test node::native_workspace::tests::native_command_sequence_continues_after_retained_partial_records ... ok
test node::native_workspace::tests::native_command_cancellation_retains_failure_receipt_and_reaps_child ... ok
test node::native_workspace::tests::runtime_rootfs_copy_keeps_template_reusable_after_mutable_dev_artifacts ... ignored, requires root Linux trusted rootfs fixture; run physical-native gate
test node::native_workspace::tests::runtime_rootfs_copy_rejects_untrusted_source_and_destination_collision ... ignored, requires root Linux trusted rootfs fixture; run physical-native gate
test node::native_workspace::tests::runtime_rootfs_workspace_is_the_oci_root_covered_directory ... ignored, requires root Linux trusted rootfs fixture; run physical-native gate
test node::native_workspace::tests::native_control_replay_preserves_failure_and_capacity_never_blocks_stop ... ok
test node::native_workspace::tests::native_final_view_rejects_wrong_source_namespace_mount_and_policy ... ok
test node::native_workspace::tests::native_command_sequence_rejects_symlinked_record ... ok

test result: ok. 10 passed; 0 failed; 7 ignored; 0 measured; 567 filtered out; finished in 0.00s

