bash: line 1: cd: /Users/lzc/workspace/code/agentruntime/rust-distributed-memory-store: No such file or directory
bash: line 1: cd: /Users/lzc: No such file or directory
   Compiling afs-error v0.1.0 (/home/lzc.guest/afs-build/work/root-merged-v27/common/error)
    Finished `test` profile [unoptimized + debuginfo] target(s) in 0.28s
     Running unittests src/lib.rs (/home/lzc.guest/afs-build/target/debug/deps/afs_error-826c9a2d05548ba5)

running 4 tests
test tests::io_keeps_linux_raw_errno_for_xattr_and_operation_permissions ... ok
test tests::unknown_code_is_preserved ... ok
test tests::io_keeps_permission_capacity_and_type_categories ... ok
test tests::catalog_matches_unique_nonzero_numbered_constants ... ok

test result: ok. 4 passed; 0 failed; 0 ignored; 0 measured; 0 filtered out; finished in 0.00s

   Doc-tests afs_error

running 0 tests

test result: ok. 0 passed; 0 failed; 0 ignored; 0 measured; 0 filtered out; finished in 0.00s

   Compiling afs-protocol v0.1.0 (/home/lzc.guest/afs-build/work/root-merged-v27/common/protocol)
    Checking afs-error v0.1.0 (/home/lzc.guest/afs-build/work/root-merged-v27/common/error)
    Checking fuser v0.16.0 (/home/lzc.guest/afs-build/work/root-merged-v27/third_party/fuser)
    Checking afs-transport v0.1.0 (/home/lzc.guest/afs-build/work/root-merged-v27/common/transport)
    Checking afs v0.1.0 (/home/lzc.guest/afs-build/work/root-merged-v27)
    Finished `dev` profile [unoptimized + debuginfo] target(s) in 4.10s
    Checking afs v0.1.0 (/home/lzc.guest/afs-build/work/root-merged-v27)
    Finished `dev` profile [unoptimized + debuginfo] target(s) in 1.92s
    Checking afs v0.1.0 (/home/lzc.guest/afs-build/work/root-merged-v27)
    Finished `dev` profile [unoptimized + debuginfo] target(s) in 1.88s
