{"msg":"Mounting /mnt/lima-afsbdata/afs-delivery/p2-memory-peer-v42/mount-ownerfs","level":"INFO","ts":"2026-09-30T20:16:33.620835395Z","instance":"memory-node-b","service_name":"afs-node"}
{"msg":"Mounting /mnt/lima-afsbdata/afs-delivery/p2-memory-peer-v42/mount-dfs","level":"INFO","ts":"2026-09-30T20:16:33.623385741Z","instance":"memory-node-b","service_name":"afs-node"}
{"msg":"node.ready","level":"INFO","ts":"2026-09-30T20:16:33.623395908Z","instance":"memory-node-b","service_name":"afs-node","dfs":true,"ownerfs":true,"uds":"/mnt/lima-afsbdata/afs-delivery/p2-memory-peer-v42/run/node.sock","rest":"0.0.0.0:17885","grpc":"0.0.0.0:17884"}
{"msg":"[Not Implemented] ioctl(ino: 0x4, fh: 1, flags: 0, cmd: 21505, in_data.len(): 0, out_size: 0)","level":"WARN","ts":"2026-09-30T20:17:22.188675222Z","instance":"memory-node-b","service_name":"afs-node"}
{"msg":"[Not Implemented] ioctl(ino: 0x4, fh: 2, flags: 0, cmd: 21505, in_data.len(): 0, out_size: 0)","level":"WARN","ts":"2026-09-30T20:17:22.197659416Z","instance":"memory-node-b","service_name":"afs-node"}
{"msg":"[Not Implemented] ioctl(ino: 0x4, fh: 4, flags: 0, cmd: 21505, in_data.len(): 0, out_size: 0)","level":"WARN","ts":"2026-09-30T20:17:22.775383302Z","instance":"memory-node-b","service_name":"afs-node"}
{"msg":"[Not Implemented] ioctl(ino: 0x3, fh: 1, flags: 0, cmd: 21505, in_data.len(): 0, out_size: 0)","level":"WARN","ts":"2026-09-30T20:17:23.272301818Z","instance":"memory-node-b","service_name":"afs-node"}
{"msg":"[Not Implemented] ioctl(ino: 0x3, fh: 2, flags: 0, cmd: 21505, in_data.len(): 0, out_size: 0)","level":"WARN","ts":"2026-09-30T20:17:23.288213312Z","instance":"memory-node-b","service_name":"afs-node"}
{"msg":"[Not Implemented] ioctl(ino: 0x3, fh: 4, flags: 0, cmd: 21505, in_data.len(): 0, out_size: 0)","level":"WARN","ts":"2026-09-30T20:17:23.956052139Z","instance":"memory-node-b","service_name":"afs-node"}
{"msg":"FUSE request failed","level":"ERRO","ts":"2026-09-30T20:17:24.44560799Z","instance":"memory-node-b","service_name":"afs-node","message":"OwnerFs currently supports only user.* xattrs","kind":"FailedPrecondition","code":67305489}
{"msg":"FUSE request failed","level":"ERRO","ts":"2026-09-30T20:17:24.446928934Z","instance":"memory-node-b","service_name":"afs-node","message":"OwnerFs currently supports only user.* xattrs","kind":"FailedPrecondition","code":67305489}
{"msg":"[Not Implemented] ioctl(ino: 0x5, fh: 6, flags: 0, cmd: 21505, in_data.len(): 0, out_size: 0)","level":"WARN","ts":"2026-09-30T20:17:24.451744715Z","instance":"memory-node-b","service_name":"afs-node"}
{"msg":"[Not Implemented] ioctl(ino: 0x5, fh: 7, flags: 0, cmd: 21505, in_data.len(): 0, out_size: 0)","level":"WARN","ts":"2026-09-30T20:17:24.460041084Z","instance":"memory-node-b","service_name":"afs-node"}
{"msg":"FUSE request failed","level":"ERRO","ts":"2026-09-30T20:17:25.174494161Z","instance":"memory-node-b","service_name":"afs-node","message":"No such file or directory (os error 2)","kind":"NotFound","code":67305473}
{"msg":"FUSE request failed","level":"ERRO","ts":"2026-09-30T20:17:25.175948604Z","instance":"memory-node-b","service_name":"afs-node","message":"No such file or directory (os error 2)","kind":"NotFound","code":67305473}
{"msg":"FUSE request failed","level":"ERRO","ts":"2026-09-30T20:17:25.177440796Z","instance":"memory-node-b","service_name":"afs-node","message":"No such file or directory (os error 2)","kind":"NotFound","code":67305473}
{"msg":"FUSE request failed","level":"ERRO","ts":"2026-09-30T20:17:25.18182954Z","instance":"memory-node-b","service_name":"afs-node","message":"No such file or directory (os error 2)","kind":"NotFound","code":67305473}
{"msg":"fuse.create","level":"INFO","ts":"2026-09-30T20:17:25.181872289Z","instance":"memory-node-b","service_name":"afs-node","name":"src","parent":6}
{"msg":"[Not Implemented] ioctl(ino: 0x7, fh: 8, flags: 0, cmd: 21505, in_data.len(): 0, out_size: 0)","level":"WARN","ts":"2026-09-30T20:17:25.18334044Z","instance":"memory-node-b","service_name":"afs-node"}
{"msg":"FUSE request failed","level":"ERRO","ts":"2026-09-30T20:17:25.187646727Z","instance":"memory-node-b","service_name":"afs-node","message":"No such file or directory (os error 2)","kind":"NotFound","code":67305473}
{"msg":"fuse.create","level":"INFO","ts":"2026-09-30T20:17:25.187702893Z","instance":"memory-node-b","service_name":"afs-node","name":"dst","parent":6}
{"msg":"[Not Implemented] ioctl(ino: 0x8, fh: 9, flags: 0, cmd: 21505, in_data.len(): 0, out_size: 0)","level":"WARN","ts":"2026-09-30T20:17:25.189104836Z","instance":"memory-node-b","service_name":"afs-node"}
{"msg":"FUSE request failed","level":"ERRO","ts":"2026-09-30T20:17:25.194684567Z","instance":"memory-node-b","service_name":"afs-node","message":"No such file or directory (os error 2)","kind":"NotFound","code":67305473}
{"msg":"FUSE request failed","level":"ERRO","ts":"2026-09-30T20:17:25.212525457Z","instance":"memory-node-b","service_name":"afs-node","message":"No such file or directory (os error 2)","kind":"NotFound","code":67305473}
{"msg":"[Not Implemented] ioctl(ino: 0x8, fh: 10, flags: 0, cmd: 21505, in_data.len(): 0, out_size: 0)","level":"WARN","ts":"2026-09-30T20:17:25.215047388Z","instance":"memory-node-b","service_name":"afs-node"}
{"msg":"[Not Implemented] ioctl(ino: 0x7, fh: 11, flags: 0, cmd: 21505, in_data.len(): 0, out_size: 0)","level":"WARN","ts":"2026-09-30T20:17:25.218919137Z","instance":"memory-node-b","service_name":"afs-node"}
{"msg":"FUSE request failed","level":"ERRO","ts":"2026-09-30T20:17:25.759417314Z","instance":"memory-node-b","service_name":"afs-node","message":"DFS currently supports only user.* xattrs","kind":"FailedPrecondition","code":67305489}
{"msg":"FUSE request failed","level":"ERRO","ts":"2026-09-30T20:17:25.782002694Z","instance":"memory-node-b","service_name":"afs-node","message":"DFS currently supports only user.* xattrs","kind":"FailedPrecondition","code":67305489}
{"msg":"FUSE request failed","level":"ERRO","ts":"2026-09-30T20:17:25.796063417Z","instance":"memory-node-b","service_name":"afs-node","message":"DFS file handle is no longer open","kind":"FailedPrecondition","code":34340865}
{"msg":"FUSE request failed","level":"ERRO","ts":"2026-09-30T20:18:01.367067106Z","instance":"memory-node-b","service_name":"afs-node","message":"DFS currently supports only user.* xattrs","kind":"FailedPrecondition","code":67305489}
{"msg":"FUSE request failed","level":"ERRO","ts":"2026-09-30T20:18:01.374809107Z","instance":"memory-node-b","service_name":"afs-node","message":"DFS currently supports only user.* xattrs","kind":"FailedPrecondition","code":67305489}
{"msg":"[Not Implemented] ioctl(ino: 0x5, fh: 7, flags: 0, cmd: 21505, in_data.len(): 0, out_size: 0)","level":"WARN","ts":"2026-09-30T20:18:01.386458942Z","instance":"memory-node-b","service_name":"afs-node"}
{"msg":"[Not Implemented] ioctl(ino: 0x5, fh: 8, flags: 0, cmd: 21505, in_data.len(): 0, out_size: 0)","level":"WARN","ts":"2026-09-30T20:18:01.396145464Z","instance":"memory-node-b","service_name":"afs-node"}
{"msg":"[Not Implemented] ioctl(ino: 0x5, fh: 9, flags: 0, cmd: 21505, in_data.len(): 0, out_size: 0)","level":"WARN","ts":"2026-09-30T20:18:02.229954667Z","instance":"memory-node-b","service_name":"afs-node"}
{"msg":"[Not Implemented] ioctl(ino: 0x5, fh: 10, flags: 0, cmd: 21505, in_data.len(): 0, out_size: 0)","level":"WARN","ts":"2026-09-30T20:18:02.23953494Z","instance":"memory-node-b","service_name":"afs-node"}
{"msg":"[Not Implemented] ioctl(ino: 0x6, fh: 11, flags: 0, cmd: 21505, in_data.len(): 0, out_size: 0)","level":"WARN","ts":"2026-09-30T20:18:02.734632361Z","instance":"memory-node-b","service_name":"afs-node"}
{"msg":"FUSE request failed","level":"ERRO","ts":"2026-09-30T20:18:02.760898875Z","instance":"memory-node-b","service_name":"afs-node","message":"DFS currently supports only user.* xattrs","kind":"FailedPrecondition","code":67305489}
{"msg":"FUSE request failed","level":"ERRO","ts":"2026-09-30T20:18:02.787660258Z","instance":"memory-node-b","service_name":"afs-node","message":"DFS currently supports only user.* xattrs","kind":"FailedPrecondition","code":67305489}
{"msg":"[Not Implemented] ioctl(ino: 0x6, fh: 13, flags: 0, cmd: 21505, in_data.len(): 0, out_size: 0)","level":"WARN","ts":"2026-09-30T20:18:02.795218053Z","instance":"memory-node-b","service_name":"afs-node"}
{"msg":"FUSE request failed","level":"ERRO","ts":"2026-09-30T20:18:02.818035019Z","instance":"memory-node-b","service_name":"afs-node","message":"DFS file handle is no longer open","kind":"FailedPrecondition","code":34340865}
{"msg":"[Not Implemented] ioctl(ino: 0x6, fh: 14, flags: 0, cmd: 21505, in_data.len(): 0, out_size: 0)","level":"WARN","ts":"2026-09-30T20:18:02.829082736Z","instance":"memory-node-b","service_name":"afs-node"}
{"msg":"[Not Implemented] ioctl(ino: 0x7, fh: 15, flags: 0, cmd: 21505, in_data.len(): 0, out_size: 0)","level":"WARN","ts":"2026-09-30T20:18:05.760694874Z","instance":"memory-node-b","service_name":"afs-node"}
{"msg":"[Not Implemented] ioctl(ino: 0x7, fh: 16, flags: 0, cmd: 21505, in_data.len(): 0, out_size: 0)","level":"WARN","ts":"2026-09-30T20:18:05.772156045Z","instance":"memory-node-b","service_name":"afs-node"}
{"msg":"[Not Implemented] ioctl(ino: 0x7, fh: 17, flags: 0, cmd: 21505, in_data.len(): 0, out_size: 0)","level":"WARN","ts":"2026-09-30T20:18:06.241543249Z","instance":"memory-node-b","service_name":"afs-node"}
{"msg":"[Not Implemented] ioctl(ino: 0x7, fh: 18, flags: 0, cmd: 21505, in_data.len(): 0, out_size: 0)","level":"WARN","ts":"2026-09-30T20:18:06.70080827Z","instance":"memory-node-b","service_name":"afs-node"}
{"msg":"[Not Implemented] ioctl(ino: 0x7, fh: 19, flags: 0, cmd: 21505, in_data.len(): 0, out_size: 0)","level":"WARN","ts":"2026-09-30T20:18:06.712356648Z","instance":"memory-node-b","service_name":"afs-node"}
{"msg":"FUSE request failed","level":"ERRO","ts":"2026-09-30T20:18:07.219495872Z","instance":"memory-node-b","service_name":"afs-node","message":"Resource temporarily unavailable (os error 11)","kind":"Unavailable","code":67305494}
{"msg":"[Not Implemented] ioctl(ino: 0x7, fh: 21, flags: 0, cmd: 21505, in_data.len(): 0, out_size: 0)","level":"WARN","ts":"2026-09-30T20:18:07.227448205Z","instance":"memory-node-b","service_name":"afs-node"}
{"msg":"[Not Implemented] ioctl(ino: 0x7, fh: 23, flags: 0, cmd: 21505, in_data.len(): 0, out_size: 0)","level":"WARN","ts":"2026-09-30T20:18:07.465001321Z","instance":"memory-node-b","service_name":"afs-node"}
{"msg":"[Not Implemented] ioctl(ino: 0x7, fh: 25, flags: 0, cmd: 21505, in_data.len(): 0, out_size: 0)","level":"WARN","ts":"2026-09-30T20:18:07.686844561Z","instance":"memory-node-b","service_name":"afs-node"}
{"msg":"FUSE request failed","level":"ERRO","ts":"2026-09-30T20:18:44.05373159Z","instance":"memory-node-b","service_name":"afs-node","message":"Interrupted system call (os error 4)","kind":"Cancelled","code":67305493}
{"msg":"Failed to send FUSE reply: No such file or directory (os error 2)","level":"ERRO","ts":"2026-09-30T20:18:44.05454529Z","instance":"memory-node-b","service_name":"afs-node"}
{"msg":"[Not Implemented] ioctl(ino: 0x7, fh: 29, flags: 0, cmd: 21505, in_data.len(): 0, out_size: 0)","level":"WARN","ts":"2026-09-30T20:18:44.593497765Z","instance":"memory-node-b","service_name":"afs-node"}
{"msg":"FUSE request failed","level":"ERRO","ts":"2026-09-30T20:18:45.100248865Z","instance":"memory-node-b","service_name":"afs-node","message":"Resource temporarily unavailable (os error 11)","kind":"Unavailable","code":67305494}
{"msg":"[Not Implemented] ioctl(ino: 0x7, fh: 31, flags: 0, cmd: 21505, in_data.len(): 0, out_size: 0)","level":"WARN","ts":"2026-09-30T20:18:45.107787954Z","instance":"memory-node-b","service_name":"afs-node"}
{"msg":"[Not Implemented] ioctl(ino: 0x7, fh: 33, flags: 0, cmd: 21505, in_data.len(): 0, out_size: 0)","level":"WARN","ts":"2026-09-30T20:18:45.225225492Z","instance":"memory-node-b","service_name":"afs-node"}
{"msg":"[Not Implemented] ioctl(ino: 0x7, fh: 35, flags: 0, cmd: 21505, in_data.len(): 0, out_size: 0)","level":"WARN","ts":"2026-09-30T20:18:45.480656147Z","instance":"memory-node-b","service_name":"afs-node"}
{"msg":"[Not Implemented] ioctl(ino: 0x7, fh: 37, flags: 0, cmd: 21505, in_data.len(): 0, out_size: 0)","level":"WARN","ts":"2026-09-30T20:18:45.890239294Z","instance":"memory-node-b","service_name":"afs-node"}
{"msg":"[Not Implemented] ioctl(ino: 0x9, fh: 39, flags: 0, cmd: 21505, in_data.len(): 0, out_size: 0)","level":"WARN","ts":"2026-09-30T20:18:46.353759428Z","instance":"memory-node-b","service_name":"afs-node"}
{"msg":"FUSE request failed","level":"ERRO","ts":"2026-09-30T20:18:46.566644732Z","instance":"memory-node-b","service_name":"afs-node","message":"Resource temporarily unavailable (os error 11)","kind":"Unavailable","code":67305494}
{"msg":"[Not Implemented] ioctl(ino: 0xa, fh: 41, flags: 0, cmd: 21505, in_data.len(): 0, out_size: 0)","level":"WARN","ts":"2026-09-30T20:18:46.574211154Z","instance":"memory-node-b","service_name":"afs-node"}
{"msg":"[Not Implemented] ioctl(ino: 0x9, fh: 43, flags: 0, cmd: 21505, in_data.len(): 0, out_size: 0)","level":"WARN","ts":"2026-09-30T20:18:47.004964794Z","instance":"memory-node-b","service_name":"afs-node"}
{"msg":"[Not Implemented] ioctl(ino: 0x9, fh: 45, flags: 0, cmd: 21505, in_data.len(): 0, out_size: 0)","level":"WARN","ts":"2026-09-30T20:18:47.220441531Z","instance":"memory-node-b","service_name":"afs-node"}
