{
  "status": "PASS",
  "checker_sha256": "538122ed608735cfe11cfc89667a4ab28b2855cefeb62394596725289df4d957",
  "checks": {
    "postcheck": {
      "status": "PASS",
      "actual": null
    }
  },
  "commands": [
    {
      "argv": [
        "/usr/local/sbin/runc",
        "--root",
        "/opt/afs-managed-orderly-recovery-20261007-r1/control/runtime-state",
        "list",
        "--format",
        "json"
      ],
      "rc": 0,
      "stdout": "null\n",
      "stderr": ""
    }
  ],
  "identity": {
    "expected": {
      "source_commit": "3cc10a26b6c5fc4a2edc34f1bf210f4c4849082e",
      "package_sha256": "a5bdc4faab13e3a118a43194d0124946a8e1a05e5ddfb1b2bbba6b9d887355fe",
      "afs_meta_sha256": "8c53c693023249b69c22f51d8aad7d0950b0f1d3452534e219c3d1c7c906e286",
      "afs_node_sha256": "738ea5eaf0fe8f6412c99f79e26d1e3a92fba78a068510e7e27b129301d85324",
      "runtime_sha256": "d10ecae898361832a059be2089bab92d158aec54661b18ed7346ed79628b46b0"
    },
    "manifest": {
      "schema": "afs.release-package.v1",
      "name": "afs",
      "version": "0.1.0-g2-orderly-3cc10a2",
      "target": "linux-aarch64",
      "source_commit": "3cc10a26b6c5fc4a2edc34f1bf210f4c4849082e",
      "source_date_epoch": 0,
      "features": "ownerfs,dfs,rdma",
      "rust_toolchain": "1.95.0",
      "binaries": {
        "afs-meta": {
          "sha256": "8c53c693023249b69c22f51d8aad7d0950b0f1d3452534e219c3d1c7c906e286"
        },
        "afs-node": {
          "sha256": "738ea5eaf0fe8f6412c99f79e26d1e3a92fba78a068510e7e27b129301d85324"
        }
      },
      "contains": [
        "afs-meta",
        "afs-node",
        "afs-processctl",
        "afs-trial-config",
        "afs-selfcheck",
        "dep02-smoke.sh",
        "docs/guides/trial.md"
      ],
      "installer": "install.sh",
      "notes": "Built from existing Linux release binaries; no Cargo or Git required on target guests."
    },
    "tools": {
      "development/acceptance/native-workspace-linux.py": {
        "sha256": "a7e1254b7132b9e452c6f986606661e1677e9a2f1c5bd5bb07d657ccadfce46c",
        "bytes": 21961
      },
      "development/acceptance/installed-smoke-linux.py": {
        "sha256": "2e857135d05e5e7380d3dc5f4cec51a80a7045541c7f5f3fc708c6dffc9c1bea",
        "bytes": 13639
      },
      "development/acceptance/probes/native_source_rejection.py": {
        "sha256": "faae54c1e608b5505fa207228ce2b3e1550841547a5e648a7a63363e72867f84",
        "bytes": 6765
      },
      "development/acceptance/probes/native_orderly_recovery.py": {
        "sha256": "3dc731423f47ee08bb35d7b020402466f74bcbdffdbf7d7ec72207ae710b4064",
        "bytes": 15544
      },
      "development/acceptance/probes/test_native_orderly_recovery.py": {
        "sha256": "1b2e4fc827664b143283cb963d0ac12f8a16c07bf18a0ff75907933057d369bf",
        "bytes": 12623
      },
      "scripts/ownerfs/native-workspace-control.py": {
        "sha256": "11b32a45f5e24801260acddfc47e3a4e7e16385c3f0a2af08e0dba9a9573217b",
        "bytes": 2603
      }
    },
    "root": "/opt/afs-managed-orderly-recovery-20261007-r1",
    "out": "/var/tmp/afs-managed-orderly-recovery-20261007-r1/results-r1",
    "tool_inputs_sha256": "42dddc6d3ecbcc5d3b1f4e2d7ac2c05b56888b7ac8cb9b360378b8983829d7f2",
    "rootfs_inputs_sha256": "718e1be7aa74b49f356a34961056f9328e4a1d93fedefa9d934ad71f13d292b3"
  },
  "admitted_checker_sha256": "9803aec7002d68386d73cc76e20fd6bf844e2b96ecff22ac3b0f12dc00ec37e6",
  "actual_waits": {
    "receipts": [
      {
        "path": "/opt/afs-managed-orderly-recovery-20261007-r1/run/meta.lifecycle.QVJIM1",
        "child": {
          "pid": "64976",
          "exe": "/opt/afs-managed-orderly-recovery-20261007-r1/prefix/bin/afs-meta",
          "config": "/opt/afs-managed-orderly-recovery-20261007-r1/etc/meta.toml",
          "start_ticks": "7565747",
          "boot_id": "57e1dc25-0d6c-4738-ba94-015bc45428dd",
          "lifecycle": "/opt/afs-managed-orderly-recovery-20261007-r1/run/meta.lifecycle.QVJIM1",
          "supervisor_pid": "64960"
        },
        "exit": {
          "pid": "64976",
          "exe": "/opt/afs-managed-orderly-recovery-20261007-r1/prefix/bin/afs-meta",
          "config": "/opt/afs-managed-orderly-recovery-20261007-r1/etc/meta.toml",
          "start_ticks": "7565747",
          "boot_id": "57e1dc25-0d6c-4738-ba94-015bc45428dd",
          "lifecycle": "/opt/afs-managed-orderly-recovery-20261007-r1/run/meta.lifecycle.QVJIM1",
          "supervisor_pid": "64960",
          "exit_code": "0"
        },
        "ready": {
          "supervisor_pid": "64960"
        },
        "both_gone": true,
        "observed_receipt_directory": "/var/tmp/afs-managed-orderly-recovery-20261007-r1/results-r1/phase1/run/meta.lifecycle.QVJIM1"
      },
      {
        "path": "/opt/afs-managed-orderly-recovery-20261007-r1/run/node.lifecycle.I95ThI",
        "child": {
          "pid": "65160",
          "exe": "/opt/afs-managed-orderly-recovery-20261007-r1/prefix/bin/afs-node",
          "config": "/opt/afs-managed-orderly-recovery-20261007-r1/etc/node.toml",
          "start_ticks": "7565764",
          "boot_id": "57e1dc25-0d6c-4738-ba94-015bc45428dd",
          "lifecycle": "/opt/afs-managed-orderly-recovery-20261007-r1/run/node.lifecycle.I95ThI",
          "supervisor_pid": "65144"
        },
        "exit": {
          "pid": "65160",
          "exe": "/opt/afs-managed-orderly-recovery-20261007-r1/prefix/bin/afs-node",
          "config": "/opt/afs-managed-orderly-recovery-20261007-r1/etc/node.toml",
          "start_ticks": "7565764",
          "boot_id": "57e1dc25-0d6c-4738-ba94-015bc45428dd",
          "lifecycle": "/opt/afs-managed-orderly-recovery-20261007-r1/run/node.lifecycle.I95ThI",
          "supervisor_pid": "65144",
          "exit_code": "0"
        },
        "ready": {
          "supervisor_pid": "65144"
        },
        "both_gone": true,
        "observed_receipt_directory": "/var/tmp/afs-managed-orderly-recovery-20261007-r1/results-r1/phase1/run/node.lifecycle.I95ThI"
      },
      {
        "path": "/opt/afs-managed-orderly-recovery-20261007-r1/run/meta.lifecycle.1sapyz",
        "child": {
          "pid": "65918",
          "exe": "/opt/afs-managed-orderly-recovery-20261007-r1/prefix/bin/afs-meta",
          "config": "/opt/afs-managed-orderly-recovery-20261007-r1/etc/meta.toml",
          "start_ticks": "7565890",
          "boot_id": "57e1dc25-0d6c-4738-ba94-015bc45428dd",
          "lifecycle": "/opt/afs-managed-orderly-recovery-20261007-r1/run/meta.lifecycle.1sapyz",
          "supervisor_pid": "65902"
        },
        "exit": {
          "pid": "65918",
          "exe": "/opt/afs-managed-orderly-recovery-20261007-r1/prefix/bin/afs-meta",
          "config": "/opt/afs-managed-orderly-recovery-20261007-r1/etc/meta.toml",
          "start_ticks": "7565890",
          "boot_id": "57e1dc25-0d6c-4738-ba94-015bc45428dd",
          "lifecycle": "/opt/afs-managed-orderly-recovery-20261007-r1/run/meta.lifecycle.1sapyz",
          "supervisor_pid": "65902",
          "exit_code": "0"
        },
        "ready": {
          "supervisor_pid": "65902"
        },
        "both_gone": true,
        "observed_receipt_directory": "/opt/afs-managed-orderly-recovery-20261007-r1/run/meta.lifecycle.1sapyz"
      },
      {
        "path": "/opt/afs-managed-orderly-recovery-20261007-r1/run/node.lifecycle.7pctlk",
        "child": {
          "pid": "66163",
          "exe": "/opt/afs-managed-orderly-recovery-20261007-r1/prefix/bin/afs-node",
          "config": "/opt/afs-managed-orderly-recovery-20261007-r1/etc/node.toml",
          "start_ticks": "7565907",
          "boot_id": "57e1dc25-0d6c-4738-ba94-015bc45428dd",
          "lifecycle": "/opt/afs-managed-orderly-recovery-20261007-r1/run/node.lifecycle.7pctlk",
          "supervisor_pid": "66147"
        },
        "exit": {
          "pid": "66163",
          "exe": "/opt/afs-managed-orderly-recovery-20261007-r1/prefix/bin/afs-node",
          "config": "/opt/afs-managed-orderly-recovery-20261007-r1/etc/node.toml",
          "start_ticks": "7565907",
          "boot_id": "57e1dc25-0d6c-4738-ba94-015bc45428dd",
          "lifecycle": "/opt/afs-managed-orderly-recovery-20261007-r1/run/node.lifecycle.7pctlk",
          "supervisor_pid": "66147",
          "exit_code": "0"
        },
        "ready": {
          "supervisor_pid": "66147"
        },
        "both_gone": true,
        "observed_receipt_directory": "/opt/afs-managed-orderly-recovery-20261007-r1/run/node.lifecycle.7pctlk"
      }
    ],
    "eight_pids_gone": [
      64960,
      64976,
      65144,
      65160,
      65902,
      65918,
      66147,
      66163
    ]
  },
  "public_closure_responses": {
    "orderly-phase1-stop": {
      "production_ready": false,
      "status": "Stopped"
    },
    "orderly-phase1-idle": {
      "production_ready": false,
      "state": "Idle"
    },
    "stop-first": {
      "production_ready": false,
      "status": "Stopped"
    },
    "after-stop": {
      "production_ready": false,
      "state": "Idle"
    }
  },
  "protected_after": {
    "boot_id": "57e1dc25-0d6c-4738-ba94-015bc45428dd",
    "processes": [
      {
        "pid": 3554,
        "exe": "/usr/bin/gpg-agent (deleted)",
        "starttick": 4412560,
        "argv": "gpg-agent --homedir /var/tmp/afs-runc-admission-20261007-r1/gnupg --use-standard-socket --daemon ",
        "exe_sha256": "5bd7c61c431192d41478e288e6f5bba0287aa5e766b007db82d25f27c8b8cdd7"
      }
    ],
    "mountinfo": [
      "26 32 0:24 / /sys rw,nosuid,nodev,noexec,relatime shared:7 - sysfs sysfs rw",
      "27 32 0:25 / /proc rw,nosuid,nodev,noexec,relatime shared:13 - proc proc rw",
      "28 32 0:5 / /dev rw,nosuid,relatime shared:2 - devtmpfs udev rw,size=4020012k,nr_inodes=1005003,mode=755,inode64",
      "29 28 0:26 / /dev/pts rw,nosuid,noexec,relatime shared:3 - devpts devpts rw,gid=5,mode=620,ptmxmode=000",
      "30 32 0:27 / /run rw,nosuid,nodev,noexec,relatime shared:5 - tmpfs tmpfs rw,size=811364k,mode=755,inode64",
      "31 26 0:28 / /sys/firmware/efi/efivars rw,nosuid,nodev,noexec,relatime shared:8 - efivarfs efivarfs rw",
      "32 1 253:1 / / rw,relatime shared:1 - ext4 /dev/vda1 rw,discard,errors=remount-ro,commit=30",
      "33 26 0:6 / /sys/kernel/security rw,nosuid,nodev,noexec,relatime shared:9 - securityfs securityfs rw",
      "34 28 0:29 / /dev/shm rw,nosuid,nodev shared:4 - tmpfs tmpfs rw,inode64",
      "35 30 0:30 / /run/lock rw,nosuid,nodev,noexec,relatime shared:6 - tmpfs tmpfs rw,size=5120k,inode64",
      "36 26 0:31 / /sys/fs/cgroup rw,nosuid,nodev,noexec,relatime shared:10 - cgroup2 cgroup2 rw,nsdelegate,memory_recursiveprot",
      "37 26 0:32 / /sys/fs/pstore rw,nosuid,nodev,noexec,relatime shared:11 - pstore pstore rw",
      "38 26 0:33 / /sys/fs/bpf rw,nosuid,nodev,noexec,relatime shared:12 - bpf bpf rw,mode=700",
      "40 27 0:34 / /proc/sys/fs/binfmt_misc rw,relatime shared:14 - autofs systemd-1 rw,fd=32,pgrp=1,timeout=0,minproto=5,maxproto=5,direct,pipe_ino=3230",
      "41 28 0:22 / /dev/mqueue rw,nosuid,nodev,noexec,relatime shared:15 - mqueue mqueue rw",
      "42 26 0:7 / /sys/kernel/debug rw,nosuid,nodev,noexec,relatime shared:16 - debugfs debugfs rw",
      "43 28 0:35 / /dev/hugepages rw,nosuid,nodev,relatime shared:17 - hugetlbfs hugetlbfs rw,pagesize=2M",
      "44 26 0:12 / /sys/kernel/tracing rw,nosuid,nodev,noexec,relatime shared:18 - tracefs tracefs rw",
      "45 26 0:36 / /sys/fs/fuse/connections rw,nosuid,nodev,noexec,relatime shared:19 - fusectl fusectl rw",
      "46 26 0:23 / /sys/kernel/config rw,nosuid,nodev,noexec,relatime shared:20 - configfs configfs rw",
      "48 32 259:0 / /boot rw,relatime shared:30 - ext4 /dev/vda16 rw",
      "50 48 253:15 / /boot/efi rw,relatime shared:47 - vfat /dev/vda15 rw,fmask=0077,dmask=0077,codepage=437,iocharset=iso8859-1,shortname=mixed,errors=remount-ro",
      "52 40 0:37 / /proc/sys/fs/binfmt_misc rw,nosuid,nodev,noexec,relatime shared:49 - binfmt_misc binfmt_misc rw",
      "56 32 0:44 / /workspace/dms ro,relatime shared:147 - virtiofs lima-a7a710dc212e898d ro",
      "98 32 253:16 / /mnt/lima-cidata ro,relatime shared:350 - iso9660 /dev/vdb ro,nojoliet,overriderockperm,check=s,map=n,blocksize=2048,uid=0,dmode=700,fmode=700,iocharset=utf8",
      "58 30 0:49 / /run/user/501 rw,nosuid,nodev,relatime shared:99 - tmpfs tmpfs rw,size=811360k,nr_inodes=202840,mode=700,uid=501,gid=1000,inode64"
    ]
  },
  "capacity_after": {
    "allocated_bytes": 119791616,
    "apparent_bytes": 118690534,
    "distinct_inodes": 561,
    "free_bytes": 9150709760,
    "ceiling": 268435456,
    "floor": 1073741824,
    "added_allocated_bytes": 104710144
  },
  "scope": "orderly restart; actual four wait0/eight PID absence; owned public Stop may KILL; not graceful drain"
}
