Reading symbols from /home/lzc.guest/afs-build/artifacts/owner-deadline-v77/owner-contract-r4...
warning: Missing auto-load script at offset 0 in section .debug_gdb_scripts
of file /home/lzc.guest/afs-build/artifacts/owner-deadline-v77/owner-contract-r4.
Use `info auto-load python-scripts [REGEXP]' to list them.
Breakpoint 1 at 0x982c00: file native/rdma.c, line 339.
[Thread debugging using libthread_db enabled]
Using host libthread_db library "/lib/aarch64-linux-gnu/libthread_db.so.1".

running 1 test
test ownerpeerclient_posted_rdma_deadline_has_unknown_outcome ... [Detaching after vfork from child process 1890]
[Detaching after vfork from child process 1891]
[Detaching after vfork from child process 1892]
[Detaching after vfork from child process 1893]
[Detaching after vfork from child process 1894]
AFS_RDMA_GID index=1 address=::ffff:192.168.109.1 family=ipv4
AFS_RDMA_GID index=1 address=::ffff:192.168.109.1 family=ipv4
AFS_RDMA_PROBE send_complete
AFS_RDMA_PROBE receive_complete

Thread 4 "tokio-rt-worker" hit Breakpoint 1, afs_rdma_transfer (
    opaque=0xffffec00dd30, operation=1, len=4096, timeout_ms=5000, 
    err=0xfffff77acd50 "", errlen=256) at native/rdma.c:339
339	    uint64_t deadline=monotonic_ms()+timeout_ms;
(gdb) [Detaching after vfork from child process 1897]
[Detaching after vfork from child process 1898]
[Detaching after vfork from child process 1899]
[Detaching after vfork from child process 1900]
[Detaching after vfork from child process 1901]
[Detaching after vfork from child process 1902]
[Detaching after vfork from child process 1903]
[Detaching after vfork from child process 1904]
[Detaching after vfork from child process 1905]
[Detaching after vfork from child process 1906]
AFS_OWNER_DEADLINE caller=TIMEOUT lookup=STALE server=RETAINED file=EMPTY replay=ABSENT
[Switching to thread 4 (Thread 0xfffff77aef60 (LWP 1887))]
#0  afs_rdma_transfer (opaque=0xffffec00dd30, operation=1, len=4096, 
    timeout_ms=5000, err=0xfffff77acd50 "", errlen=256) at native/rdma.c:339
339	    uint64_t deadline=monotonic_ms()+timeout_ms;
(gdb) Continuing.
AFS_RDMA_COMPLETE op=READ bytes=4096
[Detaching after vfork from child process 1907]
[Detaching after vfork from child process 1908]
[Detaching after vfork from child process 1909]
[Detaching after vfork from child process 1910]
[Detaching after vfork from child process 1911]
AFS_OWNER_DEADLINE drain=COMPLETE content=EXACT endpoint=RELEASED replay=ABSENT
ok

test result: ok. 1 passed; 0 failed; 0 ignored; 0 measured; 11 filtered out; finished in 4.12s

[Inferior 1 (process 1883) exited normally]
(gdb) 