{
  "boot_id": "36a572e0-859b-4a94-adc7-789210a83fc8",
  "processes": [
    {
      "pid": 706366,
      "exe": "/mnt/lima-afsadata/afs-delivery/p2-memory-lane-v45/bin/afs-meta",
      "start_ticks": "5849843",
      "cmdline": "/mnt/lima-afsadata/afs-delivery/p2-memory-lane-v45/bin/afs-meta --config /mnt/lima-afsadata/afs-delivery/p2-memory-lane-v45/meta.toml "
    },
    {
      "pid": 707560,
      "exe": "/mnt/lima-afsadata/afs-delivery/p2-memory-lane-v48/bin/afs-meta",
      "start_ticks": "6127754",
      "cmdline": "/mnt/lima-afsadata/afs-delivery/p2-memory-lane-v48/bin/afs-meta --config /mnt/lima-afsadata/afs-delivery/p2-memory-lane-v48/meta.toml "
    },
    {
      "pid": 722421,
      "exe": "/mnt/lima-afsadata/afs-delivery/p2-memory-lane-v51/prefix/bin/afs-meta",
      "start_ticks": "6782793",
      "cmdline": "/mnt/lima-afsadata/afs-delivery/p2-memory-lane-v51/prefix/bin/afs-meta --config /mnt/lima-afsadata/afs-delivery/p2-memory-lane-v51/etc/meta.toml "
    },
    {
      "pid": 723627,
      "exe": "/mnt/lima-afsadata/afs-delivery/repair-v55-a/prefix/bin/afs-meta",
      "start_ticks": "7187988",
      "cmdline": "/mnt/lima-afsadata/afs-delivery/repair-v55-a/prefix/bin/afs-meta --config /mnt/lima-afsadata/afs-delivery/repair-v55-a/etc/meta.toml "
    },
    {
      "pid": 724361,
      "exe": "/mnt/lima-afsadata/afs-delivery/repair-v60-a/prefix/bin/afs-meta",
      "start_ticks": "7349623",
      "cmdline": "/mnt/lima-afsadata/afs-delivery/repair-v60-a/prefix/bin/afs-meta --config /mnt/lima-afsadata/afs-delivery/repair-v60-a/etc/meta.toml "
    },
    {
      "pid": 727122,
      "exe": "/mnt/lima-afsadata/afs-delivery/corrupt-v62-a/prefix/bin/afs-meta",
      "start_ticks": "7806618",
      "cmdline": "/mnt/lima-afsadata/afs-delivery/corrupt-v62-a/prefix/bin/afs-meta --config /mnt/lima-afsadata/afs-delivery/corrupt-v62-a/etc/meta.toml "
    },
    {
      "pid": 729413,
      "exe": "/mnt/lima-afsadata/afs-delivery/rxe-repair-v62-a/prefix/bin/afs-meta",
      "start_ticks": "7870207",
      "cmdline": "/mnt/lima-afsadata/afs-delivery/rxe-repair-v62-a/prefix/bin/afs-meta --config /mnt/lima-afsadata/afs-delivery/rxe-repair-v62-a/etc/meta.toml "
    }
  ]
}
