{"msg":"Meta event watch established","level":"INFO","ts":"2026-09-15T14:27:22.743316344Z","instance":"node-namespace-b","service_name":"dms-node","event_cursor":0,"request_cursor":0,"last_acked_cursor":0,"event":"node.meta_watch.connected"}
{"msg":"Mounting /tmp/dms-filesystem-namespace.A8KgbI/mnt-b","level":"INFO","ts":"2026-09-15T14:27:22.7433497Z","instance":"node-namespace-b","service_name":"dms-node"}
{"msg":"dms-node is ready","level":"INFO","ts":"2026-09-15T14:27:22.744818894Z","instance":"node-namespace-b","service_name":"dms-node","protocol_version":1,"worker_uds":null,"worker_tcp":"127.0.0.1:29703","health_address":"127.0.0.1:29783","node_id":"node-namespace-b","event":"node.process.ready"}
{"msg":"replica repair applied","level":"INFO","ts":"2026-09-15T14:27:24.714976398Z","instance":"node-namespace-b","service_name":"dms-node","desired_copies":2,"target_node_epoch":2,"target_node_id":1686243049365831308,"source_node_epoch":1,"source_node_id":1686246347900715941,"block_id":"3176dea9787cb618","event":"node.repair.completed"}
{"msg":"Meta event acknowledged","level":"INFO","ts":"2026-09-15T14:27:24.718347329Z","instance":"node-namespace-b","service_name":"dms-node","event_cursor":1023,"request_cursor":0,"last_acked_cursor":1023,"event":"node.meta_watch.acknowledged"}
{"msg":"replica repair applied","level":"INFO","ts":"2026-09-15T14:27:24.720832311Z","instance":"node-namespace-b","service_name":"dms-node","desired_copies":2,"target_node_epoch":2,"target_node_id":1686243049365831308,"source_node_epoch":1,"source_node_id":1686246347900715941,"block_id":"718cecc690c0b937","event":"node.repair.completed"}
{"msg":"Meta event acknowledged","level":"INFO","ts":"2026-09-15T14:27:24.722073573Z","instance":"node-namespace-b","service_name":"dms-node","event_cursor":1024,"request_cursor":0,"last_acked_cursor":1024,"event":"node.meta_watch.acknowledged"}
{"msg":"replica repair applied","level":"INFO","ts":"2026-09-15T14:27:24.723114233Z","instance":"node-namespace-b","service_name":"dms-node","desired_copies":2,"target_node_epoch":2,"target_node_id":1686243049365831308,"source_node_epoch":1,"source_node_id":1686246347900715941,"block_id":"98daccd793c11310","event":"node.repair.completed"}
{"msg":"Meta event acknowledged","level":"INFO","ts":"2026-09-15T14:27:24.726284895Z","instance":"node-namespace-b","service_name":"dms-node","event_cursor":1025,"request_cursor":0,"last_acked_cursor":1025,"event":"node.meta_watch.acknowledged"}
{"msg":"replica repair applied","level":"INFO","ts":"2026-09-15T14:27:24.727629602Z","instance":"node-namespace-b","service_name":"dms-node","desired_copies":2,"target_node_epoch":2,"target_node_id":1686243049365831308,"source_node_epoch":1,"source_node_id":1686246347900715941,"block_id":"1177725ae9d4d7cb","event":"node.repair.completed"}
{"msg":"Meta event acknowledged","level":"INFO","ts":"2026-09-15T14:27:24.728916882Z","instance":"node-namespace-b","service_name":"dms-node","event_cursor":1026,"request_cursor":0,"last_acked_cursor":1026,"event":"node.meta_watch.acknowledged"}
{"msg":"replica repair applied","level":"INFO","ts":"2026-09-15T14:27:24.729975157Z","instance":"node-namespace-b","service_name":"dms-node","desired_copies":2,"target_node_epoch":2,"target_node_id":1686243049365831308,"source_node_epoch":1,"source_node_id":1686246347900715941,"block_id":"b3a54c3d06f63465","event":"node.repair.completed"}
{"msg":"Meta event acknowledged","level":"INFO","ts":"2026-09-15T14:27:24.73324839Z","instance":"node-namespace-b","service_name":"dms-node","event_cursor":1027,"request_cursor":0,"last_acked_cursor":1027,"event":"node.meta_watch.acknowledged"}
{"msg":"replica repair applied","level":"INFO","ts":"2026-09-15T14:27:24.748736475Z","instance":"node-namespace-b","service_name":"dms-node","desired_copies":2,"target_node_epoch":2,"target_node_id":1686243049365831308,"source_node_epoch":1,"source_node_id":1686246347900715941,"block_id":"6a000859660e3eaf","event":"node.repair.completed"}
{"msg":"Meta event acknowledged","level":"INFO","ts":"2026-09-15T14:27:24.749700883Z","instance":"node-namespace-b","service_name":"dms-node","event_cursor":1028,"request_cursor":0,"last_acked_cursor":1028,"event":"node.meta_watch.acknowledged"}
{"msg":"replica repair applied","level":"INFO","ts":"2026-09-15T14:27:24.752260367Z","instance":"node-namespace-b","service_name":"dms-node","desired_copies":2,"target_node_epoch":2,"target_node_id":1686243049365831308,"source_node_epoch":1,"source_node_id":1686246347900715941,"block_id":"0046d5cd5b4fbe03","event":"node.repair.completed"}
{"msg":"Meta event acknowledged","level":"INFO","ts":"2026-09-15T14:27:24.753392103Z","instance":"node-namespace-b","service_name":"dms-node","event_cursor":1029,"request_cursor":0,"last_acked_cursor":1029,"event":"node.meta_watch.acknowledged"}
{"msg":"replica repair applied","level":"INFO","ts":"2026-09-15T14:27:24.75478083Z","instance":"node-namespace-b","service_name":"dms-node","desired_copies":2,"target_node_epoch":2,"target_node_id":1686243049365831308,"source_node_epoch":1,"source_node_id":1686246347900715941,"block_id":"427527d139d7ca49","event":"node.repair.completed"}
{"msg":"Meta event acknowledged","level":"INFO","ts":"2026-09-15T14:27:24.756021301Z","instance":"node-namespace-b","service_name":"dms-node","event_cursor":1030,"request_cursor":0,"last_acked_cursor":1030,"event":"node.meta_watch.acknowledged"}
{"msg":"replica repair applied","level":"INFO","ts":"2026-09-15T14:27:24.757343395Z","instance":"node-namespace-b","service_name":"dms-node","desired_copies":2,"target_node_epoch":2,"target_node_id":1686243049365831308,"source_node_epoch":1,"source_node_id":1686246347900715941,"block_id":"22117e673555a036","event":"node.repair.completed"}
{"msg":"Meta event acknowledged","level":"INFO","ts":"2026-09-15T14:27:24.758646Z","instance":"node-namespace-b","service_name":"dms-node","event_cursor":1031,"request_cursor":0,"last_acked_cursor":1031,"event":"node.meta_watch.acknowledged"}
{"msg":"replica repair applied","level":"INFO","ts":"2026-09-15T14:27:24.759922202Z","instance":"node-namespace-b","service_name":"dms-node","desired_copies":2,"target_node_epoch":2,"target_node_id":1686243049365831308,"source_node_epoch":1,"source_node_id":1686246347900715941,"block_id":"98c11e4eee7bb515","event":"node.repair.completed"}
{"msg":"Meta event acknowledged","level":"INFO","ts":"2026-09-15T14:27:24.761209399Z","instance":"node-namespace-b","service_name":"dms-node","event_cursor":1032,"request_cursor":0,"last_acked_cursor":1032,"event":"node.meta_watch.acknowledged"}
{"msg":"replica repair applied","level":"INFO","ts":"2026-09-15T14:27:24.762456366Z","instance":"node-namespace-b","service_name":"dms-node","desired_copies":2,"target_node_epoch":2,"target_node_id":1686243049365831308,"source_node_epoch":1,"source_node_id":1686246347900715941,"block_id":"ea6408fa81f73f18","event":"node.repair.completed"}
{"msg":"Meta event acknowledged","level":"INFO","ts":"2026-09-15T14:27:24.763826311Z","instance":"node-namespace-b","service_name":"dms-node","event_cursor":1033,"request_cursor":0,"last_acked_cursor":1033,"event":"node.meta_watch.acknowledged"}
{"msg":"replica repair applied","level":"INFO","ts":"2026-09-15T14:27:24.765102888Z","instance":"node-namespace-b","service_name":"dms-node","desired_copies":2,"target_node_epoch":2,"target_node_id":1686243049365831308,"source_node_epoch":1,"source_node_id":1686246347900715941,"block_id":"144c7445545cb5ae","event":"node.repair.completed"}
{"msg":"Meta event acknowledged","level":"INFO","ts":"2026-09-15T14:27:24.766376758Z","instance":"node-namespace-b","service_name":"dms-node","event_cursor":1034,"request_cursor":0,"last_acked_cursor":1034,"event":"node.meta_watch.acknowledged"}
{"msg":"replica repair applied","level":"INFO","ts":"2026-09-15T14:27:24.767700893Z","instance":"node-namespace-b","service_name":"dms-node","desired_copies":2,"target_node_epoch":2,"target_node_id":1686243049365831308,"source_node_epoch":1,"source_node_id":1686246347900715941,"block_id":"0d9fd0c614ef56f5","event":"node.repair.completed"}
{"msg":"Meta event acknowledged","level":"INFO","ts":"2026-09-15T14:27:24.76905622Z","instance":"node-namespace-b","service_name":"dms-node","event_cursor":1035,"request_cursor":0,"last_acked_cursor":1035,"event":"node.meta_watch.acknowledged"}
{"msg":"replica repair applied","level":"INFO","ts":"2026-09-15T14:27:24.770324635Z","instance":"node-namespace-b","service_name":"dms-node","desired_copies":2,"target_node_epoch":2,"target_node_id":1686243049365831308,"source_node_epoch":1,"source_node_id":1686246347900715941,"block_id":"f935ff80c97f38e9","event":"node.repair.completed"}
{"msg":"Meta event acknowledged","level":"INFO","ts":"2026-09-15T14:27:24.771693663Z","instance":"node-namespace-b","service_name":"dms-node","event_cursor":1036,"request_cursor":0,"last_acked_cursor":1036,"event":"node.meta_watch.acknowledged"}
{"msg":"replica repair applied","level":"INFO","ts":"2026-09-15T14:27:24.772929095Z","instance":"node-namespace-b","service_name":"dms-node","desired_copies":2,"target_node_epoch":2,"target_node_id":1686243049365831308,"source_node_epoch":1,"source_node_id":1686246347900715941,"block_id":"cea76d9e3a2c007a","event":"node.repair.completed"}
{"msg":"Meta event acknowledged","level":"INFO","ts":"2026-09-15T14:27:24.774478653Z","instance":"node-namespace-b","service_name":"dms-node","event_cursor":1037,"request_cursor":0,"last_acked_cursor":1037,"event":"node.meta_watch.acknowledged"}
{"msg":"replica repair applied","level":"INFO","ts":"2026-09-15T14:27:24.775774761Z","instance":"node-namespace-b","service_name":"dms-node","desired_copies":2,"target_node_epoch":2,"target_node_id":1686243049365831308,"source_node_epoch":1,"source_node_id":1686246347900715941,"block_id":"2a7e4b67cf514e3c","event":"node.repair.completed"}
{"msg":"Meta event acknowledged","level":"INFO","ts":"2026-09-15T14:27:24.777148829Z","instance":"node-namespace-b","service_name":"dms-node","event_cursor":1038,"request_cursor":0,"last_acked_cursor":1038,"event":"node.meta_watch.acknowledged"}
{"msg":"replica repair applied","level":"INFO","ts":"2026-09-15T14:27:24.778394005Z","instance":"node-namespace-b","service_name":"dms-node","desired_copies":2,"target_node_epoch":2,"target_node_id":1686243049365831308,"source_node_epoch":1,"source_node_id":1686246347900715941,"block_id":"114bd8a7c3cf013e","event":"node.repair.completed"}
{"msg":"Meta event acknowledged","level":"INFO","ts":"2026-09-15T14:27:24.77982446Z","instance":"node-namespace-b","service_name":"dms-node","event_cursor":1039,"request_cursor":0,"last_acked_cursor":1039,"event":"node.meta_watch.acknowledged"}
{"msg":"replica repair applied","level":"INFO","ts":"2026-09-15T14:27:24.781001672Z","instance":"node-namespace-b","service_name":"dms-node","desired_copies":2,"target_node_epoch":2,"target_node_id":1686243049365831308,"source_node_epoch":1,"source_node_id":1686246347900715941,"block_id":"c8e4e5d497748e37","event":"node.repair.completed"}
{"msg":"Meta event acknowledged","level":"INFO","ts":"2026-09-15T14:27:24.782359623Z","instance":"node-namespace-b","service_name":"dms-node","event_cursor":1040,"request_cursor":0,"last_acked_cursor":1040,"event":"node.meta_watch.acknowledged"}
{"msg":"replica repair applied","level":"INFO","ts":"2026-09-15T14:27:24.783605966Z","instance":"node-namespace-b","service_name":"dms-node","desired_copies":2,"target_node_epoch":2,"target_node_id":1686243049365831308,"source_node_epoch":1,"source_node_id":1686246347900715941,"block_id":"484cb4b9d5a2cc1c","event":"node.repair.completed"}
{"msg":"Meta event acknowledged","level":"INFO","ts":"2026-09-15T14:27:24.784975036Z","instance":"node-namespace-b","service_name":"dms-node","event_cursor":1041,"request_cursor":0,"last_acked_cursor":1041,"event":"node.meta_watch.acknowledged"}
{"msg":"replica repair applied","level":"INFO","ts":"2026-09-15T14:27:24.786267021Z","instance":"node-namespace-b","service_name":"dms-node","desired_copies":2,"target_node_epoch":2,"target_node_id":1686243049365831308,"source_node_epoch":1,"source_node_id":1686246347900715941,"block_id":"610ba02632acc81f","event":"node.repair.completed"}
{"msg":"Meta event acknowledged","level":"INFO","ts":"2026-09-15T14:27:24.787551511Z","instance":"node-namespace-b","service_name":"dms-node","event_cursor":1042,"request_cursor":0,"last_acked_cursor":1042,"event":"node.meta_watch.acknowledged"}
{"msg":"replica repair applied","level":"INFO","ts":"2026-09-15T14:27:24.788886182Z","instance":"node-namespace-b","service_name":"dms-node","desired_copies":2,"target_node_epoch":2,"target_node_id":1686243049365831308,"source_node_epoch":1,"source_node_id":1686246347900715941,"block_id":"73d8a60eb0f93ac9","event":"node.repair.completed"}
{"msg":"Meta event acknowledged","level":"INFO","ts":"2026-09-15T14:27:24.790191661Z","instance":"node-namespace-b","service_name":"dms-node","event_cursor":1043,"request_cursor":0,"last_acked_cursor":1043,"event":"node.meta_watch.acknowledged"}
{"msg":"replica repair applied","level":"INFO","ts":"2026-09-15T14:27:24.791532995Z","instance":"node-namespace-b","service_name":"dms-node","desired_copies":2,"target_node_epoch":2,"target_node_id":1686243049365831308,"source_node_epoch":1,"source_node_id":1686246347900715941,"block_id":"8cb4f1e90c60584d","event":"node.repair.completed"}
{"msg":"Meta event acknowledged","level":"INFO","ts":"2026-09-15T14:27:24.792807157Z","instance":"node-namespace-b","service_name":"dms-node","event_cursor":1044,"request_cursor":0,"last_acked_cursor":1044,"event":"node.meta_watch.acknowledged"}
{"msg":"replica repair applied","level":"INFO","ts":"2026-09-15T14:27:24.794173769Z","instance":"node-namespace-b","service_name":"dms-node","desired_copies":2,"target_node_epoch":2,"target_node_id":1686243049365831308,"source_node_epoch":1,"source_node_id":1686246347900715941,"block_id":"ebdfd2da0eb26c8a","event":"node.repair.completed"}
{"msg":"Meta event acknowledged","level":"INFO","ts":"2026-09-15T14:27:24.795418155Z","instance":"node-namespace-b","service_name":"dms-node","event_cursor":1045,"request_cursor":0,"last_acked_cursor":1045,"event":"node.meta_watch.acknowledged"}
{"msg":"replica repair applied","level":"INFO","ts":"2026-09-15T14:27:24.79683191Z","instance":"node-namespace-b","service_name":"dms-node","desired_copies":2,"target_node_epoch":2,"target_node_id":1686243049365831308,"source_node_epoch":1,"source_node_id":1686246347900715941,"block_id":"047b84e839730c11","event":"node.repair.completed"}
{"msg":"Meta event acknowledged","level":"INFO","ts":"2026-09-15T14:27:24.798169246Z","instance":"node-namespace-b","service_name":"dms-node","event_cursor":1046,"request_cursor":0,"last_acked_cursor":1046,"event":"node.meta_watch.acknowledged"}
{"msg":"replica repair applied","level":"INFO","ts":"2026-09-15T14:27:24.799373528Z","instance":"node-namespace-b","service_name":"dms-node","desired_copies":2,"target_node_epoch":2,"target_node_id":1686243049365831308,"source_node_epoch":1,"source_node_id":1686246347900715941,"block_id":"7ef9fe01cace789e","event":"node.repair.completed"}
{"msg":"Meta event acknowledged","level":"INFO","ts":"2026-09-15T14:27:24.800640027Z","instance":"node-namespace-b","service_name":"dms-node","event_cursor":1047,"request_cursor":0,"last_acked_cursor":1047,"event":"node.meta_watch.acknowledged"}
{"msg":"replica repair applied","level":"INFO","ts":"2026-09-15T14:27:24.80201626Z","instance":"node-namespace-b","service_name":"dms-node","desired_copies":2,"target_node_epoch":2,"target_node_id":1686243049365831308,"source_node_epoch":1,"source_node_id":1686246347900715941,"block_id":"93b11c4e7c71ffa1","event":"node.repair.completed"}
{"msg":"Meta event acknowledged","level":"INFO","ts":"2026-09-15T14:27:24.803264477Z","instance":"node-namespace-b","service_name":"dms-node","event_cursor":1048,"request_cursor":0,"last_acked_cursor":1048,"event":"node.meta_watch.acknowledged"}
{"msg":"replica repair applied","level":"INFO","ts":"2026-09-15T14:27:24.804749277Z","instance":"node-namespace-b","service_name":"dms-node","desired_copies":2,"target_node_epoch":2,"target_node_id":1686243049365831308,"source_node_epoch":1,"source_node_id":1686246347900715941,"block_id":"abc033c8fd31225b","event":"node.repair.completed"}
{"msg":"Meta event acknowledged","level":"INFO","ts":"2026-09-15T14:27:24.805898255Z","instance":"node-namespace-b","service_name":"dms-node","event_cursor":1049,"request_cursor":0,"last_acked_cursor":1049,"event":"node.meta_watch.acknowledged"}
{"msg":"replica repair applied","level":"INFO","ts":"2026-09-15T14:27:24.807245128Z","instance":"node-namespace-b","service_name":"dms-node","desired_copies":2,"target_node_epoch":2,"target_node_id":1686243049365831308,"source_node_epoch":1,"source_node_id":1686246347900715941,"block_id":"a6bb4d33b9abb592","event":"node.repair.completed"}
{"msg":"Meta event acknowledged","level":"INFO","ts":"2026-09-15T14:27:24.808566182Z","instance":"node-namespace-b","service_name":"dms-node","event_cursor":1050,"request_cursor":0,"last_acked_cursor":1050,"event":"node.meta_watch.acknowledged"}
{"msg":"replica repair applied","level":"INFO","ts":"2026-09-15T14:27:24.811074901Z","instance":"node-namespace-b","service_name":"dms-node","desired_copies":2,"target_node_epoch":2,"target_node_id":1686243049365831308,"source_node_epoch":1,"source_node_id":1686246347900715941,"block_id":"7dfd9379daf323de","event":"node.repair.completed"}
{"msg":"Meta event acknowledged","level":"INFO","ts":"2026-09-15T14:27:24.8121191Z","instance":"node-namespace-b","service_name":"dms-node","event_cursor":1051,"request_cursor":0,"last_acked_cursor":1051,"event":"node.meta_watch.acknowledged"}
{"msg":"replica repair applied","level":"INFO","ts":"2026-09-15T14:27:24.816170839Z","instance":"node-namespace-b","service_name":"dms-node","desired_copies":2,"target_node_epoch":2,"target_node_id":1686243049365831308,"source_node_epoch":1,"source_node_id":1686246347900715941,"block_id":"12bc687e77f5b32f","event":"node.repair.completed"}
{"msg":"Meta event acknowledged","level":"INFO","ts":"2026-09-15T14:27:24.817288208Z","instance":"node-namespace-b","service_name":"dms-node","event_cursor":1052,"request_cursor":0,"last_acked_cursor":1052,"event":"node.meta_watch.acknowledged"}
{"msg":"replica repair applied","level":"INFO","ts":"2026-09-15T14:27:24.819550224Z","instance":"node-namespace-b","service_name":"dms-node","desired_copies":2,"target_node_epoch":2,"target_node_id":1686243049365831308,"source_node_epoch":1,"source_node_id":1686246347900715941,"block_id":"046f1a6d19f2d49d","event":"node.repair.completed"}
{"msg":"Meta event acknowledged","level":"INFO","ts":"2026-09-15T14:27:24.82090097Z","instance":"node-namespace-b","service_name":"dms-node","event_cursor":1053,"request_cursor":0,"last_acked_cursor":1053,"event":"node.meta_watch.acknowledged"}
{"msg":"replica repair applied","level":"INFO","ts":"2026-09-15T14:27:24.82297217Z","instance":"node-namespace-b","service_name":"dms-node","desired_copies":2,"target_node_epoch":2,"target_node_id":1686243049365831308,"source_node_epoch":1,"source_node_id":1686246347900715941,"block_id":"b22d150280a7e074","event":"node.repair.completed"}
{"msg":"Meta event acknowledged","level":"INFO","ts":"2026-09-15T14:27:24.824119898Z","instance":"node-namespace-b","service_name":"dms-node","event_cursor":1054,"request_cursor":0,"last_acked_cursor":1054,"event":"node.meta_watch.acknowledged"}
{"msg":"replica repair applied","level":"INFO","ts":"2026-09-15T14:27:24.825345252Z","instance":"node-namespace-b","service_name":"dms-node","desired_copies":2,"target_node_epoch":2,"target_node_id":1686243049365831308,"source_node_epoch":1,"source_node_id":1686246347900715941,"block_id":"bad7c6b37cb2cc25","event":"node.repair.completed"}
{"msg":"Meta event acknowledged","level":"INFO","ts":"2026-09-15T14:27:24.826671761Z","instance":"node-namespace-b","service_name":"dms-node","event_cursor":1055,"request_cursor":0,"last_acked_cursor":1055,"event":"node.meta_watch.acknowledged"}
{"msg":"replica repair applied","level":"INFO","ts":"2026-09-15T14:27:24.830873254Z","instance":"node-namespace-b","service_name":"dms-node","desired_copies":2,"target_node_epoch":2,"target_node_id":1686243049365831308,"source_node_epoch":1,"source_node_id":1686246347900715941,"block_id":"fa8e7780bbc77275","event":"node.repair.completed"}
{"msg":"Meta event acknowledged","level":"INFO","ts":"2026-09-15T14:27:24.833114364Z","instance":"node-namespace-b","service_name":"dms-node","event_cursor":1056,"request_cursor":0,"last_acked_cursor":1056,"event":"node.meta_watch.acknowledged"}
