    Finished `test` profile [unoptimized + debuginfo] target(s) in 0.05s
     Running unittests src/lib.rs (/home/lzc.guest/afs-build/target/debug/deps/afs-586e1b701367e588)

running 125 tests
test node::vfs::dfs::tests::background_writeback_expired_before_lease_renewal_defers_cleanly ... ok
test node::vfs::dfs::tests::background_writeback_passes_remaining_timeout_to_each_candidate ... ok
test node::vfs::dfs::tests::background_writeback_rotates_bounded_scan_across_clean_and_busy_entries ... ok
test node::vfs::dfs::tests::background_writeback_skips_active_commit_and_preserves_exact_request ... ok
test node::vfs::dfs::tests::background_writeback_does_not_hold_table_behind_locked_inode ... ok
test node::vfs::dfs::tests::clean_retained_write_state_path_resize_reacquires_fresh_epoch ... ok
test node::vfs::dfs::tests::clean_retained_write_state_rejects_delayed_older_epoch ... ok
test node::vfs::dfs::tests::close_flush_commits_dirty_data_without_an_explicit_sync ... ok
test node::vfs::dfs::tests::caller_serializes_same_route_open_admission_until_ack ... ok
test node::vfs::dfs::tests::close_flush_reports_a_commit_error_instead_of_success ... ok
test node::vfs::dfs::tests::closed_metadata_dirty_write_state_reopen_adopts_fresh_epoch_without_old_renewal ... ok
test node::vfs::dfs::tests::deadline_commit_error_preserves_exact_batch_for_retry ... ok
test node::vfs::dfs::tests::definite_meta_invalid_blocks_subsequent_mutation ... ok
test node::vfs::dfs::tests::delayed_older_readonly_observation_does_not_downgrade_clean_committed_view ... ok
test node::vfs::dfs::tests::dfs_closed_lock_session_rejects_late_waiter ... ok
test node::vfs::dfs::tests::dfs_local_posix_locks_conflict_and_release_by_owner ... ok
test node::vfs::dfs::tests::dfs_local_setlk_postgrant_transient_renewal_keeps_lock ... ok
test node::vfs::dfs::tests::dfs_lock_authority_epoch_replaces_old_table ... ok
test node::vfs::dfs::tests::dfs_lock_background_renewal_starts_with_retry_budget ... ok
test node::vfs::dfs::tests::dfs_lock_expiry_waits_for_inflight_renewal_completion ... ok
test node::vfs::dfs::tests::dfs_lock_authority_refresh_waits_for_renewal_guard_and_preserves_terminal_state ... ok
test node::vfs::dfs::tests::dfs_lock_renewal_confirmed_fence_invalidates_same_identity_extended_state ... ok
test node::vfs::dfs::tests::dfs_lock_renewal_old_success_hint_does_not_shorten_newer_state ... ok
test node::vfs::dfs::tests::dfs_lock_renewal_retry_after_expiry_records_local_stale_error ... ok
test node::vfs::dfs::tests::dfs_lock_renewal_stale_retry_error_does_not_fence_extended_state ... ok
test node::vfs::dfs::tests::dfs_lock_renewal_success_accepts_live_response_after_old_expiry ... ok
test node::vfs::dfs::tests::dfs_lock_renewal_success_does_not_resurrect_terminal_authority ... ok
test node::vfs::dfs::tests::dfs_lock_renewal_terminal_fence_invalidates_locks_and_waiters ... ok
test node::vfs::dfs::tests::dfs_lock_renewal_transient_error_preserves_locks_and_waiters ... ok
test node::vfs::dfs::tests::dfs_owner_cancel_before_authority_precancels_replayed_waiter ... ok
test node::vfs::dfs::tests::dfs_owner_lock_authority_is_bound_to_authenticated_peer ... ok
test node::vfs::dfs::tests::dfs_owner_lock_release_is_scoped_by_authenticated_process_session ... ok
test node::vfs::dfs::tests::dfs_owner_lock_session_release_is_scoped_by_authenticated_process_session ... ok
test node::vfs::dfs::tests::dfs_owner_lock_waiter_must_share_owner_ingress_scope ... ok
test node::vfs::dfs::tests::dfs_owner_set_lock_postgrant_transient_renewal_keeps_lock ... ok
test node::vfs::dfs::tests::dfs_posix_lock_checks_file_access ... ok
test node::vfs::dfs::tests::dfs_reaps_lock_scopes_for_expired_peer_process_session ... ok
test node::vfs::dfs::tests::dfs_release_locks_without_authority_does_not_open_write ... ok
test node::vfs::dfs::tests::dfs_remote_lock_precancel_survives_replayed_waiter_identity ... ok
test node::vfs::dfs::tests::dfs_remote_lock_session_presence_is_not_refcounted_by_lock_count ... ok
test node::vfs::dfs::tests::dfs_release_scoped_session_cleans_scope_when_closed_tombstones_are_full ... ok
test node::vfs::dfs::tests::dfs_remote_lock_waiter_route_rejects_duplicate_identity ... ok
test node::vfs::dfs::tests::dfs_remote_lock_session_release_failure_retains_identity_for_retry ... ok
test node::vfs::dfs::tests::dirty_budget_append_write_serializes_concurrent_full_sync ... ok
test node::vfs::dfs::tests::dirty_budget_counts_payload_not_sparse_holes ... ok
test node::vfs::dfs::tests::dirty_budget_append_write_serializes_concurrent_resize ... ok
test node::vfs::dfs::tests::dirty_budget_sync_write_error_does_not_report_unconfirmed_bytes ... ok
test node::vfs::dfs::tests::dirty_budget_returns_admitted_bytes_and_latches_later_error ... ok
test node::vfs::dfs::tests::dirty_budget_unknown_commit_ack_preserves_exact_request_and_backpressures_next_write ... ok
test node::vfs::dfs::tests::dirty_budget_writeback_splits_streaming_writes_without_per_write_meta_rpc ... ok
test node::vfs::dfs::tests::dirty_write_state_rejects_fresh_epoch_without_losing_dirty_data ... ok
test node::vfs::dfs::tests::dsync_write_commits_data_without_promoting_to_full_inode_sync ... ok
test node::vfs::dfs::tests::explicit_mtime_refresh_overrides_dirty_write_mtime_for_full_sync ... ok
test node::vfs::dfs::tests::failed_metadata_only_sync_keeps_request_identity_and_blocks_writes ... ok
test node::vfs::dfs::tests::failed_resize_commit_keeps_batch_identity_and_blocks_new_dirty_for_retry ... ok
test node::vfs::dfs::tests::foreground_sync_does_not_use_writeback_meta_timeout_slice ... ok
test node::vfs::dfs::tests::fresh_readonly_open_preserves_dirty_open_writer_after_external_commit ... ok
test node::vfs::dfs::tests::former_local_clean_state_does_not_shadow_remote_provider ... ok
test node::vfs::dfs::tests::fresh_readonly_open_refreshes_retained_committed_view_after_external_commit ... ok
test node::vfs::dfs::tests::fresh_readonly_open_preserves_inflight_commit_after_external_commit ... ok
test node::vfs::dfs::tests::getattr_refreshes_active_write_state_from_meta_without_losing_dirty_mtime ... ok
test node::vfs::dfs::tests::background_writeback_cursor_advances_after_partial_timed_passes ... ok
test node::vfs::dfs::tests::full_sync_after_pending_data_only_commit_also_syncs_metadata ... ok
test node::vfs::dfs::tests::hardlink_refreshes_active_write_state_nlink ... ok
test node::vfs::dfs::tests::handle_resize_shrink_then_grow_masks_old_tail_without_new_chunk ... ok
test node::vfs::dfs::tests::interrupted_owner_lock_wait_does_not_run_post_mutation_renewal ... ok
test node::vfs::dfs::tests::killpriv_resize_clears_mode_on_explicit_cause ... ok
test node::vfs::dfs::tests::killpriv_pending_clear_commits_before_plain_chmod ... ok
test node::vfs::dfs::tests::killpriv_setattr_on_special_inode_uses_normal_meta_attribute_path ... ok
test node::vfs::dfs::tests::killpriv_positive_write_clears_suid_and_executable_sgid_until_commit ... ok
test node::vfs::dfs::tests::killpriv_zero_write_does_not_clear_mode ... ok
test node::vfs::dfs::tests::metadata_changes_refresh_active_write_state_after_close ... ok
test node::vfs::dfs::tests::metadata_dirty_write_state_rejects_fresh_epoch_after_head_change ... ok
test node::vfs::dfs::tests::mknod_creates_special_inode_without_write_session ... ok
test node::vfs::dfs::tests::old_owner_lease_data_ops_are_denied_but_release_cleans_resource ... ok
test node::vfs::dfs::tests::namespace_and_xattr_refresh_preserve_dirty_write_mtime_for_full_sync ... ok
test node::vfs::dfs::tests::owner_handle_reap_requires_definite_caller_session_replacement ... ok
test node::vfs::dfs::tests::owner_open_cleanup_identity_cancels_late_open_without_allocation ... ok
test node::vfs::dfs::tests::owner_open_cleanup_release_failure_retains_active_identity ... ok
test node::vfs::dfs::tests::owner_open_cleanup_wrong_scope_does_not_close_active_handle ... ok
test node::vfs::dfs::tests::owner_open_finish_after_session_reaper_cleans_allocated_handle ... ok
test node::vfs::dfs::tests::owner_open_inflight_cleanup_wrong_scope_does_not_cancel ... ok
test node::vfs::dfs::tests::owner_open_open_write_failure_clears_inflight_admission ... ok
test node::vfs::dfs::tests::owner_open_replay_returns_same_handle_and_changed_fingerprint_is_rejected ... ok
test node::vfs::dfs::tests::owner_open_replay_state_retires_with_authoritative_caller_session ... ok
test node::vfs::dfs::tests::owner_open_validate_inode_failure_clears_inflight_admission ... ok
test node::vfs::dfs::tests::owner_open_unknown_cleanup_advances_highwater_without_tombstone_growth ... ok
test node::vfs::dfs::tests::path_resize_to_remote_owner_uses_owner_rpc_not_local_lease ... ok
test node::vfs::dfs::tests::path_resize_uses_inode_state_without_opening_a_writer ... ok
test node::vfs::dfs::tests::pending_remote_release_groups_retired_session_lookup_and_preserves_fair_cap ... ok
test node::vfs::dfs::tests::pending_remote_release_mixed_sessions_retire_old_and_release_same_session ... ok
test node::vfs::dfs::tests::pending_remote_release_retires_replaced_or_absent_owner_session ... ok
test node::vfs::dfs::tests::paused_companion_release_retires_provider_before_fresh_read ... ok
test node::vfs::dfs::tests::pending_remote_release_retry_pass_attempts_each_existing_handle_once ... ok
test node::vfs::dfs::tests::pending_remote_release_unknown_owner_session_retains_debt ... ok
test node::vfs::dfs::tests::pending_remote_release_retry_pass_caps_attempts_and_rotates_fairly ... ok
test node::vfs::dfs::tests::previously_open_readonly_handle_tracks_append_and_shrink_grow ... ok
test node::vfs::dfs::tests::readonly_close_does_not_commit_another_handles_dirty_writes ... ok
test node::vfs::dfs::tests::readonly_handles_share_the_current_mount_dirty_and_committed_view ... ok
test node::vfs::dfs::tests::remote_cancel_ack_failure_retains_waiter_for_background_retry ... ok
test node::vfs::dfs::tests::remote_interrupted_lock_wait_does_not_issue_redundant_cancel_ack ... ok
test node::vfs::dfs::tests::remote_open_ack_loss_queues_cleanup_identity_and_late_replay_does_not_reopen ... ok
test node::vfs::dfs::tests::remote_open_admission_lock_cleanup_keeps_reused_lock_with_users ... ok
test node::vfs::dfs::tests::long_lived_low_open_sequence_does_not_block_later_admissions ... ok
test node::vfs::dfs::tests::remote_owner_append_retry_is_idempotent_and_dirty_read_is_visible ... ok
test node::vfs::dfs::tests::remote_owner_write_after_local_close_rebinds_metadata_dirty_state ... ok
test node::vfs::dfs::tests::remote_provider_lifecycle_wait_idle_times_out_with_admitted_io ... ok
test node::vfs::dfs::tests::remote_release_ack_loss_is_retained_and_drained_idempotently ... ok
test node::vfs::dfs::tests::remote_release_before_apply_failure_is_retained_and_later_drained ... ok
test node::vfs::dfs::tests::remote_release_capacity_rejects_new_admission_without_owner_open ... ok
test node::vfs::dfs::tests::remote_release_failure_after_companion_close_still_removes_provider ... ok
test node::vfs::dfs::tests::remote_status_metadata_error_preserves_exact_request_for_retry ... ok
test node::vfs::dfs::tests::retiring_provider_waits_for_inflight_fresh_read_before_owner_release ... ok
test node::vfs::dfs::tests::sparse_write_materializes_only_payload_chunk ... ok
test node::vfs::dfs::tests::temporary_remote_close_does_not_restore_released_previous_provider ... ok
test node::vfs::dfs::tests::temporary_remote_release_failure_still_restores_previous_provider ... ok
test node::vfs::dfs::tests::temporary_remote_resize_preserves_existing_remote_provider ... ok
test node::vfs::dfs::tests::unknown_commit_ack_replays_original_request_after_namespace_revision_change ... ok
test node::vfs::dfs::tests::writeonly_handle_cannot_read_the_inode_view ... ok
test node::vfs::dfs::tests::writeonly_read_companion_ack_loss_has_independent_cleanup_identity ... ok
test node::vfs::dfs::tests::writeonly_remote_provider_supports_fresh_readonly_reader ... ok
test node::vfs::dfs::tests::wrong_peer_cannot_release_live_owner_handle ... ok
test node::vfs::dfs::tests::background_writeback_expired_before_send_retains_exact_pending_for_replay ... ok
test node::vfs::dfs::tests::remote_provider_retire_timeout_keeps_release_debt_until_io_guard_drops ... ok
test node::vfs::dfs::tests::real_grpc_unknown_file_commit_ack_blocks_inode_and_replays_exact_request ... ok

test result: ok. 125 passed; 0 failed; 0 ignored; 0 measured; 280 filtered out; finished in 2.66s

