   Compiling afs-protocol v0.1.0 (/home/lzc.guest/afs-build/work/root-merged-v52/common/protocol)
   Compiling afs-error v0.1.0 (/home/lzc.guest/afs-build/work/root-merged-v52/common/error)
   Compiling afs-transport v0.1.0 (/home/lzc.guest/afs-build/work/root-merged-v52/common/transport)
   Compiling afs-client v0.1.0 (/home/lzc.guest/afs-build/work/root-merged-v52/client)
   Compiling afs v0.1.0 (/home/lzc.guest/afs-build/work/root-merged-v52)
warning: function `wire_replica_ack` is never used
    --> src/meta/rpc.rs:1811:4
     |
1811 | fn wire_replica_ack(ack: crate::dfs::ReplicaAck) -> afs_protocol::meta::DfsReplicaAck {
     |    ^^^^^^^^^^^^^^^^
     |
     = note: `#[warn(dead_code)]` (part of `#[warn(unused)]`) on by default

warning: `afs` (lib test) generated 1 warning
    Finished `test` profile [unoptimized + debuginfo] target(s) in 21.79s
     Running unittests src/lib.rs (/home/lzc.guest/afs-build/target/debug/deps/afs-586e1b701367e588)

running 8 tests
test node::replication::tests::repair_worker_refuses_expired_claim_without_transfer_or_report ... ok
test node::replication::tests::repair_worker_preserves_claim_identity_after_unknown_ack ... ok
test node::replication::tests::repair_worker_advances_only_after_specific_superseded_proof ... ok
test node::replication::tests::repair_worker_refuses_oversized_chunk_before_allocating_or_transfer ... ok
test node::replication::tests::repair_worker_retains_exact_report_after_generic_cas_conflict ... ok
test node::replication::tests::repair_worker_replays_report_without_retransferring_chunk ... ok
test node::replication::tests::repair_worker_retains_report_after_unrelated_reply ... ok
test node::replication::tests::repair_worker_reports_missing_source_without_peer_bytes ... ok

test result: ok. 8 passed; 0 failed; 0 ignored; 0 measured; 361 filtered out; finished in 0.03s

