{
  "status": "FINAL_READ_ONLY_OBSERVATIONS_NOT_FORMAL_PASS",
  "role": "a",
  "observations": [
    {
      "service": "fuse",
      "process_role": "child",
      "pid": 853189,
      "proc_exists": false
    },
    {
      "service": "fuse",
      "process_role": "supervisor",
      "pid": 853188,
      "proc_exists": false
    },
    {
      "service": "storage",
      "process_role": "child",
      "pid": 852916,
      "proc_exists": false
    },
    {
      "service": "storage",
      "process_role": "supervisor",
      "pid": 852915,
      "proc_exists": false
    }
  ],
  "actual_wait_receipts": [
    {
      "service": "fuse",
      "receipt": {
        "exit_code": 0,
        "pid": 853189,
        "supervisor_pid": 853188,
        "identity": {
          "role": "a",
          "fixture": "threefs-delete-v84-20261007-r1",
          "root": "/mnt/lima-afsadata/afs-delivery/threefs-delete-v84-20261007-r1",
          "service": "fuse",
          "argv": [
            "/opt/afs-3fs-round3-v84/bin/hf3fs_fuse_main",
            "--launcher_cfg",
            "/mnt/lima-afsadata/afs-delivery/threefs-delete-v84-20261007-r1/config/hf3fs_fuse_main_launcher.toml",
            "--cfg",
            "/mnt/lima-afsadata/afs-delivery/threefs-delete-v84-20261007-r1/config/hf3fs_fuse_main.toml",
            "--launcher_config.mountpoint=/mnt/lima-afsadata/afs-delivery/threefs-delete-v84-20261007-r1/mount"
          ],
          "env": {
            "LD_PRELOAD": "/opt/afs-3fs-round3-v84/lib/libjemalloc.so.2"
          },
          "config_sha256": {
            "admin_cli.toml": "46bcaac42dacbfad899c0826a37af245e0493c4edd66bd013eecac10d594b04d",
            "hf3fs_fuse_main.toml": "6afac294fc15dfd22856e3b913f55fe656af6e1cf02b80783e9650081591d857",
            "hf3fs_fuse_main_launcher.toml": "4831c92a79a3be292087fed4534283443bd12624039ee165e5837aa29c684d80",
            "meta_bench.toml": "2f8397d1581afeec86c28f991cb18fb1ea45c57f98bc9c146de19fb7f2829a2f",
            "meta_main.toml": "d30b7c7a8c74e26919fa5134be483bf16ab45f35ed591ded4c45ad900b636401",
            "meta_main_app.toml": "5148b9064846010e146277beb412b596479d0d743251299488982e2eb7364cef",
            "meta_main_launcher.toml": "cecad0f1c287c1b57c29124f3dd4f354c3b42e68d3c015ab153ad9424aa0a830",
            "mgmtd_main.toml": "7f72006d57001dea20f53119887b285b3827041118803ce3cc64eacdc31487b6",
            "mgmtd_main_app.toml": "58323f28fad622ace0c8c5427d46ab0f5e1eea089bbad39353358a11efa02951",
            "mgmtd_main_launcher.toml": "a8d815b1513233a87b88eb2aefa0d2be8f84deee5d15c222186428b8e4b32a5f",
            "pjdfstest.toml": "95fb869e813219132ec01688e196b4e497b9f23f326aa054771d0dd2a93b0980",
            "storage_main.toml": "f47854caa603f8aa60355a969c9c29adadeba470223b6af7e86febaba31956cf",
            "storage_main_app.toml": "907f6938dd146a8ce266a067615ca6f5ae7c89d5723fb2009c4ebc7011752804",
            "storage_main_launcher.toml": "cecad0f1c287c1b57c29124f3dd4f354c3b42e68d3c015ab153ad9424aa0a830",
            "token": "9d41062d0ef188b3ff9e6f20648a9e9aa487bf60b0437588e30e02923d1b25c4",
            "fdb.cluster": "2971faa3da0b1151d9a8e5c8ea9f563d0dfd4b2d688cd0fb26a07c2b8eafcb14"
          },
          "script_sha256": "dad3f86b6907cb928cc2848f21bc922443a79de8e8220753b0f1d1f8a59d8bc5",
          "legacy_sha256": "16a25b5e1623e1030b631994a6799544a776828909512de4c191f06549b38f24",
          "boot_id": "36a572e0-859b-4a94-adc7-789210a83fc8",
          "pid": 853189,
          "state": "R",
          "start_ticks": "58279464",
          "exe": "/opt/afs-3fs-round3-v84/bin/hf3fs_fuse_main",
          "exe_dev": 64769,
          "exe_ino": 266659,
          "exe_sha256": "45f09c3b808bfb8ab77d06c0fd0de12b9d7176e4db35d33b0b3783f86e5f3fbf",
          "supervisor_pid": 853188
        },
        "launch": {
          "role": "a",
          "fixture": "threefs-delete-v84-20261007-r1",
          "root": "/mnt/lima-afsadata/afs-delivery/threefs-delete-v84-20261007-r1",
          "service": "fuse",
          "argv": [
            "/opt/afs-3fs-round3-v84/bin/hf3fs_fuse_main",
            "--launcher_cfg",
            "/mnt/lima-afsadata/afs-delivery/threefs-delete-v84-20261007-r1/config/hf3fs_fuse_main_launcher.toml",
            "--cfg",
            "/mnt/lima-afsadata/afs-delivery/threefs-delete-v84-20261007-r1/config/hf3fs_fuse_main.toml",
            "--launcher_config.mountpoint=/mnt/lima-afsadata/afs-delivery/threefs-delete-v84-20261007-r1/mount"
          ],
          "env": {
            "LD_PRELOAD": "/opt/afs-3fs-round3-v84/lib/libjemalloc.so.2"
          },
          "config_sha256": {
            "admin_cli.toml": "46bcaac42dacbfad899c0826a37af245e0493c4edd66bd013eecac10d594b04d",
            "hf3fs_fuse_main.toml": "6afac294fc15dfd22856e3b913f55fe656af6e1cf02b80783e9650081591d857",
            "hf3fs_fuse_main_launcher.toml": "4831c92a79a3be292087fed4534283443bd12624039ee165e5837aa29c684d80",
            "meta_bench.toml": "2f8397d1581afeec86c28f991cb18fb1ea45c57f98bc9c146de19fb7f2829a2f",
            "meta_main.toml": "d30b7c7a8c74e26919fa5134be483bf16ab45f35ed591ded4c45ad900b636401",
            "meta_main_app.toml": "5148b9064846010e146277beb412b596479d0d743251299488982e2eb7364cef",
            "meta_main_launcher.toml": "cecad0f1c287c1b57c29124f3dd4f354c3b42e68d3c015ab153ad9424aa0a830",
            "mgmtd_main.toml": "7f72006d57001dea20f53119887b285b3827041118803ce3cc64eacdc31487b6",
            "mgmtd_main_app.toml": "58323f28fad622ace0c8c5427d46ab0f5e1eea089bbad39353358a11efa02951",
            "mgmtd_main_launcher.toml": "a8d815b1513233a87b88eb2aefa0d2be8f84deee5d15c222186428b8e4b32a5f",
            "pjdfstest.toml": "95fb869e813219132ec01688e196b4e497b9f23f326aa054771d0dd2a93b0980",
            "storage_main.toml": "f47854caa603f8aa60355a969c9c29adadeba470223b6af7e86febaba31956cf",
            "storage_main_app.toml": "907f6938dd146a8ce266a067615ca6f5ae7c89d5723fb2009c4ebc7011752804",
            "storage_main_launcher.toml": "cecad0f1c287c1b57c29124f3dd4f354c3b42e68d3c015ab153ad9424aa0a830",
            "token": "9d41062d0ef188b3ff9e6f20648a9e9aa487bf60b0437588e30e02923d1b25c4",
            "fdb.cluster": "2971faa3da0b1151d9a8e5c8ea9f563d0dfd4b2d688cd0fb26a07c2b8eafcb14"
          },
          "script_sha256": "dad3f86b6907cb928cc2848f21bc922443a79de8e8220753b0f1d1f8a59d8bc5",
          "legacy_sha256": "16a25b5e1623e1030b631994a6799544a776828909512de4c191f06549b38f24",
          "boot_id": "36a572e0-859b-4a94-adc7-789210a83fc8"
        }
      },
      "normal_wait0": true
    },
    {
      "service": "storage",
      "receipt": {
        "exit_code": 0,
        "pid": 852916,
        "supervisor_pid": 852915,
        "identity": {
          "role": "a",
          "fixture": "threefs-delete-v84-20261007-r1",
          "root": "/mnt/lima-afsadata/afs-delivery/threefs-delete-v84-20261007-r1",
          "service": "storage",
          "argv": [
            "/opt/afs-3fs-round3-v84/bin/storage_main",
            "--app_cfg",
            "/mnt/lima-afsadata/afs-delivery/threefs-delete-v84-20261007-r1/config/storage_main_app.toml",
            "--launcher_cfg",
            "/mnt/lima-afsadata/afs-delivery/threefs-delete-v84-20261007-r1/config/storage_main_launcher.toml",
            "--cfg",
            "/mnt/lima-afsadata/afs-delivery/threefs-delete-v84-20261007-r1/config/storage_main.toml"
          ],
          "env": {},
          "config_sha256": {
            "admin_cli.toml": "46bcaac42dacbfad899c0826a37af245e0493c4edd66bd013eecac10d594b04d",
            "hf3fs_fuse_main.toml": "6afac294fc15dfd22856e3b913f55fe656af6e1cf02b80783e9650081591d857",
            "hf3fs_fuse_main_launcher.toml": "4831c92a79a3be292087fed4534283443bd12624039ee165e5837aa29c684d80",
            "meta_bench.toml": "2f8397d1581afeec86c28f991cb18fb1ea45c57f98bc9c146de19fb7f2829a2f",
            "meta_main.toml": "d30b7c7a8c74e26919fa5134be483bf16ab45f35ed591ded4c45ad900b636401",
            "meta_main_app.toml": "5148b9064846010e146277beb412b596479d0d743251299488982e2eb7364cef",
            "meta_main_launcher.toml": "cecad0f1c287c1b57c29124f3dd4f354c3b42e68d3c015ab153ad9424aa0a830",
            "mgmtd_main.toml": "7f72006d57001dea20f53119887b285b3827041118803ce3cc64eacdc31487b6",
            "mgmtd_main_app.toml": "58323f28fad622ace0c8c5427d46ab0f5e1eea089bbad39353358a11efa02951",
            "mgmtd_main_launcher.toml": "a8d815b1513233a87b88eb2aefa0d2be8f84deee5d15c222186428b8e4b32a5f",
            "pjdfstest.toml": "95fb869e813219132ec01688e196b4e497b9f23f326aa054771d0dd2a93b0980",
            "storage_main.toml": "f47854caa603f8aa60355a969c9c29adadeba470223b6af7e86febaba31956cf",
            "storage_main_app.toml": "907f6938dd146a8ce266a067615ca6f5ae7c89d5723fb2009c4ebc7011752804",
            "storage_main_launcher.toml": "cecad0f1c287c1b57c29124f3dd4f354c3b42e68d3c015ab153ad9424aa0a830",
            "token": "9d41062d0ef188b3ff9e6f20648a9e9aa487bf60b0437588e30e02923d1b25c4",
            "fdb.cluster": "2971faa3da0b1151d9a8e5c8ea9f563d0dfd4b2d688cd0fb26a07c2b8eafcb14"
          },
          "script_sha256": "dad3f86b6907cb928cc2848f21bc922443a79de8e8220753b0f1d1f8a59d8bc5",
          "legacy_sha256": "16a25b5e1623e1030b631994a6799544a776828909512de4c191f06549b38f24",
          "boot_id": "36a572e0-859b-4a94-adc7-789210a83fc8",
          "pid": 852916,
          "state": "R",
          "start_ticks": "58272909",
          "exe": "/opt/afs-3fs-round3-v84/bin/storage_main",
          "exe_dev": 64769,
          "exe_ino": 266656,
          "exe_sha256": "bb8c2546f609059cf419a2e06ec0297d44084ca4570b313569a93d505e18ca85",
          "supervisor_pid": 852915
        },
        "launch": {
          "role": "a",
          "fixture": "threefs-delete-v84-20261007-r1",
          "root": "/mnt/lima-afsadata/afs-delivery/threefs-delete-v84-20261007-r1",
          "service": "storage",
          "argv": [
            "/opt/afs-3fs-round3-v84/bin/storage_main",
            "--app_cfg",
            "/mnt/lima-afsadata/afs-delivery/threefs-delete-v84-20261007-r1/config/storage_main_app.toml",
            "--launcher_cfg",
            "/mnt/lima-afsadata/afs-delivery/threefs-delete-v84-20261007-r1/config/storage_main_launcher.toml",
            "--cfg",
            "/mnt/lima-afsadata/afs-delivery/threefs-delete-v84-20261007-r1/config/storage_main.toml"
          ],
          "env": {},
          "config_sha256": {
            "admin_cli.toml": "46bcaac42dacbfad899c0826a37af245e0493c4edd66bd013eecac10d594b04d",
            "hf3fs_fuse_main.toml": "6afac294fc15dfd22856e3b913f55fe656af6e1cf02b80783e9650081591d857",
            "hf3fs_fuse_main_launcher.toml": "4831c92a79a3be292087fed4534283443bd12624039ee165e5837aa29c684d80",
            "meta_bench.toml": "2f8397d1581afeec86c28f991cb18fb1ea45c57f98bc9c146de19fb7f2829a2f",
            "meta_main.toml": "d30b7c7a8c74e26919fa5134be483bf16ab45f35ed591ded4c45ad900b636401",
            "meta_main_app.toml": "5148b9064846010e146277beb412b596479d0d743251299488982e2eb7364cef",
            "meta_main_launcher.toml": "cecad0f1c287c1b57c29124f3dd4f354c3b42e68d3c015ab153ad9424aa0a830",
            "mgmtd_main.toml": "7f72006d57001dea20f53119887b285b3827041118803ce3cc64eacdc31487b6",
            "mgmtd_main_app.toml": "58323f28fad622ace0c8c5427d46ab0f5e1eea089bbad39353358a11efa02951",
            "mgmtd_main_launcher.toml": "a8d815b1513233a87b88eb2aefa0d2be8f84deee5d15c222186428b8e4b32a5f",
            "pjdfstest.toml": "95fb869e813219132ec01688e196b4e497b9f23f326aa054771d0dd2a93b0980",
            "storage_main.toml": "f47854caa603f8aa60355a969c9c29adadeba470223b6af7e86febaba31956cf",
            "storage_main_app.toml": "907f6938dd146a8ce266a067615ca6f5ae7c89d5723fb2009c4ebc7011752804",
            "storage_main_launcher.toml": "cecad0f1c287c1b57c29124f3dd4f354c3b42e68d3c015ab153ad9424aa0a830",
            "token": "9d41062d0ef188b3ff9e6f20648a9e9aa487bf60b0437588e30e02923d1b25c4",
            "fdb.cluster": "2971faa3da0b1151d9a8e5c8ea9f563d0dfd4b2d688cd0fb26a07c2b8eafcb14"
          },
          "script_sha256": "dad3f86b6907cb928cc2848f21bc922443a79de8e8220753b0f1d1f8a59d8bc5",
          "legacy_sha256": "16a25b5e1623e1030b631994a6799544a776828909512de4c191f06549b38f24",
          "boot_id": "36a572e0-859b-4a94-adc7-789210a83fc8"
        }
      },
      "normal_wait0": true
    }
  ],
  "all_normal_wait0": true,
  "protected_processes_unchanged": [
    {
      "pid": 150904,
      "state": "S",
      "start_ticks": "2268457",
      "exe": "/usr/sbin/fdbserver",
      "exe_dev": 64769,
      "exe_ino": 3246,
      "exe_sha256": "cddf55256ba2ca1249f98481d6c9995fd7fda091d23bc0551b96c1ae9537128c",
      "argv": [
        "/usr/sbin/fdbserver",
        "--cluster-file",
        "/etc/foundationdb/fdb.cluster",
        "--datadir",
        "/var/lib/foundationdb/data/4500",
        "--listen-address",
        "public",
        "--logdir",
        "/var/log/foundationdb",
        "--public-address",
        "auto:4500"
      ],
      "boot_id": "36a572e0-859b-4a94-adc7-789210a83fc8"
    },
    {
      "pid": 706366,
      "state": "S",
      "start_ticks": "5849843",
      "exe": "/mnt/lima-afsadata/afs-delivery/p2-memory-lane-v45/bin/afs-meta",
      "exe_dev": 64785,
      "exe_ino": 1577324,
      "exe_sha256": "8bcfbcbd2f84be5029ab848c214aaff258ba8147684a141b17b262d0b6cc8d10",
      "argv": [
        "/mnt/lima-afsadata/afs-delivery/p2-memory-lane-v45/bin/afs-meta",
        "--config",
        "/mnt/lima-afsadata/afs-delivery/p2-memory-lane-v45/meta.toml"
      ],
      "boot_id": "36a572e0-859b-4a94-adc7-789210a83fc8"
    },
    {
      "pid": 707560,
      "state": "S",
      "start_ticks": "6127754",
      "exe": "/mnt/lima-afsadata/afs-delivery/p2-memory-lane-v48/bin/afs-meta",
      "exe_dev": 64785,
      "exe_ino": 1577498,
      "exe_sha256": "f96b6a06047da02bf186ea8d89457ee74c454d6c437915f5c32a20a9b909f312",
      "argv": [
        "/mnt/lima-afsadata/afs-delivery/p2-memory-lane-v48/bin/afs-meta",
        "--config",
        "/mnt/lima-afsadata/afs-delivery/p2-memory-lane-v48/meta.toml"
      ],
      "boot_id": "36a572e0-859b-4a94-adc7-789210a83fc8"
    },
    {
      "pid": 722421,
      "state": "S",
      "start_ticks": "6782793",
      "exe": "/mnt/lima-afsadata/afs-delivery/p2-memory-lane-v51/prefix/bin/afs-meta",
      "exe_dev": 64785,
      "exe_ino": 1577698,
      "exe_sha256": "00cb99fe46f20024ab3b476978dd0e16d9e8a2c0535b95d5c8febc3aa863cf2d",
      "argv": [
        "/mnt/lima-afsadata/afs-delivery/p2-memory-lane-v51/prefix/bin/afs-meta",
        "--config",
        "/mnt/lima-afsadata/afs-delivery/p2-memory-lane-v51/etc/meta.toml"
      ],
      "boot_id": "36a572e0-859b-4a94-adc7-789210a83fc8"
    },
    {
      "pid": 723627,
      "state": "S",
      "start_ticks": "7187988",
      "exe": "/mnt/lima-afsadata/afs-delivery/repair-v55-a/prefix/bin/afs-meta",
      "exe_dev": 64785,
      "exe_ino": 1577844,
      "exe_sha256": "f08de71b873f9e9f5564acdd09ce58ab62b62472b36db7a8b0a514c2d47849fb",
      "argv": [
        "/mnt/lima-afsadata/afs-delivery/repair-v55-a/prefix/bin/afs-meta",
        "--config",
        "/mnt/lima-afsadata/afs-delivery/repair-v55-a/etc/meta.toml"
      ],
      "boot_id": "36a572e0-859b-4a94-adc7-789210a83fc8"
    },
    {
      "pid": 724361,
      "state": "S",
      "start_ticks": "7349623",
      "exe": "/mnt/lima-afsadata/afs-delivery/repair-v60-a/prefix/bin/afs-meta",
      "exe_dev": 64785,
      "exe_ino": 1577889,
      "exe_sha256": "37218622c1cfd1cfadc696269f0ea01a2570052ec460528c748d525fe982ef9d",
      "argv": [
        "/mnt/lima-afsadata/afs-delivery/repair-v60-a/prefix/bin/afs-meta",
        "--config",
        "/mnt/lima-afsadata/afs-delivery/repair-v60-a/etc/meta.toml"
      ],
      "boot_id": "36a572e0-859b-4a94-adc7-789210a83fc8"
    },
    {
      "pid": 727122,
      "state": "S",
      "start_ticks": "7806618",
      "exe": "/mnt/lima-afsadata/afs-delivery/corrupt-v62-a/prefix/bin/afs-meta",
      "exe_dev": 64785,
      "exe_ino": 1577934,
      "exe_sha256": "d10d5683935aa70c2e8d3968be9818a83df9cb1267d1b9a29f6494a1d146865c",
      "argv": [
        "/mnt/lima-afsadata/afs-delivery/corrupt-v62-a/prefix/bin/afs-meta",
        "--config",
        "/mnt/lima-afsadata/afs-delivery/corrupt-v62-a/etc/meta.toml"
      ],
      "boot_id": "36a572e0-859b-4a94-adc7-789210a83fc8"
    },
    {
      "pid": 729413,
      "state": "S",
      "start_ticks": "7870207",
      "exe": "/mnt/lima-afsadata/afs-delivery/rxe-repair-v62-a/prefix/bin/afs-meta",
      "exe_dev": 64785,
      "exe_ino": 1577934,
      "exe_sha256": "d10d5683935aa70c2e8d3968be9818a83df9cb1267d1b9a29f6494a1d146865c",
      "argv": [
        "/mnt/lima-afsadata/afs-delivery/rxe-repair-v62-a/prefix/bin/afs-meta",
        "--config",
        "/mnt/lima-afsadata/afs-delivery/rxe-repair-v62-a/etc/meta.toml"
      ],
      "boot_id": "36a572e0-859b-4a94-adc7-789210a83fc8"
    }
  ],
  "protected_mount_count": 29,
  "mount_inventory": {
    "filesystems": [
      {
        "target": "/",
        "source": "/dev/vda1",
        "fstype": "ext4",
        "id": 32,
        "options": "rw,relatime,discard,errors=remount-ro,commit=30",
        "children": [
          {
            "target": "/sys",
            "source": "sysfs",
            "fstype": "sysfs",
            "id": 26,
            "options": "rw,nosuid,nodev,noexec,relatime",
            "children": [
              {
                "target": "/sys/firmware/efi/efivars",
                "source": "efivarfs",
                "fstype": "efivarfs",
                "id": 31,
                "options": "rw,nosuid,nodev,noexec,relatime"
              },
              {
                "target": "/sys/kernel/security",
                "source": "securityfs",
                "fstype": "securityfs",
                "id": 33,
                "options": "rw,nosuid,nodev,noexec,relatime"
              },
              {
                "target": "/sys/fs/cgroup",
                "source": "cgroup2",
                "fstype": "cgroup2",
                "id": 36,
                "options": "rw,nosuid,nodev,noexec,relatime,nsdelegate,memory_recursiveprot"
              },
              {
                "target": "/sys/fs/pstore",
                "source": "pstore",
                "fstype": "pstore",
                "id": 37,
                "options": "rw,nosuid,nodev,noexec,relatime"
              },
              {
                "target": "/sys/fs/bpf",
                "source": "bpf",
                "fstype": "bpf",
                "id": 38,
                "options": "rw,nosuid,nodev,noexec,relatime,mode=700"
              },
              {
                "target": "/sys/kernel/debug",
                "source": "debugfs",
                "fstype": "debugfs",
                "id": 42,
                "options": "rw,nosuid,nodev,noexec,relatime",
                "children": [
                  {
                    "target": "/sys/kernel/debug/tracing",
                    "source": "tracefs",
                    "fstype": "tracefs",
                    "id": 345,
                    "options": "rw,nosuid,nodev,noexec,relatime"
                  }
                ]
              },
              {
                "target": "/sys/kernel/tracing",
                "source": "tracefs",
                "fstype": "tracefs",
                "id": 43,
                "options": "rw,nosuid,nodev,noexec,relatime"
              },
              {
                "target": "/sys/fs/fuse/connections",
                "source": "fusectl",
                "fstype": "fusectl",
                "id": 44,
                "options": "rw,nosuid,nodev,noexec,relatime"
              },
              {
                "target": "/sys/kernel/config",
                "source": "configfs",
                "fstype": "configfs",
                "id": 45,
                "options": "rw,nosuid,nodev,noexec,relatime"
              }
            ]
          },
          {
            "target": "/proc",
            "source": "proc",
            "fstype": "proc",
            "id": 27,
            "options": "rw,nosuid,nodev,noexec,relatime",
            "children": [
              {
                "target": "/proc/sys/fs/binfmt_misc",
                "source": "systemd-1",
                "fstype": "autofs",
                "id": 39,
                "options": "rw,relatime,fd=32,pgrp=1,timeout=0,minproto=5,maxproto=5,direct,pipe_ino=2041",
                "children": [
                  {
                    "target": "/proc/sys/fs/binfmt_misc",
                    "source": "binfmt_misc",
                    "fstype": "binfmt_misc",
                    "id": 51,
                    "options": "rw,nosuid,nodev,noexec,relatime"
                  }
                ]
              }
            ]
          },
          {
            "target": "/dev",
            "source": "udev",
            "fstype": "devtmpfs",
            "id": 28,
            "options": "rw,nosuid,relatime,size=2974868k,nr_inodes=743717,mode=755,inode64",
            "children": [
              {
                "target": "/dev/pts",
                "source": "devpts",
                "fstype": "devpts",
                "id": 29,
                "options": "rw,nosuid,noexec,relatime,gid=5,mode=620,ptmxmode=000"
              },
              {
                "target": "/dev/shm",
                "source": "tmpfs",
                "fstype": "tmpfs",
                "id": 34,
                "options": "rw,nosuid,nodev,inode64"
              },
              {
                "target": "/dev/hugepages",
                "source": "hugetlbfs",
                "fstype": "hugetlbfs",
                "id": 40,
                "options": "rw,nosuid,nodev,relatime,pagesize=2M"
              },
              {
                "target": "/dev/mqueue",
                "source": "mqueue",
                "fstype": "mqueue",
                "id": 41,
                "options": "rw,nosuid,nodev,noexec,relatime"
              }
            ]
          },
          {
            "target": "/run",
            "source": "tmpfs",
            "fstype": "tmpfs",
            "id": 30,
            "options": "rw,nosuid,nodev,noexec,relatime,size=605372k,mode=755,inode64",
            "children": [
              {
                "target": "/run/lock",
                "source": "tmpfs",
                "fstype": "tmpfs",
                "id": 35,
                "options": "rw,nosuid,nodev,noexec,relatime,size=5120k,inode64"
              },
              {
                "target": "/run/user/501",
                "source": "tmpfs",
                "fstype": "tmpfs",
                "id": 225,
                "options": "rw,nosuid,nodev,relatime,size=605368k,nr_inodes=151342,mode=700,uid=501,gid=1000,inode64"
              }
            ]
          },
          {
            "target": "/boot",
            "source": "/dev/vda16",
            "fstype": "ext4",
            "id": 47,
            "options": "rw,relatime",
            "children": [
              {
                "target": "/boot/efi",
                "source": "/dev/vda15",
                "fstype": "vfat",
                "id": 49,
                "options": "rw,relatime,fmask=0077,dmask=0077,codepage=437,iocharset=iso8859-1,shortname=mixed,errors=remount-ro"
              }
            ]
          },
          {
            "target": "/mnt/lima-cidata",
            "source": "/dev/vdc",
            "fstype": "iso9660",
            "id": 234,
            "options": "ro,relatime,nojoliet,overriderockperm,check=s,map=n,blocksize=2048,uid=0,dmode=700,fmode=700,iocharset=utf8"
          },
          {
            "target": "/mnt/lima-afsadata",
            "source": "/dev/vdb1",
            "fstype": "ext4",
            "id": 243,
            "options": "rw,relatime",
            "children": [
              {
                "target": "/mnt/lima-afsadata/afs-delivery/p2-shutdown-v47/mount-ownerfs",
                "source": "afs-ownerfs",
                "fstype": "fuse",
                "id": 84,
                "options": "rw,nosuid,nodev,noatime,user_id=0,group_id=0,default_permissions,allow_other"
              },
              {
                "target": "/mnt/lima-afsadata/afs-delivery/p2-shutdown-v47/mount-dfs",
                "source": "afs-dfs",
                "fstype": "fuse",
                "id": 163,
                "options": "rw,nosuid,nodev,noatime,user_id=0,group_id=0,default_permissions,allow_other"
              }
            ]
          }
        ]
      }
    ]
  },
  "all_owned_mounts_gone": true,
  "owned_mounts": [],
  "protected_mount_differences": [
    {
      "before": {
        "target": "/proc/sys/fs/binfmt_misc",
        "source": "systemd-1",
        "fstype": "autofs",
        "id": 39,
        "options": "rw,relatime,fd=32,pgrp=1,timeout=0,minproto=5,maxproto=5,direct,pipe_ino=2041"
      },
      "after": {
        "target": "/proc/sys/fs/binfmt_misc",
        "source": "binfmt_misc",
        "fstype": "binfmt_misc",
        "id": 51,
        "options": "rw,nosuid,nodev,noexec,relatime"
      }
    }
  ],
  "capacity": {
    "allocated_bytes": 1077809152,
    "available_bytes": 2992967680,
    "budget_bytes": 1073741824,
    "floor_bytes": 1073741824,
    "budget_pass": false,
    "floor_pass": true,
    "allocated_by_top_directory": {
      ".": 4096,
      "log": 1568768,
      "run": 114688,
      "tools": 290816,
      "mount": 4096,
      "stage": 630784,
      "inputs": 409600,
      "config": 65536,
      "results": 184320,
      "evidence": 4096,
      "data": 4096,
      "data/storage": 1074520064,
      "data/foundationdb": 8192
    },
    "apparent_bytes": 1077562366,
    "largest_five_allocated_files": [
      {
        "path": "data/storage/data1/1000001001/512KB/01",
        "allocated_bytes": 268443648,
        "apparent_bytes": 268435456
      },
      {
        "path": "data/storage/data1/1000002001/512KB/01",
        "allocated_bytes": 268443648,
        "apparent_bytes": 268435456
      },
      {
        "path": "data/storage/data1/1000001001/512KB/00",
        "allocated_bytes": 268439552,
        "apparent_bytes": 268435456
      },
      {
        "path": "data/storage/data1/1000002001/512KB/00",
        "allocated_bytes": 268439552,
        "apparent_bytes": 268435456
      },
      {
        "path": "log/storage.log",
        "allocated_bytes": 1232896,
        "apparent_bytes": 1229347
      }
    ]
  }
}
