{
  "status": "PASS_ACTUAL_RESOURCES_AND_CHILD_MOUNT_IDENTITIES",
  "role": "a",
  "observed_monotonic_ns": 582836779765123,
  "services": [
    {
      "service": "storage",
      "processes": [
        {
          "identity": {
            "pid": 852916,
            "state": "S",
            "start_ticks": "58272909",
            "exe": "/opt/afs-3fs-round3-v84/bin/storage_main",
            "exe_dev": 64769,
            "exe_ino": 266656,
            "exe_sha256": "bb8c2546f609059cf419a2e06ec0297d44084ca4570b313569a93d505e18ca85",
            "argv": [
              "/opt/afs-3fs-round3-v84/bin/storage_main",
              "--app_cfg",
              "/mnt/lima-afsadata/afs-delivery/threefs-delete-v84-20261007-r1/config/storage_main_app.toml",
              "--launcher_cfg",
              "/mnt/lima-afsadata/afs-delivery/threefs-delete-v84-20261007-r1/config/storage_main_launcher.toml",
              "--cfg",
              "/mnt/lima-afsadata/afs-delivery/threefs-delete-v84-20261007-r1/config/storage_main.toml"
            ],
            "boot_id": "36a572e0-859b-4a94-adc7-789210a83fc8"
          },
          "rss_bytes": 1590550528,
          "threads": "232"
        },
        {
          "identity": {
            "pid": 852915,
            "state": "S",
            "start_ticks": "58272905",
            "exe": "/usr/bin/python3.12",
            "exe_dev": 64769,
            "exe_ino": 8165,
            "exe_sha256": "c86f21d0da9290ece2d7d49a3f7ed52aed59cb029abdf0ea25c79634f6cbe960",
            "argv": [
              "/usr/bin/python3",
              "/mnt/lima-afsadata/afs-delivery/threefs-delete-v84-20261007-r1/tools/threefs_namespace_fixture.py",
              "__supervise",
              "a",
              "--legacy-path",
              "/mnt/lima-afsadata/afs-delivery/threefs-delete-v84-20261007-r1/tools/round3-3fs.py",
              "--service",
              "storage"
            ],
            "boot_id": "36a572e0-859b-4a94-adc7-789210a83fc8"
          },
          "rss_bytes": 19406848,
          "threads": "1"
        }
      ]
    },
    {
      "service": "fuse",
      "processes": [
        {
          "identity": {
            "pid": 853189,
            "state": "S",
            "start_ticks": "58279464",
            "exe": "/opt/afs-3fs-round3-v84/bin/hf3fs_fuse_main",
            "exe_dev": 64769,
            "exe_ino": 266659,
            "exe_sha256": "45f09c3b808bfb8ab77d06c0fd0de12b9d7176e4db35d33b0b3783f86e5f3fbf",
            "argv": [
              "/opt/afs-3fs-round3-v84/bin/hf3fs_fuse_main",
              "--launcher_cfg",
              "/mnt/lima-afsadata/afs-delivery/threefs-delete-v84-20261007-r1/config/hf3fs_fuse_main_launcher.toml",
              "--cfg",
              "/mnt/lima-afsadata/afs-delivery/threefs-delete-v84-20261007-r1/config/hf3fs_fuse_main.toml",
              "--launcher_config.mountpoint=/mnt/lima-afsadata/afs-delivery/threefs-delete-v84-20261007-r1/mount"
            ],
            "boot_id": "36a572e0-859b-4a94-adc7-789210a83fc8"
          },
          "rss_bytes": 276574208,
          "threads": "37"
        },
        {
          "identity": {
            "pid": 853188,
            "state": "S",
            "start_ticks": "58279462",
            "exe": "/usr/bin/python3.12",
            "exe_dev": 64769,
            "exe_ino": 8165,
            "exe_sha256": "c86f21d0da9290ece2d7d49a3f7ed52aed59cb029abdf0ea25c79634f6cbe960",
            "argv": [
              "/usr/bin/python3",
              "/mnt/lima-afsadata/afs-delivery/threefs-delete-v84-20261007-r1/tools/threefs_namespace_fixture.py",
              "__supervise",
              "a",
              "--legacy-path",
              "/mnt/lima-afsadata/afs-delivery/threefs-delete-v84-20261007-r1/tools/round3-3fs.py",
              "--service",
              "fuse"
            ],
            "boot_id": "36a572e0-859b-4a94-adc7-789210a83fc8"
          },
          "rss_bytes": 19357696,
          "threads": "1"
        }
      ]
    }
  ],
  "rss_total_bytes": 1905889280,
  "rss_envelope_bytes": 2684354560,
  "memory_available_bytes": 2944036864,
  "minimum_headroom_bytes": 536870912,
  "capacity": {
    "allocated": 2002944,
    "available": 4068769792,
    "budget": 1073741824,
    "floor": 1073741824
  },
  "mount": {
    "target": "/mnt/lima-afsadata/afs-delivery/threefs-delete-v84-20261007-r1/mount",
    "source": "hf3fs.afs_3fs_delete_v84_20261007_r1",
    "fstype": "fuse.hf3fs",
    "id": 52,
    "options": "rw,nosuid,nodev,relatime,user_id=0,group_id=0,max_read=1048576"
  },
  "protected_processes_unchanged": [
    {
      "pid": 150904,
      "state": "S",
      "start_ticks": "2268457",
      "exe": "/usr/sbin/fdbserver",
      "exe_dev": 64769,
      "exe_ino": 3246,
      "exe_sha256": "cddf55256ba2ca1249f98481d6c9995fd7fda091d23bc0551b96c1ae9537128c",
      "argv": [
        "/usr/sbin/fdbserver",
        "--cluster-file",
        "/etc/foundationdb/fdb.cluster",
        "--datadir",
        "/var/lib/foundationdb/data/4500",
        "--listen-address",
        "public",
        "--logdir",
        "/var/log/foundationdb",
        "--public-address",
        "auto:4500"
      ],
      "boot_id": "36a572e0-859b-4a94-adc7-789210a83fc8"
    },
    {
      "pid": 706366,
      "state": "S",
      "start_ticks": "5849843",
      "exe": "/mnt/lima-afsadata/afs-delivery/p2-memory-lane-v45/bin/afs-meta",
      "exe_dev": 64785,
      "exe_ino": 1577324,
      "exe_sha256": "8bcfbcbd2f84be5029ab848c214aaff258ba8147684a141b17b262d0b6cc8d10",
      "argv": [
        "/mnt/lima-afsadata/afs-delivery/p2-memory-lane-v45/bin/afs-meta",
        "--config",
        "/mnt/lima-afsadata/afs-delivery/p2-memory-lane-v45/meta.toml"
      ],
      "boot_id": "36a572e0-859b-4a94-adc7-789210a83fc8"
    },
    {
      "pid": 707560,
      "state": "S",
      "start_ticks": "6127754",
      "exe": "/mnt/lima-afsadata/afs-delivery/p2-memory-lane-v48/bin/afs-meta",
      "exe_dev": 64785,
      "exe_ino": 1577498,
      "exe_sha256": "f96b6a06047da02bf186ea8d89457ee74c454d6c437915f5c32a20a9b909f312",
      "argv": [
        "/mnt/lima-afsadata/afs-delivery/p2-memory-lane-v48/bin/afs-meta",
        "--config",
        "/mnt/lima-afsadata/afs-delivery/p2-memory-lane-v48/meta.toml"
      ],
      "boot_id": "36a572e0-859b-4a94-adc7-789210a83fc8"
    },
    {
      "pid": 722421,
      "state": "S",
      "start_ticks": "6782793",
      "exe": "/mnt/lima-afsadata/afs-delivery/p2-memory-lane-v51/prefix/bin/afs-meta",
      "exe_dev": 64785,
      "exe_ino": 1577698,
      "exe_sha256": "00cb99fe46f20024ab3b476978dd0e16d9e8a2c0535b95d5c8febc3aa863cf2d",
      "argv": [
        "/mnt/lima-afsadata/afs-delivery/p2-memory-lane-v51/prefix/bin/afs-meta",
        "--config",
        "/mnt/lima-afsadata/afs-delivery/p2-memory-lane-v51/etc/meta.toml"
      ],
      "boot_id": "36a572e0-859b-4a94-adc7-789210a83fc8"
    },
    {
      "pid": 723627,
      "state": "S",
      "start_ticks": "7187988",
      "exe": "/mnt/lima-afsadata/afs-delivery/repair-v55-a/prefix/bin/afs-meta",
      "exe_dev": 64785,
      "exe_ino": 1577844,
      "exe_sha256": "f08de71b873f9e9f5564acdd09ce58ab62b62472b36db7a8b0a514c2d47849fb",
      "argv": [
        "/mnt/lima-afsadata/afs-delivery/repair-v55-a/prefix/bin/afs-meta",
        "--config",
        "/mnt/lima-afsadata/afs-delivery/repair-v55-a/etc/meta.toml"
      ],
      "boot_id": "36a572e0-859b-4a94-adc7-789210a83fc8"
    },
    {
      "pid": 724361,
      "state": "S",
      "start_ticks": "7349623",
      "exe": "/mnt/lima-afsadata/afs-delivery/repair-v60-a/prefix/bin/afs-meta",
      "exe_dev": 64785,
      "exe_ino": 1577889,
      "exe_sha256": "37218622c1cfd1cfadc696269f0ea01a2570052ec460528c748d525fe982ef9d",
      "argv": [
        "/mnt/lima-afsadata/afs-delivery/repair-v60-a/prefix/bin/afs-meta",
        "--config",
        "/mnt/lima-afsadata/afs-delivery/repair-v60-a/etc/meta.toml"
      ],
      "boot_id": "36a572e0-859b-4a94-adc7-789210a83fc8"
    },
    {
      "pid": 727122,
      "state": "S",
      "start_ticks": "7806618",
      "exe": "/mnt/lima-afsadata/afs-delivery/corrupt-v62-a/prefix/bin/afs-meta",
      "exe_dev": 64785,
      "exe_ino": 1577934,
      "exe_sha256": "d10d5683935aa70c2e8d3968be9818a83df9cb1267d1b9a29f6494a1d146865c",
      "argv": [
        "/mnt/lima-afsadata/afs-delivery/corrupt-v62-a/prefix/bin/afs-meta",
        "--config",
        "/mnt/lima-afsadata/afs-delivery/corrupt-v62-a/etc/meta.toml"
      ],
      "boot_id": "36a572e0-859b-4a94-adc7-789210a83fc8"
    },
    {
      "pid": 729413,
      "state": "S",
      "start_ticks": "7870207",
      "exe": "/mnt/lima-afsadata/afs-delivery/rxe-repair-v62-a/prefix/bin/afs-meta",
      "exe_dev": 64785,
      "exe_ino": 1577934,
      "exe_sha256": "d10d5683935aa70c2e8d3968be9818a83df9cb1267d1b9a29f6494a1d146865c",
      "argv": [
        "/mnt/lima-afsadata/afs-delivery/rxe-repair-v62-a/prefix/bin/afs-meta",
        "--config",
        "/mnt/lima-afsadata/afs-delivery/rxe-repair-v62-a/etc/meta.toml"
      ],
      "boot_id": "36a572e0-859b-4a94-adc7-789210a83fc8"
    }
  ],
  "scope": "coexistence; not exclusive fair VM"
}
