{
  "status": "PASS_TEXT_ONLY_EXPORT",
  "excluded": [
    "tools/*.py",
    "stage",
    "inputs duplicate admission",
    "config/token",
    "data",
    "ELF",
    "private keys"
  ],
  "tar": "/mnt/lima-afsadata/afs-delivery/threefs-delete-v84-20261007-r1/stage/text-export-r2.tar",
  "transport_sha256": "d07277434958199c8e5b952e17facc8c958252bdd51c5afcf3f7dd1f511017a5",
  "transport_bytes": 634880,
  "entries": [
    {
      "path": "config/admin_cli.toml",
      "sha256": "46bcaac42dacbfad899c0826a37af245e0493c4edd66bd013eecac10d594b04d",
      "bytes": 338
    },
    {
      "path": "config/hf3fs_fuse_main.toml",
      "sha256": "6afac294fc15dfd22856e3b913f55fe656af6e1cf02b80783e9650081591d857",
      "bytes": 536
    },
    {
      "path": "config/hf3fs_fuse_main_launcher.toml",
      "sha256": "4831c92a79a3be292087fed4534283443bd12624039ee165e5837aa29c684d80",
      "bytes": 269
    },
    {
      "path": "config/meta_bench.toml",
      "sha256": "2f8397d1581afeec86c28f991cb18fb1ea45c57f98bc9c146de19fb7f2829a2f",
      "bytes": 340
    },
    {
      "path": "config/meta_main.toml",
      "sha256": "d30b7c7a8c74e26919fa5134be483bf16ab45f35ed591ded4c45ad900b636401",
      "bytes": 1135
    },
    {
      "path": "config/meta_main_app.toml",
      "sha256": "5148b9064846010e146277beb412b596479d0d743251299488982e2eb7364cef",
      "bytes": 41
    },
    {
      "path": "config/meta_main_launcher.toml",
      "sha256": "cecad0f1c287c1b57c29124f3dd4f354c3b42e68d3c015ab153ad9424aa0a830",
      "bytes": 158
    },
    {
      "path": "config/mgmtd_main.toml",
      "sha256": "7f72006d57001dea20f53119887b285b3827041118803ce3cc64eacdc31487b6",
      "bytes": 461
    },
    {
      "path": "config/mgmtd_main_app.toml",
      "sha256": "58323f28fad622ace0c8c5427d46ab0f5e1eea089bbad39353358a11efa02951",
      "bytes": 40
    },
    {
      "path": "config/mgmtd_main_launcher.toml",
      "sha256": "a8d815b1513233a87b88eb2aefa0d2be8f84deee5d15c222186428b8e4b32a5f",
      "bytes": 209
    },
    {
      "path": "config/pjdfstest.toml",
      "sha256": "95fb869e813219132ec01688e196b4e497b9f23f326aa054771d0dd2a93b0980",
      "bytes": 165
    },
    {
      "path": "config/storage_main.toml",
      "sha256": "f47854caa603f8aa60355a969c9c29adadeba470223b6af7e86febaba31956cf",
      "bytes": 890
    },
    {
      "path": "config/storage_main_app.toml",
      "sha256": "907f6938dd146a8ce266a067615ca6f5ae7c89d5723fb2009c4ebc7011752804",
      "bytes": 44
    },
    {
      "path": "config/storage_main_launcher.toml",
      "sha256": "cecad0f1c287c1b57c29124f3dd4f354c3b42e68d3c015ab153ad9424aa0a830",
      "bytes": 158
    },
    {
      "path": "log/fuse.log",
      "sha256": "45841501d760b80bedf33c3acabf5e4afd4e78209f033bd22fcf53bdef417d18",
      "bytes": 329901
    },
    {
      "path": "results/writer-r1/confirmed.json",
      "sha256": "84373c51e8675c48b57dd28cbc2f7f1795cee0b080a4d1fad07803400ad0f732",
      "bytes": 40101
    },
    {
      "path": "results/writer-r1/delete-rounds.json",
      "sha256": "8339ee9d40875dc40e80d0a143228be2e4c23f63abd36f1d187986e8e17a6972",
      "bytes": 35668
    },
    {
      "path": "results/writer-r1/delete-samples/round-00.json",
      "sha256": "04bf1f142c3ab2691f91c7e35eff0ca73c754c54f5019bfad160473cfa5f44e1",
      "bytes": 5347
    },
    {
      "path": "results/writer-r1/delete-samples/round-01.json",
      "sha256": "d2b3f5d966cbc641f0b4368805d6bf669e27d91292f43e99afd62f4a93de86fd",
      "bytes": 5346
    },
    {
      "path": "results/writer-r1/delete-samples/round-02.json",
      "sha256": "6b8190474f392f488e5ba67edd8e4d97cd5b1d4c28259104d0e3710b0aed5b1e",
      "bytes": 5346
    },
    {
      "path": "results/writer-r1/delete-samples/round-03.json",
      "sha256": "5ec189315c00f2be7f76ac1317bd3d3fffd0a4454f607eb91457eef720da9ebf",
      "bytes": 5346
    },
    {
      "path": "results/writer-r1/delete-samples/round-04.json",
      "sha256": "c2663b2cb97c968c5fa1f586b7431da3e8926258f68ac3e45fa1cad9d89ca44d",
      "bytes": 5346
    },
    {
      "path": "results/writer-r1/delete-samples/round-05.json",
      "sha256": "e7a2aeac2fb22bb8b12e7d4bd10b1975314bd6dea34e0ae25170d5e6886a922e",
      "bytes": 5346
    },
    {
      "path": "results/writer-r1/preflight.json",
      "sha256": "f0f8701a4d131749bc52cd69b3dcb6e2da40b29596c2158c1c180c9f488b13fb",
      "bytes": 1092
    },
    {
      "path": "results/writer-r1/summary.json",
      "sha256": "84373c51e8675c48b57dd28cbc2f7f1795cee0b080a4d1fad07803400ad0f732",
      "bytes": 40101
    },
    {
      "path": "run/config-prepared.json",
      "sha256": "d47df108bc629e016d6cc5c1705736dcd4160d583261076f2b45d4b6553059ba",
      "bytes": 1678
    },
    {
      "path": "run/fuse/exit.json",
      "sha256": "7ef4de615a3b4f78f44c5258e21989431b1cc1ff3ebbae771063fc0cd2ca80c5",
      "bytes": 5345
    },
    {
      "path": "run/fuse/identity.json",
      "sha256": "5ac216012c537a11011151318d24eb25c6b5ee3551c21250820238b36c8acfc2",
      "bytes": 2679
    },
    {
      "path": "run/fuse/launch.json",
      "sha256": "ef20f85fc7a61e20b4e6b5110d7adec9af95274570da537d0576cc0a3ab14d63",
      "bytes": 2408
    },
    {
      "path": "run/fuse/mount.json",
      "sha256": "b8708f4de1f30f672b5ab93f239cfb72a9ebe5df126420e5d596025599f7aebc",
      "bytes": 256
    },
    {
      "path": "run/fuse/stderr",
      "sha256": "366df4fd26da76d2033ec1d8d3bc589ad850d5eda8d18f6c284bf1cfaf3eea7f",
      "bytes": 21883
    },
    {
      "path": "run/fuse/stdout",
      "sha256": "e3b0c44298fc1c149afbf4c8996fb92427ae41e4649b934ca495991b7852b855",
      "bytes": 0
    },
    {
      "path": "run/fuse/supervisor.json",
      "sha256": "5c6dbd361e529a41c0f2d3234815fa95320551f1751c54b0811dc63c325fd609",
      "bytes": 333
    },
    {
      "path": "run/fuse/supervisor.log",
      "sha256": "e3b0c44298fc1c149afbf4c8996fb92427ae41e4649b934ca495991b7852b855",
      "bytes": 0
    },
    {
      "path": "run/fuse/unmount.json",
      "sha256": "6ec6e4b7e10ea01f72bb95d2dfd89b0e14552d6af8ba38d53e67efcd1b4005a6",
      "bytes": 178
    },
    {
      "path": "run/storage/exit.json",
      "sha256": "b53046f8b39b7e4aecaa1285315e1c331d23219bc90228dc980ebcb3d757640f",
      "bytes": 5212
    },
    {
      "path": "run/storage/identity.json",
      "sha256": "27d6afc2351a97a738feeee212f6bacfd190d68ad2537a1933a513936d40442d",
      "bytes": 2613
    },
    {
      "path": "run/storage/launch.json",
      "sha256": "c190c6b9a8c7a5d06fca2228e367e1a7abcf05730308315ea2e574a66df0df04",
      "bytes": 2345
    },
    {
      "path": "run/storage/stderr",
      "sha256": "49ebe2be25507a0acfa006b9bb40eca54cf53f280eab5a9de2413e3abfa788d0",
      "bytes": 22189
    },
    {
      "path": "run/storage/stdout",
      "sha256": "e3b0c44298fc1c149afbf4c8996fb92427ae41e4649b934ca495991b7852b855",
      "bytes": 0
    },
    {
      "path": "run/storage/supervisor.json",
      "sha256": "f9abd79763b555f57fde9f45a77588abba8b2861630da693a574ec958a03e3d2",
      "bytes": 336
    },
    {
      "path": "run/storage/supervisor.log",
      "sha256": "e3b0c44298fc1c149afbf4c8996fb92427ae41e4649b934ca495991b7852b855",
      "bytes": 0
    }
  ],
  "excluded_binary": [
    {
      "path": "log/storage.log",
      "sha256": "e4d1253632bc0e3148fb69f7c5e8a832c02b2d67ec15a6efac2aca33abc738b9",
      "bytes": 1229347,
      "reason": "NUL bytes"
    }
  ]
}
