{
  "status": "FINAL_READ_ONLY_OBSERVATIONS_NOT_FORMAL_PASS",
  "role": "b",
  "observations": [
    {
      "service": "fuse",
      "process_role": "child",
      "pid": 242534,
      "proc_exists": false
    },
    {
      "service": "fuse",
      "process_role": "supervisor",
      "pid": 242533,
      "proc_exists": false
    },
    {
      "service": "storage",
      "process_role": "child",
      "pid": 242264,
      "proc_exists": false
    },
    {
      "service": "storage",
      "process_role": "supervisor",
      "pid": 242263,
      "proc_exists": false
    }
  ],
  "actual_wait_receipts": [
    {
      "service": "fuse",
      "receipt": {
        "exit_code": 0,
        "pid": 242534,
        "supervisor_pid": 242533,
        "identity": {
          "role": "b",
          "fixture": "threefs-delete-v84-20261007-r1",
          "root": "/mnt/lima-afsbdata/afs-delivery/threefs-delete-v84-20261007-r1",
          "service": "fuse",
          "argv": [
            "/opt/afs-3fs-round3-v84/bin/hf3fs_fuse_main",
            "--launcher_cfg",
            "/mnt/lima-afsbdata/afs-delivery/threefs-delete-v84-20261007-r1/config/hf3fs_fuse_main_launcher.toml",
            "--cfg",
            "/mnt/lima-afsbdata/afs-delivery/threefs-delete-v84-20261007-r1/config/hf3fs_fuse_main.toml",
            "--launcher_config.mountpoint=/mnt/lima-afsbdata/afs-delivery/threefs-delete-v84-20261007-r1/mount"
          ],
          "env": {
            "LD_PRELOAD": "/opt/afs-3fs-round3-v84/lib/libjemalloc.so.2"
          },
          "config_sha256": {
            "admin_cli.toml": "75e537fe1aea48555ab4260059c8b5deca4e68c19f80b8884ca53e9bcb2e71dd",
            "hf3fs_fuse_main.toml": "cacde3b14f0068a35f48399e9ea6046c18b026c040e7302fb0fd0119181862da",
            "hf3fs_fuse_main_launcher.toml": "d458d6cec486582c76d464563915457efa893081424714d023e9a83fed83b66a",
            "meta_bench.toml": "2f8397d1581afeec86c28f991cb18fb1ea45c57f98bc9c146de19fb7f2829a2f",
            "meta_main.toml": "e5e08eac365989ebffb3e55a820672b3d5559014bc93321b24a53bbe339514aa",
            "meta_main_app.toml": "5148b9064846010e146277beb412b596479d0d743251299488982e2eb7364cef",
            "meta_main_launcher.toml": "cecad0f1c287c1b57c29124f3dd4f354c3b42e68d3c015ab153ad9424aa0a830",
            "mgmtd_main.toml": "f0cef7b93f2a2985d77b0c2bfc6c078ffefc1f11a739c3f287fa1a331390361d",
            "mgmtd_main_app.toml": "58323f28fad622ace0c8c5427d46ab0f5e1eea089bbad39353358a11efa02951",
            "mgmtd_main_launcher.toml": "a6323f183b7090e5d447c05f9d9b8a87353ed6ae413aed22b12e1db25307323b",
            "pjdfstest.toml": "95fb869e813219132ec01688e196b4e497b9f23f326aa054771d0dd2a93b0980",
            "storage_main.toml": "475405141eeb42d3b45810438f746af0e6c5962d13005d5fe64d4209aa54f243",
            "storage_main_app.toml": "f9fd4b1fa59ca3b5f1117a555581fc20b94106ad5af300885032756f6b7a3f8c",
            "storage_main_launcher.toml": "cecad0f1c287c1b57c29124f3dd4f354c3b42e68d3c015ab153ad9424aa0a830",
            "token": "9d41062d0ef188b3ff9e6f20648a9e9aa487bf60b0437588e30e02923d1b25c4",
            "fdb.cluster": "2971faa3da0b1151d9a8e5c8ea9f563d0dfd4b2d688cd0fb26a07c2b8eafcb14"
          },
          "script_sha256": "dad3f86b6907cb928cc2848f21bc922443a79de8e8220753b0f1d1f8a59d8bc5",
          "legacy_sha256": "16a25b5e1623e1030b631994a6799544a776828909512de4c191f06549b38f24",
          "boot_id": "3adebcd0-cb31-4df0-b18a-e970786ab7fb",
          "pid": 242534,
          "state": "R",
          "start_ticks": "57345925",
          "exe": "/opt/afs-3fs-round3-v84/bin/hf3fs_fuse_main",
          "exe_dev": 64769,
          "exe_ino": 277000,
          "exe_sha256": "45f09c3b808bfb8ab77d06c0fd0de12b9d7176e4db35d33b0b3783f86e5f3fbf",
          "supervisor_pid": 242533
        },
        "launch": {
          "role": "b",
          "fixture": "threefs-delete-v84-20261007-r1",
          "root": "/mnt/lima-afsbdata/afs-delivery/threefs-delete-v84-20261007-r1",
          "service": "fuse",
          "argv": [
            "/opt/afs-3fs-round3-v84/bin/hf3fs_fuse_main",
            "--launcher_cfg",
            "/mnt/lima-afsbdata/afs-delivery/threefs-delete-v84-20261007-r1/config/hf3fs_fuse_main_launcher.toml",
            "--cfg",
            "/mnt/lima-afsbdata/afs-delivery/threefs-delete-v84-20261007-r1/config/hf3fs_fuse_main.toml",
            "--launcher_config.mountpoint=/mnt/lima-afsbdata/afs-delivery/threefs-delete-v84-20261007-r1/mount"
          ],
          "env": {
            "LD_PRELOAD": "/opt/afs-3fs-round3-v84/lib/libjemalloc.so.2"
          },
          "config_sha256": {
            "admin_cli.toml": "75e537fe1aea48555ab4260059c8b5deca4e68c19f80b8884ca53e9bcb2e71dd",
            "hf3fs_fuse_main.toml": "cacde3b14f0068a35f48399e9ea6046c18b026c040e7302fb0fd0119181862da",
            "hf3fs_fuse_main_launcher.toml": "d458d6cec486582c76d464563915457efa893081424714d023e9a83fed83b66a",
            "meta_bench.toml": "2f8397d1581afeec86c28f991cb18fb1ea45c57f98bc9c146de19fb7f2829a2f",
            "meta_main.toml": "e5e08eac365989ebffb3e55a820672b3d5559014bc93321b24a53bbe339514aa",
            "meta_main_app.toml": "5148b9064846010e146277beb412b596479d0d743251299488982e2eb7364cef",
            "meta_main_launcher.toml": "cecad0f1c287c1b57c29124f3dd4f354c3b42e68d3c015ab153ad9424aa0a830",
            "mgmtd_main.toml": "f0cef7b93f2a2985d77b0c2bfc6c078ffefc1f11a739c3f287fa1a331390361d",
            "mgmtd_main_app.toml": "58323f28fad622ace0c8c5427d46ab0f5e1eea089bbad39353358a11efa02951",
            "mgmtd_main_launcher.toml": "a6323f183b7090e5d447c05f9d9b8a87353ed6ae413aed22b12e1db25307323b",
            "pjdfstest.toml": "95fb869e813219132ec01688e196b4e497b9f23f326aa054771d0dd2a93b0980",
            "storage_main.toml": "475405141eeb42d3b45810438f746af0e6c5962d13005d5fe64d4209aa54f243",
            "storage_main_app.toml": "f9fd4b1fa59ca3b5f1117a555581fc20b94106ad5af300885032756f6b7a3f8c",
            "storage_main_launcher.toml": "cecad0f1c287c1b57c29124f3dd4f354c3b42e68d3c015ab153ad9424aa0a830",
            "token": "9d41062d0ef188b3ff9e6f20648a9e9aa487bf60b0437588e30e02923d1b25c4",
            "fdb.cluster": "2971faa3da0b1151d9a8e5c8ea9f563d0dfd4b2d688cd0fb26a07c2b8eafcb14"
          },
          "script_sha256": "dad3f86b6907cb928cc2848f21bc922443a79de8e8220753b0f1d1f8a59d8bc5",
          "legacy_sha256": "16a25b5e1623e1030b631994a6799544a776828909512de4c191f06549b38f24",
          "boot_id": "3adebcd0-cb31-4df0-b18a-e970786ab7fb"
        }
      },
      "normal_wait0": true
    },
    {
      "service": "storage",
      "receipt": {
        "exit_code": 0,
        "pid": 242264,
        "supervisor_pid": 242263,
        "identity": {
          "role": "b",
          "fixture": "threefs-delete-v84-20261007-r1",
          "root": "/mnt/lima-afsbdata/afs-delivery/threefs-delete-v84-20261007-r1",
          "service": "storage",
          "argv": [
            "/opt/afs-3fs-round3-v84/bin/storage_main",
            "--app_cfg",
            "/mnt/lima-afsbdata/afs-delivery/threefs-delete-v84-20261007-r1/config/storage_main_app.toml",
            "--launcher_cfg",
            "/mnt/lima-afsbdata/afs-delivery/threefs-delete-v84-20261007-r1/config/storage_main_launcher.toml",
            "--cfg",
            "/mnt/lima-afsbdata/afs-delivery/threefs-delete-v84-20261007-r1/config/storage_main.toml"
          ],
          "env": {},
          "config_sha256": {
            "admin_cli.toml": "75e537fe1aea48555ab4260059c8b5deca4e68c19f80b8884ca53e9bcb2e71dd",
            "hf3fs_fuse_main.toml": "cacde3b14f0068a35f48399e9ea6046c18b026c040e7302fb0fd0119181862da",
            "hf3fs_fuse_main_launcher.toml": "d458d6cec486582c76d464563915457efa893081424714d023e9a83fed83b66a",
            "meta_bench.toml": "2f8397d1581afeec86c28f991cb18fb1ea45c57f98bc9c146de19fb7f2829a2f",
            "meta_main.toml": "e5e08eac365989ebffb3e55a820672b3d5559014bc93321b24a53bbe339514aa",
            "meta_main_app.toml": "5148b9064846010e146277beb412b596479d0d743251299488982e2eb7364cef",
            "meta_main_launcher.toml": "cecad0f1c287c1b57c29124f3dd4f354c3b42e68d3c015ab153ad9424aa0a830",
            "mgmtd_main.toml": "f0cef7b93f2a2985d77b0c2bfc6c078ffefc1f11a739c3f287fa1a331390361d",
            "mgmtd_main_app.toml": "58323f28fad622ace0c8c5427d46ab0f5e1eea089bbad39353358a11efa02951",
            "mgmtd_main_launcher.toml": "a6323f183b7090e5d447c05f9d9b8a87353ed6ae413aed22b12e1db25307323b",
            "pjdfstest.toml": "95fb869e813219132ec01688e196b4e497b9f23f326aa054771d0dd2a93b0980",
            "storage_main.toml": "475405141eeb42d3b45810438f746af0e6c5962d13005d5fe64d4209aa54f243",
            "storage_main_app.toml": "f9fd4b1fa59ca3b5f1117a555581fc20b94106ad5af300885032756f6b7a3f8c",
            "storage_main_launcher.toml": "cecad0f1c287c1b57c29124f3dd4f354c3b42e68d3c015ab153ad9424aa0a830",
            "token": "9d41062d0ef188b3ff9e6f20648a9e9aa487bf60b0437588e30e02923d1b25c4",
            "fdb.cluster": "2971faa3da0b1151d9a8e5c8ea9f563d0dfd4b2d688cd0fb26a07c2b8eafcb14"
          },
          "script_sha256": "dad3f86b6907cb928cc2848f21bc922443a79de8e8220753b0f1d1f8a59d8bc5",
          "legacy_sha256": "16a25b5e1623e1030b631994a6799544a776828909512de4c191f06549b38f24",
          "boot_id": "3adebcd0-cb31-4df0-b18a-e970786ab7fb",
          "pid": 242264,
          "state": "R",
          "start_ticks": "57339337",
          "exe": "/opt/afs-3fs-round3-v84/bin/storage_main",
          "exe_dev": 64769,
          "exe_ino": 276962,
          "exe_sha256": "bb8c2546f609059cf419a2e06ec0297d44084ca4570b313569a93d505e18ca85",
          "supervisor_pid": 242263
        },
        "launch": {
          "role": "b",
          "fixture": "threefs-delete-v84-20261007-r1",
          "root": "/mnt/lima-afsbdata/afs-delivery/threefs-delete-v84-20261007-r1",
          "service": "storage",
          "argv": [
            "/opt/afs-3fs-round3-v84/bin/storage_main",
            "--app_cfg",
            "/mnt/lima-afsbdata/afs-delivery/threefs-delete-v84-20261007-r1/config/storage_main_app.toml",
            "--launcher_cfg",
            "/mnt/lima-afsbdata/afs-delivery/threefs-delete-v84-20261007-r1/config/storage_main_launcher.toml",
            "--cfg",
            "/mnt/lima-afsbdata/afs-delivery/threefs-delete-v84-20261007-r1/config/storage_main.toml"
          ],
          "env": {},
          "config_sha256": {
            "admin_cli.toml": "75e537fe1aea48555ab4260059c8b5deca4e68c19f80b8884ca53e9bcb2e71dd",
            "hf3fs_fuse_main.toml": "cacde3b14f0068a35f48399e9ea6046c18b026c040e7302fb0fd0119181862da",
            "hf3fs_fuse_main_launcher.toml": "d458d6cec486582c76d464563915457efa893081424714d023e9a83fed83b66a",
            "meta_bench.toml": "2f8397d1581afeec86c28f991cb18fb1ea45c57f98bc9c146de19fb7f2829a2f",
            "meta_main.toml": "e5e08eac365989ebffb3e55a820672b3d5559014bc93321b24a53bbe339514aa",
            "meta_main_app.toml": "5148b9064846010e146277beb412b596479d0d743251299488982e2eb7364cef",
            "meta_main_launcher.toml": "cecad0f1c287c1b57c29124f3dd4f354c3b42e68d3c015ab153ad9424aa0a830",
            "mgmtd_main.toml": "f0cef7b93f2a2985d77b0c2bfc6c078ffefc1f11a739c3f287fa1a331390361d",
            "mgmtd_main_app.toml": "58323f28fad622ace0c8c5427d46ab0f5e1eea089bbad39353358a11efa02951",
            "mgmtd_main_launcher.toml": "a6323f183b7090e5d447c05f9d9b8a87353ed6ae413aed22b12e1db25307323b",
            "pjdfstest.toml": "95fb869e813219132ec01688e196b4e497b9f23f326aa054771d0dd2a93b0980",
            "storage_main.toml": "475405141eeb42d3b45810438f746af0e6c5962d13005d5fe64d4209aa54f243",
            "storage_main_app.toml": "f9fd4b1fa59ca3b5f1117a555581fc20b94106ad5af300885032756f6b7a3f8c",
            "storage_main_launcher.toml": "cecad0f1c287c1b57c29124f3dd4f354c3b42e68d3c015ab153ad9424aa0a830",
            "token": "9d41062d0ef188b3ff9e6f20648a9e9aa487bf60b0437588e30e02923d1b25c4",
            "fdb.cluster": "2971faa3da0b1151d9a8e5c8ea9f563d0dfd4b2d688cd0fb26a07c2b8eafcb14"
          },
          "script_sha256": "dad3f86b6907cb928cc2848f21bc922443a79de8e8220753b0f1d1f8a59d8bc5",
          "legacy_sha256": "16a25b5e1623e1030b631994a6799544a776828909512de4c191f06549b38f24",
          "boot_id": "3adebcd0-cb31-4df0-b18a-e970786ab7fb"
        }
      },
      "normal_wait0": true
    }
  ],
  "all_normal_wait0": true,
  "protected_processes_unchanged": [],
  "protected_mount_count": 27,
  "mount_inventory": {
    "filesystems": [
      {
        "target": "/",
        "source": "/dev/vda1",
        "fstype": "ext4",
        "id": 32,
        "options": "rw,relatime,discard,errors=remount-ro,commit=30",
        "children": [
          {
            "target": "/sys",
            "source": "sysfs",
            "fstype": "sysfs",
            "id": 26,
            "options": "rw,nosuid,nodev,noexec,relatime",
            "children": [
              {
                "target": "/sys/firmware/efi/efivars",
                "source": "efivarfs",
                "fstype": "efivarfs",
                "id": 31,
                "options": "rw,nosuid,nodev,noexec,relatime"
              },
              {
                "target": "/sys/kernel/security",
                "source": "securityfs",
                "fstype": "securityfs",
                "id": 33,
                "options": "rw,nosuid,nodev,noexec,relatime"
              },
              {
                "target": "/sys/fs/cgroup",
                "source": "cgroup2",
                "fstype": "cgroup2",
                "id": 36,
                "options": "rw,nosuid,nodev,noexec,relatime,nsdelegate,memory_recursiveprot"
              },
              {
                "target": "/sys/fs/pstore",
                "source": "pstore",
                "fstype": "pstore",
                "id": 37,
                "options": "rw,nosuid,nodev,noexec,relatime"
              },
              {
                "target": "/sys/fs/bpf",
                "source": "bpf",
                "fstype": "bpf",
                "id": 38,
                "options": "rw,nosuid,nodev,noexec,relatime,mode=700"
              },
              {
                "target": "/sys/kernel/debug",
                "source": "debugfs",
                "fstype": "debugfs",
                "id": 42,
                "options": "rw,nosuid,nodev,noexec,relatime",
                "children": [
                  {
                    "target": "/sys/kernel/debug/tracing",
                    "source": "tracefs",
                    "fstype": "tracefs",
                    "id": 129,
                    "options": "rw,nosuid,nodev,noexec,relatime"
                  }
                ]
              },
              {
                "target": "/sys/kernel/tracing",
                "source": "tracefs",
                "fstype": "tracefs",
                "id": 43,
                "options": "rw,nosuid,nodev,noexec,relatime"
              },
              {
                "target": "/sys/fs/fuse/connections",
                "source": "fusectl",
                "fstype": "fusectl",
                "id": 44,
                "options": "rw,nosuid,nodev,noexec,relatime"
              },
              {
                "target": "/sys/kernel/config",
                "source": "configfs",
                "fstype": "configfs",
                "id": 45,
                "options": "rw,nosuid,nodev,noexec,relatime"
              }
            ]
          },
          {
            "target": "/proc",
            "source": "proc",
            "fstype": "proc",
            "id": 27,
            "options": "rw,nosuid,nodev,noexec,relatime",
            "children": [
              {
                "target": "/proc/sys/fs/binfmt_misc",
                "source": "systemd-1",
                "fstype": "autofs",
                "id": 39,
                "options": "rw,relatime,fd=32,pgrp=1,timeout=0,minproto=5,maxproto=5,direct,pipe_ino=5198",
                "children": [
                  {
                    "target": "/proc/sys/fs/binfmt_misc",
                    "source": "binfmt_misc",
                    "fstype": "binfmt_misc",
                    "id": 51,
                    "options": "rw,nosuid,nodev,noexec,relatime"
                  }
                ]
              }
            ]
          },
          {
            "target": "/dev",
            "source": "udev",
            "fstype": "devtmpfs",
            "id": 28,
            "options": "rw,nosuid,relatime,size=2974872k,nr_inodes=743718,mode=755,inode64",
            "children": [
              {
                "target": "/dev/pts",
                "source": "devpts",
                "fstype": "devpts",
                "id": 29,
                "options": "rw,nosuid,noexec,relatime,gid=5,mode=620,ptmxmode=000"
              },
              {
                "target": "/dev/shm",
                "source": "tmpfs",
                "fstype": "tmpfs",
                "id": 34,
                "options": "rw,nosuid,nodev,inode64"
              },
              {
                "target": "/dev/hugepages",
                "source": "hugetlbfs",
                "fstype": "hugetlbfs",
                "id": 40,
                "options": "rw,nosuid,nodev,relatime,pagesize=2M"
              },
              {
                "target": "/dev/mqueue",
                "source": "mqueue",
                "fstype": "mqueue",
                "id": 41,
                "options": "rw,nosuid,nodev,noexec,relatime"
              }
            ]
          },
          {
            "target": "/run",
            "source": "tmpfs",
            "fstype": "tmpfs",
            "id": 30,
            "options": "rw,nosuid,nodev,noexec,relatime,size=605372k,mode=755,inode64",
            "children": [
              {
                "target": "/run/lock",
                "source": "tmpfs",
                "fstype": "tmpfs",
                "id": 35,
                "options": "rw,nosuid,nodev,noexec,relatime,size=5120k,inode64"
              },
              {
                "target": "/run/user/501",
                "source": "tmpfs",
                "fstype": "tmpfs",
                "id": 58,
                "options": "rw,nosuid,nodev,relatime,size=605368k,nr_inodes=151342,mode=700,uid=501,gid=1000,inode64"
              }
            ]
          },
          {
            "target": "/boot",
            "source": "/dev/vda16",
            "fstype": "ext4",
            "id": 47,
            "options": "rw,relatime",
            "children": [
              {
                "target": "/boot/efi",
                "source": "/dev/vda15",
                "fstype": "vfat",
                "id": 49,
                "options": "rw,relatime,fmask=0077,dmask=0077,codepage=437,iocharset=iso8859-1,shortname=mixed,errors=remount-ro"
              }
            ]
          },
          {
            "target": "/mnt/lima-cidata",
            "source": "/dev/vdc",
            "fstype": "iso9660",
            "id": 91,
            "options": "ro,relatime,nojoliet,overriderockperm,check=s,map=n,blocksize=2048,uid=0,dmode=700,fmode=700,iocharset=utf8"
          },
          {
            "target": "/mnt/lima-afsbdata",
            "source": "/dev/vdb1",
            "fstype": "ext4",
            "id": 100,
            "options": "rw,relatime"
          }
        ]
      }
    ]
  },
  "all_owned_mounts_gone": true,
  "owned_mounts": [],
  "protected_mount_differences": [
    {
      "before": {
        "target": "/proc/sys/fs/binfmt_misc",
        "source": "systemd-1",
        "fstype": "autofs",
        "id": 39,
        "options": "rw,relatime,fd=32,pgrp=1,timeout=0,minproto=5,maxproto=5,direct,pipe_ino=5198"
      },
      "after": {
        "target": "/proc/sys/fs/binfmt_misc",
        "source": "binfmt_misc",
        "fstype": "binfmt_misc",
        "id": 51,
        "options": "rw,nosuid,nodev,noexec,relatime"
      }
    }
  ],
  "capacity": {
    "allocated_bytes": 539881472,
    "available_bytes": 17068716032,
    "budget_bytes": 1073741824,
    "floor_bytes": 1073741824,
    "budget_pass": true,
    "floor_pass": true,
    "allocated_by_top_directory": {
      ".": 4096,
      "results": 16384,
      "evidence": 4096,
      "mount": 4096,
      "tools": 237568,
      "data": 4096,
      "data/storage": 537313280,
      "data/foundationdb": 8192,
      "log": 1044480,
      "stage": 618496,
      "inputs": 446464,
      "run": 114688,
      "config": 65536
    },
    "apparent_bytes": 539697993,
    "largest_five_allocated_files": [
      {
        "path": "data/storage/data1/1000101001/512KB/01",
        "allocated_bytes": 268443648,
        "apparent_bytes": 268435456
      },
      {
        "path": "data/storage/data1/1000101001/512KB/00",
        "allocated_bytes": 268435456,
        "apparent_bytes": 268435456
      },
      {
        "path": "log/storage.log",
        "allocated_bytes": 831488,
        "apparent_bytes": 830091
      },
      {
        "path": "stage/tools.tar",
        "allocated_bytes": 471040,
        "apparent_bytes": 471040
      },
      {
        "path": "inputs/admission.json",
        "allocated_bytes": 397312,
        "apparent_bytes": 394518
      }
    ]
  }
}
