{
  "exit_code": 0,
  "pid": 242264,
  "supervisor_pid": 242263,
  "identity": {
    "role": "b",
    "fixture": "threefs-delete-v84-20261007-r1",
    "root": "/mnt/lima-afsbdata/afs-delivery/threefs-delete-v84-20261007-r1",
    "service": "storage",
    "argv": [
      "/opt/afs-3fs-round3-v84/bin/storage_main",
      "--app_cfg",
      "/mnt/lima-afsbdata/afs-delivery/threefs-delete-v84-20261007-r1/config/storage_main_app.toml",
      "--launcher_cfg",
      "/mnt/lima-afsbdata/afs-delivery/threefs-delete-v84-20261007-r1/config/storage_main_launcher.toml",
      "--cfg",
      "/mnt/lima-afsbdata/afs-delivery/threefs-delete-v84-20261007-r1/config/storage_main.toml"
    ],
    "env": {},
    "config_sha256": {
      "admin_cli.toml": "75e537fe1aea48555ab4260059c8b5deca4e68c19f80b8884ca53e9bcb2e71dd",
      "hf3fs_fuse_main.toml": "cacde3b14f0068a35f48399e9ea6046c18b026c040e7302fb0fd0119181862da",
      "hf3fs_fuse_main_launcher.toml": "d458d6cec486582c76d464563915457efa893081424714d023e9a83fed83b66a",
      "meta_bench.toml": "2f8397d1581afeec86c28f991cb18fb1ea45c57f98bc9c146de19fb7f2829a2f",
      "meta_main.toml": "e5e08eac365989ebffb3e55a820672b3d5559014bc93321b24a53bbe339514aa",
      "meta_main_app.toml": "5148b9064846010e146277beb412b596479d0d743251299488982e2eb7364cef",
      "meta_main_launcher.toml": "cecad0f1c287c1b57c29124f3dd4f354c3b42e68d3c015ab153ad9424aa0a830",
      "mgmtd_main.toml": "f0cef7b93f2a2985d77b0c2bfc6c078ffefc1f11a739c3f287fa1a331390361d",
      "mgmtd_main_app.toml": "58323f28fad622ace0c8c5427d46ab0f5e1eea089bbad39353358a11efa02951",
      "mgmtd_main_launcher.toml": "a6323f183b7090e5d447c05f9d9b8a87353ed6ae413aed22b12e1db25307323b",
      "pjdfstest.toml": "95fb869e813219132ec01688e196b4e497b9f23f326aa054771d0dd2a93b0980",
      "storage_main.toml": "475405141eeb42d3b45810438f746af0e6c5962d13005d5fe64d4209aa54f243",
      "storage_main_app.toml": "f9fd4b1fa59ca3b5f1117a555581fc20b94106ad5af300885032756f6b7a3f8c",
      "storage_main_launcher.toml": "cecad0f1c287c1b57c29124f3dd4f354c3b42e68d3c015ab153ad9424aa0a830",
      "token": "9d41062d0ef188b3ff9e6f20648a9e9aa487bf60b0437588e30e02923d1b25c4",
      "fdb.cluster": "2971faa3da0b1151d9a8e5c8ea9f563d0dfd4b2d688cd0fb26a07c2b8eafcb14"
    },
    "script_sha256": "dad3f86b6907cb928cc2848f21bc922443a79de8e8220753b0f1d1f8a59d8bc5",
    "legacy_sha256": "16a25b5e1623e1030b631994a6799544a776828909512de4c191f06549b38f24",
    "boot_id": "3adebcd0-cb31-4df0-b18a-e970786ab7fb",
    "pid": 242264,
    "state": "R",
    "start_ticks": "57339337",
    "exe": "/opt/afs-3fs-round3-v84/bin/storage_main",
    "exe_dev": 64769,
    "exe_ino": 276962,
    "exe_sha256": "bb8c2546f609059cf419a2e06ec0297d44084ca4570b313569a93d505e18ca85",
    "supervisor_pid": 242263
  },
  "launch": {
    "role": "b",
    "fixture": "threefs-delete-v84-20261007-r1",
    "root": "/mnt/lima-afsbdata/afs-delivery/threefs-delete-v84-20261007-r1",
    "service": "storage",
    "argv": [
      "/opt/afs-3fs-round3-v84/bin/storage_main",
      "--app_cfg",
      "/mnt/lima-afsbdata/afs-delivery/threefs-delete-v84-20261007-r1/config/storage_main_app.toml",
      "--launcher_cfg",
      "/mnt/lima-afsbdata/afs-delivery/threefs-delete-v84-20261007-r1/config/storage_main_launcher.toml",
      "--cfg",
      "/mnt/lima-afsbdata/afs-delivery/threefs-delete-v84-20261007-r1/config/storage_main.toml"
    ],
    "env": {},
    "config_sha256": {
      "admin_cli.toml": "75e537fe1aea48555ab4260059c8b5deca4e68c19f80b8884ca53e9bcb2e71dd",
      "hf3fs_fuse_main.toml": "cacde3b14f0068a35f48399e9ea6046c18b026c040e7302fb0fd0119181862da",
      "hf3fs_fuse_main_launcher.toml": "d458d6cec486582c76d464563915457efa893081424714d023e9a83fed83b66a",
      "meta_bench.toml": "2f8397d1581afeec86c28f991cb18fb1ea45c57f98bc9c146de19fb7f2829a2f",
      "meta_main.toml": "e5e08eac365989ebffb3e55a820672b3d5559014bc93321b24a53bbe339514aa",
      "meta_main_app.toml": "5148b9064846010e146277beb412b596479d0d743251299488982e2eb7364cef",
      "meta_main_launcher.toml": "cecad0f1c287c1b57c29124f3dd4f354c3b42e68d3c015ab153ad9424aa0a830",
      "mgmtd_main.toml": "f0cef7b93f2a2985d77b0c2bfc6c078ffefc1f11a739c3f287fa1a331390361d",
      "mgmtd_main_app.toml": "58323f28fad622ace0c8c5427d46ab0f5e1eea089bbad39353358a11efa02951",
      "mgmtd_main_launcher.toml": "a6323f183b7090e5d447c05f9d9b8a87353ed6ae413aed22b12e1db25307323b",
      "pjdfstest.toml": "95fb869e813219132ec01688e196b4e497b9f23f326aa054771d0dd2a93b0980",
      "storage_main.toml": "475405141eeb42d3b45810438f746af0e6c5962d13005d5fe64d4209aa54f243",
      "storage_main_app.toml": "f9fd4b1fa59ca3b5f1117a555581fc20b94106ad5af300885032756f6b7a3f8c",
      "storage_main_launcher.toml": "cecad0f1c287c1b57c29124f3dd4f354c3b42e68d3c015ab153ad9424aa0a830",
      "token": "9d41062d0ef188b3ff9e6f20648a9e9aa487bf60b0437588e30e02923d1b25c4",
      "fdb.cluster": "2971faa3da0b1151d9a8e5c8ea9f563d0dfd4b2d688cd0fb26a07c2b8eafcb14"
    },
    "script_sha256": "dad3f86b6907cb928cc2848f21bc922443a79de8e8220753b0f1d1f8a59d8bc5",
    "legacy_sha256": "16a25b5e1623e1030b631994a6799544a776828909512de4c191f06549b38f24",
    "boot_id": "3adebcd0-cb31-4df0-b18a-e970786ab7fb"
  }
}
