{
  "status": "PASS_TEXT_ONLY_EXPORT",
  "excluded": [
    "tools/*.py",
    "stage",
    "inputs duplicate admission",
    "config/token",
    "data",
    "ELF",
    "private keys"
  ],
  "tar": "/mnt/lima-afsbdata/afs-delivery/threefs-delete-v84-20261007-r1/stage/text-export-r2.tar",
  "transport_sha256": "06b1dcfd410faa2fd9548f15b4d7cf95728a12f7bfa241f6810d7625142e764a",
  "transport_bytes": 348160,
  "entries": [
    {
      "path": "config/admin_cli.toml",
      "sha256": "75e537fe1aea48555ab4260059c8b5deca4e68c19f80b8884ca53e9bcb2e71dd",
      "bytes": 338
    },
    {
      "path": "config/hf3fs_fuse_main.toml",
      "sha256": "cacde3b14f0068a35f48399e9ea6046c18b026c040e7302fb0fd0119181862da",
      "bytes": 536
    },
    {
      "path": "config/hf3fs_fuse_main_launcher.toml",
      "sha256": "d458d6cec486582c76d464563915457efa893081424714d023e9a83fed83b66a",
      "bytes": 269
    },
    {
      "path": "config/meta_bench.toml",
      "sha256": "2f8397d1581afeec86c28f991cb18fb1ea45c57f98bc9c146de19fb7f2829a2f",
      "bytes": 340
    },
    {
      "path": "config/meta_main.toml",
      "sha256": "e5e08eac365989ebffb3e55a820672b3d5559014bc93321b24a53bbe339514aa",
      "bytes": 1135
    },
    {
      "path": "config/meta_main_app.toml",
      "sha256": "5148b9064846010e146277beb412b596479d0d743251299488982e2eb7364cef",
      "bytes": 41
    },
    {
      "path": "config/meta_main_launcher.toml",
      "sha256": "cecad0f1c287c1b57c29124f3dd4f354c3b42e68d3c015ab153ad9424aa0a830",
      "bytes": 158
    },
    {
      "path": "config/mgmtd_main.toml",
      "sha256": "f0cef7b93f2a2985d77b0c2bfc6c078ffefc1f11a739c3f287fa1a331390361d",
      "bytes": 461
    },
    {
      "path": "config/mgmtd_main_app.toml",
      "sha256": "58323f28fad622ace0c8c5427d46ab0f5e1eea089bbad39353358a11efa02951",
      "bytes": 40
    },
    {
      "path": "config/mgmtd_main_launcher.toml",
      "sha256": "a6323f183b7090e5d447c05f9d9b8a87353ed6ae413aed22b12e1db25307323b",
      "bytes": 209
    },
    {
      "path": "config/pjdfstest.toml",
      "sha256": "95fb869e813219132ec01688e196b4e497b9f23f326aa054771d0dd2a93b0980",
      "bytes": 165
    },
    {
      "path": "config/storage_main.toml",
      "sha256": "475405141eeb42d3b45810438f746af0e6c5962d13005d5fe64d4209aa54f243",
      "bytes": 890
    },
    {
      "path": "config/storage_main_app.toml",
      "sha256": "f9fd4b1fa59ca3b5f1117a555581fc20b94106ad5af300885032756f6b7a3f8c",
      "bytes": 44
    },
    {
      "path": "config/storage_main_launcher.toml",
      "sha256": "cecad0f1c287c1b57c29124f3dd4f354c3b42e68d3c015ab153ad9424aa0a830",
      "bytes": 158
    },
    {
      "path": "log/fuse.log",
      "sha256": "2d49572bc3df0e5741a76e82655fca5e31f72eee0b413dbdf32de5f42bbfd8dd",
      "bytes": 206416
    },
    {
      "path": "results/checker-r1/enoent-check.json",
      "sha256": "1cc748f92931fc33eb621fca07f6be4dd927dcc58043a72b224447dabcdfe48e",
      "bytes": 89
    },
    {
      "path": "results/checker-r1/summary.json",
      "sha256": "70d0d72453ba50ed2e4600a77203922ed64f0d97ab50fdcd6ea8785d84313e8f",
      "bytes": 1349
    },
    {
      "path": "run/config-prepared.json",
      "sha256": "47ce4e9210c279a63ac77f0b841a5c07da243436655befeb4acaa3b76b86901a",
      "bytes": 1678
    },
    {
      "path": "run/fuse/exit.json",
      "sha256": "26008355e2c9d774df2d1bc751bff79abd93a3286db0d4bc681d3a52aeb8463c",
      "bytes": 5345
    },
    {
      "path": "run/fuse/identity.json",
      "sha256": "80640755d30945cd569e66c135189764ef6a9b5ad2625838244dab5806c29dec",
      "bytes": 2679
    },
    {
      "path": "run/fuse/launch.json",
      "sha256": "80bfe9712a8ffcce08cfc50caa6c7974122a659dd284de9080cc5e369f982434",
      "bytes": 2408
    },
    {
      "path": "run/fuse/mount.json",
      "sha256": "a2aa2f8f321e9d0469a39bde6e40978c6d569ed285dcea7e80b4283c74e38fd8",
      "bytes": 256
    },
    {
      "path": "run/fuse/stderr",
      "sha256": "0d48a76c04af067f49b6a5b0d9b3a50f4f58c9066ff2c6e7a8c37f9dec54d109",
      "bytes": 21883
    },
    {
      "path": "run/fuse/stdout",
      "sha256": "e3b0c44298fc1c149afbf4c8996fb92427ae41e4649b934ca495991b7852b855",
      "bytes": 0
    },
    {
      "path": "run/fuse/supervisor.json",
      "sha256": "b77a574ba6ff1cd35fdff048abd588c3d6f401e039670d99133af8ce68eabf7b",
      "bytes": 333
    },
    {
      "path": "run/fuse/supervisor.log",
      "sha256": "e3b0c44298fc1c149afbf4c8996fb92427ae41e4649b934ca495991b7852b855",
      "bytes": 0
    },
    {
      "path": "run/fuse/unmount.json",
      "sha256": "a769267f392d22689a3d23a52c5bbc6edc1a0355d3fb3ded41ca4a37c08aee16",
      "bytes": 178
    },
    {
      "path": "run/storage/exit.json",
      "sha256": "05c843c67a0bbbdcdb6fffc266cb5766dcde456e413b5c41f1f246737cd38174",
      "bytes": 5212
    },
    {
      "path": "run/storage/identity.json",
      "sha256": "8946674e08d20a16c85da06966f907b28961342a2be6d9ea10d2782ec2b07842",
      "bytes": 2613
    },
    {
      "path": "run/storage/launch.json",
      "sha256": "0ed78b90d50cf78c5da8c59b737d193713871982e4d2e02e0072af8a28e105d4",
      "bytes": 2345
    },
    {
      "path": "run/storage/stderr",
      "sha256": "557628f92f0491ec982733b335a87a07873501b540ad7554163d684a43f4a1b0",
      "bytes": 22189
    },
    {
      "path": "run/storage/stdout",
      "sha256": "e3b0c44298fc1c149afbf4c8996fb92427ae41e4649b934ca495991b7852b855",
      "bytes": 0
    },
    {
      "path": "run/storage/supervisor.json",
      "sha256": "e6d033d97d248b79049edb5c073fda339d11129bb01959057dd4b0af46faaa80",
      "bytes": 336
    },
    {
      "path": "run/storage/supervisor.log",
      "sha256": "e3b0c44298fc1c149afbf4c8996fb92427ae41e4649b934ca495991b7852b855",
      "bytes": 0
    }
  ],
  "excluded_binary": [
    {
      "path": "log/storage.log",
      "sha256": "48e9fc7e1d8e6abeca238ee278b093a4909ce7ab8bccd08c4fde297a451fbfde",
      "bytes": 830091,
      "reason": "NUL bytes"
    }
  ]
}
