{
  "status": "PASS_FIXED_CONFIG_READY",
  "manifest": {
    "manifest": "/opt/afs-3fs-round3-v84/manifest.json",
    "checked": {
      "/opt/afs-3fs-round3-v84/bin/admin_cli": "f833c75c548ab19238be877df84357f596fc8dfe98de2010d7a85cb4c5dace73",
      "/opt/afs-3fs-round3-v84/bin/fdbcli": "52685cd06041737fda906f740e937a98bd1925ecb7d1981bc61b16f56a2d8aa6",
      "/opt/afs-3fs-round3-v84/bin/fdbserver": "cddf55256ba2ca1249f98481d6c9995fd7fda091d23bc0551b96c1ae9537128c",
      "/opt/afs-3fs-round3-v84/bin/hf3fs_fuse_main": "45f09c3b808bfb8ab77d06c0fd0de12b9d7176e4db35d33b0b3783f86e5f3fbf",
      "/opt/afs-3fs-round3-v84/bin/meta_main": "86b614a83b5f7e42bcc21c8c756eec19c65828728d33d3609cfc969003eba411",
      "/opt/afs-3fs-round3-v84/bin/mgmtd_main": "4289d2f14d53bc81410a9650695e64295642075a07d5f6183e182224d7880bb3",
      "/opt/afs-3fs-round3-v84/bin/storage_main": "bb8c2546f609059cf419a2e06ec0297d44084ca4570b313569a93d505e18ca85",
      "/opt/afs-3fs-round3-v84/lib/libaio.so.1t64": "34a7d0e9f59834c5d2dfe195e00fa2851f6a4d9873406e6427f85c7f70f60e6f",
      "/opt/afs-3fs-round3-v84/lib/libatomic.so.1": "2896f2608b49113496e6872c77cb591f51f4e646fec01e59f517a971199979fe",
      "/opt/afs-3fs-round3-v84/lib/libboost_atomic.so.1.83.0": "1a9d92196492e21283de0a1aba3bf7b1dd7cec7de5602ef9b446e12f4d756675",
      "/opt/afs-3fs-round3-v84/lib/libboost_context.so.1.83.0": "dbb26bfcca7941dcc7eab09dece217084265b6ae82523b9d3916e5d48876dbf1",
      "/opt/afs-3fs-round3-v84/lib/libboost_filesystem.so.1.83.0": "8c90582a3f32cf5164da45951a83285db960da362cb4707f07215bc0dfb0d7f6",
      "/opt/afs-3fs-round3-v84/lib/libboost_program_options.so.1.83.0": "1683ee66213dc2df1e2f595eafba2c41f89e19ad75b0ffd867171fc3b01d27c7",
      "/opt/afs-3fs-round3-v84/lib/libboost_regex.so.1.83.0": "ab8827c753f22eff83bf0bab365a433d4f3dd6d27d38675e0495f5962043ac0e",
      "/opt/afs-3fs-round3-v84/lib/libboost_system.so.1.83.0": "1f0372c5d62d2b35c55df9e4a66760ff6b30c0f54430bfef3d4f7854e4768964",
      "/opt/afs-3fs-round3-v84/lib/libboost_thread.so.1.83.0": "3e96786c0958227791966d25f2a1289da77922172bf09c09a9f2b418abbe964c",
      "/opt/afs-3fs-round3-v84/lib/libcrypto.so.3": "b27a2396652ee28629c94d59d667c417dbffdf2dee84e5bf140bd17d3eedb7d9",
      "/opt/afs-3fs-round3-v84/lib/libdouble-conversion.so.3": "1f86e3feb9750c64af092b08d51ab55e9a6f5dfe70b69f73ec72fa84a6e8f9f7",
      "/opt/afs-3fs-round3-v84/lib/libdwarf.so.1": "9b2ae0d524bd339fa451597c2ee7a8d91f9a306079e5bafda786e517693bb2c7",
      "/opt/afs-3fs-round3-v84/lib/libelf.so.1": "cb8f5d9cc966fcf008e443541eba7f493167bca2901172abd4b76660d62cdae4",
      "/opt/afs-3fs-round3-v84/lib/libevent-2.1.so.7": "930690b0f2a219ccf09574c0edcc1c2dbfcfb2775f0fb3184d07331277891a1d",
      "/opt/afs-3fs-round3-v84/lib/libfdb_c.so": "962c16bcc96f6d9308c19733e1b6d2d9e8f5e4d7a9617d73f0884e639f366ab3",
      "/opt/afs-3fs-round3-v84/lib/libfuse3.so.3": "da6a2acb7de4dfaf3cf09d4772311e5c9f4d3a76b7415d1a2346b0f3903086c6",
      "/opt/afs-3fs-round3-v84/lib/libgflags.so.2.2": "12c1a59becb95656a5de91fe6eee06f50e0eae4c217624399ee5c5c669a6ffbf",
      "/opt/afs-3fs-round3-v84/lib/libglog.so.1": "0564c8f486c7d507fb87efbc350a8094874c78a3d42139dec6c530cc565c1d09",
      "/opt/afs-3fs-round3-v84/lib/libibverbs.so.1": "84e987a9131e90bf7933614bf2f415ea0e928d5614328685461cf646cdb384e4",
      "/opt/afs-3fs-round3-v84/lib/libjemalloc.so.2": "39c59a40497eb25b3ec67c806caf5df784f5c40db4be0d70167333e1a3b263f1",
      "/opt/afs-3fs-round3-v84/lib/liblz4.so.1": "d1482a2f74152881d8b83708fedae7bca039f5608024f1178dc21a17df9887a7",
      "/opt/afs-3fs-round3-v84/lib/liblzma.so.5": "47ea0f43683ef829cda43bfe1862c1b06f085fbd813bb58d2d142477f5380139",
      "/opt/afs-3fs-round3-v84/lib/libnl-3.so.200": "a4e331c8189a300460ef3da8c3fc6e58e46787ce028775a93dd772514bfa1f89",
      "/opt/afs-3fs-round3-v84/lib/libnl-route-3.so.200": "25b0138e696273db55d4c0eec19335841311cbde995d50caeef9c853c835f5c8",
      "/opt/afs-3fs-round3-v84/lib/libnuma.so.1": "e9fd01b52d2f4ea331a562cf5f1ea40de57a2c968e7948bad5f349cc8a82a21c",
      "/opt/afs-3fs-round3-v84/lib/libprofiler.so.0": "64b52c20bf1794570c9012a49a62f4b954b9d3559396f1cb363a433b1c9f0a9f",
      "/opt/afs-3fs-round3-v84/lib/libsnappy.so.1": "67c6ba9a23e9ba9f18dda64025a22606cbcba98c5f2aff5d690c713d36032b4c",
      "/opt/afs-3fs-round3-v84/lib/libssl.so.3": "cd89f6e6eea72583e1f1f98f8ea6b0f5e9281d7a0e4262a2e36f648be789d565",
      "/opt/afs-3fs-round3-v84/lib/libtcmalloc.so.4": "160eb851b5875152256a3f9b30d0452a63d20d09034a24a07333629213f35a06",
      "/opt/afs-3fs-round3-v84/lib/libunwind.so.8": "0b507266c28b564c22334b089318888fe04fcdf8221085e7081374be1d704e09",
      "/opt/afs-3fs-round3-v84/lib/libz.so.1": "e3bc90ee8cce46778c2f46c2a3e580d3b930f7b455910f25ea400a0b797fb9dc",
      "/opt/afs-3fs-round3-v84/lib/libzstd.so.1": "fe726238b170b83aa83bf1f8a79109b8b61b9eb45234304511d093bbe5f5fb20"
    }
  },
  "config": {
    "admin_cli.toml": "e9fe912edfed0f62a52f5436512d2f6b9173fe29a902d47ae78ea1c040dfb529",
    "hf3fs_fuse_main.toml": "597ee7d54dcd8c40360d7e2cae1df717c3449593dbf8c6c8c5b2d4cbfaeba0f8",
    "hf3fs_fuse_main_launcher.toml": "6928cb3e3f87a1d5c4df6c2965afe7fe225ef8e58b36110d6543cfaea3922a85",
    "meta_bench.toml": "2f8397d1581afeec86c28f991cb18fb1ea45c57f98bc9c146de19fb7f2829a2f",
    "meta_main.toml": "8032182a8859f71090f69448f57cda877d9a5ef3cda9b01dc7322de7f8d16301",
    "meta_main_app.toml": "5148b9064846010e146277beb412b596479d0d743251299488982e2eb7364cef",
    "meta_main_launcher.toml": "cecad0f1c287c1b57c29124f3dd4f354c3b42e68d3c015ab153ad9424aa0a830",
    "mgmtd_main.toml": "5904d82808d337b891a48fcbfa57e9dadfd0d2edfb49f3ae0922c9f3b3b06902",
    "mgmtd_main_app.toml": "58323f28fad622ace0c8c5427d46ab0f5e1eea089bbad39353358a11efa02951",
    "mgmtd_main_launcher.toml": "f2158392720f119f98bd9f8ed28354a88121607e236c1229764acbfafbaa9f02",
    "pjdfstest.toml": "95fb869e813219132ec01688e196b4e497b9f23f326aa054771d0dd2a93b0980",
    "storage_main.toml": "860e7e193b258441f6b1ff6b9f75125ed40e261aec1c668a8041521e308fb4f7",
    "storage_main_app.toml": "bfcc92cc49071b533c0ce93fcf5bef40c17eea0a5c04e1e22870ae336c0f519f",
    "storage_main_launcher.toml": "cecad0f1c287c1b57c29124f3dd4f354c3b42e68d3c015ab153ad9424aa0a830",
    "token": "9d41062d0ef188b3ff9e6f20648a9e9aa487bf60b0437588e30e02923d1b25c4",
    "fdb.cluster": "2971faa3da0b1151d9a8e5c8ea9f563d0dfd4b2d688cd0fb26a07c2b8eafcb14"
  },
  "capacity": {
    "allocated": 1126400,
    "available": 30685450240,
    "budget": 1073741824,
    "floor": 1073741824
  }
}
