{
  "status": "PASS_ACTUAL_RESOURCES_AND_CHILD_MOUNT_IDENTITIES",
  "role": "c",
  "observed_monotonic_ns": 481641798475601,
  "services": [
    {
      "service": "storage",
      "processes": [
        {
          "identity": {
            "pid": 17662,
            "state": "S",
            "start_ticks": "48140912",
            "exe": "/opt/afs-3fs-round3-v84/bin/storage_main",
            "exe_dev": 64769,
            "exe_ino": 535218,
            "exe_sha256": "bb8c2546f609059cf419a2e06ec0297d44084ca4570b313569a93d505e18ca85",
            "argv": [
              "/opt/afs-3fs-round3-v84/bin/storage_main",
              "--app_cfg",
              "/mnt/lima-afscdata/afs-delivery/threefs-delete-v84-20261007-r1/config/storage_main_app.toml",
              "--launcher_cfg",
              "/mnt/lima-afscdata/afs-delivery/threefs-delete-v84-20261007-r1/config/storage_main_launcher.toml",
              "--cfg",
              "/mnt/lima-afscdata/afs-delivery/threefs-delete-v84-20261007-r1/config/storage_main.toml"
            ],
            "boot_id": "0cf26d13-bc67-4f98-999e-7aeac4cc9b30"
          },
          "rss_bytes": 1677631488,
          "threads": "236"
        },
        {
          "identity": {
            "pid": 17661,
            "state": "S",
            "start_ticks": "48140909",
            "exe": "/usr/bin/python3.12",
            "exe_dev": 64769,
            "exe_ino": 8165,
            "exe_sha256": "c86f21d0da9290ece2d7d49a3f7ed52aed59cb029abdf0ea25c79634f6cbe960",
            "argv": [
              "/usr/bin/python3",
              "/mnt/lima-afscdata/afs-delivery/threefs-delete-v84-20261007-r1/tools/threefs_namespace_fixture.py",
              "__supervise",
              "c",
              "--legacy-path",
              "/mnt/lima-afscdata/afs-delivery/threefs-delete-v84-20261007-r1/tools/round3-3fs.py",
              "--service",
              "storage"
            ],
            "boot_id": "0cf26d13-bc67-4f98-999e-7aeac4cc9b30"
          },
          "rss_bytes": 19427328,
          "threads": "1"
        }
      ]
    },
    {
      "service": "fuse",
      "processes": [
        {
          "identity": {
            "pid": 17932,
            "state": "S",
            "start_ticks": "48147498",
            "exe": "/opt/afs-3fs-round3-v84/bin/hf3fs_fuse_main",
            "exe_dev": 64769,
            "exe_ino": 535256,
            "exe_sha256": "45f09c3b808bfb8ab77d06c0fd0de12b9d7176e4db35d33b0b3783f86e5f3fbf",
            "argv": [
              "/opt/afs-3fs-round3-v84/bin/hf3fs_fuse_main",
              "--launcher_cfg",
              "/mnt/lima-afscdata/afs-delivery/threefs-delete-v84-20261007-r1/config/hf3fs_fuse_main_launcher.toml",
              "--cfg",
              "/mnt/lima-afscdata/afs-delivery/threefs-delete-v84-20261007-r1/config/hf3fs_fuse_main.toml",
              "--launcher_config.mountpoint=/mnt/lima-afscdata/afs-delivery/threefs-delete-v84-20261007-r1/mount"
            ],
            "boot_id": "0cf26d13-bc67-4f98-999e-7aeac4cc9b30"
          },
          "rss_bytes": 277925888,
          "threads": "38"
        },
        {
          "identity": {
            "pid": 17931,
            "state": "S",
            "start_ticks": "48147495",
            "exe": "/usr/bin/python3.12",
            "exe_dev": 64769,
            "exe_ino": 8165,
            "exe_sha256": "c86f21d0da9290ece2d7d49a3f7ed52aed59cb029abdf0ea25c79634f6cbe960",
            "argv": [
              "/usr/bin/python3",
              "/mnt/lima-afscdata/afs-delivery/threefs-delete-v84-20261007-r1/tools/threefs_namespace_fixture.py",
              "__supervise",
              "c",
              "--legacy-path",
              "/mnt/lima-afscdata/afs-delivery/threefs-delete-v84-20261007-r1/tools/round3-3fs.py",
              "--service",
              "fuse"
            ],
            "boot_id": "0cf26d13-bc67-4f98-999e-7aeac4cc9b30"
          },
          "rss_bytes": 19337216,
          "threads": "1"
        }
      ]
    }
  ],
  "rss_total_bytes": 1994321920,
  "rss_envelope_bytes": 2684354560,
  "memory_available_bytes": 3821293568,
  "minimum_headroom_bytes": 536870912,
  "capacity": {
    "allocated": 539676672,
    "available": 30146895872,
    "budget": 1073741824,
    "floor": 1073741824
  },
  "mount": {
    "target": "/mnt/lima-afscdata/afs-delivery/threefs-delete-v84-20261007-r1/mount",
    "source": "hf3fs.afs_3fs_delete_v84_20261007_r1",
    "fstype": "fuse.hf3fs",
    "id": 361,
    "options": "rw,nosuid,nodev,relatime,user_id=0,group_id=0,max_read=1048576"
  },
  "protected_processes_unchanged": [],
  "scope": "coexistence; not exclusive fair VM"
}
