{
  "status": "PASS",
  "storage": {
    "service": "storage",
    "identity": {
      "role": "c",
      "fixture": "threefs-delete-v84-20261007-r1",
      "root": "/mnt/lima-afscdata/afs-delivery/threefs-delete-v84-20261007-r1",
      "service": "storage",
      "argv": [
        "/opt/afs-3fs-round3-v84/bin/storage_main",
        "--app_cfg",
        "/mnt/lima-afscdata/afs-delivery/threefs-delete-v84-20261007-r1/config/storage_main_app.toml",
        "--launcher_cfg",
        "/mnt/lima-afscdata/afs-delivery/threefs-delete-v84-20261007-r1/config/storage_main_launcher.toml",
        "--cfg",
        "/mnt/lima-afscdata/afs-delivery/threefs-delete-v84-20261007-r1/config/storage_main.toml"
      ],
      "env": {},
      "config_sha256": {
        "admin_cli.toml": "e9fe912edfed0f62a52f5436512d2f6b9173fe29a902d47ae78ea1c040dfb529",
        "hf3fs_fuse_main.toml": "597ee7d54dcd8c40360d7e2cae1df717c3449593dbf8c6c8c5b2d4cbfaeba0f8",
        "hf3fs_fuse_main_launcher.toml": "6928cb3e3f87a1d5c4df6c2965afe7fe225ef8e58b36110d6543cfaea3922a85",
        "meta_bench.toml": "2f8397d1581afeec86c28f991cb18fb1ea45c57f98bc9c146de19fb7f2829a2f",
        "meta_main.toml": "8032182a8859f71090f69448f57cda877d9a5ef3cda9b01dc7322de7f8d16301",
        "meta_main_app.toml": "5148b9064846010e146277beb412b596479d0d743251299488982e2eb7364cef",
        "meta_main_launcher.toml": "cecad0f1c287c1b57c29124f3dd4f354c3b42e68d3c015ab153ad9424aa0a830",
        "mgmtd_main.toml": "5904d82808d337b891a48fcbfa57e9dadfd0d2edfb49f3ae0922c9f3b3b06902",
        "mgmtd_main_app.toml": "58323f28fad622ace0c8c5427d46ab0f5e1eea089bbad39353358a11efa02951",
        "mgmtd_main_launcher.toml": "f2158392720f119f98bd9f8ed28354a88121607e236c1229764acbfafbaa9f02",
        "pjdfstest.toml": "95fb869e813219132ec01688e196b4e497b9f23f326aa054771d0dd2a93b0980",
        "storage_main.toml": "860e7e193b258441f6b1ff6b9f75125ed40e261aec1c668a8041521e308fb4f7",
        "storage_main_app.toml": "bfcc92cc49071b533c0ce93fcf5bef40c17eea0a5c04e1e22870ae336c0f519f",
        "storage_main_launcher.toml": "cecad0f1c287c1b57c29124f3dd4f354c3b42e68d3c015ab153ad9424aa0a830",
        "token": "9d41062d0ef188b3ff9e6f20648a9e9aa487bf60b0437588e30e02923d1b25c4",
        "fdb.cluster": "2971faa3da0b1151d9a8e5c8ea9f563d0dfd4b2d688cd0fb26a07c2b8eafcb14"
      },
      "script_sha256": "dad3f86b6907cb928cc2848f21bc922443a79de8e8220753b0f1d1f8a59d8bc5",
      "legacy_sha256": "16a25b5e1623e1030b631994a6799544a776828909512de4c191f06549b38f24",
      "boot_id": "0cf26d13-bc67-4f98-999e-7aeac4cc9b30",
      "pid": 17662,
      "state": "R",
      "start_ticks": "48140912",
      "exe": "/opt/afs-3fs-round3-v84/bin/storage_main",
      "exe_dev": 64769,
      "exe_ino": 535218,
      "exe_sha256": "bb8c2546f609059cf419a2e06ec0297d44084ca4570b313569a93d505e18ca85",
      "supervisor_pid": 17661
    },
    "lifecycle": "/mnt/lima-afscdata/afs-delivery/threefs-delete-v84-20261007-r1/run/storage"
  }
}
