{
  "status": "PASS_TEXT_ONLY_EXPORT",
  "excluded": [
    "tools/*.py",
    "stage",
    "inputs duplicate admission",
    "config/token",
    "data",
    "ELF",
    "private keys"
  ],
  "tar": "/mnt/lima-afscdata/afs-delivery/threefs-delete-v84-20261007-r1/stage/text-export-r2.tar",
  "transport_sha256": "b4ff08ae4c6504a8c314f8486406d34fb338f18f4c02579985cb176300ffbb91",
  "transport_bytes": 348160,
  "entries": [
    {
      "path": "config/admin_cli.toml",
      "sha256": "e9fe912edfed0f62a52f5436512d2f6b9173fe29a902d47ae78ea1c040dfb529",
      "bytes": 338
    },
    {
      "path": "config/hf3fs_fuse_main.toml",
      "sha256": "597ee7d54dcd8c40360d7e2cae1df717c3449593dbf8c6c8c5b2d4cbfaeba0f8",
      "bytes": 536
    },
    {
      "path": "config/hf3fs_fuse_main_launcher.toml",
      "sha256": "6928cb3e3f87a1d5c4df6c2965afe7fe225ef8e58b36110d6543cfaea3922a85",
      "bytes": 269
    },
    {
      "path": "config/meta_bench.toml",
      "sha256": "2f8397d1581afeec86c28f991cb18fb1ea45c57f98bc9c146de19fb7f2829a2f",
      "bytes": 340
    },
    {
      "path": "config/meta_main.toml",
      "sha256": "8032182a8859f71090f69448f57cda877d9a5ef3cda9b01dc7322de7f8d16301",
      "bytes": 1135
    },
    {
      "path": "config/meta_main_app.toml",
      "sha256": "5148b9064846010e146277beb412b596479d0d743251299488982e2eb7364cef",
      "bytes": 41
    },
    {
      "path": "config/meta_main_launcher.toml",
      "sha256": "cecad0f1c287c1b57c29124f3dd4f354c3b42e68d3c015ab153ad9424aa0a830",
      "bytes": 158
    },
    {
      "path": "config/mgmtd_main.toml",
      "sha256": "5904d82808d337b891a48fcbfa57e9dadfd0d2edfb49f3ae0922c9f3b3b06902",
      "bytes": 461
    },
    {
      "path": "config/mgmtd_main_app.toml",
      "sha256": "58323f28fad622ace0c8c5427d46ab0f5e1eea089bbad39353358a11efa02951",
      "bytes": 40
    },
    {
      "path": "config/mgmtd_main_launcher.toml",
      "sha256": "f2158392720f119f98bd9f8ed28354a88121607e236c1229764acbfafbaa9f02",
      "bytes": 209
    },
    {
      "path": "config/pjdfstest.toml",
      "sha256": "95fb869e813219132ec01688e196b4e497b9f23f326aa054771d0dd2a93b0980",
      "bytes": 165
    },
    {
      "path": "config/storage_main.toml",
      "sha256": "860e7e193b258441f6b1ff6b9f75125ed40e261aec1c668a8041521e308fb4f7",
      "bytes": 890
    },
    {
      "path": "config/storage_main_app.toml",
      "sha256": "bfcc92cc49071b533c0ce93fcf5bef40c17eea0a5c04e1e22870ae336c0f519f",
      "bytes": 44
    },
    {
      "path": "config/storage_main_launcher.toml",
      "sha256": "cecad0f1c287c1b57c29124f3dd4f354c3b42e68d3c015ab153ad9424aa0a830",
      "bytes": 158
    },
    {
      "path": "log/fuse.log",
      "sha256": "d5bcfc359576348d596911debef0fb4e6133ff25d3a125fba217a6c8eb190981",
      "bytes": 205283
    },
    {
      "path": "results/checker-r1/enoent-check.json",
      "sha256": "1cc748f92931fc33eb621fca07f6be4dd927dcc58043a72b224447dabcdfe48e",
      "bytes": 89
    },
    {
      "path": "results/checker-r1/summary.json",
      "sha256": "93aa1b26aed1296044a9d420fbde265344ead56a1e4730cc1c5c51d9aeb4054b",
      "bytes": 1350
    },
    {
      "path": "run/config-prepared.json",
      "sha256": "d134f23a9c949f8c5c0330c7b320a8f40adae4f4434a38f501cca40af0b0981f",
      "bytes": 1678
    },
    {
      "path": "run/fuse/exit.json",
      "sha256": "ac02d1a12ddbc6312df2b999ca303d94669da2a0f49f5f239b164cbc9636261c",
      "bytes": 5341
    },
    {
      "path": "run/fuse/identity.json",
      "sha256": "e8eb79add7ef4a4fe16e3927d7605c68848f0ee0d0f61a4771a2e21544ec6fae",
      "bytes": 2677
    },
    {
      "path": "run/fuse/launch.json",
      "sha256": "2f97683868e26954d5c759e5de4857f0fde892ad5f60710b31e09ea396ba3284",
      "bytes": 2408
    },
    {
      "path": "run/fuse/mount.json",
      "sha256": "d4a55a7bedcd67c1e9119e15aaffab4c90d7f3b9571517aa7aad841fd6a1fb95",
      "bytes": 257
    },
    {
      "path": "run/fuse/stderr",
      "sha256": "47ce270cae5ed498882dc681423e0a7554bd2bd1495ffe6fe3bf4fe7db5406ea",
      "bytes": 21692
    },
    {
      "path": "run/fuse/stdout",
      "sha256": "e3b0c44298fc1c149afbf4c8996fb92427ae41e4649b934ca495991b7852b855",
      "bytes": 0
    },
    {
      "path": "run/fuse/supervisor.json",
      "sha256": "0b92e7b0384aa0d86a9d47ab5fae2674451fa09168ceed79b1404ed7cb679073",
      "bytes": 332
    },
    {
      "path": "run/fuse/supervisor.log",
      "sha256": "e3b0c44298fc1c149afbf4c8996fb92427ae41e4649b934ca495991b7852b855",
      "bytes": 0
    },
    {
      "path": "run/fuse/unmount.json",
      "sha256": "117d21eb09848250080341a4f5c24a29df200fbb778730a3d3e82c5684d064bb",
      "bytes": 178
    },
    {
      "path": "run/storage/exit.json",
      "sha256": "da342d65aff72c31c758a63f52b32cb245770b85c84df393f7717e8bfbbb7fa5",
      "bytes": 5208
    },
    {
      "path": "run/storage/identity.json",
      "sha256": "eb421e2fdfa0265fd22dce998703951bffec9bfa8b7d735ce0b3dfa25d45c193",
      "bytes": 2611
    },
    {
      "path": "run/storage/launch.json",
      "sha256": "2aa8dcbbb853390000c60aafac18ab4252297e5298ec1ceb4476b048b34a0a50",
      "bytes": 2345
    },
    {
      "path": "run/storage/stderr",
      "sha256": "54344d98fbd59d36b08ed526d9415399cdd57d9cb76edb3ea67a4b5f36ada815",
      "bytes": 21994
    },
    {
      "path": "run/storage/stdout",
      "sha256": "e3b0c44298fc1c149afbf4c8996fb92427ae41e4649b934ca495991b7852b855",
      "bytes": 0
    },
    {
      "path": "run/storage/supervisor.json",
      "sha256": "7fa93407fe9419592ff2610b7876ab572f327f64f0111940db0a03b11b5e46f3",
      "bytes": 335
    },
    {
      "path": "run/storage/supervisor.log",
      "sha256": "e3b0c44298fc1c149afbf4c8996fb92427ae41e4649b934ca495991b7852b855",
      "bytes": 0
    }
  ],
  "excluded_binary": [
    {
      "path": "log/storage.log",
      "sha256": "4fd7cc61d6f0334331fbc62516920d2c19cb0e8b4a09f0b0d4022ac138b38e94",
      "bytes": 825489,
      "reason": "NUL bytes"
    }
  ]
}
