{
  "status": "R2_PUBLIC_COMMANDS_RECORDED_NEEDS_ACTUAL_SERVING_PROOF",
  "records": [
    {
      "argv": [
        "/opt/afs-3fs-round3-v84/bin/admin_cli",
        "--cfg",
        "/mnt/lima-afsctlstate/afs-delivery/threefs-delete-v84-20261007-r1/config/admin_cli.toml",
        "--",
        "create-target",
        "--node-id",
        "10000",
        "--disk-index",
        "0",
        "--target-id",
        "1000001001",
        "--chain-id",
        "1"
      ],
      "exit": 0,
      "elapsed_seconds": 0.42048657091800123,
      "stdout": "/mnt/lima-afsctlstate/afs-delivery/threefs-delete-v84-20261007-r1/log/create-r2-target-1000001001-20261007T004139Z-pid1685252.stdout",
      "stderr": "/mnt/lima-afsctlstate/afs-delivery/threefs-delete-v84-20261007-r1/log/create-r2-target-1000001001-20261007T004139Z-pid1685252.stderr"
    },
    {
      "argv": [
        "/opt/afs-3fs-round3-v84/bin/admin_cli",
        "--cfg",
        "/mnt/lima-afsctlstate/afs-delivery/threefs-delete-v84-20261007-r1/config/admin_cli.toml",
        "--",
        "create-target",
        "--node-id",
        "10001",
        "--disk-index",
        "0",
        "--target-id",
        "1000101001",
        "--chain-id",
        "1"
      ],
      "exit": 0,
      "elapsed_seconds": 0.2660520680947229,
      "stdout": "/mnt/lima-afsctlstate/afs-delivery/threefs-delete-v84-20261007-r1/log/create-r2-target-1000101001-20261007T004139Z-pid1685252.stdout",
      "stderr": "/mnt/lima-afsctlstate/afs-delivery/threefs-delete-v84-20261007-r1/log/create-r2-target-1000101001-20261007T004139Z-pid1685252.stderr"
    },
    {
      "argv": [
        "/opt/afs-3fs-round3-v84/bin/admin_cli",
        "--cfg",
        "/mnt/lima-afsctlstate/afs-delivery/threefs-delete-v84-20261007-r1/config/admin_cli.toml",
        "--",
        "create-target",
        "--node-id",
        "10000",
        "--disk-index",
        "0",
        "--target-id",
        "1000002001",
        "--chain-id",
        "2"
      ],
      "exit": 0,
      "elapsed_seconds": 0.1160324290394783,
      "stdout": "/mnt/lima-afsctlstate/afs-delivery/threefs-delete-v84-20261007-r1/log/create-r2-target-1000002001-20261007T004139Z-pid1685252.stdout",
      "stderr": "/mnt/lima-afsctlstate/afs-delivery/threefs-delete-v84-20261007-r1/log/create-r2-target-1000002001-20261007T004139Z-pid1685252.stderr"
    },
    {
      "argv": [
        "/opt/afs-3fs-round3-v84/bin/admin_cli",
        "--cfg",
        "/mnt/lima-afsctlstate/afs-delivery/threefs-delete-v84-20261007-r1/config/admin_cli.toml",
        "--",
        "create-target",
        "--node-id",
        "10002",
        "--disk-index",
        "0",
        "--target-id",
        "1000202001",
        "--chain-id",
        "2"
      ],
      "exit": 0,
      "elapsed_seconds": 0.1674426810350269,
      "stdout": "/mnt/lima-afsctlstate/afs-delivery/threefs-delete-v84-20261007-r1/log/create-r2-target-1000202001-20261007T004139Z-pid1685252.stdout",
      "stderr": "/mnt/lima-afsctlstate/afs-delivery/threefs-delete-v84-20261007-r1/log/create-r2-target-1000202001-20261007T004139Z-pid1685252.stderr"
    },
    {
      "argv": [
        "/opt/afs-3fs-round3-v84/bin/admin_cli",
        "--cfg",
        "/mnt/lima-afsctlstate/afs-delivery/threefs-delete-v84-20261007-r1/config/admin_cli.toml",
        "--",
        "upload-chains",
        "/mnt/lima-afsctlstate/afs-delivery/threefs-delete-v84-20261007-r1/config/chains.csv"
      ],
      "exit": 0,
      "elapsed_seconds": 0.06702246400527656,
      "stdout": "/mnt/lima-afsctlstate/afs-delivery/threefs-delete-v84-20261007-r1/log/upload-r2-chains-20261007T004139Z-pid1685252.stdout",
      "stderr": "/mnt/lima-afsctlstate/afs-delivery/threefs-delete-v84-20261007-r1/log/upload-r2-chains-20261007T004139Z-pid1685252.stderr"
    },
    {
      "argv": [
        "/opt/afs-3fs-round3-v84/bin/admin_cli",
        "--cfg",
        "/mnt/lima-afsctlstate/afs-delivery/threefs-delete-v84-20261007-r1/config/admin_cli.toml",
        "--",
        "upload-chain-table",
        "1",
        "/mnt/lima-afsctlstate/afs-delivery/threefs-delete-v84-20261007-r1/config/chain-table.csv",
        "--desc",
        "delete-small-R2-localA-AB-AC"
      ],
      "exit": 0,
      "elapsed_seconds": 0.06405017897486687,
      "stdout": "/mnt/lima-afsctlstate/afs-delivery/threefs-delete-v84-20261007-r1/log/upload-r2-table-20261007T004139Z-pid1685252.stdout",
      "stderr": "/mnt/lima-afsctlstate/afs-delivery/threefs-delete-v84-20261007-r1/log/upload-r2-table-20261007T004139Z-pid1685252.stderr"
    },
    {
      "argv": [
        "/opt/afs-3fs-round3-v84/bin/admin_cli",
        "--cfg",
        "/mnt/lima-afsctlstate/afs-delivery/threefs-delete-v84-20261007-r1/config/admin_cli.toml",
        "--",
        "list-nodes"
      ],
      "exit": 0,
      "elapsed_seconds": 0.03202167293056846,
      "stdout": "/mnt/lima-afsctlstate/afs-delivery/threefs-delete-v84-20261007-r1/log/r2-list-nodes-20261007T004139Z-pid1685252.stdout",
      "stderr": "/mnt/lima-afsctlstate/afs-delivery/threefs-delete-v84-20261007-r1/log/r2-list-nodes-20261007T004139Z-pid1685252.stderr"
    },
    {
      "argv": [
        "/opt/afs-3fs-round3-v84/bin/admin_cli",
        "--cfg",
        "/mnt/lima-afsctlstate/afs-delivery/threefs-delete-v84-20261007-r1/config/admin_cli.toml",
        "--",
        "list-targets"
      ],
      "exit": 0,
      "elapsed_seconds": 0.032017047982662916,
      "stdout": "/mnt/lima-afsctlstate/afs-delivery/threefs-delete-v84-20261007-r1/log/r2-list-targets-20261007T004139Z-pid1685252.stdout",
      "stderr": "/mnt/lima-afsctlstate/afs-delivery/threefs-delete-v84-20261007-r1/log/r2-list-targets-20261007T004139Z-pid1685252.stderr"
    },
    {
      "argv": [
        "/opt/afs-3fs-round3-v84/bin/admin_cli",
        "--cfg",
        "/mnt/lima-afsctlstate/afs-delivery/threefs-delete-v84-20261007-r1/config/admin_cli.toml",
        "--",
        "list-chains"
      ],
      "exit": 0,
      "elapsed_seconds": 0.03245567192789167,
      "stdout": "/mnt/lima-afsctlstate/afs-delivery/threefs-delete-v84-20261007-r1/log/r2-list-chains-20261007T004139Z-pid1685252.stdout",
      "stderr": "/mnt/lima-afsctlstate/afs-delivery/threefs-delete-v84-20261007-r1/log/r2-list-chains-20261007T004139Z-pid1685252.stderr"
    },
    {
      "argv": [
        "/opt/afs-3fs-round3-v84/bin/admin_cli",
        "--cfg",
        "/mnt/lima-afsctlstate/afs-delivery/threefs-delete-v84-20261007-r1/config/admin_cli.toml",
        "--",
        "list-chain-tables"
      ],
      "exit": 0,
      "elapsed_seconds": 0.03290642099454999,
      "stdout": "/mnt/lima-afsctlstate/afs-delivery/threefs-delete-v84-20261007-r1/log/r2-list-tables-20261007T004139Z-pid1685252.stdout",
      "stderr": "/mnt/lima-afsctlstate/afs-delivery/threefs-delete-v84-20261007-r1/log/r2-list-tables-20261007T004139Z-pid1685252.stderr"
    },
    {
      "argv": [
        "/opt/afs-3fs-round3-v84/bin/admin_cli",
        "--cfg",
        "/mnt/lima-afsctlstate/afs-delivery/threefs-delete-v84-20261007-r1/config/admin_cli.toml",
        "--",
        "mkdir",
        "--perm",
        "0755",
        "test"
      ],
      "exit": 0,
      "elapsed_seconds": 0.11556851293426007,
      "stdout": "/mnt/lima-afsctlstate/afs-delivery/threefs-delete-v84-20261007-r1/log/mkdir-test-20261007T004139Z-pid1685252.stdout",
      "stderr": "/mnt/lima-afsctlstate/afs-delivery/threefs-delete-v84-20261007-r1/log/mkdir-test-20261007T004139Z-pid1685252.stderr"
    },
    {
      "argv": [
        "/opt/afs-3fs-round3-v84/bin/admin_cli",
        "--cfg",
        "/mnt/lima-afsctlstate/afs-delivery/threefs-delete-v84-20261007-r1/config/admin_cli.toml",
        "--",
        "set-perm",
        "--uid",
        "0",
        "--gid",
        "0",
        "test"
      ],
      "exit": 0,
      "elapsed_seconds": 0.11443689092993736,
      "stdout": "/mnt/lima-afsctlstate/afs-delivery/threefs-delete-v84-20261007-r1/log/set-test-perm-20261007T004139Z-pid1685252.stdout",
      "stderr": "/mnt/lima-afsctlstate/afs-delivery/threefs-delete-v84-20261007-r1/log/set-test-perm-20261007T004139Z-pid1685252.stderr"
    }
  ],
  "targets": [
    [
      10000,
      1000001001,
      1
    ],
    [
      10001,
      1000101001,
      1
    ],
    [
      10000,
      1000002001,
      2
    ],
    [
      10002,
      1000202001,
      2
    ]
  ]
}
