{
  "status": "ACTUAL_PUBLIC_R2_OBSERVATIONS_FOR_EXACT_HOST_VALIDATION",
  "attempts": [
    {
      "nodes": {
        "record": {
          "argv": [
            "/opt/afs-3fs-round3-v84/bin/admin_cli",
            "--cfg",
            "/mnt/lima-afsctlstate/afs-delivery/threefs-delete-v84-20261007-r1/config/admin_cli.toml",
            "--",
            "list-nodes"
          ],
          "exit": 0,
          "elapsed_seconds": 0.06471642397809774,
          "stdout": "/mnt/lima-afsctlstate/afs-delivery/threefs-delete-v84-20261007-r1/log/actual-r2-ready-0-nodes-20261007T004201Z-pid1685567.stdout",
          "stderr": "/mnt/lima-afsctlstate/afs-delivery/threefs-delete-v84-20261007-r1/log/actual-r2-ready-0-nodes-20261007T004201Z-pid1685567.stderr"
        },
        "stdout": "Id     Type     Status               Hostname             Pid      Tags  LastHeartbeatTime    ConfigVersion  ReleaseVersion\n1      MGMTD    PRIMARY_MGMTD        lima-afs-accept-ctl  1685136  []    N/A                  0              250228-dev-1-999999-22fca045\n50     META     HEARTBEAT_CONNECTED  lima-afs-accept-ctl  1685162  []    2026-10-07 08:42:01  0              250228-dev-1-999999-22fca045\n10000  STORAGE  HEARTBEAT_CONNECTED  lima-afs-accept-a    852916   []    2026-10-07 08:42:01  0              250228-dev-1-999999-22fca045\n10001  STORAGE  HEARTBEAT_CONNECTED  lima-afs-accept-b    242264   []    2026-10-07 08:42:01  0              250228-dev-1-999999-22fca045\n10002  STORAGE  HEARTBEAT_CONNECTED  lima-afs-accept-c    17662    []    2026-10-07 08:41:59  0              250228-dev-1-999999-22fca045\n",
        "stderr": ""
      },
      "targets": {
        "record": {
          "argv": [
            "/opt/afs-3fs-round3-v84/bin/admin_cli",
            "--cfg",
            "/mnt/lima-afsctlstate/afs-delivery/threefs-delete-v84-20261007-r1/config/admin_cli.toml",
            "--",
            "list-targets"
          ],
          "exit": 0,
          "elapsed_seconds": 0.06454984098672867,
          "stdout": "/mnt/lima-afsctlstate/afs-delivery/threefs-delete-v84-20261007-r1/log/actual-r2-ready-0-targets-20261007T004201Z-pid1685567.stdout",
          "stderr": "/mnt/lima-afsctlstate/afs-delivery/threefs-delete-v84-20261007-r1/log/actual-r2-ready-0-targets-20261007T004201Z-pid1685567.stderr"
        },
        "stdout": "TargetId    ChainId  Role  PublicState  LocalState  NodeId  DiskIndex  UsedSize\n1000001001  1        HEAD  SERVING      UPTODATE    10000   0          0\n1000101001  1        TAIL  SERVING      UPTODATE    10001   0          0\n1000002001  2        HEAD  SERVING      UPTODATE    10000   0          0\n1000202001  2        TAIL  SERVING      UPTODATE    10002   0          0\n",
        "stderr": ""
      },
      "chains": {
        "record": {
          "argv": [
            "/opt/afs-3fs-round3-v84/bin/admin_cli",
            "--cfg",
            "/mnt/lima-afsctlstate/afs-delivery/threefs-delete-v84-20261007-r1/config/admin_cli.toml",
            "--",
            "list-chains"
          ],
          "exit": 0,
          "elapsed_seconds": 0.031974212964996696,
          "stdout": "/mnt/lima-afsctlstate/afs-delivery/threefs-delete-v84-20261007-r1/log/actual-r2-ready-0-chains-20261007T004201Z-pid1685567.stdout",
          "stderr": "/mnt/lima-afsctlstate/afs-delivery/threefs-delete-v84-20261007-r1/log/actual-r2-ready-0-chains-20261007T004201Z-pid1685567.stderr"
        },
        "stdout": "ChainId  ReferencedBy  ChainVersion  Status   PreferredOrder  Target                        Target\n1        1             1             SERVING  []              1000001001(SERVING-UPTODATE)  1000101001(SERVING-UPTODATE)\n2        1             1             SERVING  []              1000002001(SERVING-UPTODATE)  1000202001(SERVING-UPTODATE)\n",
        "stderr": ""
      },
      "tables": {
        "record": {
          "argv": [
            "/opt/afs-3fs-round3-v84/bin/admin_cli",
            "--cfg",
            "/mnt/lima-afsctlstate/afs-delivery/threefs-delete-v84-20261007-r1/config/admin_cli.toml",
            "--",
            "list-chain-tables"
          ],
          "exit": 0,
          "elapsed_seconds": 0.03206312900874764,
          "stdout": "/mnt/lima-afsctlstate/afs-delivery/threefs-delete-v84-20261007-r1/log/actual-r2-ready-0-tables-20261007T004201Z-pid1685567.stdout",
          "stderr": "/mnt/lima-afsctlstate/afs-delivery/threefs-delete-v84-20261007-r1/log/actual-r2-ready-0-tables-20261007T004201Z-pid1685567.stderr"
        },
        "stdout": "ChainTableId  ChainTableVersion  ChainCount  ReplicaCount  Desc\n1             1                  2           2             delete-small-R2-localA-AB-AC\n",
        "stderr": ""
      }
    }
  ]
}
