{
  "status": "PASS_TEXT_ONLY_EXPORT",
  "excluded": [
    "tools/*.py",
    "stage",
    "inputs duplicate admission",
    "config/token",
    "data",
    "ELF",
    "private keys"
  ],
  "tar": "/mnt/lima-afsctlstate/afs-delivery/threefs-delete-v84-20261007-r1/stage/text-export-r1.tar",
  "transport_sha256": "db8d371fae3ba8ba031b4d1875653c3e30060c48ab17f6f0326c56da19e5c787",
  "transport_bytes": 7270400,
  "entries": [
    {
      "path": "config/admin_cli.toml",
      "sha256": "602833e70af77927ff3e90984a9ce23cfdcbed0c3707633066e5da22867aa4a3",
      "bytes": 341
    },
    {
      "path": "config/chain-table.csv",
      "sha256": "17b2301e8220482e290835bafa58c0b34017d4315a4cbda3aaa9fc3d4da9968c",
      "bytes": 12
    },
    {
      "path": "config/chains.csv",
      "sha256": "0cff9e34dadc05540f544f2f3385797ee83711d9b164cfebe1144b873182f1bf",
      "bytes": 74
    },
    {
      "path": "config/hf3fs_fuse_main.toml",
      "sha256": "e523fdfad66e401e0a2b4fe12788b5f927d0a5d0ea67bfbd9d7cc9427e34f247",
      "bytes": 539
    },
    {
      "path": "config/hf3fs_fuse_main_launcher.toml",
      "sha256": "6db6b518cd0bdb921607b4550d50a7475422921787d5bfad68e26187b1ce6090",
      "bytes": 272
    },
    {
      "path": "config/meta_bench.toml",
      "sha256": "2f8397d1581afeec86c28f991cb18fb1ea45c57f98bc9c146de19fb7f2829a2f",
      "bytes": 340
    },
    {
      "path": "config/meta_main.toml",
      "sha256": "899d9d84e1e564708518ee70f54a7eba67b08b6298c7433f8a90a03da4cfd2fa",
      "bytes": 1141
    },
    {
      "path": "config/meta_main_app.toml",
      "sha256": "5148b9064846010e146277beb412b596479d0d743251299488982e2eb7364cef",
      "bytes": 41
    },
    {
      "path": "config/meta_main_launcher.toml",
      "sha256": "cecad0f1c287c1b57c29124f3dd4f354c3b42e68d3c015ab153ad9424aa0a830",
      "bytes": 158
    },
    {
      "path": "config/mgmtd_main.toml",
      "sha256": "c47b5365ede810184312dfb0404b3bd16946b9cbfafeb95ddeb4fd29f62b996a",
      "bytes": 464
    },
    {
      "path": "config/mgmtd_main_app.toml",
      "sha256": "58323f28fad622ace0c8c5427d46ab0f5e1eea089bbad39353358a11efa02951",
      "bytes": 40
    },
    {
      "path": "config/mgmtd_main_launcher.toml",
      "sha256": "76267777c4afe91eda6e2e712cca514ffbd36fbe4236ff0adcf53db31952275e",
      "bytes": 212
    },
    {
      "path": "config/pjdfstest.toml",
      "sha256": "95fb869e813219132ec01688e196b4e497b9f23f326aa054771d0dd2a93b0980",
      "bytes": 165
    },
    {
      "path": "config/storage_main.toml",
      "sha256": "774c4155cef90cb0ad558354a77bcaba6af544fe9e5cc50c99215b68998f8eb8",
      "bytes": 896
    },
    {
      "path": "config/storage_main_app.toml",
      "sha256": "907f6938dd146a8ce266a067615ca6f5ae7c89d5723fb2009c4ebc7011752804",
      "bytes": 44
    },
    {
      "path": "config/storage_main_launcher.toml",
      "sha256": "cecad0f1c287c1b57c29124f3dd4f354c3b42e68d3c015ab153ad9424aa0a830",
      "bytes": 158
    },
    {
      "path": "evidence/actual-r2-observations.json",
      "sha256": "722652d6ae41d6c49ce12caace8cf9a7e91f2f92d0bf17ad50c92de92f96b938",
      "bytes": 4732
    },
    {
      "path": "evidence/actual-r2-ready-0-chains-20261007T004201Z-pid1685567.command.json",
      "sha256": "241996c4003abd19ae1011f2e664983793787930a84e136a4759072ab7c63d2f",
      "bytes": 547
    },
    {
      "path": "evidence/actual-r2-ready-0-nodes-20261007T004201Z-pid1685567.command.json",
      "sha256": "ba034683933ac133c8dfd868933595c3e317075ced08916dd6d89afac7b396bb",
      "bytes": 543
    },
    {
      "path": "evidence/actual-r2-ready-0-tables-20261007T004201Z-pid1685567.command.json",
      "sha256": "9dd71fbd7566154db62257d34c927323e44984b0ca662ff2dd48171abddb233d",
      "bytes": 552
    },
    {
      "path": "evidence/actual-r2-ready-0-targets-20261007T004201Z-pid1685567.command.json",
      "sha256": "4954bb5e0c242c9ee10e34d06268bcc53f7c765fc4952a41aa11ee6025718c02",
      "bytes": 549
    },
    {
      "path": "evidence/bootstrap-init-cluster-20261007T004103Z-pid1685105.command.json",
      "sha256": "48a9960b78ca35245ec90a2b645de4da06733c3317f4d2724b5d6e8420bad709",
      "bytes": 1051
    },
    {
      "path": "evidence/bootstrap-user-add-root-20261007T004103Z-pid1685105.command.json",
      "sha256": "2b6ce9fcf4e14048836aa89f1cacaf67ded5fabb39a213751ab7c19ca7087502",
      "bytes": 637
    },
    {
      "path": "evidence/bootstrap-user-set-token-20261007T004103Z-pid1685105.command.json",
      "sha256": "b0491783eca6b6c918d285fd466720ca8cac5ad30a6248738e8c2492ad0a5984",
      "bytes": 571
    },
    {
      "path": "evidence/create-r2-target-1000001001-20261007T004139Z-pid1685252.command.json",
      "sha256": "641622a18435ed26dfa08d9c16619673391ef922c5c70eeb4c775432eb6aea4f",
      "bytes": 677
    },
    {
      "path": "evidence/create-r2-target-1000002001-20261007T004139Z-pid1685252.command.json",
      "sha256": "83e15cc02d40eb3ae655e1c1c6eb455622ab234b4d5f9022bcdfa24cea4c0330",
      "bytes": 676
    },
    {
      "path": "evidence/create-r2-target-1000101001-20261007T004139Z-pid1685252.command.json",
      "sha256": "0832da8349a773d4ea55d63e7250dc85de87e63af785dbe72b9d0afcaeee772d",
      "bytes": 676
    },
    {
      "path": "evidence/create-r2-target-1000202001-20261007T004139Z-pid1685252.command.json",
      "sha256": "7c43f52daae5397c816c05160143134525911d98cb4781d12e5b9d4c49598d93",
      "bytes": 676
    },
    {
      "path": "evidence/fdb-configure-ssd-single-20261007T004103Z-pid1685105.command.json",
      "sha256": "a56bcf161c9ffc22102860a782bb96524ec68f8090d790472f3c510e2fef77ad",
      "bytes": 563
    },
    {
      "path": "evidence/fdb-status-minimal-20261007T004103Z-pid1685105.command.json",
      "sha256": "01a397d38a0129312ba052e2dd822727aa17a81fe55122e1d8da30d919fd9bf8",
      "bytes": 543
    },
    {
      "path": "evidence/mkdir-test-20261007T004139Z-pid1685252.command.json",
      "sha256": "1a3679ddf1c91538b7f620354688a9910dcf9b9df4369deaf3717c662b56bdc7",
      "bytes": 550
    },
    {
      "path": "evidence/nodes-before-chain-r1-20261007T004126Z-pid1685230.command.json",
      "sha256": "3d52565c3ad052f230099fe4b4de9b46e713120ca6b3c466d1d04b0eee38e36e",
      "bytes": 538
    },
    {
      "path": "evidence/r2-list-chains-20261007T004139Z-pid1685252.command.json",
      "sha256": "287fe77431bd3e9fbbb24bc12ab529a4618ae90e087f99a45f2657bfd6f0a57c",
      "bytes": 526
    },
    {
      "path": "evidence/r2-list-nodes-20261007T004139Z-pid1685252.command.json",
      "sha256": "e2af36b77964c439c97eacdd01c1d05459f9441e216b65342a5de55769ce565d",
      "bytes": 523
    },
    {
      "path": "evidence/r2-list-tables-20261007T004139Z-pid1685252.command.json",
      "sha256": "003c744ca61751c0593548e44774972f52ccf82ea0b905e90a700607a2328bd9",
      "bytes": 532
    },
    {
      "path": "evidence/r2-list-targets-20261007T004139Z-pid1685252.command.json",
      "sha256": "5d7b061842e3de15fa16659a3c4ce3be501e04152b043e00485da0354ddb3b4d",
      "bytes": 530
    },
    {
      "path": "evidence/set-test-perm-20261007T004139Z-pid1685252.command.json",
      "sha256": "f07adf3815fd41a204229e209116d6ba5182d124f135c14b8c47d320999119fd",
      "bytes": 577
    },
    {
      "path": "evidence/upload-r2-chains-20261007T004139Z-pid1685252.command.json",
      "sha256": "6a6fb73f9081af14e4e20ce0dc2239fb9cab65a9b51f1e7b33329ea2f7d1007b",
      "bytes": 623
    },
    {
      "path": "evidence/upload-r2-table-20261007T004139Z-pid1685252.command.json",
      "sha256": "cba1e72df9e5eddf03e173f45d8c22c4e8314eec0956390f9b5d5005db6e0352",
      "bytes": 690
    },
    {
      "path": "log/actual-r2-ready-0-chains-20261007T004201Z-pid1685567.stderr",
      "sha256": "e3b0c44298fc1c149afbf4c8996fb92427ae41e4649b934ca495991b7852b855",
      "bytes": 0
    },
    {
      "path": "log/actual-r2-ready-0-chains-20261007T004201Z-pid1685567.stdout",
      "sha256": "8389974f064ee35611fdf20b4701f7ca6a9d0e66eefa3284aef6473d877e8917",
      "bytes": 341
    },
    {
      "path": "log/actual-r2-ready-0-nodes-20261007T004201Z-pid1685567.stderr",
      "sha256": "e3b0c44298fc1c149afbf4c8996fb92427ae41e4649b934ca495991b7852b855",
      "bytes": 0
    },
    {
      "path": "log/actual-r2-ready-0-nodes-20261007T004201Z-pid1685567.stdout",
      "sha256": "63a0046a46cc39d566f2cdf9e3d138141dcadb774bdb7856547ff15ca5f948c7",
      "bytes": 814
    },
    {
      "path": "log/actual-r2-ready-0-tables-20261007T004201Z-pid1685567.stderr",
      "sha256": "e3b0c44298fc1c149afbf4c8996fb92427ae41e4649b934ca495991b7852b855",
      "bytes": 0
    },
    {
      "path": "log/actual-r2-ready-0-tables-20261007T004201Z-pid1685567.stdout",
      "sha256": "8bd780232399e5ea01f106e47e1108b9ad4b6421fb952b2dc9d82b84a0a5a17d",
      "bytes": 152
    },
    {
      "path": "log/actual-r2-ready-0-targets-20261007T004201Z-pid1685567.stderr",
      "sha256": "e3b0c44298fc1c149afbf4c8996fb92427ae41e4649b934ca495991b7852b855",
      "bytes": 0
    },
    {
      "path": "log/actual-r2-ready-0-targets-20261007T004201Z-pid1685567.stdout",
      "sha256": "a01363085f47b56cb35aa52564a59b25ed5ea7ea497b16b6fbeafbbde85912de",
      "bytes": 372
    },
    {
      "path": "log/bootstrap-init-cluster-20261007T004103Z-pid1685105.stderr",
      "sha256": "e3b0c44298fc1c149afbf4c8996fb92427ae41e4649b934ca495991b7852b855",
      "bytes": 0
    },
    {
      "path": "log/bootstrap-init-cluster-20261007T004103Z-pid1685105.stdout",
      "sha256": "8bdf2b5ccc3d2b79130f83a1951921a24314f8e39409b6076b6234ad2ed8b544",
      "bytes": 229
    },
    {
      "path": "log/bootstrap-user-add-root-20261007T004103Z-pid1685105.stderr",
      "sha256": "e3b0c44298fc1c149afbf4c8996fb92427ae41e4649b934ca495991b7852b855",
      "bytes": 0
    },
    {
      "path": "log/bootstrap-user-add-root-20261007T004103Z-pid1685105.stdout",
      "sha256": "0ae8f242983896b28319f06f8015c62f05c57c4d974ba23a32237f2b6b6b4294",
      "bytes": 194
    },
    {
      "path": "log/bootstrap-user-set-token-20261007T004103Z-pid1685105.stderr",
      "sha256": "e3b0c44298fc1c149afbf4c8996fb92427ae41e4649b934ca495991b7852b855",
      "bytes": 0
    },
    {
      "path": "log/bootstrap-user-set-token-20261007T004103Z-pid1685105.stdout",
      "sha256": "bedf9d84ac7eefa8bc864402c147879318604de19a10300253e46920580517be",
      "bytes": 270
    },
    {
      "path": "log/create-r2-target-1000001001-20261007T004139Z-pid1685252.stderr",
      "sha256": "e3b0c44298fc1c149afbf4c8996fb92427ae41e4649b934ca495991b7852b855",
      "bytes": 0
    },
    {
      "path": "log/create-r2-target-1000001001-20261007T004139Z-pid1685252.stdout",
      "sha256": "7e3e09206885e7d74b21ea19ed792f154de2c35657449601dfdc9554ffff11cd",
      "bytes": 54
    },
    {
      "path": "log/create-r2-target-1000002001-20261007T004139Z-pid1685252.stderr",
      "sha256": "e3b0c44298fc1c149afbf4c8996fb92427ae41e4649b934ca495991b7852b855",
      "bytes": 0
    },
    {
      "path": "log/create-r2-target-1000002001-20261007T004139Z-pid1685252.stdout",
      "sha256": "f104694785efb46304f22f16fe6179f98368d149490b8d324ede82928cf2c2e5",
      "bytes": 54
    },
    {
      "path": "log/create-r2-target-1000101001-20261007T004139Z-pid1685252.stderr",
      "sha256": "e3b0c44298fc1c149afbf4c8996fb92427ae41e4649b934ca495991b7852b855",
      "bytes": 0
    },
    {
      "path": "log/create-r2-target-1000101001-20261007T004139Z-pid1685252.stdout",
      "sha256": "fec6a26bea72b37d5e068d2ea530cfb57c77e4111e31c6edeb38416862349fdb",
      "bytes": 54
    },
    {
      "path": "log/create-r2-target-1000202001-20261007T004139Z-pid1685252.stderr",
      "sha256": "e3b0c44298fc1c149afbf4c8996fb92427ae41e4649b934ca495991b7852b855",
      "bytes": 0
    },
    {
      "path": "log/create-r2-target-1000202001-20261007T004139Z-pid1685252.stdout",
      "sha256": "8b785f39088d623456bbd56c7b322f4e1c14316204f8b663d4abfb95f90cce7b",
      "bytes": 54
    },
    {
      "path": "log/fdb-configure-ssd-single-20261007T004103Z-pid1685105.stderr",
      "sha256": "e3b0c44298fc1c149afbf4c8996fb92427ae41e4649b934ca495991b7852b855",
      "bytes": 0
    },
    {
      "path": "log/fdb-configure-ssd-single-20261007T004103Z-pid1685105.stdout",
      "sha256": "9b86704ad58ac04808aaf305dd5e3b399b6bec17b69b11efeab249ba3d92cd08",
      "bytes": 17
    },
    {
      "path": "log/fdb-status-minimal-20261007T004103Z-pid1685105.stderr",
      "sha256": "e3b0c44298fc1c149afbf4c8996fb92427ae41e4649b934ca495991b7852b855",
      "bytes": 0
    },
    {
      "path": "log/fdb-status-minimal-20261007T004103Z-pid1685105.stdout",
      "sha256": "3d41cf0f77a584f2710aa3ebe88decdd5e57fada09920e45e01c565458ee23e3",
      "bytes": 80
    },
    {
      "path": "log/meta.log",
      "sha256": "81cd48c14ce393aa327bbe83845ae1799e5648f0e19ac9301a5955a9dce85c49",
      "bytes": 1809220
    },
    {
      "path": "log/mgmtd.log",
      "sha256": "2ca669431ad37aed3fda1362fd736a935d055707167ce478b4f0693225dbd8ea",
      "bytes": 899677
    },
    {
      "path": "log/mkdir-test-20261007T004139Z-pid1685252.stderr",
      "sha256": "e3b0c44298fc1c149afbf4c8996fb92427ae41e4649b934ca495991b7852b855",
      "bytes": 0
    },
    {
      "path": "log/mkdir-test-20261007T004139Z-pid1685252.stdout",
      "sha256": "e3b0c44298fc1c149afbf4c8996fb92427ae41e4649b934ca495991b7852b855",
      "bytes": 0
    },
    {
      "path": "log/nodes-before-chain-r1-20261007T004126Z-pid1685230.stderr",
      "sha256": "e3b0c44298fc1c149afbf4c8996fb92427ae41e4649b934ca495991b7852b855",
      "bytes": 0
    },
    {
      "path": "log/nodes-before-chain-r1-20261007T004126Z-pid1685230.stdout",
      "sha256": "010470c509cfc4dc8cb9dcc3228aa71246ba2a159e3bb4f1181afbd329ad309a",
      "bytes": 814
    },
    {
      "path": "log/r2-list-chains-20261007T004139Z-pid1685252.stderr",
      "sha256": "e3b0c44298fc1c149afbf4c8996fb92427ae41e4649b934ca495991b7852b855",
      "bytes": 0
    },
    {
      "path": "log/r2-list-chains-20261007T004139Z-pid1685252.stdout",
      "sha256": "9009800363e2a50faba3027ec4f4d141d1aa86db3abb2063745bb863eb687d63",
      "bytes": 335
    },
    {
      "path": "log/r2-list-nodes-20261007T004139Z-pid1685252.stderr",
      "sha256": "e3b0c44298fc1c149afbf4c8996fb92427ae41e4649b934ca495991b7852b855",
      "bytes": 0
    },
    {
      "path": "log/r2-list-nodes-20261007T004139Z-pid1685252.stdout",
      "sha256": "837151645abcfa85068298b08e6cf8a27154f4033cd1bfa905a8f350eb965a6f",
      "bytes": 814
    },
    {
      "path": "log/r2-list-tables-20261007T004139Z-pid1685252.stderr",
      "sha256": "e3b0c44298fc1c149afbf4c8996fb92427ae41e4649b934ca495991b7852b855",
      "bytes": 0
    },
    {
      "path": "log/r2-list-tables-20261007T004139Z-pid1685252.stdout",
      "sha256": "8bd780232399e5ea01f106e47e1108b9ad4b6421fb952b2dc9d82b84a0a5a17d",
      "bytes": 152
    },
    {
      "path": "log/r2-list-targets-20261007T004139Z-pid1685252.stderr",
      "sha256": "e3b0c44298fc1c149afbf4c8996fb92427ae41e4649b934ca495991b7852b855",
      "bytes": 0
    },
    {
      "path": "log/r2-list-targets-20261007T004139Z-pid1685252.stdout",
      "sha256": "7ab488219ecefb60abf4ab47e4a12fd81c48b1387c7b4972e04bba6ae51d2ef0",
      "bytes": 372
    },
    {
      "path": "log/set-test-perm-20261007T004139Z-pid1685252.stderr",
      "sha256": "e3b0c44298fc1c149afbf4c8996fb92427ae41e4649b934ca495991b7852b855",
      "bytes": 0
    },
    {
      "path": "log/set-test-perm-20261007T004139Z-pid1685252.stdout",
      "sha256": "e3b0c44298fc1c149afbf4c8996fb92427ae41e4649b934ca495991b7852b855",
      "bytes": 0
    },
    {
      "path": "log/trace.192.168.109.11.24100.1791333663.AwaEnf.0.1.xml",
      "sha256": "3e41c49b39f8ae9e74d3e362552408fe55857910df75423f7ca0acff49b9fa70",
      "bytes": 4261111
    },
    {
      "path": "log/upload-r2-chains-20261007T004139Z-pid1685252.stderr",
      "sha256": "e3b0c44298fc1c149afbf4c8996fb92427ae41e4649b934ca495991b7852b855",
      "bytes": 0
    },
    {
      "path": "log/upload-r2-chains-20261007T004139Z-pid1685252.stdout",
      "sha256": "c70d2c73288d856ad4bbf58988cb0a2e0722886c2438007e133b7bb4218a945c",
      "bytes": 26
    },
    {
      "path": "log/upload-r2-table-20261007T004139Z-pid1685252.stderr",
      "sha256": "e3b0c44298fc1c149afbf4c8996fb92427ae41e4649b934ca495991b7852b855",
      "bytes": 0
    },
    {
      "path": "log/upload-r2-table-20261007T004139Z-pid1685252.stdout",
      "sha256": "e366694d4ca34073ab2f055118ce7a2f7ea5e12c6a9bc00b01da1fd969e165ed",
      "bytes": 57
    },
    {
      "path": "run/config-prepared.json",
      "sha256": "57fedc7a5d638d35cbbb6a5fd7274e0ffb77faa06c87667cbf5fb8a9068177c8",
      "bytes": 1680
    },
    {
      "path": "run/control-initialized.json",
      "sha256": "72d54d0b569815706baa70256bf2c09332cb75ad61adfaa481c02af965f2768b",
      "bytes": 2554
    },
    {
      "path": "run/fdb/exit.json",
      "sha256": "74bac5ecfd871f7f2921e0f51916ecc68286ff975f07a2aee4a3dc3a1b08eb1c",
      "bytes": 5529
    },
    {
      "path": "run/fdb/identity.json",
      "sha256": "8ff822c760fb8bf4e6381db842630a914e3e1f7b707d8397fe3e0ae519056437",
      "bytes": 2749
    },
    {
      "path": "run/fdb/launch.json",
      "sha256": "d533a24e966ea280834dfdff11a40300e2b3ef6c9ffee6b489d59410104322c8",
      "bytes": 2482
    },
    {
      "path": "run/fdb/stderr",
      "sha256": "e3b0c44298fc1c149afbf4c8996fb92427ae41e4649b934ca495991b7852b855",
      "bytes": 0
    },
    {
      "path": "run/fdb/stdout",
      "sha256": "77a1623a9f151c62163ee4300db4d195d1e3362f46628917f36a652055b043fb",
      "bytes": 21
    },
    {
      "path": "run/fdb/supervisor.json",
      "sha256": "1f58232b97b9e8e99d15c320526bf989aa69b5a780b6830da4a41e1f78bbb264",
      "bytes": 341
    },
    {
      "path": "run/fdb/supervisor.log",
      "sha256": "e3b0c44298fc1c149afbf4c8996fb92427ae41e4649b934ca495991b7852b855",
      "bytes": 0
    },
    {
      "path": "run/fdb-configured.json",
      "sha256": "f5abc619ecbc026419f6c8fea5b439b4d32e9a9ea637a73831f952db330c75e0",
      "bytes": 637
    },
    {
      "path": "run/meta/exit.json",
      "sha256": "c8928e6032b6c83a0454d7a3c5e2fd0988807ec2ddb7b5687bc16817531aebc1",
      "bytes": 5355
    },
    {
      "path": "run/meta/identity.json",
      "sha256": "29f55663a1b85faff8d9a427d06d1c658f2fe16d4b3c271888ce12dbf0de4f2d",
      "bytes": 2679
    },
    {
      "path": "run/meta/launch.json",
      "sha256": "0a9e6b16e1423caff508e01ef0694636ed9dfafe1a43ebf6c7943619750d1a90",
      "bytes": 2412
    },
    {
      "path": "run/meta/stderr",
      "sha256": "bb28c828043a9a5032a3626af13f4c6d66d9c8abd44ea934653819893de19e3b",
      "bytes": 22454
    },
    {
      "path": "run/meta/stdout",
      "sha256": "e3b0c44298fc1c149afbf4c8996fb92427ae41e4649b934ca495991b7852b855",
      "bytes": 0
    },
    {
      "path": "run/meta/supervisor.json",
      "sha256": "a3ab08ab6b231773b4cfa5304966ad1c225c66767d1706e1df3b5177bc9644c9",
      "bytes": 342
    },
    {
      "path": "run/meta/supervisor.log",
      "sha256": "e3b0c44298fc1c149afbf4c8996fb92427ae41e4649b934ca495991b7852b855",
      "bytes": 0
    },
    {
      "path": "run/mgmtd/exit.json",
      "sha256": "16afb7d372f2e1583330f4046c05af1c98467e1276489a8cc24d8f748d7f5689",
      "bytes": 5366
    },
    {
      "path": "run/mgmtd/identity.json",
      "sha256": "944605d3881010ae19c2c53fb6d00117edf01aa01ebfbef5385a96ffe107ad06",
      "bytes": 2685
    },
    {
      "path": "run/mgmtd/launch.json",
      "sha256": "a1e5c7c85e9fc3097783e5a99d138d657d5a6baaf4811118c10548a5af7c1b1c",
      "bytes": 2417
    },
    {
      "path": "run/mgmtd/stderr",
      "sha256": "80e2f7e4e7bc18b3c5f2f9a7d9d54d6b1880e52a3173d65c33f70b4fa97ab957",
      "bytes": 12275
    },
    {
      "path": "run/mgmtd/stdout",
      "sha256": "e3b0c44298fc1c149afbf4c8996fb92427ae41e4649b934ca495991b7852b855",
      "bytes": 0
    },
    {
      "path": "run/mgmtd/supervisor.json",
      "sha256": "36f990749f4366b30052138311fecb31f34f963605eaad85c913e839c2bf44f9",
      "bytes": 343
    },
    {
      "path": "run/mgmtd/supervisor.log",
      "sha256": "e3b0c44298fc1c149afbf4c8996fb92427ae41e4649b934ca495991b7852b855",
      "bytes": 0
    }
  ]
}
