{
  "status": "FINAL_READ_ONLY_OBSERVATIONS_NOT_FORMAL_PASS",
  "role": "ctl",
  "observations": [
    {
      "service": "fdb",
      "process_role": "child",
      "pid": 1685107,
      "proc_exists": false
    },
    {
      "service": "fdb",
      "process_role": "supervisor",
      "pid": 1685106,
      "proc_exists": false
    },
    {
      "service": "meta",
      "process_role": "child",
      "pid": 1685162,
      "proc_exists": false
    },
    {
      "service": "meta",
      "process_role": "supervisor",
      "pid": 1685159,
      "proc_exists": false
    },
    {
      "service": "mgmtd",
      "process_role": "child",
      "pid": 1685136,
      "proc_exists": false
    },
    {
      "service": "mgmtd",
      "process_role": "supervisor",
      "pid": 1685135,
      "proc_exists": false
    }
  ],
  "actual_wait_receipts": [
    {
      "service": "fdb",
      "receipt": {
        "exit_code": -15,
        "pid": 1685107,
        "supervisor_pid": 1685106,
        "identity": {
          "role": "ctl",
          "fixture": "threefs-delete-v84-20261007-r1",
          "root": "/mnt/lima-afsctlstate/afs-delivery/threefs-delete-v84-20261007-r1",
          "service": "fdb",
          "argv": [
            "/opt/afs-3fs-round3-v84/bin/fdbserver",
            "-p",
            "192.168.109.11:24100",
            "-m",
            "1GiB",
            "--cache-memory",
            "128MiB",
            "--storage-memory",
            "128MiB",
            "--data-filesystem",
            "/mnt/lima-afsctlstate",
            "-d",
            "/mnt/lima-afsctlstate/afs-delivery/threefs-delete-v84-20261007-r1/data/foundationdb",
            "-L",
            "/mnt/lima-afsctlstate/afs-delivery/threefs-delete-v84-20261007-r1/log",
            "-C",
            "/mnt/lima-afsctlstate/afs-delivery/threefs-delete-v84-20261007-r1/data/foundationdb/fdb.cluster"
          ],
          "env": {},
          "config_sha256": {
            "admin_cli.toml": "602833e70af77927ff3e90984a9ce23cfdcbed0c3707633066e5da22867aa4a3",
            "hf3fs_fuse_main.toml": "e523fdfad66e401e0a2b4fe12788b5f927d0a5d0ea67bfbd9d7cc9427e34f247",
            "hf3fs_fuse_main_launcher.toml": "6db6b518cd0bdb921607b4550d50a7475422921787d5bfad68e26187b1ce6090",
            "meta_bench.toml": "2f8397d1581afeec86c28f991cb18fb1ea45c57f98bc9c146de19fb7f2829a2f",
            "meta_main.toml": "899d9d84e1e564708518ee70f54a7eba67b08b6298c7433f8a90a03da4cfd2fa",
            "meta_main_app.toml": "5148b9064846010e146277beb412b596479d0d743251299488982e2eb7364cef",
            "meta_main_launcher.toml": "cecad0f1c287c1b57c29124f3dd4f354c3b42e68d3c015ab153ad9424aa0a830",
            "mgmtd_main.toml": "c47b5365ede810184312dfb0404b3bd16946b9cbfafeb95ddeb4fd29f62b996a",
            "mgmtd_main_app.toml": "58323f28fad622ace0c8c5427d46ab0f5e1eea089bbad39353358a11efa02951",
            "mgmtd_main_launcher.toml": "76267777c4afe91eda6e2e712cca514ffbd36fbe4236ff0adcf53db31952275e",
            "pjdfstest.toml": "95fb869e813219132ec01688e196b4e497b9f23f326aa054771d0dd2a93b0980",
            "storage_main.toml": "774c4155cef90cb0ad558354a77bcaba6af544fe9e5cc50c99215b68998f8eb8",
            "storage_main_app.toml": "907f6938dd146a8ce266a067615ca6f5ae7c89d5723fb2009c4ebc7011752804",
            "storage_main_launcher.toml": "cecad0f1c287c1b57c29124f3dd4f354c3b42e68d3c015ab153ad9424aa0a830",
            "token": "9d41062d0ef188b3ff9e6f20648a9e9aa487bf60b0437588e30e02923d1b25c4",
            "fdb.cluster": "2971faa3da0b1151d9a8e5c8ea9f563d0dfd4b2d688cd0fb26a07c2b8eafcb14"
          },
          "script_sha256": "dad3f86b6907cb928cc2848f21bc922443a79de8e8220753b0f1d1f8a59d8bc5",
          "legacy_sha256": "16a25b5e1623e1030b631994a6799544a776828909512de4c191f06549b38f24",
          "boot_id": "18c9c087-49d6-458f-817b-0f84c0effd7a",
          "pid": 1685107,
          "state": "R",
          "start_ticks": "58237494",
          "exe": "/opt/afs-3fs-round3-v84/bin/fdbserver",
          "exe_dev": 64769,
          "exe_ino": 266508,
          "exe_sha256": "cddf55256ba2ca1249f98481d6c9995fd7fda091d23bc0551b96c1ae9537128c",
          "supervisor_pid": 1685106
        },
        "launch": {
          "role": "ctl",
          "fixture": "threefs-delete-v84-20261007-r1",
          "root": "/mnt/lima-afsctlstate/afs-delivery/threefs-delete-v84-20261007-r1",
          "service": "fdb",
          "argv": [
            "/opt/afs-3fs-round3-v84/bin/fdbserver",
            "-p",
            "192.168.109.11:24100",
            "-m",
            "1GiB",
            "--cache-memory",
            "128MiB",
            "--storage-memory",
            "128MiB",
            "--data-filesystem",
            "/mnt/lima-afsctlstate",
            "-d",
            "/mnt/lima-afsctlstate/afs-delivery/threefs-delete-v84-20261007-r1/data/foundationdb",
            "-L",
            "/mnt/lima-afsctlstate/afs-delivery/threefs-delete-v84-20261007-r1/log",
            "-C",
            "/mnt/lima-afsctlstate/afs-delivery/threefs-delete-v84-20261007-r1/data/foundationdb/fdb.cluster"
          ],
          "env": {},
          "config_sha256": {
            "admin_cli.toml": "602833e70af77927ff3e90984a9ce23cfdcbed0c3707633066e5da22867aa4a3",
            "hf3fs_fuse_main.toml": "e523fdfad66e401e0a2b4fe12788b5f927d0a5d0ea67bfbd9d7cc9427e34f247",
            "hf3fs_fuse_main_launcher.toml": "6db6b518cd0bdb921607b4550d50a7475422921787d5bfad68e26187b1ce6090",
            "meta_bench.toml": "2f8397d1581afeec86c28f991cb18fb1ea45c57f98bc9c146de19fb7f2829a2f",
            "meta_main.toml": "899d9d84e1e564708518ee70f54a7eba67b08b6298c7433f8a90a03da4cfd2fa",
            "meta_main_app.toml": "5148b9064846010e146277beb412b596479d0d743251299488982e2eb7364cef",
            "meta_main_launcher.toml": "cecad0f1c287c1b57c29124f3dd4f354c3b42e68d3c015ab153ad9424aa0a830",
            "mgmtd_main.toml": "c47b5365ede810184312dfb0404b3bd16946b9cbfafeb95ddeb4fd29f62b996a",
            "mgmtd_main_app.toml": "58323f28fad622ace0c8c5427d46ab0f5e1eea089bbad39353358a11efa02951",
            "mgmtd_main_launcher.toml": "76267777c4afe91eda6e2e712cca514ffbd36fbe4236ff0adcf53db31952275e",
            "pjdfstest.toml": "95fb869e813219132ec01688e196b4e497b9f23f326aa054771d0dd2a93b0980",
            "storage_main.toml": "774c4155cef90cb0ad558354a77bcaba6af544fe9e5cc50c99215b68998f8eb8",
            "storage_main_app.toml": "907f6938dd146a8ce266a067615ca6f5ae7c89d5723fb2009c4ebc7011752804",
            "storage_main_launcher.toml": "cecad0f1c287c1b57c29124f3dd4f354c3b42e68d3c015ab153ad9424aa0a830",
            "token": "9d41062d0ef188b3ff9e6f20648a9e9aa487bf60b0437588e30e02923d1b25c4",
            "fdb.cluster": "2971faa3da0b1151d9a8e5c8ea9f563d0dfd4b2d688cd0fb26a07c2b8eafcb14"
          },
          "script_sha256": "dad3f86b6907cb928cc2848f21bc922443a79de8e8220753b0f1d1f8a59d8bc5",
          "legacy_sha256": "16a25b5e1623e1030b631994a6799544a776828909512de4c191f06549b38f24",
          "boot_id": "18c9c087-49d6-458f-817b-0f84c0effd7a"
        }
      },
      "normal_wait0": false
    },
    {
      "service": "meta",
      "receipt": {
        "exit_code": 0,
        "pid": 1685162,
        "supervisor_pid": 1685159,
        "identity": {
          "role": "ctl",
          "fixture": "threefs-delete-v84-20261007-r1",
          "root": "/mnt/lima-afsctlstate/afs-delivery/threefs-delete-v84-20261007-r1",
          "service": "meta",
          "argv": [
            "/opt/afs-3fs-round3-v84/bin/meta_main",
            "--app_cfg",
            "/mnt/lima-afsctlstate/afs-delivery/threefs-delete-v84-20261007-r1/config/meta_main_app.toml",
            "--launcher_cfg",
            "/mnt/lima-afsctlstate/afs-delivery/threefs-delete-v84-20261007-r1/config/meta_main_launcher.toml",
            "--cfg",
            "/mnt/lima-afsctlstate/afs-delivery/threefs-delete-v84-20261007-r1/config/meta_main.toml"
          ],
          "env": {
            "LD_PRELOAD": "/opt/afs-3fs-round3-v84/lib/libjemalloc.so.2"
          },
          "config_sha256": {
            "admin_cli.toml": "602833e70af77927ff3e90984a9ce23cfdcbed0c3707633066e5da22867aa4a3",
            "hf3fs_fuse_main.toml": "e523fdfad66e401e0a2b4fe12788b5f927d0a5d0ea67bfbd9d7cc9427e34f247",
            "hf3fs_fuse_main_launcher.toml": "6db6b518cd0bdb921607b4550d50a7475422921787d5bfad68e26187b1ce6090",
            "meta_bench.toml": "2f8397d1581afeec86c28f991cb18fb1ea45c57f98bc9c146de19fb7f2829a2f",
            "meta_main.toml": "899d9d84e1e564708518ee70f54a7eba67b08b6298c7433f8a90a03da4cfd2fa",
            "meta_main_app.toml": "5148b9064846010e146277beb412b596479d0d743251299488982e2eb7364cef",
            "meta_main_launcher.toml": "cecad0f1c287c1b57c29124f3dd4f354c3b42e68d3c015ab153ad9424aa0a830",
            "mgmtd_main.toml": "c47b5365ede810184312dfb0404b3bd16946b9cbfafeb95ddeb4fd29f62b996a",
            "mgmtd_main_app.toml": "58323f28fad622ace0c8c5427d46ab0f5e1eea089bbad39353358a11efa02951",
            "mgmtd_main_launcher.toml": "76267777c4afe91eda6e2e712cca514ffbd36fbe4236ff0adcf53db31952275e",
            "pjdfstest.toml": "95fb869e813219132ec01688e196b4e497b9f23f326aa054771d0dd2a93b0980",
            "storage_main.toml": "774c4155cef90cb0ad558354a77bcaba6af544fe9e5cc50c99215b68998f8eb8",
            "storage_main_app.toml": "907f6938dd146a8ce266a067615ca6f5ae7c89d5723fb2009c4ebc7011752804",
            "storage_main_launcher.toml": "cecad0f1c287c1b57c29124f3dd4f354c3b42e68d3c015ab153ad9424aa0a830",
            "token": "9d41062d0ef188b3ff9e6f20648a9e9aa487bf60b0437588e30e02923d1b25c4",
            "fdb.cluster": "2971faa3da0b1151d9a8e5c8ea9f563d0dfd4b2d688cd0fb26a07c2b8eafcb14"
          },
          "script_sha256": "dad3f86b6907cb928cc2848f21bc922443a79de8e8220753b0f1d1f8a59d8bc5",
          "legacy_sha256": "16a25b5e1623e1030b631994a6799544a776828909512de4c191f06549b38f24",
          "boot_id": "18c9c087-49d6-458f-817b-0f84c0effd7a",
          "pid": 1685162,
          "state": "R",
          "start_ticks": "58238417",
          "exe": "/opt/afs-3fs-round3-v84/bin/meta_main",
          "exe_dev": 64769,
          "exe_ino": 266503,
          "exe_sha256": "86b614a83b5f7e42bcc21c8c756eec19c65828728d33d3609cfc969003eba411",
          "supervisor_pid": 1685159
        },
        "launch": {
          "role": "ctl",
          "fixture": "threefs-delete-v84-20261007-r1",
          "root": "/mnt/lima-afsctlstate/afs-delivery/threefs-delete-v84-20261007-r1",
          "service": "meta",
          "argv": [
            "/opt/afs-3fs-round3-v84/bin/meta_main",
            "--app_cfg",
            "/mnt/lima-afsctlstate/afs-delivery/threefs-delete-v84-20261007-r1/config/meta_main_app.toml",
            "--launcher_cfg",
            "/mnt/lima-afsctlstate/afs-delivery/threefs-delete-v84-20261007-r1/config/meta_main_launcher.toml",
            "--cfg",
            "/mnt/lima-afsctlstate/afs-delivery/threefs-delete-v84-20261007-r1/config/meta_main.toml"
          ],
          "env": {
            "LD_PRELOAD": "/opt/afs-3fs-round3-v84/lib/libjemalloc.so.2"
          },
          "config_sha256": {
            "admin_cli.toml": "602833e70af77927ff3e90984a9ce23cfdcbed0c3707633066e5da22867aa4a3",
            "hf3fs_fuse_main.toml": "e523fdfad66e401e0a2b4fe12788b5f927d0a5d0ea67bfbd9d7cc9427e34f247",
            "hf3fs_fuse_main_launcher.toml": "6db6b518cd0bdb921607b4550d50a7475422921787d5bfad68e26187b1ce6090",
            "meta_bench.toml": "2f8397d1581afeec86c28f991cb18fb1ea45c57f98bc9c146de19fb7f2829a2f",
            "meta_main.toml": "899d9d84e1e564708518ee70f54a7eba67b08b6298c7433f8a90a03da4cfd2fa",
            "meta_main_app.toml": "5148b9064846010e146277beb412b596479d0d743251299488982e2eb7364cef",
            "meta_main_launcher.toml": "cecad0f1c287c1b57c29124f3dd4f354c3b42e68d3c015ab153ad9424aa0a830",
            "mgmtd_main.toml": "c47b5365ede810184312dfb0404b3bd16946b9cbfafeb95ddeb4fd29f62b996a",
            "mgmtd_main_app.toml": "58323f28fad622ace0c8c5427d46ab0f5e1eea089bbad39353358a11efa02951",
            "mgmtd_main_launcher.toml": "76267777c4afe91eda6e2e712cca514ffbd36fbe4236ff0adcf53db31952275e",
            "pjdfstest.toml": "95fb869e813219132ec01688e196b4e497b9f23f326aa054771d0dd2a93b0980",
            "storage_main.toml": "774c4155cef90cb0ad558354a77bcaba6af544fe9e5cc50c99215b68998f8eb8",
            "storage_main_app.toml": "907f6938dd146a8ce266a067615ca6f5ae7c89d5723fb2009c4ebc7011752804",
            "storage_main_launcher.toml": "cecad0f1c287c1b57c29124f3dd4f354c3b42e68d3c015ab153ad9424aa0a830",
            "token": "9d41062d0ef188b3ff9e6f20648a9e9aa487bf60b0437588e30e02923d1b25c4",
            "fdb.cluster": "2971faa3da0b1151d9a8e5c8ea9f563d0dfd4b2d688cd0fb26a07c2b8eafcb14"
          },
          "script_sha256": "dad3f86b6907cb928cc2848f21bc922443a79de8e8220753b0f1d1f8a59d8bc5",
          "legacy_sha256": "16a25b5e1623e1030b631994a6799544a776828909512de4c191f06549b38f24",
          "boot_id": "18c9c087-49d6-458f-817b-0f84c0effd7a"
        }
      },
      "normal_wait0": true
    },
    {
      "service": "mgmtd",
      "receipt": {
        "exit_code": 0,
        "pid": 1685136,
        "supervisor_pid": 1685135,
        "identity": {
          "role": "ctl",
          "fixture": "threefs-delete-v84-20261007-r1",
          "root": "/mnt/lima-afsctlstate/afs-delivery/threefs-delete-v84-20261007-r1",
          "service": "mgmtd",
          "argv": [
            "/opt/afs-3fs-round3-v84/bin/mgmtd_main",
            "--app_cfg",
            "/mnt/lima-afsctlstate/afs-delivery/threefs-delete-v84-20261007-r1/config/mgmtd_main_app.toml",
            "--launcher_cfg",
            "/mnt/lima-afsctlstate/afs-delivery/threefs-delete-v84-20261007-r1/config/mgmtd_main_launcher.toml",
            "--cfg",
            "/mnt/lima-afsctlstate/afs-delivery/threefs-delete-v84-20261007-r1/config/mgmtd_main.toml"
          ],
          "env": {
            "LD_PRELOAD": "/opt/afs-3fs-round3-v84/lib/libjemalloc.so.2"
          },
          "config_sha256": {
            "admin_cli.toml": "602833e70af77927ff3e90984a9ce23cfdcbed0c3707633066e5da22867aa4a3",
            "hf3fs_fuse_main.toml": "e523fdfad66e401e0a2b4fe12788b5f927d0a5d0ea67bfbd9d7cc9427e34f247",
            "hf3fs_fuse_main_launcher.toml": "6db6b518cd0bdb921607b4550d50a7475422921787d5bfad68e26187b1ce6090",
            "meta_bench.toml": "2f8397d1581afeec86c28f991cb18fb1ea45c57f98bc9c146de19fb7f2829a2f",
            "meta_main.toml": "899d9d84e1e564708518ee70f54a7eba67b08b6298c7433f8a90a03da4cfd2fa",
            "meta_main_app.toml": "5148b9064846010e146277beb412b596479d0d743251299488982e2eb7364cef",
            "meta_main_launcher.toml": "cecad0f1c287c1b57c29124f3dd4f354c3b42e68d3c015ab153ad9424aa0a830",
            "mgmtd_main.toml": "c47b5365ede810184312dfb0404b3bd16946b9cbfafeb95ddeb4fd29f62b996a",
            "mgmtd_main_app.toml": "58323f28fad622ace0c8c5427d46ab0f5e1eea089bbad39353358a11efa02951",
            "mgmtd_main_launcher.toml": "76267777c4afe91eda6e2e712cca514ffbd36fbe4236ff0adcf53db31952275e",
            "pjdfstest.toml": "95fb869e813219132ec01688e196b4e497b9f23f326aa054771d0dd2a93b0980",
            "storage_main.toml": "774c4155cef90cb0ad558354a77bcaba6af544fe9e5cc50c99215b68998f8eb8",
            "storage_main_app.toml": "907f6938dd146a8ce266a067615ca6f5ae7c89d5723fb2009c4ebc7011752804",
            "storage_main_launcher.toml": "cecad0f1c287c1b57c29124f3dd4f354c3b42e68d3c015ab153ad9424aa0a830",
            "token": "9d41062d0ef188b3ff9e6f20648a9e9aa487bf60b0437588e30e02923d1b25c4",
            "fdb.cluster": "2971faa3da0b1151d9a8e5c8ea9f563d0dfd4b2d688cd0fb26a07c2b8eafcb14"
          },
          "script_sha256": "dad3f86b6907cb928cc2848f21bc922443a79de8e8220753b0f1d1f8a59d8bc5",
          "legacy_sha256": "16a25b5e1623e1030b631994a6799544a776828909512de4c191f06549b38f24",
          "boot_id": "18c9c087-49d6-458f-817b-0f84c0effd7a",
          "pid": 1685136,
          "state": "R",
          "start_ticks": "58238389",
          "exe": "/opt/afs-3fs-round3-v84/bin/mgmtd_main",
          "exe_dev": 64769,
          "exe_ino": 266506,
          "exe_sha256": "4289d2f14d53bc81410a9650695e64295642075a07d5f6183e182224d7880bb3",
          "supervisor_pid": 1685135
        },
        "launch": {
          "role": "ctl",
          "fixture": "threefs-delete-v84-20261007-r1",
          "root": "/mnt/lima-afsctlstate/afs-delivery/threefs-delete-v84-20261007-r1",
          "service": "mgmtd",
          "argv": [
            "/opt/afs-3fs-round3-v84/bin/mgmtd_main",
            "--app_cfg",
            "/mnt/lima-afsctlstate/afs-delivery/threefs-delete-v84-20261007-r1/config/mgmtd_main_app.toml",
            "--launcher_cfg",
            "/mnt/lima-afsctlstate/afs-delivery/threefs-delete-v84-20261007-r1/config/mgmtd_main_launcher.toml",
            "--cfg",
            "/mnt/lima-afsctlstate/afs-delivery/threefs-delete-v84-20261007-r1/config/mgmtd_main.toml"
          ],
          "env": {
            "LD_PRELOAD": "/opt/afs-3fs-round3-v84/lib/libjemalloc.so.2"
          },
          "config_sha256": {
            "admin_cli.toml": "602833e70af77927ff3e90984a9ce23cfdcbed0c3707633066e5da22867aa4a3",
            "hf3fs_fuse_main.toml": "e523fdfad66e401e0a2b4fe12788b5f927d0a5d0ea67bfbd9d7cc9427e34f247",
            "hf3fs_fuse_main_launcher.toml": "6db6b518cd0bdb921607b4550d50a7475422921787d5bfad68e26187b1ce6090",
            "meta_bench.toml": "2f8397d1581afeec86c28f991cb18fb1ea45c57f98bc9c146de19fb7f2829a2f",
            "meta_main.toml": "899d9d84e1e564708518ee70f54a7eba67b08b6298c7433f8a90a03da4cfd2fa",
            "meta_main_app.toml": "5148b9064846010e146277beb412b596479d0d743251299488982e2eb7364cef",
            "meta_main_launcher.toml": "cecad0f1c287c1b57c29124f3dd4f354c3b42e68d3c015ab153ad9424aa0a830",
            "mgmtd_main.toml": "c47b5365ede810184312dfb0404b3bd16946b9cbfafeb95ddeb4fd29f62b996a",
            "mgmtd_main_app.toml": "58323f28fad622ace0c8c5427d46ab0f5e1eea089bbad39353358a11efa02951",
            "mgmtd_main_launcher.toml": "76267777c4afe91eda6e2e712cca514ffbd36fbe4236ff0adcf53db31952275e",
            "pjdfstest.toml": "95fb869e813219132ec01688e196b4e497b9f23f326aa054771d0dd2a93b0980",
            "storage_main.toml": "774c4155cef90cb0ad558354a77bcaba6af544fe9e5cc50c99215b68998f8eb8",
            "storage_main_app.toml": "907f6938dd146a8ce266a067615ca6f5ae7c89d5723fb2009c4ebc7011752804",
            "storage_main_launcher.toml": "cecad0f1c287c1b57c29124f3dd4f354c3b42e68d3c015ab153ad9424aa0a830",
            "token": "9d41062d0ef188b3ff9e6f20648a9e9aa487bf60b0437588e30e02923d1b25c4",
            "fdb.cluster": "2971faa3da0b1151d9a8e5c8ea9f563d0dfd4b2d688cd0fb26a07c2b8eafcb14"
          },
          "script_sha256": "dad3f86b6907cb928cc2848f21bc922443a79de8e8220753b0f1d1f8a59d8bc5",
          "legacy_sha256": "16a25b5e1623e1030b631994a6799544a776828909512de4c191f06549b38f24",
          "boot_id": "18c9c087-49d6-458f-817b-0f84c0effd7a"
        }
      },
      "normal_wait0": true
    }
  ],
  "all_normal_wait0": false,
  "protected_processes_unchanged": [
    {
      "pid": 1136874,
      "state": "S",
      "start_ticks": "1233842",
      "exe": "/mnt/lima-afsctlstate/afs-delivery/p1b/bin/afs-meta",
      "exe_dev": 64785,
      "exe_ino": 131098,
      "exe_sha256": "0cc53e784027582815be40fd89c5b9efb48235bee8061146399d7a4d20fcfac1",
      "argv": [
        "/mnt/lima-afsctlstate/afs-delivery/p1b/bin/afs-meta",
        "--config",
        "/mnt/lima-afsctlstate/afs-delivery/p1b/meta.toml"
      ],
      "boot_id": "18c9c087-49d6-458f-817b-0f84c0effd7a"
    },
    {
      "pid": 1418880,
      "state": "S",
      "start_ticks": "10164420",
      "exe": "/mnt/lima-afsctlstate/afs-delivery/round1-mainline-v77-archive-async/prefix/bin/afs-meta",
      "exe_dev": 64785,
      "exe_ino": 262584,
      "exe_sha256": "64d85fc3933637ccd7fdf4eafded5e5c8cb2354e73b4c8d1a27b2b8d43f4c7e7",
      "argv": [
        "/mnt/lima-afsctlstate/afs-delivery/round1-mainline-v77-archive-async/prefix/bin/afs-meta",
        "--config",
        "/mnt/lima-afsctlstate/afs-delivery/round1-mainline-v77-archive-async/etc/meta.toml"
      ],
      "boot_id": "18c9c087-49d6-458f-817b-0f84c0effd7a"
    }
  ],
  "protected_mount_count": 32,
  "mount_inventory": {
    "filesystems": [
      {
        "target": "/",
        "source": "/dev/vda1",
        "fstype": "ext4",
        "id": 32,
        "options": "rw,relatime,discard,errors=remount-ro,commit=30",
        "children": [
          {
            "target": "/sys",
            "source": "sysfs",
            "fstype": "sysfs",
            "id": 26,
            "options": "rw,nosuid,nodev,noexec,relatime",
            "children": [
              {
                "target": "/sys/firmware/efi/efivars",
                "source": "efivarfs",
                "fstype": "efivarfs",
                "id": 31,
                "options": "rw,nosuid,nodev,noexec,relatime"
              },
              {
                "target": "/sys/kernel/security",
                "source": "securityfs",
                "fstype": "securityfs",
                "id": 33,
                "options": "rw,nosuid,nodev,noexec,relatime"
              },
              {
                "target": "/sys/fs/cgroup",
                "source": "cgroup2",
                "fstype": "cgroup2",
                "id": 36,
                "options": "rw,nosuid,nodev,noexec,relatime,nsdelegate,memory_recursiveprot"
              },
              {
                "target": "/sys/fs/pstore",
                "source": "pstore",
                "fstype": "pstore",
                "id": 37,
                "options": "rw,nosuid,nodev,noexec,relatime"
              },
              {
                "target": "/sys/fs/bpf",
                "source": "bpf",
                "fstype": "bpf",
                "id": 38,
                "options": "rw,nosuid,nodev,noexec,relatime,mode=700"
              },
              {
                "target": "/sys/kernel/debug",
                "source": "debugfs",
                "fstype": "debugfs",
                "id": 42,
                "options": "rw,nosuid,nodev,noexec,relatime",
                "children": [
                  {
                    "target": "/sys/kernel/debug/tracing",
                    "source": "tracefs",
                    "fstype": "tracefs",
                    "id": 53,
                    "options": "rw,nosuid,nodev,noexec,relatime"
                  }
                ]
              },
              {
                "target": "/sys/kernel/tracing",
                "source": "tracefs",
                "fstype": "tracefs",
                "id": 43,
                "options": "rw,nosuid,nodev,noexec,relatime"
              },
              {
                "target": "/sys/fs/fuse/connections",
                "source": "fusectl",
                "fstype": "fusectl",
                "id": 44,
                "options": "rw,nosuid,nodev,noexec,relatime"
              },
              {
                "target": "/sys/kernel/config",
                "source": "configfs",
                "fstype": "configfs",
                "id": 45,
                "options": "rw,nosuid,nodev,noexec,relatime"
              }
            ]
          },
          {
            "target": "/proc",
            "source": "proc",
            "fstype": "proc",
            "id": 27,
            "options": "rw,nosuid,nodev,noexec,relatime",
            "children": [
              {
                "target": "/proc/sys/fs/binfmt_misc",
                "source": "systemd-1",
                "fstype": "autofs",
                "id": 39,
                "options": "rw,relatime,fd=32,pgrp=1,timeout=0,minproto=5,maxproto=5,direct,pipe_ino=5004",
                "children": [
                  {
                    "target": "/proc/sys/fs/binfmt_misc",
                    "source": "binfmt_misc",
                    "fstype": "binfmt_misc",
                    "id": 51,
                    "options": "rw,nosuid,nodev,noexec,relatime"
                  }
                ]
              },
              {
                "target": "/proc/fs/nfsd",
                "source": "nfsd",
                "fstype": "nfsd",
                "id": 350,
                "options": "rw,relatime"
              }
            ]
          },
          {
            "target": "/dev",
            "source": "udev",
            "fstype": "devtmpfs",
            "id": 28,
            "options": "rw,nosuid,relatime,size=1947808k,nr_inodes=486952,mode=755,inode64",
            "children": [
              {
                "target": "/dev/pts",
                "source": "devpts",
                "fstype": "devpts",
                "id": 29,
                "options": "rw,nosuid,noexec,relatime,gid=5,mode=620,ptmxmode=000"
              },
              {
                "target": "/dev/shm",
                "source": "tmpfs",
                "fstype": "tmpfs",
                "id": 34,
                "options": "rw,nosuid,nodev,inode64"
              },
              {
                "target": "/dev/mqueue",
                "source": "mqueue",
                "fstype": "mqueue",
                "id": 40,
                "options": "rw,nosuid,nodev,noexec,relatime"
              },
              {
                "target": "/dev/hugepages",
                "source": "hugetlbfs",
                "fstype": "hugetlbfs",
                "id": 41,
                "options": "rw,nosuid,nodev,relatime,pagesize=2M"
              }
            ]
          },
          {
            "target": "/run",
            "source": "tmpfs",
            "fstype": "tmpfs",
            "id": 30,
            "options": "rw,nosuid,nodev,noexec,relatime,size=399960k,mode=755,inode64",
            "children": [
              {
                "target": "/run/lock",
                "source": "tmpfs",
                "fstype": "tmpfs",
                "id": 35,
                "options": "rw,nosuid,nodev,noexec,relatime,size=5120k,inode64"
              },
              {
                "target": "/run/user/501",
                "source": "tmpfs",
                "fstype": "tmpfs",
                "id": 58,
                "options": "rw,nosuid,nodev,relatime,size=399956k,nr_inodes=99989,mode=700,uid=501,gid=1000,inode64"
              },
              {
                "target": "/run/rpc_pipefs",
                "source": "sunrpc",
                "fstype": "rpc_pipefs",
                "id": 75,
                "options": "rw,relatime"
              }
            ]
          },
          {
            "target": "/boot",
            "source": "/dev/vda16",
            "fstype": "ext4",
            "id": 47,
            "options": "rw,relatime",
            "children": [
              {
                "target": "/boot/efi",
                "source": "/dev/vda15",
                "fstype": "vfat",
                "id": 49,
                "options": "rw,relatime,fmask=0077,dmask=0077,codepage=437,iocharset=iso8859-1,shortname=mixed,errors=remount-ro"
              }
            ]
          },
          {
            "target": "/tmp/afs-ltp-ext4-full/base/.afs-std02-ltp-20260930T101932Z-00dcb4f9/commands/0632-writev03/tmp/LTP_wriNCIqOx/mntpoint",
            "source": "/dev/loop0",
            "fstype": "ext4",
            "id": 65,
            "options": "rw,relatime"
          },
          {
            "target": "/tmp/afs-ltp-ext4-full2/base/.afs-std02-ltp-20260930T102850Z-23c1867f/commands/0632-writev03/tmp/LTP_wriSTzuAd/mntpoint",
            "source": "/dev/loop1",
            "fstype": "btrfs",
            "id": 76,
            "options": "rw,relatime,discard=async,space_cache=v2,subvolid=5,subvol=/"
          },
          {
            "target": "/mnt/lima-cidata",
            "source": "/dev/vdc",
            "fstype": "iso9660",
            "id": 91,
            "options": "ro,relatime,nojoliet,overriderockperm,check=s,map=n,blocksize=2048,uid=0,dmode=700,fmode=700,iocharset=utf8"
          },
          {
            "target": "/mnt/lima-afsctlstate",
            "source": "/dev/vdb1",
            "fstype": "ext4",
            "id": 100,
            "options": "rw,relatime",
            "children": [
              {
                "target": "/mnt/lima-afsctlstate/v102w/ltpfull/.l639898a1/0632/t/LTP_wriBX4FIF/mntpoint",
                "source": "/dev/loop2",
                "fstype": "ext4",
                "id": 354,
                "options": "rw,relatime"
              }
            ]
          }
        ]
      }
    ]
  },
  "all_owned_mounts_gone": true,
  "owned_mounts": [],
  "protected_mount_differences": [
    {
      "before": {
        "target": "/proc/sys/fs/binfmt_misc",
        "source": "systemd-1",
        "fstype": "autofs",
        "id": 39,
        "options": "rw,relatime,fd=32,pgrp=1,timeout=0,minproto=5,maxproto=5,direct,pipe_ino=5004"
      },
      "after": {
        "target": "/proc/sys/fs/binfmt_misc",
        "source": "binfmt_misc",
        "fstype": "binfmt_misc",
        "id": 51,
        "options": "rw,nosuid,nodev,noexec,relatime"
      }
    }
  ],
  "capacity": {
    "allocated_bytes": 235302912,
    "available_bytes": 4055678976,
    "budget_bytes": 1073741824,
    "floor_bytes": 536870912,
    "budget_pass": true,
    "floor_pass": true,
    "allocated_by_top_directory": {
      ".": 4096,
      "evidence": 102400,
      "run": 131072,
      "stage": 528384,
      "log": 7061504,
      "config": 73728,
      "inputs": 413696,
      "tools": 180224,
      "data": 4096,
      "data/storage": 8192,
      "data/foundationdb": 226791424,
      "mount": 4096
    },
    "apparent_bytes": 234995664,
    "largest_five_allocated_files": [
      {
        "path": "data/foundationdb/log2-V_6-2539ff00d6dd5a4910d6905859eecb15.sqlite",
        "allocated_bytes": 104857600,
        "apparent_bytes": 104857600
      },
      {
        "path": "data/foundationdb/storage-f827fc41faa4762cc7cefba89d6358cd.sqlite",
        "allocated_bytes": 104857600,
        "apparent_bytes": 104857600
      },
      {
        "path": "data/foundationdb/logqueue-V_6-2539ff00d6dd5a4910d6905859eecb15-0.fdq",
        "allocated_bytes": 15740928,
        "apparent_bytes": 15736832
      },
      {
        "path": "log/trace.192.168.109.11.24100.1791333663.AwaEnf.0.1.xml",
        "allocated_bytes": 4263936,
        "apparent_bytes": 4261111
      },
      {
        "path": "log/meta.log",
        "allocated_bytes": 1810432,
        "apparent_bytes": 1809220
      }
    ]
  }
}
