{
  "status": "PASS_ACTUAL_RESOURCES_AND_CHILD_MOUNT_IDENTITIES",
  "role": "ctl",
  "observed_monotonic_ns": 582618505383321,
  "services": [
    {
      "service": "fdb",
      "processes": [
        {
          "identity": {
            "pid": 1685107,
            "state": "S",
            "start_ticks": "58237494",
            "exe": "/opt/afs-3fs-round3-v84/bin/fdbserver",
            "exe_dev": 64769,
            "exe_ino": 266508,
            "exe_sha256": "cddf55256ba2ca1249f98481d6c9995fd7fda091d23bc0551b96c1ae9537128c",
            "argv": [
              "/opt/afs-3fs-round3-v84/bin/fdbserver",
              "-p",
              "192.168.109.11:24100",
              "-m",
              "1GiB",
              "--cache-memory",
              "128MiB",
              "--storage-memory",
              "128MiB",
              "--data-filesystem",
              "/mnt/lima-afsctlstate",
              "-d",
              "/mnt/lima-afsctlstate/afs-delivery/threefs-delete-v84-20261007-r1/data/foundationdb",
              "-L",
              "/mnt/lima-afsctlstate/afs-delivery/threefs-delete-v84-20261007-r1/log",
              "-C",
              "/mnt/lima-afsctlstate/afs-delivery/threefs-delete-v84-20261007-r1/data/foundationdb/fdb.cluster"
            ],
            "boot_id": "18c9c087-49d6-458f-817b-0f84c0effd7a"
          },
          "rss_bytes": 96604160,
          "threads": "6"
        },
        {
          "identity": {
            "pid": 1685106,
            "state": "S",
            "start_ticks": "58237492",
            "exe": "/usr/bin/python3.12",
            "exe_dev": 64769,
            "exe_ino": 8165,
            "exe_sha256": "c86f21d0da9290ece2d7d49a3f7ed52aed59cb029abdf0ea25c79634f6cbe960",
            "argv": [
              "/usr/bin/python3",
              "/mnt/lima-afsctlstate/afs-delivery/threefs-delete-v84-20261007-r1/tools/threefs_namespace_fixture.py",
              "__supervise",
              "ctl",
              "--legacy-path",
              "/mnt/lima-afsctlstate/afs-delivery/threefs-delete-v84-20261007-r1/tools/round3-3fs.py",
              "--service",
              "fdb"
            ],
            "boot_id": "18c9c087-49d6-458f-817b-0f84c0effd7a"
          },
          "rss_bytes": 19329024,
          "threads": "1"
        }
      ]
    },
    {
      "service": "mgmtd",
      "processes": [
        {
          "identity": {
            "pid": 1685136,
            "state": "S",
            "start_ticks": "58238389",
            "exe": "/opt/afs-3fs-round3-v84/bin/mgmtd_main",
            "exe_dev": 64769,
            "exe_ino": 266506,
            "exe_sha256": "4289d2f14d53bc81410a9650695e64295642075a07d5f6183e182224d7880bb3",
            "argv": [
              "/opt/afs-3fs-round3-v84/bin/mgmtd_main",
              "--app_cfg",
              "/mnt/lima-afsctlstate/afs-delivery/threefs-delete-v84-20261007-r1/config/mgmtd_main_app.toml",
              "--launcher_cfg",
              "/mnt/lima-afsctlstate/afs-delivery/threefs-delete-v84-20261007-r1/config/mgmtd_main_launcher.toml",
              "--cfg",
              "/mnt/lima-afsctlstate/afs-delivery/threefs-delete-v84-20261007-r1/config/mgmtd_main.toml"
            ],
            "boot_id": "18c9c087-49d6-458f-817b-0f84c0effd7a"
          },
          "rss_bytes": 193773568,
          "threads": "27"
        },
        {
          "identity": {
            "pid": 1685135,
            "state": "S",
            "start_ticks": "58238387",
            "exe": "/usr/bin/python3.12",
            "exe_dev": 64769,
            "exe_ino": 8165,
            "exe_sha256": "c86f21d0da9290ece2d7d49a3f7ed52aed59cb029abdf0ea25c79634f6cbe960",
            "argv": [
              "/usr/bin/python3",
              "/mnt/lima-afsctlstate/afs-delivery/threefs-delete-v84-20261007-r1/tools/threefs_namespace_fixture.py",
              "__supervise",
              "ctl",
              "--legacy-path",
              "/mnt/lima-afsctlstate/afs-delivery/threefs-delete-v84-20261007-r1/tools/round3-3fs.py",
              "--service",
              "mgmtd"
            ],
            "boot_id": "18c9c087-49d6-458f-817b-0f84c0effd7a"
          },
          "rss_bytes": 19329024,
          "threads": "1"
        }
      ]
    },
    {
      "service": "meta",
      "processes": [
        {
          "identity": {
            "pid": 1685162,
            "state": "S",
            "start_ticks": "58238417",
            "exe": "/opt/afs-3fs-round3-v84/bin/meta_main",
            "exe_dev": 64769,
            "exe_ino": 266503,
            "exe_sha256": "86b614a83b5f7e42bcc21c8c756eec19c65828728d33d3609cfc969003eba411",
            "argv": [
              "/opt/afs-3fs-round3-v84/bin/meta_main",
              "--app_cfg",
              "/mnt/lima-afsctlstate/afs-delivery/threefs-delete-v84-20261007-r1/config/meta_main_app.toml",
              "--launcher_cfg",
              "/mnt/lima-afsctlstate/afs-delivery/threefs-delete-v84-20261007-r1/config/meta_main_launcher.toml",
              "--cfg",
              "/mnt/lima-afsctlstate/afs-delivery/threefs-delete-v84-20261007-r1/config/meta_main.toml"
            ],
            "boot_id": "18c9c087-49d6-458f-817b-0f84c0effd7a"
          },
          "rss_bytes": 440778752,
          "threads": "57"
        },
        {
          "identity": {
            "pid": 1685159,
            "state": "S",
            "start_ticks": "58238411",
            "exe": "/usr/bin/python3.12",
            "exe_dev": 64769,
            "exe_ino": 8165,
            "exe_sha256": "c86f21d0da9290ece2d7d49a3f7ed52aed59cb029abdf0ea25c79634f6cbe960",
            "argv": [
              "/usr/bin/python3",
              "/mnt/lima-afsctlstate/afs-delivery/threefs-delete-v84-20261007-r1/tools/threefs_namespace_fixture.py",
              "__supervise",
              "ctl",
              "--legacy-path",
              "/mnt/lima-afsctlstate/afs-delivery/threefs-delete-v84-20261007-r1/tools/round3-3fs.py",
              "--service",
              "meta"
            ],
            "boot_id": "18c9c087-49d6-458f-817b-0f84c0effd7a"
          },
          "rss_bytes": 19324928,
          "threads": "1"
        }
      ]
    }
  ],
  "rss_total_bytes": 789139456,
  "rss_envelope_bytes": 2147483648,
  "memory_available_bytes": 2931937280,
  "minimum_headroom_bytes": 536870912,
  "capacity": {
    "allocated": 234369024,
    "available": 4056612864,
    "budget": 1073741824,
    "floor": 536870912
  },
  "mount": null,
  "protected_processes_unchanged": [
    {
      "pid": 1136874,
      "state": "S",
      "start_ticks": "1233842",
      "exe": "/mnt/lima-afsctlstate/afs-delivery/p1b/bin/afs-meta",
      "exe_dev": 64785,
      "exe_ino": 131098,
      "exe_sha256": "0cc53e784027582815be40fd89c5b9efb48235bee8061146399d7a4d20fcfac1",
      "argv": [
        "/mnt/lima-afsctlstate/afs-delivery/p1b/bin/afs-meta",
        "--config",
        "/mnt/lima-afsctlstate/afs-delivery/p1b/meta.toml"
      ],
      "boot_id": "18c9c087-49d6-458f-817b-0f84c0effd7a"
    },
    {
      "pid": 1418880,
      "state": "S",
      "start_ticks": "10164420",
      "exe": "/mnt/lima-afsctlstate/afs-delivery/round1-mainline-v77-archive-async/prefix/bin/afs-meta",
      "exe_dev": 64785,
      "exe_ino": 262584,
      "exe_sha256": "64d85fc3933637ccd7fdf4eafded5e5c8cb2354e73b4c8d1a27b2b8d43f4c7e7",
      "argv": [
        "/mnt/lima-afsctlstate/afs-delivery/round1-mainline-v77-archive-async/prefix/bin/afs-meta",
        "--config",
        "/mnt/lima-afsctlstate/afs-delivery/round1-mainline-v77-archive-async/etc/meta.toml"
      ],
      "boot_id": "18c9c087-49d6-458f-817b-0f84c0effd7a"
    }
  ],
  "scope": "coexistence; not exclusive fair VM"
}
