{"msg":"Mounting /mnt/lima-afsbdata/afs-delivery/dfs-r3-write-7e6-20261007-r1/mount/dfs","level":"INFO","ts":"2026-10-07T12:31:13.24798633Z","instance":"dfs-b-r3","service_name":"afs-node"}
{"msg":"node.ready","level":"INFO","ts":"2026-10-07T12:31:13.248299783Z","instance":"dfs-b-r3","service_name":"afs-node","dfs":true,"ownerfs":false,"uds":"/mnt/lima-afsbdata/afs-delivery/dfs-r3-write-7e6-20261007-r1/run/node.sock","rest":"0.0.0.0:24801","grpc":"0.0.0.0:24800"}
{"msg":"FUSE request failed","level":"ERRO","ts":"2026-10-07T12:31:17.243998032Z","instance":"dfs-b-r3","service_name":"afs-node","message":"DFS dentry not found","kind":"NotFound","code":34078721}
{"msg":"[Not Implemented] ioctl(ino: 0x3, fh: 1, flags: 0, cmd: 21505, in_data.len(): 0, out_size: 0)","level":"WARN","ts":"2026-10-07T12:31:17.291275407Z","instance":"dfs-b-r3","service_name":"afs-node"}
{"msg":"[Not Implemented] ioctl(ino: 0x3, fh: 2, flags: 0, cmd: 21505, in_data.len(): 0, out_size: 0)","level":"WARN","ts":"2026-10-07T12:31:18.519644261Z","instance":"dfs-b-r3","service_name":"afs-node"}
{"msg":"[Not Implemented] ioctl(ino: 0x3, fh: 4, flags: 0, cmd: 21505, in_data.len(): 0, out_size: 0)","level":"WARN","ts":"2026-10-07T12:31:19.672640085Z","instance":"dfs-b-r3","service_name":"afs-node"}
{"msg":"[Not Implemented] ioctl(ino: 0x3, fh: 5, flags: 0, cmd: 21505, in_data.len(): 0, out_size: 0)","level":"WARN","ts":"2026-10-07T12:31:20.844131809Z","instance":"dfs-b-r3","service_name":"afs-node"}
{"msg":"FUSE request failed","level":"ERRO","ts":"2026-10-07T12:31:29.103467313Z","instance":"dfs-b-r3","service_name":"afs-node","message":"DFS dentry not found","kind":"NotFound","code":34078721}
{"msg":"[Not Implemented] ioctl(ino: 0x4, fh: 6, flags: 0, cmd: 21505, in_data.len(): 0, out_size: 0)","level":"WARN","ts":"2026-10-07T12:31:29.149493642Z","instance":"dfs-b-r3","service_name":"afs-node"}
{"msg":"[Not Implemented] ioctl(ino: 0x4, fh: 7, flags: 0, cmd: 21505, in_data.len(): 0, out_size: 0)","level":"WARN","ts":"2026-10-07T12:31:30.35279515Z","instance":"dfs-b-r3","service_name":"afs-node"}
{"msg":"[Not Implemented] ioctl(ino: 0x4, fh: 9, flags: 0, cmd: 21505, in_data.len(): 0, out_size: 0)","level":"WARN","ts":"2026-10-07T12:31:31.513867835Z","instance":"dfs-b-r3","service_name":"afs-node"}
{"msg":"[Not Implemented] ioctl(ino: 0x4, fh: 10, flags: 0, cmd: 21505, in_data.len(): 0, out_size: 0)","level":"WARN","ts":"2026-10-07T12:31:32.669112158Z","instance":"dfs-b-r3","service_name":"afs-node"}
{"msg":"FUSE request failed","level":"ERRO","ts":"2026-10-07T12:31:40.832716247Z","instance":"dfs-b-r3","service_name":"afs-node","message":"DFS dentry not found","kind":"NotFound","code":34078721}
{"msg":"[Not Implemented] ioctl(ino: 0x5, fh: 11, flags: 0, cmd: 21505, in_data.len(): 0, out_size: 0)","level":"WARN","ts":"2026-10-07T12:31:40.879681571Z","instance":"dfs-b-r3","service_name":"afs-node"}
{"msg":"[Not Implemented] ioctl(ino: 0x5, fh: 12, flags: 0, cmd: 21505, in_data.len(): 0, out_size: 0)","level":"WARN","ts":"2026-10-07T12:31:42.215947167Z","instance":"dfs-b-r3","service_name":"afs-node"}
{"msg":"[Not Implemented] ioctl(ino: 0x5, fh: 14, flags: 0, cmd: 21505, in_data.len(): 0, out_size: 0)","level":"WARN","ts":"2026-10-07T12:31:43.401625457Z","instance":"dfs-b-r3","service_name":"afs-node"}
{"msg":"[Not Implemented] ioctl(ino: 0x5, fh: 15, flags: 0, cmd: 21505, in_data.len(): 0, out_size: 0)","level":"WARN","ts":"2026-10-07T12:31:44.568098622Z","instance":"dfs-b-r3","service_name":"afs-node"}
{"msg":"FUSE request failed","level":"ERRO","ts":"2026-10-07T12:31:52.7664926Z","instance":"dfs-b-r3","service_name":"afs-node","message":"DFS dentry not found","kind":"NotFound","code":34078721}
{"msg":"[Not Implemented] ioctl(ino: 0x6, fh: 16, flags: 0, cmd: 21505, in_data.len(): 0, out_size: 0)","level":"WARN","ts":"2026-10-07T12:31:52.812562703Z","instance":"dfs-b-r3","service_name":"afs-node"}
{"msg":"[Not Implemented] ioctl(ino: 0x6, fh: 17, flags: 0, cmd: 21505, in_data.len(): 0, out_size: 0)","level":"WARN","ts":"2026-10-07T12:31:54.030661969Z","instance":"dfs-b-r3","service_name":"afs-node"}
{"msg":"[Not Implemented] ioctl(ino: 0x6, fh: 19, flags: 0, cmd: 21505, in_data.len(): 0, out_size: 0)","level":"WARN","ts":"2026-10-07T12:31:55.201010571Z","instance":"dfs-b-r3","service_name":"afs-node"}
{"msg":"[Not Implemented] ioctl(ino: 0x6, fh: 20, flags: 0, cmd: 21505, in_data.len(): 0, out_size: 0)","level":"WARN","ts":"2026-10-07T12:31:56.368426214Z","instance":"dfs-b-r3","service_name":"afs-node"}
{"msg":"FUSE request failed","level":"ERRO","ts":"2026-10-07T12:32:04.702288325Z","instance":"dfs-b-r3","service_name":"afs-node","message":"DFS dentry not found","kind":"NotFound","code":34078721}
{"msg":"[Not Implemented] ioctl(ino: 0x7, fh: 21, flags: 0, cmd: 21505, in_data.len(): 0, out_size: 0)","level":"WARN","ts":"2026-10-07T12:32:04.750623235Z","instance":"dfs-b-r3","service_name":"afs-node"}
{"msg":"[Not Implemented] ioctl(ino: 0x7, fh: 22, flags: 0, cmd: 21505, in_data.len(): 0, out_size: 0)","level":"WARN","ts":"2026-10-07T12:32:05.965694475Z","instance":"dfs-b-r3","service_name":"afs-node"}
{"msg":"[Not Implemented] ioctl(ino: 0x7, fh: 24, flags: 0, cmd: 21505, in_data.len(): 0, out_size: 0)","level":"WARN","ts":"2026-10-07T12:32:07.135777489Z","instance":"dfs-b-r3","service_name":"afs-node"}
{"msg":"[Not Implemented] ioctl(ino: 0x7, fh: 25, flags: 0, cmd: 21505, in_data.len(): 0, out_size: 0)","level":"WARN","ts":"2026-10-07T12:32:08.311617435Z","instance":"dfs-b-r3","service_name":"afs-node"}
{"msg":"FUSE request failed","level":"ERRO","ts":"2026-10-07T12:32:16.706175337Z","instance":"dfs-b-r3","service_name":"afs-node","message":"DFS dentry not found","kind":"NotFound","code":34078721}
{"msg":"[Not Implemented] ioctl(ino: 0x8, fh: 26, flags: 0, cmd: 21505, in_data.len(): 0, out_size: 0)","level":"WARN","ts":"2026-10-07T12:32:16.752104176Z","instance":"dfs-b-r3","service_name":"afs-node"}
{"msg":"[Not Implemented] ioctl(ino: 0x8, fh: 27, flags: 0, cmd: 21505, in_data.len(): 0, out_size: 0)","level":"WARN","ts":"2026-10-07T12:32:17.954593088Z","instance":"dfs-b-r3","service_name":"afs-node"}
{"msg":"[Not Implemented] ioctl(ino: 0x8, fh: 29, flags: 0, cmd: 21505, in_data.len(): 0, out_size: 0)","level":"WARN","ts":"2026-10-07T12:32:19.103229453Z","instance":"dfs-b-r3","service_name":"afs-node"}
{"msg":"[Not Implemented] ioctl(ino: 0x8, fh: 30, flags: 0, cmd: 21505, in_data.len(): 0, out_size: 0)","level":"WARN","ts":"2026-10-07T12:32:20.256056818Z","instance":"dfs-b-r3","service_name":"afs-node"}
{"msg":"services.stopped","level":"INFO","ts":"2026-10-07T12:32:25.927079317Z","instance":"dfs-b-r3","service_name":"afs-node"}
