{"msg":"Mounting /mnt/lima-afscdata/afs-delivery/dfs-r3-write-7e6-20261007-r1/mount/dfs","level":"INFO","ts":"2026-10-07T12:31:13.678492191Z","instance":"dfs-c-r3","service_name":"afs-node"}
{"msg":"node.ready","level":"INFO","ts":"2026-10-07T12:31:13.681462724Z","instance":"dfs-c-r3","service_name":"afs-node","dfs":true,"ownerfs":false,"uds":"/mnt/lima-afscdata/afs-delivery/dfs-r3-write-7e6-20261007-r1/run/node.sock","rest":"0.0.0.0:24801","grpc":"0.0.0.0:24800"}
{"msg":"FUSE request failed","level":"ERRO","ts":"2026-10-07T12:31:21.069431681Z","instance":"dfs-c-r3","service_name":"afs-node","message":"DFS dentry not found","kind":"NotFound","code":34078721}
{"msg":"[Not Implemented] ioctl(ino: 0x3, fh: 1, flags: 0, cmd: 21505, in_data.len(): 0, out_size: 0)","level":"WARN","ts":"2026-10-07T12:31:21.127703057Z","instance":"dfs-c-r3","service_name":"afs-node"}
{"msg":"[Not Implemented] ioctl(ino: 0x3, fh: 2, flags: 0, cmd: 21505, in_data.len(): 0, out_size: 0)","level":"WARN","ts":"2026-10-07T12:31:22.597069525Z","instance":"dfs-c-r3","service_name":"afs-node"}
{"msg":"[Not Implemented] ioctl(ino: 0x3, fh: 4, flags: 0, cmd: 21505, in_data.len(): 0, out_size: 0)","level":"WARN","ts":"2026-10-07T12:31:24.017837632Z","instance":"dfs-c-r3","service_name":"afs-node"}
{"msg":"[Not Implemented] ioctl(ino: 0x3, fh: 5, flags: 0, cmd: 21505, in_data.len(): 0, out_size: 0)","level":"WARN","ts":"2026-10-07T12:31:25.445606557Z","instance":"dfs-c-r3","service_name":"afs-node"}
{"msg":"FUSE request failed","level":"ERRO","ts":"2026-10-07T12:31:32.838765679Z","instance":"dfs-c-r3","service_name":"afs-node","message":"DFS dentry not found","kind":"NotFound","code":34078721}
{"msg":"[Not Implemented] ioctl(ino: 0x4, fh: 6, flags: 0, cmd: 21505, in_data.len(): 0, out_size: 0)","level":"WARN","ts":"2026-10-07T12:31:32.889226745Z","instance":"dfs-c-r3","service_name":"afs-node"}
{"msg":"[Not Implemented] ioctl(ino: 0x4, fh: 7, flags: 0, cmd: 21505, in_data.len(): 0, out_size: 0)","level":"WARN","ts":"2026-10-07T12:31:34.356229746Z","instance":"dfs-c-r3","service_name":"afs-node"}
{"msg":"[Not Implemented] ioctl(ino: 0x4, fh: 9, flags: 0, cmd: 21505, in_data.len(): 0, out_size: 0)","level":"WARN","ts":"2026-10-07T12:31:35.76412625Z","instance":"dfs-c-r3","service_name":"afs-node"}
{"msg":"[Not Implemented] ioctl(ino: 0x4, fh: 10, flags: 0, cmd: 21505, in_data.len(): 0, out_size: 0)","level":"WARN","ts":"2026-10-07T12:31:37.160451705Z","instance":"dfs-c-r3","service_name":"afs-node"}
{"msg":"FUSE request failed","level":"ERRO","ts":"2026-10-07T12:31:44.788922804Z","instance":"dfs-c-r3","service_name":"afs-node","message":"DFS dentry not found","kind":"NotFound","code":34078721}
{"msg":"[Not Implemented] ioctl(ino: 0x5, fh: 11, flags: 0, cmd: 21505, in_data.len(): 0, out_size: 0)","level":"WARN","ts":"2026-10-07T12:31:44.850456924Z","instance":"dfs-c-r3","service_name":"afs-node"}
{"msg":"[Not Implemented] ioctl(ino: 0x5, fh: 12, flags: 0, cmd: 21505, in_data.len(): 0, out_size: 0)","level":"WARN","ts":"2026-10-07T12:31:46.368761892Z","instance":"dfs-c-r3","service_name":"afs-node"}
{"msg":"[Not Implemented] ioctl(ino: 0x5, fh: 14, flags: 0, cmd: 21505, in_data.len(): 0, out_size: 0)","level":"WARN","ts":"2026-10-07T12:31:47.788669971Z","instance":"dfs-c-r3","service_name":"afs-node"}
{"msg":"[Not Implemented] ioctl(ino: 0x5, fh: 15, flags: 0, cmd: 21505, in_data.len(): 0, out_size: 0)","level":"WARN","ts":"2026-10-07T12:31:49.215362535Z","instance":"dfs-c-r3","service_name":"afs-node"}
{"msg":"FUSE request failed","level":"ERRO","ts":"2026-10-07T12:31:56.581759043Z","instance":"dfs-c-r3","service_name":"afs-node","message":"DFS dentry not found","kind":"NotFound","code":34078721}
{"msg":"[Not Implemented] ioctl(ino: 0x6, fh: 16, flags: 0, cmd: 21505, in_data.len(): 0, out_size: 0)","level":"WARN","ts":"2026-10-07T12:31:56.641498169Z","instance":"dfs-c-r3","service_name":"afs-node"}
{"msg":"[Not Implemented] ioctl(ino: 0x6, fh: 17, flags: 0, cmd: 21505, in_data.len(): 0, out_size: 0)","level":"WARN","ts":"2026-10-07T12:31:58.0895054Z","instance":"dfs-c-r3","service_name":"afs-node"}
{"msg":"[Not Implemented] ioctl(ino: 0x6, fh: 19, flags: 0, cmd: 21505, in_data.len(): 0, out_size: 0)","level":"WARN","ts":"2026-10-07T12:31:59.52830891Z","instance":"dfs-c-r3","service_name":"afs-node"}
{"msg":"[Not Implemented] ioctl(ino: 0x6, fh: 20, flags: 0, cmd: 21505, in_data.len(): 0, out_size: 0)","level":"WARN","ts":"2026-10-07T12:32:00.956426953Z","instance":"dfs-c-r3","service_name":"afs-node"}
{"msg":"FUSE request failed","level":"ERRO","ts":"2026-10-07T12:32:08.520538252Z","instance":"dfs-c-r3","service_name":"afs-node","message":"DFS dentry not found","kind":"NotFound","code":34078721}
{"msg":"[Not Implemented] ioctl(ino: 0x7, fh: 21, flags: 0, cmd: 21505, in_data.len(): 0, out_size: 0)","level":"WARN","ts":"2026-10-07T12:32:08.580066005Z","instance":"dfs-c-r3","service_name":"afs-node"}
{"msg":"[Not Implemented] ioctl(ino: 0x7, fh: 22, flags: 0, cmd: 21505, in_data.len(): 0, out_size: 0)","level":"WARN","ts":"2026-10-07T12:32:10.049984743Z","instance":"dfs-c-r3","service_name":"afs-node"}
{"msg":"[Not Implemented] ioctl(ino: 0x7, fh: 24, flags: 0, cmd: 21505, in_data.len(): 0, out_size: 0)","level":"WARN","ts":"2026-10-07T12:32:11.506434272Z","instance":"dfs-c-r3","service_name":"afs-node"}
{"msg":"[Not Implemented] ioctl(ino: 0x7, fh: 25, flags: 0, cmd: 21505, in_data.len(): 0, out_size: 0)","level":"WARN","ts":"2026-10-07T12:32:12.90400234Z","instance":"dfs-c-r3","service_name":"afs-node"}
{"msg":"FUSE request failed","level":"ERRO","ts":"2026-10-07T12:32:20.467554855Z","instance":"dfs-c-r3","service_name":"afs-node","message":"DFS dentry not found","kind":"NotFound","code":34078721}
{"msg":"[Not Implemented] ioctl(ino: 0x8, fh: 26, flags: 0, cmd: 21505, in_data.len(): 0, out_size: 0)","level":"WARN","ts":"2026-10-07T12:32:20.529921351Z","instance":"dfs-c-r3","service_name":"afs-node"}
{"msg":"[Not Implemented] ioctl(ino: 0x8, fh: 27, flags: 0, cmd: 21505, in_data.len(): 0, out_size: 0)","level":"WARN","ts":"2026-10-07T12:32:22.001950608Z","instance":"dfs-c-r3","service_name":"afs-node"}
{"msg":"[Not Implemented] ioctl(ino: 0x8, fh: 29, flags: 0, cmd: 21505, in_data.len(): 0, out_size: 0)","level":"WARN","ts":"2026-10-07T12:32:23.408469048Z","instance":"dfs-c-r3","service_name":"afs-node"}
{"msg":"[Not Implemented] ioctl(ino: 0x8, fh: 30, flags: 0, cmd: 21505, in_data.len(): 0, out_size: 0)","level":"WARN","ts":"2026-10-07T12:32:24.783283728Z","instance":"dfs-c-r3","service_name":"afs-node"}
{"msg":"services.stopped","level":"INFO","ts":"2026-10-07T12:32:25.614467394Z","instance":"dfs-c-r3","service_name":"afs-node"}
