{
  "processctl_sha256": "1ea10552180c917da2c598bee9dd8fecee7be26ae9d70dcdcba2e4829150d896",
  "run_files": {
    "node.lifecycle.FdR572": {
      "mode": 16832,
      "type": "dir",
      "contents": null
    },
    "node.launch": {
      "mode": 33188,
      "type": "file",
      "contents": "/mnt/lima-afsadata/afs-delivery/dfs-r3-current-20261007-r1/run/node.lifecycle.FdR572\n"
    },
    "node.identity": {
      "mode": 33188,
      "type": "file",
      "contents": "pid=854478\nexe=/mnt/lima-afsadata/afs-delivery/dfs-r3-current-20261007-r1/prefix/bin/afs-node\nconfig=/mnt/lima-afsadata/afs-delivery/dfs-r3-current-20261007-r1/etc/node.toml\nstart_ticks=61570597\nboot_id=36a572e0-859b-4a94-adc7-789210a83fc8\nlifecycle=/mnt/lima-afsadata/afs-delivery/dfs-r3-current-20261007-r1/run/node.lifecycle.FdR572\nsupervisor_pid=854462\ncmdline=/mnt/lima-afsadata/afs-delivery/dfs-r3-current-20261007-r1/prefix/bin/afs-node --config /mnt/lima-afsadata/afs-delivery/dfs-r3-current-20261007-r1/etc/node.toml\n"
    },
    "node.sock.lock": {
      "mode": 33152,
      "type": "file",
      "contents": ""
    },
    "node.pid": {
      "mode": 33188,
      "type": "file",
      "contents": "854478\n"
    }
  },
  "frozen_stop_code": "stop_one() {\n  local service=$1 pid deadline lifecycle\n  pid=$(read_pid \"$service\")\n  if [ -z \"$pid\" ] && [ -f \"$RUN_DIR/$(process_service \"$service\").launch\" ]; then\n    lifecycle=$(cat \"$RUN_DIR/$(process_service \"$service\").launch\")\n    case \"$lifecycle\" in \"$RUN_DIR/$(process_service \"$service\").lifecycle.\"*) ;; *) echo \"$service invalid managed launch\" >&2; return 1 ;; esac\n    [ -f \"$lifecycle/child\" ] || { echo \"$service startup child unknown; retained managed launch\" >&2; return 1; }\n    pid=$(identity_value pid \"$lifecycle/child\")\n    printf '%s\\n' \"$pid\" >\"$(pid_file \"$service\")\"\n    write_identity \"$service\" \"$lifecycle\"\n  fi\n  if [ -z \"$pid\" ]; then\n    # Never managed, or startup already reported failure and removed its PID.\n    [ ! -f \"$(identity_file \"$service\")\" ] || { echo \"$service missing managed pid; exit status unknown\" >&2; return 1; }\n    echo \"$service stopped\"\n    return 0\n  fi\n  deadline=$((SECONDS + TIMEOUT))\n  if is_running_pid \"$pid\"; then\n    if ! pid_identity_matches \"$service\" \"$pid\"; then\n      if is_running_pid \"$pid\"; then\n        echo \"$service pid file points to another live process: $pid\" >&2\n        return 1\n      fi\n    else\n      kill \"$pid\" 2>/dev/null || true\n    fi\n  fi\n  while [ \"$SECONDS\" -lt \"$deadline\" ]; do\n    if ! is_running_pid \"$pid\"; then\n      if exit_status \"$service\" \"$pid\" >/dev/null; then\n        report_exit \"$service\" \"$pid\"\n        return $?\n      fi\n      # The wait owner can need a moment to publish its atomic receipt.\n    fi\n    sleep 0.05\n  done\n  if ! is_running_pid \"$pid\" && [ \"$TIMEOUT\" -ne 0 ]; then\n    report_exit \"$service\" \"$pid\"\n    return $?\n  fi\n  echo \"$service did not stop within ${TIMEOUT}s\" >&2\n  return 1\n}\n\n"
}
