{
  "role": "reader",
  "reader_id": "C",
  "session_token": "dfs-r3-141269e3d72f49b9a80c8f0b7bf1fd4c",
  "status": "DATA_RECORDED",
  "pre_content": {
    "bytes": 67108864,
    "sha256": "4c47e859a6831026ba9367262afb1e1803d11abc30f6f3d996ceea829af89324",
    "eof": {
      "status": "PASS",
      "offset": 67108864,
      "extra_bytes": 0
    },
    "status": "PASS"
  },
  "final_content": {
    "bytes": 67108864,
    "sha256": "4c47e859a6831026ba9367262afb1e1803d11abc30f6f3d996ceea829af89324",
    "eof": {
      "status": "PASS",
      "offset": 67108864,
      "extra_bytes": 0
    },
    "status": "PASS"
  },
  "identity": {
    "product_source_commit": "93169c8530beedff9e8e510dc9b9210d704f244f",
    "compiler_input_map": "9661a313fb8b433caa00d03df5be43f880ad97859fc0299cd6d397cdf55cda0f",
    "afs_meta_sha256": "4150942fd873b879ab6dc9034904116cf1670904a259d6a081f3b0c1fd1e7343",
    "afs_node_sha256": "9478f3e89905b310689c0727ce0adf28fc11a25444c9634f82055a664069b41d",
    "io_sha256": "c49c216316b25baa3e17e95dd8f3346da9c496e16ac3bb5e5138534296648804"
  },
  "read_rounds": [
    {
      "argv": [
        "/mnt/lima-afscdata/afs-delivery/dfs-r3-current-20261007-r1/tools/dfs_unique_io",
        "read",
        "/mnt/lima-afscdata/afs-delivery/dfs-r3-current-20261007-r1/mount/dfs/r3-current-counter/payload64m.bin"
      ],
      "round": 0,
      "measured": false,
      "status": "PASS",
      "rc": 0,
      "stdout": "{\"dataset\":\"counter-1m-v1\",\"operation\":\"seq-read\",\"file_bytes\":67108864,\"io_bytes\":67108864,\"block_bytes\":1048576,\"concurrency\":1,\"pattern_byte\":97,\"operations\":64,\"barrier\":\"close\",\"cache_requested\":\"unobserved\",\"residency_observed\":false,\"content_ok\":true,\"wall_ns\":1236123342,\"client_cpu_ns\":22889699,\"barrier_ns\":59626}\n",
      "stderr": "",
      "result": {
        "dataset": "counter-1m-v1",
        "operation": "seq-read",
        "file_bytes": 67108864,
        "io_bytes": 67108864,
        "block_bytes": 1048576,
        "concurrency": 1,
        "pattern_byte": 97,
        "operations": 64,
        "barrier": "close",
        "cache_requested": "unobserved",
        "residency_observed": false,
        "content_ok": true,
        "wall_ns": 1236123342,
        "client_cpu_ns": 22889699,
        "barrier_ns": 59626
      }
    },
    {
      "argv": [
        "/mnt/lima-afscdata/afs-delivery/dfs-r3-current-20261007-r1/tools/dfs_unique_io",
        "read",
        "/mnt/lima-afscdata/afs-delivery/dfs-r3-current-20261007-r1/mount/dfs/r3-current-counter/payload64m.bin"
      ],
      "round": 1,
      "measured": true,
      "status": "PASS",
      "rc": 0,
      "stdout": "{\"dataset\":\"counter-1m-v1\",\"operation\":\"seq-read\",\"file_bytes\":67108864,\"io_bytes\":67108864,\"block_bytes\":1048576,\"concurrency\":1,\"pattern_byte\":97,\"operations\":64,\"barrier\":\"close\",\"cache_requested\":\"unobserved\",\"residency_observed\":false,\"content_ok\":true,\"wall_ns\":1242671775,\"client_cpu_ns\":19592337,\"barrier_ns\":52417}\n",
      "stderr": "",
      "result": {
        "dataset": "counter-1m-v1",
        "operation": "seq-read",
        "file_bytes": 67108864,
        "io_bytes": 67108864,
        "block_bytes": 1048576,
        "concurrency": 1,
        "pattern_byte": 97,
        "operations": 64,
        "barrier": "close",
        "cache_requested": "unobserved",
        "residency_observed": false,
        "content_ok": true,
        "wall_ns": 1242671775,
        "client_cpu_ns": 19592337,
        "barrier_ns": 52417
      },
      "round_token": "dfs-r3-141269e3d72f49b9a80c8f0b7bf1fd4c:round:1"
    },
    {
      "argv": [
        "/mnt/lima-afscdata/afs-delivery/dfs-r3-current-20261007-r1/tools/dfs_unique_io",
        "read",
        "/mnt/lima-afscdata/afs-delivery/dfs-r3-current-20261007-r1/mount/dfs/r3-current-counter/payload64m.bin"
      ],
      "round": 2,
      "measured": true,
      "status": "PASS",
      "rc": 0,
      "stdout": "{\"dataset\":\"counter-1m-v1\",\"operation\":\"seq-read\",\"file_bytes\":67108864,\"io_bytes\":67108864,\"block_bytes\":1048576,\"concurrency\":1,\"pattern_byte\":97,\"operations\":64,\"barrier\":\"close\",\"cache_requested\":\"unobserved\",\"residency_observed\":false,\"content_ok\":true,\"wall_ns\":1223511101,\"client_cpu_ns\":15375005,\"barrier_ns\":118210}\n",
      "stderr": "",
      "result": {
        "dataset": "counter-1m-v1",
        "operation": "seq-read",
        "file_bytes": 67108864,
        "io_bytes": 67108864,
        "block_bytes": 1048576,
        "concurrency": 1,
        "pattern_byte": 97,
        "operations": 64,
        "barrier": "close",
        "cache_requested": "unobserved",
        "residency_observed": false,
        "content_ok": true,
        "wall_ns": 1223511101,
        "client_cpu_ns": 15375005,
        "barrier_ns": 118210
      },
      "round_token": "dfs-r3-141269e3d72f49b9a80c8f0b7bf1fd4c:round:2"
    },
    {
      "argv": [
        "/mnt/lima-afscdata/afs-delivery/dfs-r3-current-20261007-r1/tools/dfs_unique_io",
        "read",
        "/mnt/lima-afscdata/afs-delivery/dfs-r3-current-20261007-r1/mount/dfs/r3-current-counter/payload64m.bin"
      ],
      "round": 3,
      "measured": true,
      "status": "PASS",
      "rc": 0,
      "stdout": "{\"dataset\":\"counter-1m-v1\",\"operation\":\"seq-read\",\"file_bytes\":67108864,\"io_bytes\":67108864,\"block_bytes\":1048576,\"concurrency\":1,\"pattern_byte\":97,\"operations\":64,\"barrier\":\"close\",\"cache_requested\":\"unobserved\",\"residency_observed\":false,\"content_ok\":true,\"wall_ns\":1236141400,\"client_cpu_ns\":24410828,\"barrier_ns\":45417}\n",
      "stderr": "",
      "result": {
        "dataset": "counter-1m-v1",
        "operation": "seq-read",
        "file_bytes": 67108864,
        "io_bytes": 67108864,
        "block_bytes": 1048576,
        "concurrency": 1,
        "pattern_byte": 97,
        "operations": 64,
        "barrier": "close",
        "cache_requested": "unobserved",
        "residency_observed": false,
        "content_ok": true,
        "wall_ns": 1236141400,
        "client_cpu_ns": 24410828,
        "barrier_ns": 45417
      },
      "round_token": "dfs-r3-141269e3d72f49b9a80c8f0b7bf1fd4c:round:3"
    },
    {
      "argv": [
        "/mnt/lima-afscdata/afs-delivery/dfs-r3-current-20261007-r1/tools/dfs_unique_io",
        "read",
        "/mnt/lima-afscdata/afs-delivery/dfs-r3-current-20261007-r1/mount/dfs/r3-current-counter/payload64m.bin"
      ],
      "round": 4,
      "measured": true,
      "status": "PASS",
      "rc": 0,
      "stdout": "{\"dataset\":\"counter-1m-v1\",\"operation\":\"seq-read\",\"file_bytes\":67108864,\"io_bytes\":67108864,\"block_bytes\":1048576,\"concurrency\":1,\"pattern_byte\":97,\"operations\":64,\"barrier\":\"close\",\"cache_requested\":\"unobserved\",\"residency_observed\":false,\"content_ok\":true,\"wall_ns\":1222746881,\"client_cpu_ns\":19041792,\"barrier_ns\":47834}\n",
      "stderr": "",
      "result": {
        "dataset": "counter-1m-v1",
        "operation": "seq-read",
        "file_bytes": 67108864,
        "io_bytes": 67108864,
        "block_bytes": 1048576,
        "concurrency": 1,
        "pattern_byte": 97,
        "operations": 64,
        "barrier": "close",
        "cache_requested": "unobserved",
        "residency_observed": false,
        "content_ok": true,
        "wall_ns": 1222746881,
        "client_cpu_ns": 19041792,
        "barrier_ns": 47834
      },
      "round_token": "dfs-r3-141269e3d72f49b9a80c8f0b7bf1fd4c:round:4"
    },
    {
      "argv": [
        "/mnt/lima-afscdata/afs-delivery/dfs-r3-current-20261007-r1/tools/dfs_unique_io",
        "read",
        "/mnt/lima-afscdata/afs-delivery/dfs-r3-current-20261007-r1/mount/dfs/r3-current-counter/payload64m.bin"
      ],
      "round": 5,
      "measured": true,
      "status": "PASS",
      "rc": 0,
      "stdout": "{\"dataset\":\"counter-1m-v1\",\"operation\":\"seq-read\",\"file_bytes\":67108864,\"io_bytes\":67108864,\"block_bytes\":1048576,\"concurrency\":1,\"pattern_byte\":97,\"operations\":64,\"barrier\":\"close\",\"cache_requested\":\"unobserved\",\"residency_observed\":false,\"content_ok\":true,\"wall_ns\":1226122611,\"client_cpu_ns\":17061616,\"barrier_ns\":33833}\n",
      "stderr": "",
      "result": {
        "dataset": "counter-1m-v1",
        "operation": "seq-read",
        "file_bytes": 67108864,
        "io_bytes": 67108864,
        "block_bytes": 1048576,
        "concurrency": 1,
        "pattern_byte": 97,
        "operations": 64,
        "barrier": "close",
        "cache_requested": "unobserved",
        "residency_observed": false,
        "content_ok": true,
        "wall_ns": 1226122611,
        "client_cpu_ns": 17061616,
        "barrier_ns": 33833
      },
      "round_token": "dfs-r3-141269e3d72f49b9a80c8f0b7bf1fd4c:round:5"
    }
  ]
}
