{
  "role": "coordinator",
  "status": "DATA_RECORDED",
  "session_token": "dfs-r3-141269e3d72f49b9a80c8f0b7bf1fd4c",
  "readers": [
    "B",
    "C"
  ],
  "round_timeout": 60.0,
  "timer_scope": "ctl Linux monotonic_ns; per-round elapsed starts before START emit and ends after both DONE events, including host relay/Lima control delay plus reader result write/emit overhead.",
  "platform": {
    "system": "Linux",
    "machine": "aarch64",
    "euid": 0
  },
  "monotonic_clock": {
    "implementation": "clock_gettime(CLOCK_MONOTONIC)",
    "monotonic": true,
    "adjustable": false,
    "resolution": 1e-09
  },
  "rounds": [
    {
      "round": 1,
      "round_token": "dfs-r3-141269e3d72f49b9a80c8f0b7bf1fd4c:round:1",
      "ready": [
        {
          "event": "READY",
          "payload_sha256": "4c47e859a6831026ba9367262afb1e1803d11abc30f6f3d996ceea829af89324",
          "reader_id": "C",
          "round": 1,
          "session_token": "dfs-r3-141269e3d72f49b9a80c8f0b7bf1fd4c"
        },
        {
          "event": "READY",
          "payload_sha256": "4c47e859a6831026ba9367262afb1e1803d11abc30f6f3d996ceea829af89324",
          "reader_id": "B",
          "round": 1,
          "session_token": "dfs-r3-141269e3d72f49b9a80c8f0b7bf1fd4c"
        }
      ],
      "done": [
        {
          "event": "DONE",
          "rc": 0,
          "reader_id": "C",
          "result": {
            "barrier": "close",
            "barrier_ns": 52417,
            "block_bytes": 1048576,
            "cache_requested": "unobserved",
            "client_cpu_ns": 19592337,
            "concurrency": 1,
            "content_ok": true,
            "dataset": "counter-1m-v1",
            "file_bytes": 67108864,
            "io_bytes": 67108864,
            "operation": "seq-read",
            "operations": 64,
            "pattern_byte": 97,
            "residency_observed": false,
            "wall_ns": 1242671775
          },
          "round": 1,
          "round_token": "dfs-r3-141269e3d72f49b9a80c8f0b7bf1fd4c:round:1",
          "session_token": "dfs-r3-141269e3d72f49b9a80c8f0b7bf1fd4c",
          "status": "PASS"
        },
        {
          "event": "DONE",
          "rc": 0,
          "reader_id": "B",
          "result": {
            "barrier": "close",
            "barrier_ns": 30209,
            "block_bytes": 1048576,
            "cache_requested": "unobserved",
            "client_cpu_ns": 96799664,
            "concurrency": 1,
            "content_ok": true,
            "dataset": "counter-1m-v1",
            "file_bytes": 67108864,
            "io_bytes": 67108864,
            "operation": "seq-read",
            "operations": 64,
            "pattern_byte": 97,
            "residency_observed": false,
            "wall_ns": 1328236595
          },
          "round": 1,
          "round_token": "dfs-r3-141269e3d72f49b9a80c8f0b7bf1fd4c:round:1",
          "session_token": "dfs-r3-141269e3d72f49b9a80c8f0b7bf1fd4c",
          "status": "PASS"
        }
      ],
      "start_before_emit_ns": 615552087463674,
      "end_after_both_done_ns": 615553417547930,
      "elapsed_ns": 1330084256
    },
    {
      "round": 2,
      "round_token": "dfs-r3-141269e3d72f49b9a80c8f0b7bf1fd4c:round:2",
      "ready": [
        {
          "event": "READY",
          "payload_sha256": "4c47e859a6831026ba9367262afb1e1803d11abc30f6f3d996ceea829af89324",
          "reader_id": "B",
          "round": 2,
          "session_token": "dfs-r3-141269e3d72f49b9a80c8f0b7bf1fd4c"
        },
        {
          "event": "READY",
          "payload_sha256": "4c47e859a6831026ba9367262afb1e1803d11abc30f6f3d996ceea829af89324",
          "reader_id": "C",
          "round": 2,
          "session_token": "dfs-r3-141269e3d72f49b9a80c8f0b7bf1fd4c"
        }
      ],
      "done": [
        {
          "event": "DONE",
          "rc": 0,
          "reader_id": "C",
          "result": {
            "barrier": "close",
            "barrier_ns": 118210,
            "block_bytes": 1048576,
            "cache_requested": "unobserved",
            "client_cpu_ns": 15375005,
            "concurrency": 1,
            "content_ok": true,
            "dataset": "counter-1m-v1",
            "file_bytes": 67108864,
            "io_bytes": 67108864,
            "operation": "seq-read",
            "operations": 64,
            "pattern_byte": 97,
            "residency_observed": false,
            "wall_ns": 1223511101
          },
          "round": 2,
          "round_token": "dfs-r3-141269e3d72f49b9a80c8f0b7bf1fd4c:round:2",
          "session_token": "dfs-r3-141269e3d72f49b9a80c8f0b7bf1fd4c",
          "status": "PASS"
        },
        {
          "event": "DONE",
          "rc": 0,
          "reader_id": "B",
          "result": {
            "barrier": "close",
            "barrier_ns": 54250,
            "block_bytes": 1048576,
            "cache_requested": "unobserved",
            "client_cpu_ns": 49050904,
            "concurrency": 1,
            "content_ok": true,
            "dataset": "counter-1m-v1",
            "file_bytes": 67108864,
            "io_bytes": 67108864,
            "operation": "seq-read",
            "operations": 64,
            "pattern_byte": 97,
            "residency_observed": false,
            "wall_ns": 1303874827
          },
          "round": 2,
          "round_token": "dfs-r3-141269e3d72f49b9a80c8f0b7bf1fd4c:round:2",
          "session_token": "dfs-r3-141269e3d72f49b9a80c8f0b7bf1fd4c",
          "status": "PASS"
        }
      ],
      "start_before_emit_ns": 615553418683383,
      "end_after_both_done_ns": 615554724110743,
      "elapsed_ns": 1305427360
    },
    {
      "round": 3,
      "round_token": "dfs-r3-141269e3d72f49b9a80c8f0b7bf1fd4c:round:3",
      "ready": [
        {
          "event": "READY",
          "payload_sha256": "4c47e859a6831026ba9367262afb1e1803d11abc30f6f3d996ceea829af89324",
          "reader_id": "B",
          "round": 3,
          "session_token": "dfs-r3-141269e3d72f49b9a80c8f0b7bf1fd4c"
        },
        {
          "event": "READY",
          "payload_sha256": "4c47e859a6831026ba9367262afb1e1803d11abc30f6f3d996ceea829af89324",
          "reader_id": "C",
          "round": 3,
          "session_token": "dfs-r3-141269e3d72f49b9a80c8f0b7bf1fd4c"
        }
      ],
      "done": [
        {
          "event": "DONE",
          "rc": 0,
          "reader_id": "C",
          "result": {
            "barrier": "close",
            "barrier_ns": 45417,
            "block_bytes": 1048576,
            "cache_requested": "unobserved",
            "client_cpu_ns": 24410828,
            "concurrency": 1,
            "content_ok": true,
            "dataset": "counter-1m-v1",
            "file_bytes": 67108864,
            "io_bytes": 67108864,
            "operation": "seq-read",
            "operations": 64,
            "pattern_byte": 97,
            "residency_observed": false,
            "wall_ns": 1236141400
          },
          "round": 3,
          "round_token": "dfs-r3-141269e3d72f49b9a80c8f0b7bf1fd4c:round:3",
          "session_token": "dfs-r3-141269e3d72f49b9a80c8f0b7bf1fd4c",
          "status": "PASS"
        },
        {
          "event": "DONE",
          "rc": 0,
          "reader_id": "B",
          "result": {
            "barrier": "close",
            "barrier_ns": 33208,
            "block_bytes": 1048576,
            "cache_requested": "unobserved",
            "client_cpu_ns": 61748123,
            "concurrency": 1,
            "content_ok": true,
            "dataset": "counter-1m-v1",
            "file_bytes": 67108864,
            "io_bytes": 67108864,
            "operation": "seq-read",
            "operations": 64,
            "pattern_byte": 97,
            "residency_observed": false,
            "wall_ns": 1304392287
          },
          "round": 3,
          "round_token": "dfs-r3-141269e3d72f49b9a80c8f0b7bf1fd4c:round:3",
          "session_token": "dfs-r3-141269e3d72f49b9a80c8f0b7bf1fd4c",
          "status": "PASS"
        }
      ],
      "start_before_emit_ns": 615554725013014,
      "end_after_both_done_ns": 615556030822842,
      "elapsed_ns": 1305809828
    },
    {
      "round": 4,
      "round_token": "dfs-r3-141269e3d72f49b9a80c8f0b7bf1fd4c:round:4",
      "ready": [
        {
          "event": "READY",
          "payload_sha256": "4c47e859a6831026ba9367262afb1e1803d11abc30f6f3d996ceea829af89324",
          "reader_id": "B",
          "round": 4,
          "session_token": "dfs-r3-141269e3d72f49b9a80c8f0b7bf1fd4c"
        },
        {
          "event": "READY",
          "payload_sha256": "4c47e859a6831026ba9367262afb1e1803d11abc30f6f3d996ceea829af89324",
          "reader_id": "C",
          "round": 4,
          "session_token": "dfs-r3-141269e3d72f49b9a80c8f0b7bf1fd4c"
        }
      ],
      "done": [
        {
          "event": "DONE",
          "rc": 0,
          "reader_id": "C",
          "result": {
            "barrier": "close",
            "barrier_ns": 47834,
            "block_bytes": 1048576,
            "cache_requested": "unobserved",
            "client_cpu_ns": 19041792,
            "concurrency": 1,
            "content_ok": true,
            "dataset": "counter-1m-v1",
            "file_bytes": 67108864,
            "io_bytes": 67108864,
            "operation": "seq-read",
            "operations": 64,
            "pattern_byte": 97,
            "residency_observed": false,
            "wall_ns": 1222746881
          },
          "round": 4,
          "round_token": "dfs-r3-141269e3d72f49b9a80c8f0b7bf1fd4c:round:4",
          "session_token": "dfs-r3-141269e3d72f49b9a80c8f0b7bf1fd4c",
          "status": "PASS"
        },
        {
          "event": "DONE",
          "rc": 0,
          "reader_id": "B",
          "result": {
            "barrier": "close",
            "barrier_ns": 27750,
            "block_bytes": 1048576,
            "cache_requested": "unobserved",
            "client_cpu_ns": 21487132,
            "concurrency": 1,
            "content_ok": true,
            "dataset": "counter-1m-v1",
            "file_bytes": 67108864,
            "io_bytes": 67108864,
            "operation": "seq-read",
            "operations": 64,
            "pattern_byte": 97,
            "residency_observed": false,
            "wall_ns": 1271797817
          },
          "round": 4,
          "round_token": "dfs-r3-141269e3d72f49b9a80c8f0b7bf1fd4c:round:4",
          "session_token": "dfs-r3-141269e3d72f49b9a80c8f0b7bf1fd4c",
          "status": "PASS"
        }
      ],
      "start_before_emit_ns": 615556032039425,
      "end_after_both_done_ns": 615557305405511,
      "elapsed_ns": 1273366086
    },
    {
      "round": 5,
      "round_token": "dfs-r3-141269e3d72f49b9a80c8f0b7bf1fd4c:round:5",
      "ready": [
        {
          "event": "READY",
          "payload_sha256": "4c47e859a6831026ba9367262afb1e1803d11abc30f6f3d996ceea829af89324",
          "reader_id": "B",
          "round": 5,
          "session_token": "dfs-r3-141269e3d72f49b9a80c8f0b7bf1fd4c"
        },
        {
          "event": "READY",
          "payload_sha256": "4c47e859a6831026ba9367262afb1e1803d11abc30f6f3d996ceea829af89324",
          "reader_id": "C",
          "round": 5,
          "session_token": "dfs-r3-141269e3d72f49b9a80c8f0b7bf1fd4c"
        }
      ],
      "done": [
        {
          "event": "DONE",
          "rc": 0,
          "reader_id": "C",
          "result": {
            "barrier": "close",
            "barrier_ns": 33833,
            "block_bytes": 1048576,
            "cache_requested": "unobserved",
            "client_cpu_ns": 17061616,
            "concurrency": 1,
            "content_ok": true,
            "dataset": "counter-1m-v1",
            "file_bytes": 67108864,
            "io_bytes": 67108864,
            "operation": "seq-read",
            "operations": 64,
            "pattern_byte": 97,
            "residency_observed": false,
            "wall_ns": 1226122611
          },
          "round": 5,
          "round_token": "dfs-r3-141269e3d72f49b9a80c8f0b7bf1fd4c:round:5",
          "session_token": "dfs-r3-141269e3d72f49b9a80c8f0b7bf1fd4c",
          "status": "PASS"
        },
        {
          "event": "DONE",
          "rc": 0,
          "reader_id": "B",
          "result": {
            "barrier": "close",
            "barrier_ns": 36417,
            "block_bytes": 1048576,
            "cache_requested": "unobserved",
            "client_cpu_ns": 18767826,
            "concurrency": 1,
            "content_ok": true,
            "dataset": "counter-1m-v1",
            "file_bytes": 67108864,
            "io_bytes": 67108864,
            "operation": "seq-read",
            "operations": 64,
            "pattern_byte": 97,
            "residency_observed": false,
            "wall_ns": 1276401440
          },
          "round": 5,
          "round_token": "dfs-r3-141269e3d72f49b9a80c8f0b7bf1fd4c:round:5",
          "session_token": "dfs-r3-141269e3d72f49b9a80c8f0b7bf1fd4c",
          "status": "PASS"
        }
      ],
      "start_before_emit_ns": 615557306332866,
      "end_after_both_done_ns": 615558584318792,
      "elapsed_ns": 1277985926
    }
  ],
  "final": [
    {
      "error": null,
      "event": "FINAL",
      "reader_id": "C",
      "session_token": "dfs-r3-141269e3d72f49b9a80c8f0b7bf1fd4c",
      "status": "DATA_RECORDED"
    },
    {
      "error": null,
      "event": "FINAL",
      "reader_id": "B",
      "session_token": "dfs-r3-141269e3d72f49b9a80c8f0b7bf1fd4c",
      "status": "DATA_RECORDED"
    }
  ]
}
