test_actual_like_bundle_is_blocked_by_deferred_semantics_and_missing_initial (test_environment.EnvironmentEvaluatorTests.test_actual_like_bundle_is_blocked_by_deferred_semantics_and_missing_initial) ... ok
test_bad_artifact_references_are_invalid_input (test_environment.EnvironmentEvaluatorTests.test_bad_artifact_references_are_invalid_input) ... ok
test_cli_guard_adds_blocked_on_non_linux_arm64 (test_environment.EnvironmentEvaluatorTests.test_cli_guard_adds_blocked_on_non_linux_arm64) ... ok
test_contract_hashes_actual_referenced_file (test_environment.EnvironmentEvaluatorTests.test_contract_hashes_actual_referenced_file) ... ok
test_contract_path_escape_returns_blocker_without_exception (test_environment.EnvironmentEvaluatorTests.test_contract_path_escape_returns_blocker_without_exception) ... ok
test_failed_probes_and_wrong_volume_or_image_cannot_record_pass (test_environment.EnvironmentEvaluatorTests.test_failed_probes_and_wrong_volume_or_image_cannot_record_pass) ... ok
test_generic_receipts_do_not_make_environment_pass (test_environment.EnvironmentEvaluatorTests.test_generic_receipts_do_not_make_environment_pass) ... ok
test_host_uses_hash_bound_json_not_lock (test_environment.EnvironmentEvaluatorTests.test_host_uses_hash_bound_json_not_lock) ... ok
test_low_data_reserve_blocks_and_preserves_dead_fuse_context (test_environment.EnvironmentEvaluatorTests.test_low_data_reserve_blocks_and_preserves_dead_fuse_context) ... ok
test_mismatched_guest_identity_is_fail (test_environment.EnvironmentEvaluatorTests.test_mismatched_guest_identity_is_fail) ... ok
test_missing_memtotal_is_blocked_not_pass (test_environment.EnvironmentEvaluatorTests.test_missing_memtotal_is_blocked_not_pass) ... ok
test_nested_malformed_evidence_returns_blockers_without_exception (test_environment.EnvironmentEvaluatorTests.test_nested_malformed_evidence_returns_blockers_without_exception) ... ok
test_qualification_errors_malformed_and_tampered_paths (test_environment.EnvironmentEvaluatorTests.test_qualification_errors_malformed_and_tampered_paths) ... ok
test_wrong_actual_image_is_fail_even_if_lock_correct (test_environment.EnvironmentEvaluatorTests.test_wrong_actual_image_is_fail_even_if_lock_correct) ... ok
test_client_command_cannot_mask_exit_with_extra_shell_commands (test_environment_network.NetworkEnvironmentTests.test_client_command_cannot_mask_exit_with_extra_shell_commands) ... ok
test_command_identity_exit_and_tls_options_are_bound (test_environment_network.NetworkEnvironmentTests.test_command_identity_exit_and_tls_options_are_bound) ... ok
test_consistent_unknown_probe_is_rejected (test_environment_network.NetworkEnvironmentTests.test_consistent_unknown_probe_is_rejected) ... ok
test_declared_fault_recipe_must_be_supported (test_environment_network.NetworkEnvironmentTests.test_declared_fault_recipe_must_be_supported) ... ok
test_declared_network_path_cannot_escape_bundle (test_environment_network.NetworkEnvironmentTests.test_declared_network_path_cannot_escape_bundle) ... ok
test_duplicate_nonce_is_rejected (test_environment_network.NetworkEnvironmentTests.test_duplicate_nonce_is_rejected) ... ok
test_empty_or_failed_command_transcript_is_rejected (test_environment_network.NetworkEnvironmentTests.test_empty_or_failed_command_transcript_is_rejected) ... ok
test_fault_commands_must_execute_instead_of_echo (test_environment_network.NetworkEnvironmentTests.test_fault_commands_must_execute_instead_of_echo) ... ok
test_fault_counter_addresses_and_scope_are_exact (test_environment_network.NetworkEnvironmentTests.test_fault_counter_addresses_and_scope_are_exact) ... ok
test_fault_hit_and_exact_restoration_are_required (test_environment_network.NetworkEnvironmentTests.test_fault_hit_and_exact_restoration_are_required) ... ok
test_generic_pass_receipt_is_not_network_evidence (test_environment_network.NetworkEnvironmentTests.test_generic_pass_receipt_is_not_network_evidence) ... ok
test_malformed_command_fields_return_failure_without_exception (test_environment_network.NetworkEnvironmentTests.test_malformed_command_fields_return_failure_without_exception) ... ok
test_missing_artifact_is_blocked (test_environment_network.NetworkEnvironmentTests.test_missing_artifact_is_blocked) ... ok
test_missing_live_schema_is_not_an_exception_or_pass (test_environment_network.NetworkEnvironmentTests.test_missing_live_schema_is_not_an_exception_or_pass) ... ok
test_preserved_observations_cannot_compare_missing_equal (test_environment_network.NetworkEnvironmentTests.test_preserved_observations_cannot_compare_missing_equal) ... ok
test_rehashed_bad_semantics_cannot_pass (test_environment_network.NetworkEnvironmentTests.test_rehashed_bad_semantics_cannot_pass) ... ok
test_retained_valid_network_observations_pass_only_network_predicate (test_environment_network.NetworkEnvironmentTests.test_retained_valid_network_observations_pass_only_network_predicate) ... ok
test_tampered_artifact_fails (test_environment_network.NetworkEnvironmentTests.test_tampered_artifact_fails) ... ok
test_watchdog_completion_cannot_replace_fault_transcript (test_environment_network.NetworkEnvironmentTests.test_watchdog_completion_cannot_replace_fault_transcript) ... ok
test_wrong_client_negative_schema_and_command_are_required (test_environment_network.NetworkEnvironmentTests.test_wrong_client_negative_schema_and_command_are_required) ... ok
test_attestation_declared_sha_is_ignored_actual_file_hash_wins (test_runner.RunnerTests.test_attestation_declared_sha_is_ignored_actual_file_hash_wins) ... ok
test_attestation_without_paths_cannot_fake_observed_identity (test_runner.RunnerTests.test_attestation_without_paths_cannot_fake_observed_identity) ... ok
test_changed_actual_contract_cannot_pass_with_old_contract_hash (test_runner.RunnerTests.test_changed_actual_contract_cannot_pass_with_old_contract_hash) ... ok
test_check_level_excluded_requires_approved_exclusion (test_runner.RunnerTests.test_check_level_excluded_requires_approved_exclusion) ... ok
test_contract_provenance_commit_does_not_replace_actual_contract_digest (test_runner.RunnerTests.test_contract_provenance_commit_does_not_replace_actual_contract_digest) ... ok
test_dirty_git_source_tree_blocks_full_release (test_runner.RunnerTests.test_dirty_git_source_tree_blocks_full_release) ... ok
test_driver_owned_axis_rejects_wrong_coverage_profile (test_runner.RunnerTests.test_driver_owned_axis_rejects_wrong_coverage_profile) ... ok
test_driver_owned_axis_requires_every_value (test_runner.RunnerTests.test_driver_owned_axis_requires_every_value) ... ok
test_driver_start_oserror_generates_failure_artifact (test_runner.RunnerTests.test_driver_start_oserror_generates_failure_artifact) ... ok
test_exit_zero_without_structured_proof_is_blocked (test_runner.RunnerTests.test_exit_zero_without_structured_proof_is_blocked) ... ok
test_frozen_lock_runner_sha_mismatch_blocks_full (test_runner.RunnerTests.test_frozen_lock_runner_sha_mismatch_blocks_full) ... ok
test_full_flags_and_four_hashes_without_environment_cannot_pass (test_runner.RunnerTests.test_full_flags_and_four_hashes_without_environment_cannot_pass) ... ok
test_full_requires_frozen_verified_lock (test_runner.RunnerTests.test_full_requires_frozen_verified_lock) ... ok
test_full_selected_pass_does_not_release_pass_when_active_case_missing (test_runner.RunnerTests.test_full_selected_pass_does_not_release_pass_when_active_case_missing) ... ok
test_lock_verified_boolean_alone_is_not_release_ready (test_runner.RunnerTests.test_lock_verified_boolean_alone_is_not_release_ready) ... ok
test_missing_actual_contract_blocks_full_but_not_local_smoke (test_runner.RunnerTests.test_missing_actual_contract_blocks_full_but_not_local_smoke) ... ok
test_missing_ready_command_is_blocked (test_runner.RunnerTests.test_missing_ready_command_is_blocked) ... ok
test_pass_check_requires_evidence_or_artifact (test_runner.RunnerTests.test_pass_check_requires_evidence_or_artifact) ... ok
test_scalar_or_empty_artifact_is_not_evidence (test_runner.RunnerTests.test_scalar_or_empty_artifact_is_not_evidence) ... ok
test_smoke_pass_is_not_full_release_pass_and_records_missing_coverage (test_runner.RunnerTests.test_smoke_pass_is_not_full_release_pass_and_records_missing_coverage) ... ok
test_structured_failure_remains_fail (test_runner.RunnerTests.test_structured_failure_remains_fail) ... ok
test_timeout_is_blocked_and_captures_logs (test_runner.RunnerTests.test_timeout_is_blocked_and_captures_logs) ... ok
test_timeout_terminates_process_group_children (test_runner.RunnerTests.test_timeout_terminates_process_group_children) ... ok
test_todo_driver_is_blocked_not_pass (test_runner.RunnerTests.test_todo_driver_is_blocked_not_pass) ... ok
test_unimplemented_matrix_axes_are_missing_full_coverage (test_runner.RunnerTests.test_unimplemented_matrix_axes_are_missing_full_coverage) ... ok
test_wrong_proof_identity_is_blocked (test_runner.RunnerTests.test_wrong_proof_identity_is_blocked) ... ok

----------------------------------------------------------------------
Ran 60 tests in 8.558s

OK
