test_checker_collector_and_observer_identity_are_fixed (test_environment_verbs.VerbsEnvironmentTests.test_checker_collector_and_observer_identity_are_fixed) ... ok
test_cleanup_and_protected_state_are_required (test_environment_verbs.VerbsEnvironmentTests.test_cleanup_and_protected_state_are_required) ... ok
test_command_identity_is_bound (test_environment_verbs.VerbsEnvironmentTests.test_command_identity_is_bound) ... ok
test_command_timestamps_are_parsed_and_ordered (test_environment_verbs.VerbsEnvironmentTests.test_command_timestamps_are_parsed_and_ordered) ... ok
test_duplicate_or_missing_direction_fails (test_environment_verbs.VerbsEnvironmentTests.test_duplicate_or_missing_direction_fails) ... ok
test_generic_pass_receipt_is_not_verbs_evidence (test_environment_verbs.VerbsEnvironmentTests.test_generic_pass_receipt_is_not_verbs_evidence) ... ok
test_malformed_shapes_return_named_failure_without_exception (test_environment_verbs.VerbsEnvironmentTests.test_malformed_shapes_return_named_failure_without_exception) ... ok
test_manifest_and_matrix_are_semantic_inputs (test_environment_verbs.VerbsEnvironmentTests.test_manifest_and_matrix_are_semantic_inputs) ... ok
test_missing_artifacts_are_blocked (test_environment_verbs.VerbsEnvironmentTests.test_missing_artifacts_are_blocked) ... ok
test_negative_endpoint_has_same_identity_contract (test_environment_verbs.VerbsEnvironmentTests.test_negative_endpoint_has_same_identity_contract) ... 
  test_negative_endpoint_has_same_identity_contract (test_environment_verbs.VerbsEnvironmentTests.test_negative_endpoint_has_same_identity_contract) (name='run') ... FAIL
  test_negative_endpoint_has_same_identity_contract (test_environment_verbs.VerbsEnvironmentTests.test_negative_endpoint_has_same_identity_contract) (name='process') ... FAIL
  test_negative_endpoint_has_same_identity_contract (test_environment_verbs.VerbsEnvironmentTests.test_negative_endpoint_has_same_identity_contract) (name='host') ... FAIL
  test_negative_endpoint_has_same_identity_contract (test_environment_verbs.VerbsEnvironmentTests.test_negative_endpoint_has_same_identity_contract) (name='resources') ... FAIL
test_negative_no_listener_cannot_be_faked (test_environment_verbs.VerbsEnvironmentTests.test_negative_no_listener_cannot_be_faked) ... ok
test_observer_fields_and_endpoint_boot_are_bound (test_environment_verbs.VerbsEnvironmentTests.test_observer_fields_and_endpoint_boot_are_bound) ... ok
test_rehashed_bad_endpoint_semantics_fail (test_environment_verbs.VerbsEnvironmentTests.test_rehashed_bad_endpoint_semantics_fail) ... ok
test_resource_observation_must_be_complete_and_parsed (test_environment_verbs.VerbsEnvironmentTests.test_resource_observation_must_be_complete_and_parsed) ... 
  test_resource_observation_must_be_complete_and_parsed (test_environment_verbs.VerbsEnvironmentTests.test_resource_observation_must_be_complete_and_parsed) (name='missing-qp') ... FAIL
  test_resource_observation_must_be_complete_and_parsed (test_environment_verbs.VerbsEnvironmentTests.test_resource_observation_must_be_complete_and_parsed) (name='invalid-qp-json') ... FAIL
  test_resource_observation_must_be_complete_and_parsed (test_environment_verbs.VerbsEnvironmentTests.test_resource_observation_must_be_complete_and_parsed) (name='missing-endpoint-resources') ... FAIL
test_retained_valid_verbs_observations_pass_only_verbs_predicate (test_environment_verbs.VerbsEnvironmentTests.test_retained_valid_verbs_observations_pass_only_verbs_predicate) ... ok
test_tampered_hash_bound_artifact_fails (test_environment_verbs.VerbsEnvironmentTests.test_tampered_hash_bound_artifact_fails) ... ok

======================================================================
FAIL: test_negative_endpoint_has_same_identity_contract (test_environment_verbs.VerbsEnvironmentTests.test_negative_endpoint_has_same_identity_contract) (name='run')
----------------------------------------------------------------------
Traceback (most recent call last):
  File "/tmp/afs-verbs-predicate-v70/source/development/acceptance/test_environment_verbs.py", line 229, in test_negative_endpoint_has_same_identity_contract
    self.assertEqual("FAIL", self.outcome(root, bundle)["status"])
AssertionError: 'FAIL' != 'PASS'
- FAIL
+ PASS


======================================================================
FAIL: test_negative_endpoint_has_same_identity_contract (test_environment_verbs.VerbsEnvironmentTests.test_negative_endpoint_has_same_identity_contract) (name='process')
----------------------------------------------------------------------
Traceback (most recent call last):
  File "/tmp/afs-verbs-predicate-v70/source/development/acceptance/test_environment_verbs.py", line 229, in test_negative_endpoint_has_same_identity_contract
    self.assertEqual("FAIL", self.outcome(root, bundle)["status"])
AssertionError: 'FAIL' != 'PASS'
- FAIL
+ PASS


======================================================================
FAIL: test_negative_endpoint_has_same_identity_contract (test_environment_verbs.VerbsEnvironmentTests.test_negative_endpoint_has_same_identity_contract) (name='host')
----------------------------------------------------------------------
Traceback (most recent call last):
  File "/tmp/afs-verbs-predicate-v70/source/development/acceptance/test_environment_verbs.py", line 229, in test_negative_endpoint_has_same_identity_contract
    self.assertEqual("FAIL", self.outcome(root, bundle)["status"])
AssertionError: 'FAIL' != 'PASS'
- FAIL
+ PASS


======================================================================
FAIL: test_negative_endpoint_has_same_identity_contract (test_environment_verbs.VerbsEnvironmentTests.test_negative_endpoint_has_same_identity_contract) (name='resources')
----------------------------------------------------------------------
Traceback (most recent call last):
  File "/tmp/afs-verbs-predicate-v70/source/development/acceptance/test_environment_verbs.py", line 229, in test_negative_endpoint_has_same_identity_contract
    self.assertEqual("FAIL", self.outcome(root, bundle)["status"])
AssertionError: 'FAIL' != 'PASS'
- FAIL
+ PASS


======================================================================
FAIL: test_resource_observation_must_be_complete_and_parsed (test_environment_verbs.VerbsEnvironmentTests.test_resource_observation_must_be_complete_and_parsed) (name='missing-qp')
----------------------------------------------------------------------
Traceback (most recent call last):
  File "/tmp/afs-verbs-predicate-v70/source/development/acceptance/test_environment_verbs.py", line 215, in test_resource_observation_must_be_complete_and_parsed
    self.assertEqual("FAIL", self.outcome(root, bundle)["status"])
AssertionError: 'FAIL' != 'PASS'
- FAIL
+ PASS


======================================================================
FAIL: test_resource_observation_must_be_complete_and_parsed (test_environment_verbs.VerbsEnvironmentTests.test_resource_observation_must_be_complete_and_parsed) (name='invalid-qp-json')
----------------------------------------------------------------------
Traceback (most recent call last):
  File "/tmp/afs-verbs-predicate-v70/source/development/acceptance/test_environment_verbs.py", line 215, in test_resource_observation_must_be_complete_and_parsed
    self.assertEqual("FAIL", self.outcome(root, bundle)["status"])
AssertionError: 'FAIL' != 'PASS'
- FAIL
+ PASS


======================================================================
FAIL: test_resource_observation_must_be_complete_and_parsed (test_environment_verbs.VerbsEnvironmentTests.test_resource_observation_must_be_complete_and_parsed) (name='missing-endpoint-resources')
----------------------------------------------------------------------
Traceback (most recent call last):
  File "/tmp/afs-verbs-predicate-v70/source/development/acceptance/test_environment_verbs.py", line 215, in test_resource_observation_must_be_complete_and_parsed
    self.assertEqual("FAIL", self.outcome(root, bundle)["status"])
AssertionError: 'FAIL' != 'PASS'
- FAIL
+ PASS


----------------------------------------------------------------------
Ran 16 tests in 2.373s

FAILED (failures=7)
