test_checker_collector_and_observer_identity_are_fixed (test_environment_verbs.VerbsEnvironmentTests.test_checker_collector_and_observer_identity_are_fixed) ... ok
test_cleanup_and_protected_state_are_required (test_environment_verbs.VerbsEnvironmentTests.test_cleanup_and_protected_state_are_required) ... ok
test_command_identity_is_bound (test_environment_verbs.VerbsEnvironmentTests.test_command_identity_is_bound) ... ok
test_command_timestamps_are_parsed_and_ordered (test_environment_verbs.VerbsEnvironmentTests.test_command_timestamps_are_parsed_and_ordered) ... ok
test_duplicate_or_missing_direction_fails (test_environment_verbs.VerbsEnvironmentTests.test_duplicate_or_missing_direction_fails) ... ok
test_exact_probe_command_must_cover_endpoint_time (test_environment_verbs.VerbsEnvironmentTests.test_exact_probe_command_must_cover_endpoint_time) ... 
  test_exact_probe_command_must_cover_endpoint_time (test_environment_verbs.VerbsEnvironmentTests.test_exact_probe_command_must_cover_endpoint_time) (role='client') ... FAIL
  test_exact_probe_command_must_cover_endpoint_time (test_environment_verbs.VerbsEnvironmentTests.test_exact_probe_command_must_cover_endpoint_time) (role='server') ... FAIL
  test_exact_probe_command_must_cover_endpoint_time (test_environment_verbs.VerbsEnvironmentTests.test_exact_probe_command_must_cover_endpoint_time) (role='negative') ... FAIL
test_generic_pass_receipt_is_not_verbs_evidence (test_environment_verbs.VerbsEnvironmentTests.test_generic_pass_receipt_is_not_verbs_evidence) ... ok
test_malformed_shapes_return_named_failure_without_exception (test_environment_verbs.VerbsEnvironmentTests.test_malformed_shapes_return_named_failure_without_exception) ... ok
test_manifest_and_matrix_are_semantic_inputs (test_environment_verbs.VerbsEnvironmentTests.test_manifest_and_matrix_are_semantic_inputs) ... ok
test_missing_artifacts_are_blocked (test_environment_verbs.VerbsEnvironmentTests.test_missing_artifacts_are_blocked) ... ok
test_negative_endpoint_has_same_identity_contract (test_environment_verbs.VerbsEnvironmentTests.test_negative_endpoint_has_same_identity_contract) ... ok
test_negative_no_listener_cannot_be_faked (test_environment_verbs.VerbsEnvironmentTests.test_negative_no_listener_cannot_be_faked) ... ok
test_observer_fields_and_endpoint_boot_are_bound (test_environment_verbs.VerbsEnvironmentTests.test_observer_fields_and_endpoint_boot_are_bound) ... ok
test_rehashed_bad_endpoint_semantics_fail (test_environment_verbs.VerbsEnvironmentTests.test_rehashed_bad_endpoint_semantics_fail) ... ok
test_resource_observation_must_be_complete_and_parsed (test_environment_verbs.VerbsEnvironmentTests.test_resource_observation_must_be_complete_and_parsed) ... ok
test_retained_valid_verbs_observations_pass_only_verbs_predicate (test_environment_verbs.VerbsEnvironmentTests.test_retained_valid_verbs_observations_pass_only_verbs_predicate) ... ok
test_tampered_hash_bound_artifact_fails (test_environment_verbs.VerbsEnvironmentTests.test_tampered_hash_bound_artifact_fails) ... ok

======================================================================
FAIL: test_exact_probe_command_must_cover_endpoint_time (test_environment_verbs.VerbsEnvironmentTests.test_exact_probe_command_must_cover_endpoint_time) (role='client')
----------------------------------------------------------------------
Traceback (most recent call last):
  File "/tmp/afs-verbs-predicate-v70/source/development/acceptance/test_environment_verbs.py", line 279, in test_exact_probe_command_must_cover_endpoint_time
    self.assertEqual("FAIL", self.outcome(root, bundle)["status"])
AssertionError: 'FAIL' != 'PASS'
- FAIL
+ PASS


======================================================================
FAIL: test_exact_probe_command_must_cover_endpoint_time (test_environment_verbs.VerbsEnvironmentTests.test_exact_probe_command_must_cover_endpoint_time) (role='server')
----------------------------------------------------------------------
Traceback (most recent call last):
  File "/tmp/afs-verbs-predicate-v70/source/development/acceptance/test_environment_verbs.py", line 279, in test_exact_probe_command_must_cover_endpoint_time
    self.assertEqual("FAIL", self.outcome(root, bundle)["status"])
AssertionError: 'FAIL' != 'PASS'
- FAIL
+ PASS


======================================================================
FAIL: test_exact_probe_command_must_cover_endpoint_time (test_environment_verbs.VerbsEnvironmentTests.test_exact_probe_command_must_cover_endpoint_time) (role='negative')
----------------------------------------------------------------------
Traceback (most recent call last):
  File "/tmp/afs-verbs-predicate-v70/source/development/acceptance/test_environment_verbs.py", line 279, in test_exact_probe_command_must_cover_endpoint_time
    self.assertEqual("FAIL", self.outcome(root, bundle)["status"])
AssertionError: 'FAIL' != 'PASS'
- FAIL
+ PASS


----------------------------------------------------------------------
Ran 17 tests in 2.494s

FAILED (failures=3)
