Cargo.lock: OK
Cargo.toml: OK
client/Cargo.toml: OK
client/examples/local_roundtrip.rs: OK
client/src/buffer.rs: OK
client/src/connection.rs: OK
client/src/lib.rs: OK
common/error/Cargo.toml: OK
common/error/src/code.rs: OK
common/error/src/kind.rs: OK
common/error/src/lib.rs: OK
common/logging/Cargo.toml: OK
common/logging/examples/logging_bench.rs: OK
common/logging/src/config.rs: OK
common/logging/src/fallback.rs: OK
common/logging/src/file_writer.rs: OK
common/logging/src/init.rs: OK
common/logging/src/lib.rs: OK
common/logging/src/retention.rs: OK
common/logging/tests/process_contract.rs: OK
common/metrics/Cargo.toml: OK
common/metrics/src/lib.rs: OK
common/protocol/Cargo.toml: OK
common/protocol/build.rs: OK
common/protocol/proto/error.proto: OK
common/protocol/proto/local_api.proto: OK
common/protocol/proto/meta.proto: OK
common/protocol/proto/node_control.proto: OK
common/protocol/proto/node_data.proto: OK
common/protocol/src/lib.rs: OK
common/tracing/Cargo.toml: OK
common/tracing/src/config.rs: OK
common/tracing/src/context.rs: OK
common/tracing/src/grpc.rs: OK
common/tracing/src/init.rs: OK
common/tracing/src/lib.rs: OK
common/tracing/src/server.rs: OK
common/transport/Cargo.toml: OK
common/transport/build.rs: OK
common/transport/native/rdma.c: OK
common/transport/native/rdma.h: OK
common/transport/src/error.rs: OK
common/transport/src/grpc.rs: OK
common/transport/src/grpc/config.rs: OK
common/transport/src/grpc/error_status.rs: OK
common/transport/src/grpc/security.rs: OK
common/transport/src/lib.rs: OK
common/transport/src/rdma.rs: OK
common/transport/src/shm.rs: OK
common/transport/tests/rdma_probe.rs: OK
common/transport/tests/tcp_config.rs: OK
error-codes.toml: OK
examples/meta.toml: OK
examples/node.toml: OK
examples/trace_collector.rs: OK
rust-toolchain.toml: OK
src/bin/afs-meta.rs: OK
src/bin/afs-node.rs: OK
src/config.rs: OK
src/dfs.rs: OK
src/error.rs: OK
src/lib.rs: OK
src/meta.rs: OK
src/meta/dfs.rs: OK
src/meta/owner_roots.rs: OK
src/meta/rest.rs: OK
src/meta/rpc.rs: OK
src/meta/store.rs: OK
src/meta/store/etcd.rs: OK
src/meta/store/local_file.rs: OK
src/meta/store/memory.rs: OK
src/meta/store/redis.rs: OK
src/node.rs: OK
src/node/api.rs: OK
src/node/api/local.rs: OK
src/node/api/rest.rs: OK
src/node/chunk.rs: OK
src/node/dfs_read.rs: OK
src/node/fuse.rs: OK
src/node/fuse/state.rs: OK
src/node/replication.rs: OK
src/node/rpc.rs: OK
src/node/rpc/control.rs: OK
src/node/rpc/data.rs: OK
src/node/rpc/meta.rs: OK
src/node/rpc/peer.rs: OK
src/node/storage.rs: OK
src/node/storage/localfs.rs: OK
src/node/vfs.rs: OK
src/node/vfs/dfs.rs: OK
src/node/vfs/locks.rs: OK
src/node/vfs/ownerfs.rs: OK
src/node/vfs/ownerfs/catalog.rs: OK
src/node/vfs/ownerfs/files.rs: OK
src/node/vfs/ownerfs/remote.rs: OK
src/node/vfs/ownerfs/root.rs: OK
src/node/vfs/types.rs: OK
src/runtime.rs: OK
tests/config_contract.rs: OK
tests/error_contract.rs: OK
tests/fuse_contract.rs: OK
tests/local_sdk.rs: OK
tests/meta_contract.rs: OK
tests/ownerfs_peer_contract.rs: OK
tests/rdma_lifecycle.rs: OK
tests/redis_contract.rs: OK
tests/rest_contract.rs: OK
tests/storage_localfs.rs: OK
tests/vfs_contract.rs: OK
third_party/fuser/Cargo.toml: OK
third_party/fuser/build.rs: OK
third_party/fuser/deny.toml: OK
third_party/fuser/examples/hello.rs: OK
third_party/fuser/examples/ioctl.rs: OK
third_party/fuser/examples/notify_inval_entry.rs: OK
third_party/fuser/examples/notify_inval_inode.rs: OK
third_party/fuser/examples/null.rs: OK
third_party/fuser/examples/passthrough.rs: OK
third_party/fuser/examples/poll.rs: OK
third_party/fuser/examples/poll_client.rs: OK
third_party/fuser/examples/simple.rs: OK
third_party/fuser/rustfmt.toml: OK
third_party/fuser/src/channel.rs: OK
third_party/fuser/src/lib.rs: OK
third_party/fuser/src/ll/argument.rs: OK
third_party/fuser/src/ll/fuse_abi.rs: OK
third_party/fuser/src/ll/mod.rs: OK
third_party/fuser/src/ll/notify.rs: OK
third_party/fuser/src/ll/reply.rs: OK
third_party/fuser/src/ll/request.rs: OK
third_party/fuser/src/mnt/fuse2.rs: OK
third_party/fuser/src/mnt/fuse2_sys.rs: OK
third_party/fuser/src/mnt/fuse3.rs: OK
third_party/fuser/src/mnt/fuse3_sys.rs: OK
third_party/fuser/src/mnt/fuse_pure.rs: OK
third_party/fuser/src/mnt/mod.rs: OK
third_party/fuser/src/mnt/mount_options.rs: OK
third_party/fuser/src/notify.rs: OK
third_party/fuser/src/passthrough.rs: OK
third_party/fuser/src/reply.rs: OK
third_party/fuser/src/request.rs: OK
third_party/fuser/src/session.rs: OK
third_party/fuser/tests/integration_tests.rs: OK
