{
  "system": "Linux",
  "arch": "aarch64",
  "uid": 0,
  "kernel": "6.8.0-142-generic",
  "root": "/mnt/lima-afsadata/afs-delivery/owner-remote-6d-bhome-20261007-r1",
  "root_absent": true,
  "filesystem": {
    "target": "/mnt/lima-afsadata",
    "source": "/dev/vdb1",
    "fstype": "ext4",
    "options": "rw,relatime"
  },
  "free_bytes": 4322222080,
  "required_available_bytes": 1342177280,
  "dependencies": {
    "python3": "/usr/bin/python3",
    "bash": "/usr/bin/bash",
    "findmnt": "/usr/bin/findmnt",
    "ss": "/usr/bin/ss",
    "curl": "/usr/bin/curl",
    "openssl": "/usr/bin/openssl",
    "ldd": "/usr/bin/ldd",
    "fusermount3": "/usr/bin/fusermount3",
    "sync": "/usr/bin/sync",
    "tar": "/usr/bin/tar",
    "gzip": "/usr/bin/gzip"
  },
  "occupied_selected_ports": [],
  "tools": [
    {
      "path": "/opt/afs-moose-round3-v85/bin/mfsmount",
      "exists": true,
      "expected_sha256": "5752f91e2d174cc8a0a53df7b3713b3bed31fde5fe72a6f38cd86237ae3ebc37",
      "sha256": "5752f91e2d174cc8a0a53df7b3713b3bed31fde5fe72a6f38cd86237ae3ebc37",
      "ldd": {
        "exit": 0,
        "stdout": "\tlinux-vdso.so.1 (0x0000f1be7f0e7000)\n\tlibfuse3.so.3 => /lib/aarch64-linux-gnu/libfuse3.so.3 (0x0000f1be7de40000)\n\tlibc.so.6 => /lib/aarch64-linux-gnu/libc.so.6 (0x0000f1be7dc80000)\n\t/lib/ld-linux-aarch64.so.1 (0x0000f1be7f0a0000)\n",
        "stderr": ""
      }
    },
    {
      "path": "/opt/afs-moose-round3-v85/bin/mfscli",
      "exists": true,
      "expected_sha256": "247194b8e45c6cbd7bf0ae95f9e5b709ee0f08e669739e4ffef46c7659ec09df",
      "sha256": "247194b8e45c6cbd7bf0ae95f9e5b709ee0f08e669739e4ffef46c7659ec09df",
      "ldd": {
        "exit": 1,
        "stdout": "",
        "stderr": "\tnot a dynamic executable\n"
      }
    },
    {
      "path": "/opt/afs-moose-round3-v85/bin/mfscreatesclass",
      "exists": true,
      "expected_sha256": "a5aaa1875d9db7bcb36e2c0456285982965ff20ab79bedce701291b2a70993d0",
      "sha256": "a5aaa1875d9db7bcb36e2c0456285982965ff20ab79bedce701291b2a70993d0",
      "ldd": {
        "exit": 0,
        "stdout": "\tlinux-vdso.so.1 (0x0000e9c88f68d000)\n\tlibc.so.6 => /lib/aarch64-linux-gnu/libc.so.6 (0x0000e9c88f440000)\n\t/lib/ld-linux-aarch64.so.1 (0x0000e9c88f640000)\n",
        "stderr": ""
      }
    },
    {
      "path": "/opt/afs-moose-round3-v85/bin/mfslistsclass",
      "exists": true,
      "expected_sha256": "a5aaa1875d9db7bcb36e2c0456285982965ff20ab79bedce701291b2a70993d0",
      "sha256": "a5aaa1875d9db7bcb36e2c0456285982965ff20ab79bedce701291b2a70993d0",
      "ldd": {
        "exit": 0,
        "stdout": "\tlinux-vdso.so.1 (0x0000e6c325b3a000)\n\tlibc.so.6 => /lib/aarch64-linux-gnu/libc.so.6 (0x0000e6c3258f0000)\n\t/lib/ld-linux-aarch64.so.1 (0x0000e6c325af0000)\n",
        "stderr": ""
      }
    },
    {
      "path": "/opt/afs-moose-round3-v85/bin/mfssetsclass",
      "exists": true,
      "expected_sha256": "7dc44d9383376bb456779516bb59ec65e4cc35e404c1a0ab82ffa781f703a7e3",
      "sha256": "7dc44d9383376bb456779516bb59ec65e4cc35e404c1a0ab82ffa781f703a7e3",
      "ldd": {
        "exit": 0,
        "stdout": "\tlinux-vdso.so.1 (0x0000ff3ff9e9f000)\n\tlibc.so.6 => /lib/aarch64-linux-gnu/libc.so.6 (0x0000ff3ff9c50000)\n\t/lib/ld-linux-aarch64.so.1 (0x0000ff3ff9e50000)\n",
        "stderr": ""
      }
    },
    {
      "path": "/opt/afs-moose-round3-v85/bin/mfsgetsclass",
      "exists": true,
      "expected_sha256": "7dc44d9383376bb456779516bb59ec65e4cc35e404c1a0ab82ffa781f703a7e3",
      "sha256": "7dc44d9383376bb456779516bb59ec65e4cc35e404c1a0ab82ffa781f703a7e3",
      "ldd": {
        "exit": 0,
        "stdout": "\tlinux-vdso.so.1 (0x0000e6437be2e000)\n\tlibc.so.6 => /lib/aarch64-linux-gnu/libc.so.6 (0x0000e6437bbe0000)\n\t/lib/ld-linux-aarch64.so.1 (0x0000e6437bde0000)\n",
        "stderr": ""
      }
    },
    {
      "path": "/opt/afs-moose-round3-v85/bin/mfsfileinfo",
      "exists": true,
      "expected_sha256": "d58823c1c07aa8a65c55931e6007b8c20b88ffbc4eb825ae057dfe5a452c93b6",
      "sha256": "d58823c1c07aa8a65c55931e6007b8c20b88ffbc4eb825ae057dfe5a452c93b6",
      "ldd": {
        "exit": 0,
        "stdout": "\tlinux-vdso.so.1 (0x0000f0566d760000)\n\tlibc.so.6 => /lib/aarch64-linux-gnu/libc.so.6 (0x0000f0566d510000)\n\t/lib/ld-linux-aarch64.so.1 (0x0000f0566d710000)\n",
        "stderr": ""
      }
    },
    {
      "path": "/opt/afs-moose-round3-v85/bin/mfscheckfile",
      "exists": true,
      "expected_sha256": "d58823c1c07aa8a65c55931e6007b8c20b88ffbc4eb825ae057dfe5a452c93b6",
      "sha256": "d58823c1c07aa8a65c55931e6007b8c20b88ffbc4eb825ae057dfe5a452c93b6",
      "ldd": {
        "exit": 0,
        "stdout": "\tlinux-vdso.so.1 (0x0000f055b051d000)\n\tlibc.so.6 => /lib/aarch64-linux-gnu/libc.so.6 (0x0000f055b02e0000)\n\t/lib/ld-linux-aarch64.so.1 (0x0000f055b04e0000)\n",
        "stderr": ""
      }
    }
  ],
  "status": "BLOCKED"
}
