{
  "system": "Linux",
  "arch": "aarch64",
  "uid": 0,
  "kernel": "6.8.0-142-generic",
  "root": "/mnt/lima-afsctlstate/afs-delivery/owner-remote-6d-bhome-20261007-r1",
  "root_absent": true,
  "filesystem": {
    "target": "/mnt/lima-afsctlstate",
    "source": "/dev/vdb1",
    "fstype": "ext4",
    "options": "rw,relatime"
  },
  "free_bytes": 4481642496,
  "required_available_bytes": 805306368,
  "dependencies": {
    "python3": "/usr/bin/python3",
    "bash": "/usr/bin/bash",
    "findmnt": "/usr/bin/findmnt",
    "ss": "/usr/bin/ss",
    "curl": "/usr/bin/curl",
    "openssl": "/usr/bin/openssl",
    "ldd": "/usr/bin/ldd",
    "fusermount3": "/usr/bin/fusermount3",
    "sync": "/usr/bin/sync",
    "tar": "/usr/bin/tar",
    "gzip": "/usr/bin/gzip"
  },
  "occupied_selected_ports": [],
  "tools": [
    {
      "path": "/opt/afs-moose-round3-v85/sbin/mfsmaster",
      "exists": true,
      "expected_sha256": "9febf4e7a9ae5285c4e792024f98d8a5531ae325f19268e103693981be509b70",
      "sha256": "9febf4e7a9ae5285c4e792024f98d8a5531ae325f19268e103693981be509b70",
      "ldd": {
        "exit": 0,
        "stdout": "\tlinux-vdso.so.1 (0x0000feaf4aff0000)\n\tlibz.so.1 => /lib/aarch64-linux-gnu/libz.so.1 (0x0000feaf49e40000)\n\tlibc.so.6 => /lib/aarch64-linux-gnu/libc.so.6 (0x0000feaf49c80000)\n\t/lib/ld-linux-aarch64.so.1 (0x0000feaf4afa0000)\n",
        "stderr": ""
      }
    },
    {
      "path": "/opt/afs-moose-round3-v85/var/mfs/metadata.mfs.empty",
      "exists": true,
      "expected_sha256": "e3b24c138492108e195cd0b310d5cb1bbebf02baed1ab4b4d6d07d9ad682a4ed",
      "sha256": "e3b24c138492108e195cd0b310d5cb1bbebf02baed1ab4b4d6d07d9ad682a4ed"
    }
  ],
  "status": "PASS"
}
