   Compiling afs-protocol v0.1.0 (/home/lzc.guest/afs-build/work/root-merged-v52/common/protocol)
    Checking afs-error v0.1.0 (/home/lzc.guest/afs-build/work/root-merged-v52/common/error)
error: large size difference between variants
   --> /home/lzc.guest/afs-build/target/debug/build/afs-protocol-6371076a8950e53a/out/afs.node.data.v1.rs:130:5
    |
130 | /     pub enum Body {
131 | |         #[prost(message, tag = "1")]
132 | |         Header(super::DfsPutReplicaHeader),
    | |         ---------------------------------- the largest variant contains at least 480 bytes
133 | |         #[prost(bytes, tag = "2")]
134 | |         Data(::prost::alloc::vec::Vec<u8>),
    | |         ---------------------------------- the second-largest variant contains at least 24 bytes
135 | |     }
    | |_____^ the entire enum is at least 480 bytes
    |
    = help: for further information visit https://rust-lang.github.io/rust-clippy/rust-1.95.0/index.html#large_enum_variant
    = note: `-D clippy::large-enum-variant` implied by `-D clippy::all`
    = help: to override `-D clippy::all` add `#[allow(clippy::large_enum_variant)]`
help: consider boxing the large fields or introducing indirection in some other way to reduce the total size of the enum
    |
132 -         Header(super::DfsPutReplicaHeader),
132 +         Header(Box<super::DfsPutReplicaHeader>),
    |

error: large size difference between variants
   --> /home/lzc.guest/afs-build/target/debug/build/afs-protocol-6371076a8950e53a/out/afs.node.data.v1.rs:166:5
    |
166 | /     pub enum Authority {
167 | |         #[prost(message, tag = "4")]
168 | |         ReplicaHeader(super::DfsPutReplicaHeader),
    | |         ----------------------------------------- the largest variant contains at least 480 bytes
169 | |         #[prost(message, tag = "5")]
170 | |         ReadRequest(super::DfsReadRangesRequest),
    | |         ---------------------------------------- the second-largest variant contains at least 120 bytes
171 | |     }
    | |_____^ the entire enum is at least 480 bytes
    |
    = help: for further information visit https://rust-lang.github.io/rust-clippy/rust-1.95.0/index.html#large_enum_variant
help: consider boxing the large fields or introducing indirection in some other way to reduce the total size of the enum
    |
168 -         ReplicaHeader(super::DfsPutReplicaHeader),
168 +         ReplicaHeader(Box<super::DfsPutReplicaHeader>),
    |

error: could not compile `afs-protocol` (lib test) due to 2 previous errors
warning: build failed, waiting for other jobs to finish...
error: could not compile `afs-protocol` (lib) due to 2 previous errors
