{
  "status": "PASS_COMPLETING_TOOL_IDENTITIES_ONLY",
  "tool_identities": {
    "python3": {
      "invocation_path": "/usr/bin/python3",
      "realpath": "/usr/bin/python3.12",
      "sha256": "c86f21d0da9290ece2d7d49a3f7ed52aed59cb029abdf0ea25c79634f6cbe960",
      "dev": 64769,
      "ino": 8165,
      "bytes": 7845048
    },
    "findmnt": {
      "invocation_path": "/usr/bin/findmnt",
      "realpath": "/usr/bin/findmnt",
      "sha256": "0ce223f42a582d43fc2a43b6aa23cada2da2b3b8f69906b2c3c939c0336d9055",
      "dev": 64769,
      "ino": 1933,
      "bytes": 69040
    },
    "ldd": {
      "invocation_path": "/usr/bin/ldd",
      "realpath": "/usr/bin/ldd",
      "sha256": "a241b34559d0bf762359bdc120babccab6873b8e97b0fae206523fac30126f1e",
      "dev": 64769,
      "ino": 1925,
      "bytes": 5334
    },
    "sha256sum": {
      "invocation_path": "/usr/bin/sha256sum",
      "realpath": "/usr/bin/sha256sum",
      "sha256": "f3d040161f5c29e4c7cd4e3d6bb513ce9a43b9d1bd06f456a6aab3d34d0f1e33",
      "dev": 64769,
      "ino": 2004,
      "bytes": 67896
    },
    "ip": {
      "invocation_path": "/usr/sbin/ip",
      "realpath": "/usr/bin/ip",
      "sha256": "4430e2386b96f3614a14f5ef4b07b7547de95ede97d501bad2d0e381defcbb90",
      "dev": 64769,
      "ino": 8902,
      "bytes": 812352
    },
    "ss": {
      "invocation_path": "/usr/bin/ss",
      "realpath": "/usr/bin/ss",
      "sha256": "b80cfa2fefe769074de4099676819f83a0186bc17a0acf198252b4d63d99470f",
      "dev": 64769,
      "ino": 8903,
      "bytes": 135992
    },
    "fusermount3": {
      "invocation_path": "/usr/bin/fusermount3",
      "realpath": "/usr/bin/fusermount3",
      "sha256": "f02a72a71fe768cfe48238e247470d6e42efe39d66b1be2509ce0a34ede978ad",
      "dev": 64769,
      "ino": 2179,
      "bytes": 67744
    },
    "rdma": {
      "invocation_path": "/usr/bin/rdma",
      "realpath": "/usr/bin/rdma",
      "sha256": "3261ae14b64737841be8dfbfac4f82e10733e700c09aaa901c71e6b7fa860d88",
      "dev": 64769,
      "ino": 8929,
      "bytes": 133408
    }
  },
  "rxe_provider_ldd": [
    {
      "path": "/usr/lib/aarch64-linux-gnu/libibverbs/librxe-rdmav34.so",
      "sha256": "9d4125ef4088b5f13af3ec829fd36ddf7a89af72c623b98e4cb5228cd847f090",
      "argv": [
        "/usr/bin/ldd",
        "/usr/lib/aarch64-linux-gnu/libibverbs/librxe-rdmav34.so"
      ],
      "exit": 0,
      "stdout": "\tlinux-vdso.so.1 (0x0000f3c95d058000)\n\tlibibverbs.so.1 => /opt/afs-3fs-round3-v84/lib/libibverbs.so.1 (0x0000f3c95cfa0000)\n\tlibc.so.6 => /lib/aarch64-linux-gnu/libc.so.6 (0x0000f3c95cde0000)\n\t/lib/ld-linux-aarch64.so.1 (0x0000f3c95d010000)\n\tlibnl-route-3.so.200 => /opt/afs-3fs-round3-v84/lib/libnl-route-3.so.200 (0x0000f3c95cd30000)\n\tlibnl-3.so.200 => /opt/afs-3fs-round3-v84/lib/libnl-3.so.200 (0x0000f3c95cce0000)\n",
      "stderr": ""
    },
    {
      "path": "/lib/aarch64-linux-gnu/libibverbs/librxe-rdmav34.so",
      "sha256": "9d4125ef4088b5f13af3ec829fd36ddf7a89af72c623b98e4cb5228cd847f090",
      "argv": [
        "/usr/bin/ldd",
        "/lib/aarch64-linux-gnu/libibverbs/librxe-rdmav34.so"
      ],
      "exit": 0,
      "stdout": "\tlinux-vdso.so.1 (0x0000e82ccd0c8000)\n\tlibibverbs.so.1 => /opt/afs-3fs-round3-v84/lib/libibverbs.so.1 (0x0000e82ccd010000)\n\tlibc.so.6 => /lib/aarch64-linux-gnu/libc.so.6 (0x0000e82ccce50000)\n\t/lib/ld-linux-aarch64.so.1 (0x0000e82ccd080000)\n\tlibnl-route-3.so.200 => /opt/afs-3fs-round3-v84/lib/libnl-route-3.so.200 (0x0000e82cccda0000)\n\tlibnl-3.so.200 => /opt/afs-3fs-round3-v84/lib/libnl-3.so.200 (0x0000e82cccd50000)\n",
      "stderr": ""
    }
  ],
  "resource_device_port_checks_repeated": false
}
