{
  "status": "PASS_NORMAL_EXIT0_NO_OWNED_PROCESS_MOUNT_OLD_UNCHANGED",
  "role": "a",
  "real_wait": {
    "pid": "850076",
    "exe": "/mnt/lima-afsadata/afs-delivery/owner-remote-delete-6d-bhome-20261007-r1/prefix/bin/afs-node",
    "config": "/mnt/lima-afsadata/afs-delivery/owner-remote-delete-6d-bhome-20261007-r1/etc/node.toml",
    "start_ticks": "57747408",
    "boot_id": "36a572e0-859b-4a94-adc7-789210a83fc8",
    "lifecycle": "/mnt/lima-afsadata/afs-delivery/owner-remote-delete-6d-bhome-20261007-r1/run/node.lifecycle.MUGAZH",
    "supervisor_pid": "850060",
    "exit_code": "0"
  },
  "owned_alive": [],
  "mounts_under_root": [],
  "old_incarnations_unchanged": [
    706366,
    707560,
    722421,
    723627,
    724361,
    727122,
    729413
  ],
  "available_bytes": 4184981504,
  "moose_real_wait": {
    "role": "a",
    "fixture": "owner-remote-delete-6d-bhome-20261007-r1",
    "root": "/mnt/lima-afsadata/afs-delivery/owner-remote-delete-6d-bhome-20261007-r1",
    "pid": 850231,
    "supervisor_pid": 850230,
    "exit_code": 0,
    "identity": {
      "role": "a",
      "fixture": "owner-remote-delete-6d-bhome-20261007-r1",
      "root": "/mnt/lima-afsadata/afs-delivery/owner-remote-delete-6d-bhome-20261007-r1",
      "argv": [
        "/opt/afs-moose-round3-v85/bin/mfsmount",
        "-f",
        "-H",
        "192.168.109.11",
        "-P",
        "23642",
        "-o",
        "allow_other,mfsnice=0,mfscachemode=AUTO,mfstimeout=30",
        "/mnt/lima-afsadata/afs-delivery/owner-remote-delete-6d-bhome-20261007-r1/mount/moose"
      ],
      "config_sha256": {
        "/mnt/lima-afsadata/afs-delivery/owner-remote-delete-6d-bhome-20261007-r1/etc/node.toml": "376b4048b4accde787d5674e9ff59f5a922a3b58cb4902e939892f75e44b0fb6"
      },
      "script_sha256": "cd0c1616a788460f8b6e30c3fb94127adecbd06cb937575b7a8da0685269ad8c",
      "boot_id": "36a572e0-859b-4a94-adc7-789210a83fc8",
      "state": "R",
      "start_ticks": 57747464,
      "exe_path": "/opt/afs-moose-round3-v85/bin/mfsmount",
      "exe_dev": 64769,
      "exe_inode": 266956,
      "pid": 850231,
      "supervisor_pid": 850230,
      "exe_sha256": "5752f91e2d174cc8a0a53df7b3713b3bed31fde5fe72a6f38cd86237ae3ebc37"
    },
    "identity_error": null,
    "wait_completed": true,
    "time_unix_ns": 1791328540533805742
  },
  "root_tree_bytes": 52650688
}
