{
  "status": "PASS_OLD_AFS_MOOSE_EXACT_MOUNTS_UNCHANGED",
  "old_mounts_checked": [],
  "current_mounts": {
    "filesystems": [
      {
        "target": "/",
        "source": "/dev/vda1",
        "fstype": "ext4",
        "id": 32,
        "options": "rw,relatime,discard,errors=remount-ro,commit=30",
        "children": [
          {
            "target": "/sys",
            "source": "sysfs",
            "fstype": "sysfs",
            "id": 26,
            "options": "rw,nosuid,nodev,noexec,relatime",
            "children": [
              {
                "target": "/sys/firmware/efi/efivars",
                "source": "efivarfs",
                "fstype": "efivarfs",
                "id": 31,
                "options": "rw,nosuid,nodev,noexec,relatime"
              },
              {
                "target": "/sys/kernel/security",
                "source": "securityfs",
                "fstype": "securityfs",
                "id": 33,
                "options": "rw,nosuid,nodev,noexec,relatime"
              },
              {
                "target": "/sys/fs/cgroup",
                "source": "cgroup2",
                "fstype": "cgroup2",
                "id": 36,
                "options": "rw,nosuid,nodev,noexec,relatime,nsdelegate,memory_recursiveprot"
              },
              {
                "target": "/sys/fs/pstore",
                "source": "pstore",
                "fstype": "pstore",
                "id": 37,
                "options": "rw,nosuid,nodev,noexec,relatime"
              },
              {
                "target": "/sys/fs/bpf",
                "source": "bpf",
                "fstype": "bpf",
                "id": 38,
                "options": "rw,nosuid,nodev,noexec,relatime,mode=700"
              },
              {
                "target": "/sys/kernel/debug",
                "source": "debugfs",
                "fstype": "debugfs",
                "id": 42,
                "options": "rw,nosuid,nodev,noexec,relatime",
                "children": [
                  {
                    "target": "/sys/kernel/debug/tracing",
                    "source": "tracefs",
                    "fstype": "tracefs",
                    "id": 129,
                    "options": "rw,nosuid,nodev,noexec,relatime"
                  }
                ]
              },
              {
                "target": "/sys/kernel/tracing",
                "source": "tracefs",
                "fstype": "tracefs",
                "id": 43,
                "options": "rw,nosuid,nodev,noexec,relatime"
              },
              {
                "target": "/sys/fs/fuse/connections",
                "source": "fusectl",
                "fstype": "fusectl",
                "id": 44,
                "options": "rw,nosuid,nodev,noexec,relatime"
              },
              {
                "target": "/sys/kernel/config",
                "source": "configfs",
                "fstype": "configfs",
                "id": 45,
                "options": "rw,nosuid,nodev,noexec,relatime"
              }
            ]
          },
          {
            "target": "/proc",
            "source": "proc",
            "fstype": "proc",
            "id": 27,
            "options": "rw,nosuid,nodev,noexec,relatime",
            "children": [
              {
                "target": "/proc/sys/fs/binfmt_misc",
                "source": "systemd-1",
                "fstype": "autofs",
                "id": 39,
                "options": "rw,relatime,fd=32,pgrp=1,timeout=0,minproto=5,maxproto=5,direct,pipe_ino=5198",
                "children": [
                  {
                    "target": "/proc/sys/fs/binfmt_misc",
                    "source": "binfmt_misc",
                    "fstype": "binfmt_misc",
                    "id": 51,
                    "options": "rw,nosuid,nodev,noexec,relatime"
                  }
                ]
              }
            ]
          },
          {
            "target": "/dev",
            "source": "udev",
            "fstype": "devtmpfs",
            "id": 28,
            "options": "rw,nosuid,relatime,size=2974872k,nr_inodes=743718,mode=755,inode64",
            "children": [
              {
                "target": "/dev/pts",
                "source": "devpts",
                "fstype": "devpts",
                "id": 29,
                "options": "rw,nosuid,noexec,relatime,gid=5,mode=620,ptmxmode=000"
              },
              {
                "target": "/dev/shm",
                "source": "tmpfs",
                "fstype": "tmpfs",
                "id": 34,
                "options": "rw,nosuid,nodev,inode64"
              },
              {
                "target": "/dev/hugepages",
                "source": "hugetlbfs",
                "fstype": "hugetlbfs",
                "id": 40,
                "options": "rw,nosuid,nodev,relatime,pagesize=2M"
              },
              {
                "target": "/dev/mqueue",
                "source": "mqueue",
                "fstype": "mqueue",
                "id": 41,
                "options": "rw,nosuid,nodev,noexec,relatime"
              }
            ]
          },
          {
            "target": "/run",
            "source": "tmpfs",
            "fstype": "tmpfs",
            "id": 30,
            "options": "rw,nosuid,nodev,noexec,relatime,size=605372k,mode=755,inode64",
            "children": [
              {
                "target": "/run/lock",
                "source": "tmpfs",
                "fstype": "tmpfs",
                "id": 35,
                "options": "rw,nosuid,nodev,noexec,relatime,size=5120k,inode64"
              },
              {
                "target": "/run/user/501",
                "source": "tmpfs",
                "fstype": "tmpfs",
                "id": 58,
                "options": "rw,nosuid,nodev,relatime,size=605368k,nr_inodes=151342,mode=700,uid=501,gid=1000,inode64"
              }
            ]
          },
          {
            "target": "/boot",
            "source": "/dev/vda16",
            "fstype": "ext4",
            "id": 47,
            "options": "rw,relatime",
            "children": [
              {
                "target": "/boot/efi",
                "source": "/dev/vda15",
                "fstype": "vfat",
                "id": 49,
                "options": "rw,relatime,fmask=0077,dmask=0077,codepage=437,iocharset=iso8859-1,shortname=mixed,errors=remount-ro"
              }
            ]
          },
          {
            "target": "/mnt/lima-cidata",
            "source": "/dev/vdc",
            "fstype": "iso9660",
            "id": 91,
            "options": "ro,relatime,nojoliet,overriderockperm,check=s,map=n,blocksize=2048,uid=0,dmode=700,fmode=700,iocharset=utf8"
          },
          {
            "target": "/mnt/lima-afsbdata",
            "source": "/dev/vdb1",
            "fstype": "ext4",
            "id": 100,
            "options": "rw,relatime"
          }
        ]
      }
    ]
  }
}
