{
  "status": "PASS_ADMISSION_BEFORE_NEW_ROOT",
  "role": "b",
  "dependencies": {
    "python3": "/usr/bin/python3",
    "openssl": "/usr/bin/openssl",
    "findmnt": "/usr/bin/findmnt",
    "tar": "/usr/bin/tar",
    "sha256sum": "/usr/bin/sha256sum",
    "timeout": "/usr/bin/timeout",
    "ldd": "/usr/bin/ldd",
    "curl": "/usr/bin/curl",
    "ss": "/usr/bin/ss"
  },
  "volume_mount": {
    "target": "/mnt/lima-afsbdata",
    "source": "/dev/vdb1",
    "fstype": "ext4",
    "options": "rw,relatime"
  },
  "free": 17787080704,
  "required": 5368709120,
  "selected_ports": [
    23500,
    23501,
    23643
  ],
  "actual_ipv4": [
    "127.0.0.1",
    "192.168.109.13"
  ],
  "root_absent": "/mnt/lima-afsbdata/afs-delivery/owner-remote-delete-6d-bhome-20261007-r1",
  "old_processes": [],
  "boot_id": "3adebcd0-cb31-4df0-b18a-e970786ab7fb"
}
