{
  "status": "PASS_OLD_AFS_MOOSE_EXACT_MOUNTS_UNCHANGED",
  "old_mounts_checked": [],
  "current_mounts": {
    "filesystems": [
      {
        "target": "/",
        "source": "/dev/vda1",
        "fstype": "ext4",
        "id": 32,
        "options": "rw,relatime,discard,errors=remount-ro,commit=30",
        "children": [
          {
            "target": "/sys",
            "source": "sysfs",
            "fstype": "sysfs",
            "id": 26,
            "options": "rw,nosuid,nodev,noexec,relatime",
            "children": [
              {
                "target": "/sys/firmware/efi/efivars",
                "source": "efivarfs",
                "fstype": "efivarfs",
                "id": 31,
                "options": "rw,nosuid,nodev,noexec,relatime"
              },
              {
                "target": "/sys/kernel/security",
                "source": "securityfs",
                "fstype": "securityfs",
                "id": 33,
                "options": "rw,nosuid,nodev,noexec,relatime"
              },
              {
                "target": "/sys/fs/cgroup",
                "source": "cgroup2",
                "fstype": "cgroup2",
                "id": 36,
                "options": "rw,nosuid,nodev,noexec,relatime,nsdelegate,memory_recursiveprot"
              },
              {
                "target": "/sys/fs/pstore",
                "source": "pstore",
                "fstype": "pstore",
                "id": 37,
                "options": "rw,nosuid,nodev,noexec,relatime"
              },
              {
                "target": "/sys/fs/bpf",
                "source": "bpf",
                "fstype": "bpf",
                "id": 38,
                "options": "rw,nosuid,nodev,noexec,relatime,mode=700"
              },
              {
                "target": "/sys/kernel/debug",
                "source": "debugfs",
                "fstype": "debugfs",
                "id": 42,
                "options": "rw,nosuid,nodev,noexec,relatime",
                "children": [
                  {
                    "target": "/sys/kernel/debug/tracing",
                    "source": "tracefs",
                    "fstype": "tracefs",
                    "id": 53,
                    "options": "rw,nosuid,nodev,noexec,relatime"
                  }
                ]
              },
              {
                "target": "/sys/kernel/tracing",
                "source": "tracefs",
                "fstype": "tracefs",
                "id": 43,
                "options": "rw,nosuid,nodev,noexec,relatime"
              },
              {
                "target": "/sys/fs/fuse/connections",
                "source": "fusectl",
                "fstype": "fusectl",
                "id": 44,
                "options": "rw,nosuid,nodev,noexec,relatime"
              },
              {
                "target": "/sys/kernel/config",
                "source": "configfs",
                "fstype": "configfs",
                "id": 45,
                "options": "rw,nosuid,nodev,noexec,relatime"
              }
            ]
          },
          {
            "target": "/proc",
            "source": "proc",
            "fstype": "proc",
            "id": 27,
            "options": "rw,nosuid,nodev,noexec,relatime",
            "children": [
              {
                "target": "/proc/sys/fs/binfmt_misc",
                "source": "systemd-1",
                "fstype": "autofs",
                "id": 39,
                "options": "rw,relatime,fd=32,pgrp=1,timeout=0,minproto=5,maxproto=5,direct,pipe_ino=5004",
                "children": [
                  {
                    "target": "/proc/sys/fs/binfmt_misc",
                    "source": "binfmt_misc",
                    "fstype": "binfmt_misc",
                    "id": 51,
                    "options": "rw,nosuid,nodev,noexec,relatime"
                  }
                ]
              },
              {
                "target": "/proc/fs/nfsd",
                "source": "nfsd",
                "fstype": "nfsd",
                "id": 350,
                "options": "rw,relatime"
              }
            ]
          },
          {
            "target": "/dev",
            "source": "udev",
            "fstype": "devtmpfs",
            "id": 28,
            "options": "rw,nosuid,relatime,size=1947808k,nr_inodes=486952,mode=755,inode64",
            "children": [
              {
                "target": "/dev/pts",
                "source": "devpts",
                "fstype": "devpts",
                "id": 29,
                "options": "rw,nosuid,noexec,relatime,gid=5,mode=620,ptmxmode=000"
              },
              {
                "target": "/dev/shm",
                "source": "tmpfs",
                "fstype": "tmpfs",
                "id": 34,
                "options": "rw,nosuid,nodev,inode64"
              },
              {
                "target": "/dev/mqueue",
                "source": "mqueue",
                "fstype": "mqueue",
                "id": 40,
                "options": "rw,nosuid,nodev,noexec,relatime"
              },
              {
                "target": "/dev/hugepages",
                "source": "hugetlbfs",
                "fstype": "hugetlbfs",
                "id": 41,
                "options": "rw,nosuid,nodev,relatime,pagesize=2M"
              }
            ]
          },
          {
            "target": "/run",
            "source": "tmpfs",
            "fstype": "tmpfs",
            "id": 30,
            "options": "rw,nosuid,nodev,noexec,relatime,size=399960k,mode=755,inode64",
            "children": [
              {
                "target": "/run/lock",
                "source": "tmpfs",
                "fstype": "tmpfs",
                "id": 35,
                "options": "rw,nosuid,nodev,noexec,relatime,size=5120k,inode64"
              },
              {
                "target": "/run/user/501",
                "source": "tmpfs",
                "fstype": "tmpfs",
                "id": 58,
                "options": "rw,nosuid,nodev,relatime,size=399956k,nr_inodes=99989,mode=700,uid=501,gid=1000,inode64"
              },
              {
                "target": "/run/rpc_pipefs",
                "source": "sunrpc",
                "fstype": "rpc_pipefs",
                "id": 75,
                "options": "rw,relatime"
              }
            ]
          },
          {
            "target": "/boot",
            "source": "/dev/vda16",
            "fstype": "ext4",
            "id": 47,
            "options": "rw,relatime",
            "children": [
              {
                "target": "/boot/efi",
                "source": "/dev/vda15",
                "fstype": "vfat",
                "id": 49,
                "options": "rw,relatime,fmask=0077,dmask=0077,codepage=437,iocharset=iso8859-1,shortname=mixed,errors=remount-ro"
              }
            ]
          },
          {
            "target": "/tmp/afs-ltp-ext4-full/base/.afs-std02-ltp-20260930T101932Z-00dcb4f9/commands/0632-writev03/tmp/LTP_wriNCIqOx/mntpoint",
            "source": "/dev/loop0",
            "fstype": "ext4",
            "id": 65,
            "options": "rw,relatime"
          },
          {
            "target": "/tmp/afs-ltp-ext4-full2/base/.afs-std02-ltp-20260930T102850Z-23c1867f/commands/0632-writev03/tmp/LTP_wriSTzuAd/mntpoint",
            "source": "/dev/loop1",
            "fstype": "btrfs",
            "id": 76,
            "options": "rw,relatime,discard=async,space_cache=v2,subvolid=5,subvol=/"
          },
          {
            "target": "/mnt/lima-cidata",
            "source": "/dev/vdc",
            "fstype": "iso9660",
            "id": 91,
            "options": "ro,relatime,nojoliet,overriderockperm,check=s,map=n,blocksize=2048,uid=0,dmode=700,fmode=700,iocharset=utf8"
          },
          {
            "target": "/mnt/lima-afsctlstate",
            "source": "/dev/vdb1",
            "fstype": "ext4",
            "id": 100,
            "options": "rw,relatime",
            "children": [
              {
                "target": "/mnt/lima-afsctlstate/v102w/ltpfull/.l639898a1/0632/t/LTP_wriBX4FIF/mntpoint",
                "source": "/dev/loop2",
                "fstype": "ext4",
                "id": 354,
                "options": "rw,relatime"
              }
            ]
          }
        ]
      }
    ]
  }
}
