{
  "status": "PASS_POSTCHECK",
  "commands": [
    {
      "argv": [
        "/usr/local/sbin/runc",
        "--root",
        "/opt/afs-managed-workspace-probe-remediation-20261007-r1/control/runtime-state",
        "list",
        "--format",
        "json"
      ],
      "rc": 0,
      "stdout": "null\n",
      "stderr": ""
    },
    {
      "argv": [
        "findmnt",
        "-rn",
        "--mountpoint",
        "/opt/afs-managed-workspace-probe-remediation-20261007-r1/mount/ownerfs"
      ],
      "rc": 1,
      "stdout": "",
      "stderr": ""
    }
  ],
  "runtime_result": {
    "status": "PASS",
    "scope": "single experimental managed OwnerFs workspace; not full G2.12/13",
    "source_commit": "7e6e00a6e2d7fdf3c1d606ee743a016a419ec25d",
    "driver_sha256": "0f52d1b59d31f95a325a630c9c2dc2f8592250a1af57ce5cc38628a414b66380",
    "basic_payload_selected": false,
    "source_rejection_selected": false,
    "control_capacity_selected": false,
    "orderly_recovery_selected": false,
    "node_shutdown_selected": true,
    "fuse_counters_selected": false,
    "fuse_counter_case": null,
    "semantic_groups": [],
    "cleanup": "PASS"
  },
  "source_commit": "7e6e00a6e2d7fdf3c1d606ee743a016a419ec25d",
  "admission_sha256": "00fb58b4805f7c42ef7f027be9e9bfa6e078e70e354d1fa9665dbe2f8a143859",
  "actual_waits": {
    "meta": {
      "path": "/opt/afs-managed-workspace-probe-remediation-20261007-r1/run/meta.lifecycle.tJx02Y",
      "child": {
        "pid": "89150",
        "exe": "/opt/afs-managed-workspace-probe-remediation-20261007-r1/prefix/bin/afs-meta",
        "config": "/opt/afs-managed-workspace-probe-remediation-20261007-r1/etc/meta.toml",
        "start_ticks": "9620726",
        "boot_id": "57e1dc25-0d6c-4738-ba94-015bc45428dd",
        "lifecycle": "/opt/afs-managed-workspace-probe-remediation-20261007-r1/run/meta.lifecycle.tJx02Y",
        "supervisor_pid": "89134"
      },
      "exit": {
        "pid": "89150",
        "exe": "/opt/afs-managed-workspace-probe-remediation-20261007-r1/prefix/bin/afs-meta",
        "config": "/opt/afs-managed-workspace-probe-remediation-20261007-r1/etc/meta.toml",
        "start_ticks": "9620726",
        "boot_id": "57e1dc25-0d6c-4738-ba94-015bc45428dd",
        "lifecycle": "/opt/afs-managed-workspace-probe-remediation-20261007-r1/run/meta.lifecycle.tJx02Y",
        "supervisor_pid": "89134",
        "exit_code": "0"
      },
      "ready": {
        "supervisor_pid": "89134"
      },
      "both_gone": true
    },
    "node": {
      "path": "/opt/afs-managed-workspace-probe-remediation-20261007-r1/run/node.lifecycle.QwNSrj",
      "child": {
        "pid": "89334",
        "exe": "/opt/afs-managed-workspace-probe-remediation-20261007-r1/prefix/bin/afs-node",
        "config": "/opt/afs-managed-workspace-probe-remediation-20261007-r1/etc/node.toml",
        "start_ticks": "9620743",
        "boot_id": "57e1dc25-0d6c-4738-ba94-015bc45428dd",
        "lifecycle": "/opt/afs-managed-workspace-probe-remediation-20261007-r1/run/node.lifecycle.QwNSrj",
        "supervisor_pid": "89318"
      },
      "exit": {
        "pid": "89334",
        "exe": "/opt/afs-managed-workspace-probe-remediation-20261007-r1/prefix/bin/afs-node",
        "config": "/opt/afs-managed-workspace-probe-remediation-20261007-r1/etc/node.toml",
        "start_ticks": "9620743",
        "boot_id": "57e1dc25-0d6c-4738-ba94-015bc45428dd",
        "lifecycle": "/opt/afs-managed-workspace-probe-remediation-20261007-r1/run/node.lifecycle.QwNSrj",
        "supervisor_pid": "89318",
        "exit_code": "0"
      },
      "ready": {
        "supervisor_pid": "89318"
      },
      "both_gone": true
    }
  },
  "four_service_pids_gone": [
    89150,
    89134,
    89334,
    89318
  ],
  "final_identity": {
    "container": {
      "ociVersion": "1.3.0",
      "id": "afs-native-first",
      "pid": 89498,
      "status": "running",
      "bundle": "/opt/afs-managed-workspace-probe-remediation-20261007-r1/control/bundle-afs-native-first",
      "rootfs": "/opt/afs-managed-workspace-probe-remediation-20261007-r1/control/bundle-afs-native-first/rootfs",
      "created": "2026-10-07T09:33:10.277805394Z",
      "owner": ""
    },
    "observed": {
      "flags": [
        "rw",
        "nosuid",
        "nodev",
        "relatime"
      ],
      "mount_id": 420,
      "namespace": {
        "dev": 4,
        "ino": 4026532355
      },
      "scope": "final-view identity; not production READY or revocation ACK",
      "source": {
        "dev": 64769,
        "ino": 829219
      },
      "unique_mount_id": 4294981202
    },
    "storage_path": [
      "/opt/afs-managed-workspace-probe-remediation-20261007-r1/state/node/ownerfs/root-776f726b7370616365-e1"
    ]
  },
  "actual_oci_config": {
    "hostname": "afs-native-workspace",
    "linux": {
      "namespaces": [
        {
          "type": "mount"
        },
        {
          "type": "pid"
        },
        {
          "type": "network"
        },
        {
          "type": "ipc"
        },
        {
          "type": "uts"
        },
        {
          "type": "cgroup"
        }
      ]
    },
    "mounts": [
      {
        "destination": "/proc",
        "options": [
          "nosuid",
          "nodev",
          "noexec"
        ],
        "source": "proc",
        "type": "proc"
      },
      {
        "destination": "/workspace",
        "options": [
          "bind",
          "rw",
          "nosuid",
          "nodev"
        ],
        "source": "/opt/afs-managed-workspace-probe-remediation-20261007-r1/mount/ownerfs/workspace",
        "type": "bind"
      }
    ],
    "ociVersion": "1.0.2",
    "process": {
      "args": [
        "/afs-workspace-probe",
        "idle"
      ],
      "capabilities": {
        "ambient": [],
        "bounding": [],
        "effective": [],
        "inheritable": [],
        "permitted": []
      },
      "cwd": "/",
      "env": [
        "PATH=/bin:/usr/bin"
      ],
      "noNewPrivileges": true,
      "rlimits": [
        {
          "hard": 256,
          "soft": 256,
          "type": "RLIMIT_NOFILE"
        }
      ],
      "terminal": false,
      "user": {
        "gid": 501,
        "uid": 501
      }
    },
    "root": {
      "path": "/opt/afs-managed-workspace-probe-remediation-20261007-r1/control/bundle-afs-native-first/rootfs",
      "readonly": true
    }
  },
  "seed": {
    "bytes": 35840,
    "sha256": "a19938334431dfd5bb84df16cc24b8afb6f8753c24647b523190383b29c6cd02"
  },
  "runtime_artifacts": {
    "command-0001.command.json": {
      "command": {
        "argv": [
          "--root",
          "/opt/afs-managed-workspace-probe-remediation-20261007-r1/control/runtime-state",
          "create",
          "--bundle",
          "/opt/afs-managed-workspace-probe-remediation-20261007-r1/control/bundle-afs-native-first",
          "afs-native-first"
        ],
        "program": "/usr/local/sbin/runc",
        "timeout_ms": 5000
      },
      "exit": {
        "code": 0,
        "reason": null,
        "success": true
      },
      "stdout": "",
      "stderr": "",
      "sha256": {
        "command-0001.command.json": "69a737321f50f4ae5bcc7788cce5f0aa635887b56c7fe8eca9252642a7895e6a",
        "command-0001.exit.json": "c859105ff40e0bef4d5d0e8d5a01f1755a58adfe9c524aba9a750f4edd6ac713",
        "command-0001.stdout": "e3b0c44298fc1c149afbf4c8996fb92427ae41e4649b934ca495991b7852b855",
        "command-0001.stderr": "e3b0c44298fc1c149afbf4c8996fb92427ae41e4649b934ca495991b7852b855"
      }
    },
    "command-0002.command.json": {
      "command": {
        "argv": [
          "--root",
          "/opt/afs-managed-workspace-probe-remediation-20261007-r1/control/runtime-state",
          "start",
          "afs-native-first"
        ],
        "program": "/usr/local/sbin/runc",
        "timeout_ms": 5000
      },
      "exit": {
        "code": 0,
        "reason": null,
        "success": true
      },
      "stdout": "",
      "stderr": "",
      "sha256": {
        "command-0002.command.json": "98b78d4bd6ad4a96b7b81e3f3d70175ac10b365928ec07f13c910e677f8b5bbc",
        "command-0002.exit.json": "c859105ff40e0bef4d5d0e8d5a01f1755a58adfe9c524aba9a750f4edd6ac713",
        "command-0002.stdout": "e3b0c44298fc1c149afbf4c8996fb92427ae41e4649b934ca495991b7852b855",
        "command-0002.stderr": "e3b0c44298fc1c149afbf4c8996fb92427ae41e4649b934ca495991b7852b855"
      }
    },
    "command-0003.command.json": {
      "command": {
        "argv": [
          "--root",
          "/opt/afs-managed-workspace-probe-remediation-20261007-r1/control/runtime-state",
          "state",
          "afs-native-first"
        ],
        "program": "/usr/local/sbin/runc",
        "timeout_ms": 1000
      },
      "exit": {
        "code": 0,
        "reason": null,
        "success": true
      },
      "stdout": "{\n  \"ociVersion\": \"1.3.0\",\n  \"id\": \"afs-native-first\",\n  \"pid\": 89498,\n  \"status\": \"running\",\n  \"bundle\": \"/opt/afs-managed-workspace-probe-remediation-20261007-r1/control/bundle-afs-native-first\",\n  \"rootfs\": \"/opt/afs-managed-workspace-probe-remediation-20261007-r1/control/bundle-afs-native-first/rootfs\",\n  \"created\": \"2026-10-07T09:33:10.277805394Z\",\n  \"owner\": \"\"\n}",
      "stderr": "",
      "sha256": {
        "command-0003.command.json": "192a42bf9cf9047d56afe4187311d414bdd6febf25fb1e477faef2aabb5d7069",
        "command-0003.exit.json": "c859105ff40e0bef4d5d0e8d5a01f1755a58adfe9c524aba9a750f4edd6ac713",
        "command-0003.stdout": "c7e49625e35642116acfb0bfeef3c070024d2bf51f89924953c06c439b364493",
        "command-0003.stderr": "e3b0c44298fc1c149afbf4c8996fb92427ae41e4649b934ca495991b7852b855"
      }
    },
    "command-0004.command.json": {
      "command": {
        "argv": [
          "--root",
          "/opt/afs-managed-workspace-probe-remediation-20261007-r1/control/runtime-state",
          "exec",
          "afs-native-first",
          "/afs-workspace-probe",
          "identity"
        ],
        "program": "/usr/local/sbin/runc",
        "timeout_ms": 5000
      },
      "exit": {
        "code": 0,
        "reason": null,
        "success": true
      },
      "stdout": "{\"flags\":[\"rw\",\"nosuid\",\"nodev\",\"relatime\"],\"mount_id\":420,\"namespace\":{\"dev\":4,\"ino\":4026532355},\"scope\":\"final-view identity; not production READY or revocation ACK\",\"source\":{\"dev\":64769,\"ino\":829219},\"unique_mount_id\":4294981202}\n",
      "stderr": "",
      "sha256": {
        "command-0004.command.json": "4f0eac081bf4c317b5e73653a536e4942c8ec5c4732d69f64ab858815bc8b2ea",
        "command-0004.exit.json": "c859105ff40e0bef4d5d0e8d5a01f1755a58adfe9c524aba9a750f4edd6ac713",
        "command-0004.stdout": "3134f6ee495ee523e8ee8cd4faf2c4a5ddd2d6518247ab04424170d40ae0e704",
        "command-0004.stderr": "e3b0c44298fc1c149afbf4c8996fb92427ae41e4649b934ca495991b7852b855"
      }
    },
    "command-0005.command.json": {
      "command": {
        "argv": [
          "--root",
          "/opt/afs-managed-workspace-probe-remediation-20261007-r1/control/runtime-state",
          "exec",
          "afs-native-first",
          "/afs-workspace-probe",
          "identity"
        ],
        "program": "/usr/local/sbin/runc",
        "timeout_ms": 5000
      },
      "exit": {
        "code": 0,
        "reason": null,
        "success": true
      },
      "stdout": "{\"flags\":[\"rw\",\"nosuid\",\"nodev\",\"relatime\"],\"mount_id\":420,\"namespace\":{\"dev\":4,\"ino\":4026532355},\"scope\":\"final-view identity; not production READY or revocation ACK\",\"source\":{\"dev\":64769,\"ino\":829219},\"unique_mount_id\":4294981202}\n",
      "stderr": "",
      "sha256": {
        "command-0005.command.json": "4f0eac081bf4c317b5e73653a536e4942c8ec5c4732d69f64ab858815bc8b2ea",
        "command-0005.exit.json": "c859105ff40e0bef4d5d0e8d5a01f1755a58adfe9c524aba9a750f4edd6ac713",
        "command-0005.stdout": "3134f6ee495ee523e8ee8cd4faf2c4a5ddd2d6518247ab04424170d40ae0e704",
        "command-0005.stderr": "e3b0c44298fc1c149afbf4c8996fb92427ae41e4649b934ca495991b7852b855"
      }
    },
    "command-0006.command.json": {
      "command": {
        "argv": [
          "--root",
          "/opt/afs-managed-workspace-probe-remediation-20261007-r1/control/runtime-state",
          "exec",
          "afs-native-first",
          "/bin/sh",
          "-ec",
          "test \"$(/bin/busybox sha256sum /workspace/seed | /bin/busybox cut -d \" \" -f 1)\" = a19938334431dfd5bb84df16cc24b8afb6f8753c24647b523190383b29c6cd02"
        ],
        "program": "/usr/local/sbin/runc",
        "timeout_ms": 120000
      },
      "exit": {
        "code": 0,
        "reason": null,
        "success": true
      },
      "stdout": "",
      "stderr": "",
      "sha256": {
        "command-0006.command.json": "ec82cbf8063eb904a5559825e5704b89025b812aa5885bbf5bbdca8f50bb23ac",
        "command-0006.exit.json": "c859105ff40e0bef4d5d0e8d5a01f1755a58adfe9c524aba9a750f4edd6ac713",
        "command-0006.stdout": "e3b0c44298fc1c149afbf4c8996fb92427ae41e4649b934ca495991b7852b855",
        "command-0006.stderr": "e3b0c44298fc1c149afbf4c8996fb92427ae41e4649b934ca495991b7852b855"
      }
    },
    "command-0007.command.json": {
      "command": {
        "argv": [
          "--root",
          "/opt/afs-managed-workspace-probe-remediation-20261007-r1/control/runtime-state",
          "state",
          "afs-native-first"
        ],
        "program": "/usr/local/sbin/runc",
        "timeout_ms": 1000
      },
      "exit": {
        "code": 0,
        "reason": null,
        "success": true
      },
      "stdout": "{\n  \"ociVersion\": \"1.3.0\",\n  \"id\": \"afs-native-first\",\n  \"pid\": 89498,\n  \"status\": \"running\",\n  \"bundle\": \"/opt/afs-managed-workspace-probe-remediation-20261007-r1/control/bundle-afs-native-first\",\n  \"rootfs\": \"/opt/afs-managed-workspace-probe-remediation-20261007-r1/control/bundle-afs-native-first/rootfs\",\n  \"created\": \"2026-10-07T09:33:10.277805394Z\",\n  \"owner\": \"\"\n}",
      "stderr": "",
      "sha256": {
        "command-0007.command.json": "192a42bf9cf9047d56afe4187311d414bdd6febf25fb1e477faef2aabb5d7069",
        "command-0007.exit.json": "c859105ff40e0bef4d5d0e8d5a01f1755a58adfe9c524aba9a750f4edd6ac713",
        "command-0007.stdout": "c7e49625e35642116acfb0bfeef3c070024d2bf51f89924953c06c439b364493",
        "command-0007.stderr": "e3b0c44298fc1c149afbf4c8996fb92427ae41e4649b934ca495991b7852b855"
      }
    },
    "command-0008.command.json": {
      "command": {
        "argv": [
          "--root",
          "/opt/afs-managed-workspace-probe-remediation-20261007-r1/control/runtime-state",
          "kill",
          "--all",
          "afs-native-first",
          "KILL"
        ],
        "program": "/usr/local/sbin/runc",
        "timeout_ms": 1000
      },
      "exit": {
        "code": 0,
        "reason": null,
        "success": true
      },
      "stdout": "",
      "stderr": "",
      "sha256": {
        "command-0008.command.json": "913f0b828bbbb135e9ba1089efd07a1028199aa413ab03efc5695cbc004e0583",
        "command-0008.exit.json": "c859105ff40e0bef4d5d0e8d5a01f1755a58adfe9c524aba9a750f4edd6ac713",
        "command-0008.stdout": "e3b0c44298fc1c149afbf4c8996fb92427ae41e4649b934ca495991b7852b855",
        "command-0008.stderr": "e3b0c44298fc1c149afbf4c8996fb92427ae41e4649b934ca495991b7852b855"
      }
    },
    "command-0009.command.json": {
      "command": {
        "argv": [
          "--root",
          "/opt/afs-managed-workspace-probe-remediation-20261007-r1/control/runtime-state",
          "state",
          "afs-native-first"
        ],
        "program": "/usr/local/sbin/runc",
        "timeout_ms": 1000
      },
      "exit": {
        "code": 0,
        "reason": null,
        "success": true
      },
      "stdout": "{\n  \"ociVersion\": \"1.3.0\",\n  \"id\": \"afs-native-first\",\n  \"pid\": 0,\n  \"status\": \"stopped\",\n  \"bundle\": \"/opt/afs-managed-workspace-probe-remediation-20261007-r1/control/bundle-afs-native-first\",\n  \"rootfs\": \"/opt/afs-managed-workspace-probe-remediation-20261007-r1/control/bundle-afs-native-first/rootfs\",\n  \"created\": \"2026-10-07T09:33:10.277805394Z\",\n  \"owner\": \"\"\n}",
      "stderr": "",
      "sha256": {
        "command-0009.command.json": "192a42bf9cf9047d56afe4187311d414bdd6febf25fb1e477faef2aabb5d7069",
        "command-0009.exit.json": "c859105ff40e0bef4d5d0e8d5a01f1755a58adfe9c524aba9a750f4edd6ac713",
        "command-0009.stdout": "be926d774c28a2d9e7793121a85475f3db6a8f997c57fe005922ffd71f2c7731",
        "command-0009.stderr": "e3b0c44298fc1c149afbf4c8996fb92427ae41e4649b934ca495991b7852b855"
      }
    },
    "command-0010.command.json": {
      "command": {
        "argv": [
          "--root",
          "/opt/afs-managed-workspace-probe-remediation-20261007-r1/control/runtime-state",
          "delete",
          "afs-native-first"
        ],
        "program": "/usr/local/sbin/runc",
        "timeout_ms": 1000
      },
      "exit": {
        "code": 0,
        "reason": null,
        "success": true
      },
      "stdout": "",
      "stderr": "",
      "sha256": {
        "command-0010.command.json": "b158bdc3ea1bdb7411a963056b9945940dbfe080922796834aef688bd3e7e0ec",
        "command-0010.exit.json": "c859105ff40e0bef4d5d0e8d5a01f1755a58adfe9c524aba9a750f4edd6ac713",
        "command-0010.stdout": "e3b0c44298fc1c149afbf4c8996fb92427ae41e4649b934ca495991b7852b855",
        "command-0010.stderr": "e3b0c44298fc1c149afbf4c8996fb92427ae41e4649b934ca495991b7852b855"
      }
    }
  },
  "protected_after": {
    "boot_id": "57e1dc25-0d6c-4738-ba94-015bc45428dd",
    "processes": [
      {
        "pid": 3554,
        "exe": "/usr/bin/gpg-agent (deleted)",
        "starttick": 4412560,
        "argv": "gpg-agent --homedir /var/tmp/afs-runc-admission-20261007-r1/gnupg --use-standard-socket --daemon ",
        "exe_sha256": "5bd7c61c431192d41478e288e6f5bba0287aa5e766b007db82d25f27c8b8cdd7"
      }
    ],
    "mountinfo": [
      "26 32 0:24 / /sys rw,nosuid,nodev,noexec,relatime shared:7 - sysfs sysfs rw",
      "27 32 0:25 / /proc rw,nosuid,nodev,noexec,relatime shared:13 - proc proc rw",
      "28 32 0:5 / /dev rw,nosuid,relatime shared:2 - devtmpfs udev rw,size=4020012k,nr_inodes=1005003,mode=755,inode64",
      "29 28 0:26 / /dev/pts rw,nosuid,noexec,relatime shared:3 - devpts devpts rw,gid=5,mode=620,ptmxmode=000",
      "30 32 0:27 / /run rw,nosuid,nodev,noexec,relatime shared:5 - tmpfs tmpfs rw,size=811364k,mode=755,inode64",
      "31 26 0:28 / /sys/firmware/efi/efivars rw,nosuid,nodev,noexec,relatime shared:8 - efivarfs efivarfs rw",
      "32 1 253:1 / / rw,relatime shared:1 - ext4 /dev/vda1 rw,discard,errors=remount-ro,commit=30",
      "33 26 0:6 / /sys/kernel/security rw,nosuid,nodev,noexec,relatime shared:9 - securityfs securityfs rw",
      "34 28 0:29 / /dev/shm rw,nosuid,nodev shared:4 - tmpfs tmpfs rw,inode64",
      "35 30 0:30 / /run/lock rw,nosuid,nodev,noexec,relatime shared:6 - tmpfs tmpfs rw,size=5120k,inode64",
      "36 26 0:31 / /sys/fs/cgroup rw,nosuid,nodev,noexec,relatime shared:10 - cgroup2 cgroup2 rw,nsdelegate,memory_recursiveprot",
      "37 26 0:32 / /sys/fs/pstore rw,nosuid,nodev,noexec,relatime shared:11 - pstore pstore rw",
      "38 26 0:33 / /sys/fs/bpf rw,nosuid,nodev,noexec,relatime shared:12 - bpf bpf rw,mode=700",
      "40 27 0:34 / /proc/sys/fs/binfmt_misc rw,relatime shared:14 - autofs systemd-1 rw,fd=32,pgrp=1,timeout=0,minproto=5,maxproto=5,direct,pipe_ino=3230",
      "41 28 0:22 / /dev/mqueue rw,nosuid,nodev,noexec,relatime shared:15 - mqueue mqueue rw",
      "42 26 0:7 / /sys/kernel/debug rw,nosuid,nodev,noexec,relatime shared:16 - debugfs debugfs rw",
      "43 28 0:35 / /dev/hugepages rw,nosuid,nodev,relatime shared:17 - hugetlbfs hugetlbfs rw,pagesize=2M",
      "44 26 0:12 / /sys/kernel/tracing rw,nosuid,nodev,noexec,relatime shared:18 - tracefs tracefs rw",
      "45 26 0:36 / /sys/fs/fuse/connections rw,nosuid,nodev,noexec,relatime shared:19 - fusectl fusectl rw",
      "46 26 0:23 / /sys/kernel/config rw,nosuid,nodev,noexec,relatime shared:20 - configfs configfs rw",
      "48 32 259:0 / /boot rw,relatime shared:30 - ext4 /dev/vda16 rw",
      "50 48 253:15 / /boot/efi rw,relatime shared:47 - vfat /dev/vda15 rw,fmask=0077,dmask=0077,codepage=437,iocharset=iso8859-1,shortname=mixed,errors=remount-ro",
      "52 40 0:37 / /proc/sys/fs/binfmt_misc rw,nosuid,nodev,noexec,relatime shared:49 - binfmt_misc binfmt_misc rw",
      "56 32 0:44 / /workspace/dms ro,relatime shared:147 - virtiofs lima-a7a710dc212e898d ro",
      "98 32 253:16 / /mnt/lima-cidata ro,relatime shared:350 - iso9660 /dev/vdb ro,nojoliet,overriderockperm,check=s,map=n,blocksize=2048,uid=0,dmode=700,fmode=700,iocharset=utf8",
      "58 30 0:49 / /run/user/501 rw,nosuid,nodev,relatime shared:99 - tmpfs tmpfs rw,size=811360k,nr_inodes=202840,mode=700,uid=501,gid=1000,inode64"
    ],
    "old_opt_elfs": {
      "/opt/afs-active-node-stop-20261007-r1/prefix/bin/afs-meta": {
        "sha256": "78e7ad556b8767af4bcc34c81fb94075011152254e26ed24b26a8f528b97d3a8",
        "dev": 64769,
        "ino": 826463,
        "size": 15788960
      },
      "/opt/afs-active-node-stop-20261007-r1/prefix/bin/afs-node": {
        "sha256": "d264a470372593ab00bd6c691f1e389492decf8e4c750a6b29b608719407d58a",
        "dev": 64769,
        "ino": 826464,
        "size": 25980792
      },
      "/opt/afs-hostbind-93169c8-r1/prefix/bin/afs-meta": {
        "sha256": "4150942fd873b879ab6dc9034904116cf1670904a259d6a081f3b0c1fd1e7343",
        "dev": 64769,
        "ino": 827430,
        "size": 15882088
      },
      "/opt/afs-hostbind-93169c8-r1/prefix/bin/afs-node": {
        "sha256": "9478f3e89905b310689c0727ce0adf28fc11a25444c9634f82055a664069b41d",
        "dev": 64769,
        "ino": 827431,
        "size": 26181088
      },
      "/opt/afs-main-bind-accepted-20261007-r1/prefix/bin/afs-meta": {
        "sha256": "f4d423fcced38cd0a6624b1104ff05c136974150d21590522a90a40e637aca0c",
        "dev": 64769,
        "ino": 825930,
        "size": 15879736
      },
      "/opt/afs-main-bind-accepted-20261007-r1/prefix/bin/afs-node": {
        "sha256": "de1d16895c062651aa9e9de375b9ac5bb5da5b52672a7d70093bebdd090bc9ee",
        "dev": 64769,
        "ino": 825931,
        "size": 26022400
      },
      "/opt/afs-managed-append-20261007-r8/prefix/bin/afs-meta": {
        "sha256": "2c7b7d088b759e3b9375080002182aa484a424b4fa216da1fb79a1004e96168e",
        "dev": 64769,
        "ino": 787201,
        "size": 15821088
      },
      "/opt/afs-managed-append-20261007-r8/prefix/bin/afs-node": {
        "sha256": "2cf1f538fe7af332a711f3c66a074ace140c00773826a182709a6445b8ae2645",
        "dev": 64769,
        "ino": 787202,
        "size": 25880120
      },
      "/opt/afs-managed-control-capacity-20261007-r1/prefix/bin/afs-meta": {
        "sha256": "2c7b7d088b759e3b9375080002182aa484a424b4fa216da1fb79a1004e96168e",
        "dev": 64769,
        "ino": 824929,
        "size": 15821088
      },
      "/opt/afs-managed-control-capacity-20261007-r1/prefix/bin/afs-node": {
        "sha256": "2cf1f538fe7af332a711f3c66a074ace140c00773826a182709a6445b8ae2645",
        "dev": 64769,
        "ino": 824930,
        "size": 25880120
      },
      "/opt/afs-managed-orderly-recovery-20261007-r1/prefix/bin/afs-meta": {
        "sha256": "8c53c693023249b69c22f51d8aad7d0950b0f1d3452534e219c3d1c7c906e286",
        "dev": 64769,
        "ino": 825362,
        "size": 15816704
      },
      "/opt/afs-managed-orderly-recovery-20261007-r1/prefix/bin/afs-node": {
        "sha256": "738ea5eaf0fe8f6412c99f79e26d1e3a92fba78a068510e7e27b129301d85324",
        "dev": 64769,
        "ino": 825363,
        "size": 25943584
      },
      "/opt/afs-managed-source-rejection-20261007-r1/prefix/bin/afs-meta": {
        "sha256": "2c7b7d088b759e3b9375080002182aa484a424b4fa216da1fb79a1004e96168e",
        "dev": 64769,
        "ino": 824619,
        "size": 15821088
      },
      "/opt/afs-managed-source-rejection-20261007-r1/prefix/bin/afs-node": {
        "sha256": "2cf1f538fe7af332a711f3c66a074ace140c00773826a182709a6445b8ae2645",
        "dev": 64769,
        "ino": 824620,
        "size": 25880120
      },
      "/opt/afs-managed-workspace-20261007-r1/prefix/bin/afs-meta": {
        "sha256": "08aee9fec2e7e12ce03912fa85e8bded28b2162de78c2c9c36703a9a1a6e58b8",
        "dev": 64769,
        "ino": 524440,
        "size": 15795096
      },
      "/opt/afs-managed-workspace-20261007-r1/prefix/bin/afs-node": {
        "sha256": "d6e7cd11a610e7f0839d2a3d2337cd92678432e15fcffb6fd2fa6a00860058b8",
        "dev": 64769,
        "ino": 524441,
        "size": 25966344
      },
      "/opt/afs-managed-workspace-20261007-r2/prefix/bin/afs-meta": {
        "sha256": "08aee9fec2e7e12ce03912fa85e8bded28b2162de78c2c9c36703a9a1a6e58b8",
        "dev": 64769,
        "ino": 524576,
        "size": 15795096
      },
      "/opt/afs-managed-workspace-20261007-r2/prefix/bin/afs-node": {
        "sha256": "d6e7cd11a610e7f0839d2a3d2337cd92678432e15fcffb6fd2fa6a00860058b8",
        "dev": 64769,
        "ino": 524577,
        "size": 25966344
      },
      "/opt/afs-managed-workspace-20261007-r4/prefix/bin/afs-meta": {
        "sha256": "2c7b7d088b759e3b9375080002182aa484a424b4fa216da1fb79a1004e96168e",
        "dev": 64769,
        "ino": 524880,
        "size": 15821088
      },
      "/opt/afs-managed-workspace-20261007-r4/prefix/bin/afs-node": {
        "sha256": "2cf1f538fe7af332a711f3c66a074ace140c00773826a182709a6445b8ae2645",
        "dev": 64769,
        "ino": 524881,
        "size": 25880120
      },
      "/opt/afs-managed-workspace-20261007-r5/prefix/bin/afs-meta": {
        "sha256": "2c7b7d088b759e3b9375080002182aa484a424b4fa216da1fb79a1004e96168e",
        "dev": 64769,
        "ino": 525309,
        "size": 15821088
      },
      "/opt/afs-managed-workspace-20261007-r5/prefix/bin/afs-node": {
        "sha256": "2cf1f538fe7af332a711f3c66a074ace140c00773826a182709a6445b8ae2645",
        "dev": 64769,
        "ino": 525310,
        "size": 25880120
      },
      "/opt/afs-managed-workspace-20261007-r6/prefix/bin/afs-meta": {
        "sha256": "2c7b7d088b759e3b9375080002182aa484a424b4fa216da1fb79a1004e96168e",
        "dev": 64769,
        "ino": 525673,
        "size": 15821088
      },
      "/opt/afs-managed-workspace-20261007-r6/prefix/bin/afs-node": {
        "sha256": "2cf1f538fe7af332a711f3c66a074ace140c00773826a182709a6445b8ae2645",
        "dev": 64769,
        "ino": 525674,
        "size": 25880120
      },
      "/opt/afs-managed-workspace-20261007-r7/prefix/bin/afs-meta": {
        "sha256": "2c7b7d088b759e3b9375080002182aa484a424b4fa216da1fb79a1004e96168e",
        "dev": 64769,
        "ino": 526080,
        "size": 15821088
      },
      "/opt/afs-managed-workspace-20261007-r7/prefix/bin/afs-node": {
        "sha256": "2cf1f538fe7af332a711f3c66a074ace140c00773826a182709a6445b8ae2645",
        "dev": 64769,
        "ino": 526081,
        "size": 25880120
      },
      "/opt/afs-workspace-bind-data-perf-20261007-r1/prefix/bin/afs-meta": {
        "sha256": "4150942fd873b879ab6dc9034904116cf1670904a259d6a081f3b0c1fd1e7343",
        "dev": 64769,
        "ino": 828055,
        "size": 15882088
      },
      "/opt/afs-workspace-bind-data-perf-20261007-r1/prefix/bin/afs-node": {
        "sha256": "9478f3e89905b310689c0727ce0adf28fc11a25444c9634f82055a664069b41d",
        "dev": 64769,
        "ino": 828056,
        "size": 26181088
      },
      "/opt/afs-workspace-bind-metadata-perf-20261007-r1/prefix/bin/afs-meta": {
        "sha256": "4150942fd873b879ab6dc9034904116cf1670904a259d6a081f3b0c1fd1e7343",
        "dev": 64769,
        "ino": 828708,
        "size": 15882088
      },
      "/opt/afs-workspace-bind-metadata-perf-20261007-r1/prefix/bin/afs-node": {
        "sha256": "9478f3e89905b310689c0727ce0adf28fc11a25444c9634f82055a664069b41d",
        "dev": 64769,
        "ino": 828709,
        "size": 26181088
      },
      "/opt/afs-workspace-callback-observed-20261007-r1/prefix/bin/afs-meta": {
        "sha256": "75864631b10ec053bb3ed09cc00dbf57befc967413be721cd539ec976d3bebb2",
        "dev": 64769,
        "ino": 826778,
        "size": 15811096
      },
      "/opt/afs-workspace-callback-observed-20261007-r1/prefix/bin/afs-node": {
        "sha256": "d54c2dc27f7915aaf907f7741699f91508d2e2c147dc9445de3ed72f08279ea9",
        "dev": 64769,
        "ino": 826779,
        "size": 26080848
      },
      "/opt/afs-workspace-host-runtime-20261007-r1/prefix/bin/afs-meta": {
        "sha256": "4150942fd873b879ab6dc9034904116cf1670904a259d6a081f3b0c1fd1e7343",
        "dev": 64769,
        "ino": 827626,
        "size": 15882088
      },
      "/opt/afs-workspace-host-runtime-20261007-r1/prefix/bin/afs-node": {
        "sha256": "9478f3e89905b310689c0727ce0adf28fc11a25444c9634f82055a664069b41d",
        "dev": 64769,
        "ino": 827627,
        "size": 26181088
      },
      "/opt/afs-workspace-host-runtime-20261007-r2/prefix/bin/afs-meta": {
        "sha256": "4150942fd873b879ab6dc9034904116cf1670904a259d6a081f3b0c1fd1e7343",
        "dev": 64769,
        "ino": 827830,
        "size": 15882088
      },
      "/opt/afs-workspace-host-runtime-20261007-r2/prefix/bin/afs-node": {
        "sha256": "9478f3e89905b310689c0727ce0adf28fc11a25444c9634f82055a664069b41d",
        "dev": 64769,
        "ino": 827831,
        "size": 26181088
      },
      "/opt/afs-workspace-metadata-callbacks-20261007-r1/prefix/bin/afs-meta": {
        "sha256": "75864631b10ec053bb3ed09cc00dbf57befc967413be721cd539ec976d3bebb2",
        "dev": 64769,
        "ino": 827112,
        "size": 15811096
      },
      "/opt/afs-workspace-metadata-callbacks-20261007-r1/prefix/bin/afs-node": {
        "sha256": "d54c2dc27f7915aaf907f7741699f91508d2e2c147dc9445de3ed72f08279ea9",
        "dev": 64769,
        "ino": 827113,
        "size": 26080848
      }
    }
  },
  "protected_exactly_unchanged": true,
  "frozen_inputs_after": {
    "template": {
      ".": {
        "dev": 64769,
        "ino": 829150,
        "mode": 16877,
        "uid": 0,
        "gid": 0,
        "size": 4096,
        "mtime_ns": 1791365589759984321,
        "ctime_ns": 1791365589759984321
      },
      "afs-workspace-probe": {
        "dev": 64769,
        "ino": 829163,
        "mode": 33261,
        "uid": 0,
        "gid": 0,
        "size": 559992,
        "mtime_ns": 1791365589751984344,
        "ctime_ns": 1791365589751984344,
        "sha256": "4499d7f24be16926a6564f3af7a3fe7b2e5e6bb07a36c5d907bc00cc4740c2c1"
      },
      "bin": {
        "dev": 64769,
        "ino": 829165,
        "mode": 16877,
        "uid": 0,
        "gid": 0,
        "size": 4096,
        "mtime_ns": 1791365589756984330,
        "ctime_ns": 1791365589756984330
      },
      "bin/busybox": {
        "dev": 64769,
        "ino": 829166,
        "mode": 33261,
        "uid": 0,
        "gid": 0,
        "size": 1914704,
        "mtime_ns": 1791365589755984332,
        "ctime_ns": 1791365589755984332,
        "sha256": "52151e7f322f926b64049cdaa1410dc3ea6485525e0624b05813791c219ae933"
      },
      "bin/sh": {
        "dev": 64769,
        "ino": 829167,
        "mode": 33261,
        "uid": 0,
        "gid": 0,
        "size": 1914704,
        "mtime_ns": 1791365589757984327,
        "ctime_ns": 1791365589757984327,
        "sha256": "52151e7f322f926b64049cdaa1410dc3ea6485525e0624b05813791c219ae933"
      },
      "lib": {
        "dev": 64769,
        "ino": 829168,
        "mode": 16877,
        "uid": 0,
        "gid": 0,
        "size": 4096,
        "mtime_ns": 1791365589759984321,
        "ctime_ns": 1791365589759984321
      },
      "lib/aarch64-linux-gnu": {
        "dev": 64769,
        "ino": 829169,
        "mode": 16877,
        "uid": 0,
        "gid": 0,
        "size": 4096,
        "mtime_ns": 1791365589758984324,
        "ctime_ns": 1791365589758984324
      },
      "lib/aarch64-linux-gnu/libc.so.6": {
        "dev": 64769,
        "ino": 829171,
        "mode": 33261,
        "uid": 0,
        "gid": 0,
        "size": 1722920,
        "mtime_ns": 1791365589759984321,
        "ctime_ns": 1791365589759984321,
        "sha256": "0f1905dc27dbc6715875c70527bc8da846a10084c9c483e9d8ff76dce8d69d0e"
      },
      "lib/aarch64-linux-gnu/libgcc_s.so.1": {
        "dev": 64769,
        "ino": 829170,
        "mode": 33261,
        "uid": 0,
        "gid": 0,
        "size": 133696,
        "mtime_ns": 1791365589757984327,
        "ctime_ns": 1791365589757984327,
        "sha256": "f2d3ad2bf0b61f6bc944cc37d7b6ab7f88d2582b41ff989ca164803f56cc5f20"
      },
      "lib/ld-linux-aarch64.so.1": {
        "dev": 64769,
        "ino": 829172,
        "mode": 33261,
        "uid": 0,
        "gid": 0,
        "size": 203968,
        "mtime_ns": 1791365589759984321,
        "ctime_ns": 1791365589759984321,
        "sha256": "390027e5f45f236bd1838bc54bf464c5ff01d260ab9f8b415ea8276641bce505"
      },
      "proc": {
        "dev": 64769,
        "ino": 829174,
        "mode": 16877,
        "uid": 0,
        "gid": 0,
        "size": 4096,
        "mtime_ns": 1791365589759984321,
        "ctime_ns": 1791365589759984321
      },
      "workspace": {
        "dev": 64769,
        "ino": 829173,
        "mode": 16877,
        "uid": 0,
        "gid": 0,
        "size": 4096,
        "mtime_ns": 1791365589759984321,
        "ctime_ns": 1791365589759984321
      }
    },
    "config_prefix": {
      "etc/env": "0704f1ac93f1393eba01ebb9b1eba58f1d680f2929290e04a24da50f75774279",
      "etc/meta.toml": "ee709faa2bb712c631cde82215f220d17342a1a6b27bba31503cd06a5194d66a",
      "etc/node-dfs.toml": "1cbf14a081a005c26d92a3e362c034310524bdccba52a6d57138b0618ac6592e",
      "etc/node-ownerfs.toml": "1cbf14a081a005c26d92a3e362c034310524bdccba52a6d57138b0618ac6592e",
      "etc/node.toml": "1cbf14a081a005c26d92a3e362c034310524bdccba52a6d57138b0618ac6592e",
      "etc/tls/ca-key.pem": "48b8849af3d2bd583557aba50b12163bb81a05514625972b2f6f9773d89d3a3b",
      "etc/tls/ca.pem": "01491dbcf14968d5973bde8b5523d7eba3f9abb50cad02222488c935a897bdf9",
      "etc/tls/ca.srl": "65c713893cfdcaa4f8e431adfcc8b26e2c5f4de5d06c88b776f9615b23150ec6",
      "etc/tls/meta-key.pem": "4f22906023489c1ca7a3c3fa7a30929d2fa5f941aa6234a5fb21d3807ef93dca",
      "etc/tls/meta.pem": "0de1c06dd0b7300355534c982f5a60e9c79fdab8883d7132f042d937267cf2c1",
      "etc/tls/node-a-key.pem": "273ecb7fab3adfe2c4b67c4ec5f63469dd0b72b7a1b0094f046f3996a3542255",
      "etc/tls/node-a.pem": "94fe31fa14899d8b9ef299af4f9c7429ad243231990d5937ead0948a23b7e688",
      "prefix/DEPENDENCIES.md": "23252af9e85749e0ba1bc780165a4aecb0bb040a37885654a388173864f6a8ad",
      "prefix/bin/afs-meta": "76a1e34c91697382cba9b3ad1e7bc5a758dd90ca8ededc823fefb9f13708cba2",
      "prefix/bin/afs-node": "c47be268dc894aac089a020130f7527c58fbc6ada0152ff57f99061c73997fb7",
      "prefix/bin/afs-processctl": "1ea10552180c917da2c598bee9dd8fecee7be26ae9d70dcdcba2e4829150d896",
      "prefix/bin/afs-selfcheck": "573d174c6cae3581e080532ae59e207d92e27b730f08190b1ee99d457bedfb4a",
      "prefix/bin/afs-trial-config": "c47783f9525826d4a0e137499bb1a779f94b3474c7355dd53aec0e615b98889b",
      "prefix/bin/dep02-smoke.sh": "0a5d929c9a6da73235c3fe8e2e4623ea9813b5e6a59027d95a1cc9d2d886f0c2",
      "prefix/docs/guides/trial.md": "17be09a73f99c50682d04febe0d29c096f416eeb31991c1eab926d5579fe796d",
      "prefix/manifest.json": "c96f7c52a202e71f2da81cb4792d05d55d10905eccf708d17a1efc56ee630363"
    },
    "meta_state_directory": {
      "path": "/opt/afs-managed-workspace-probe-remediation-20261007-r1/state/meta",
      "dev": 64769,
      "ino": 829190
    }
  },
  "template_prefix_config_meta_identity_unchanged": true,
  "capacity": {
    "roots": {
      "/var/tmp/afs-managed-workspace-probe-remediation-20261007-r1": 15466496,
      "/opt/afs-managed-workspace-probe-remediation-20261007-r1": 95342592,
      "/opt/afs-workspace-probe-remediation-20261007-r1": 6488064,
      "/tmp/afs-workspace-probe-remediation-transfer-r1": 15130624
    },
    "allocated_bytes": 132427776,
    "ceiling_bytes": 536870912,
    "free_bytes": 7926829056,
    "floor_bytes": 1073741824,
    "incremental_allocated_bytes": 95739904
  },
  "scope": "one explicit-command managed workspace node-shutdown; no broad ON or G1 claim; owned runc KILL is not graceful drain"
}
