{
  "status": "PREPARED_TEST_ROOTFS_ONLY",
  "rootfs": "/opt/afs-workspace-probe-remediation-20261007-r1/rootfs",
  "manifest": "/var/tmp/afs-managed-workspace-probe-remediation-20261007-r1/rootfs-inputs.json",
  "files": {
    "afs-workspace-probe": {
      "source": "/var/tmp/afs-managed-workspace-probe-remediation-20261007-r1/inputs/afs-workspace-probe",
      "sha256": "4499d7f24be16926a6564f3af7a3fe7b2e5e6bb07a36c5d907bc00cc4740c2c1",
      "bytes": 559992,
      "mode": "0o755"
    },
    "bin/busybox": {
      "source": "/opt/afs-managed-orderly-recovery-20261007-r1/rootfs/bin/busybox",
      "sha256": "52151e7f322f926b64049cdaa1410dc3ea6485525e0624b05813791c219ae933",
      "bytes": 1914704,
      "mode": "0o755"
    },
    "bin/sh": {
      "source": "/opt/afs-managed-orderly-recovery-20261007-r1/rootfs/bin/busybox",
      "sha256": "52151e7f322f926b64049cdaa1410dc3ea6485525e0624b05813791c219ae933",
      "bytes": 1914704,
      "mode": "0o755"
    },
    "lib/aarch64-linux-gnu/libgcc_s.so.1": {
      "source": "/usr/lib/aarch64-linux-gnu/libgcc_s.so.1",
      "sha256": "f2d3ad2bf0b61f6bc944cc37d7b6ab7f88d2582b41ff989ca164803f56cc5f20",
      "bytes": 133696,
      "mode": "0o755"
    },
    "lib/aarch64-linux-gnu/libc.so.6": {
      "source": "/usr/lib/aarch64-linux-gnu/libc.so.6",
      "sha256": "0f1905dc27dbc6715875c70527bc8da846a10084c9c483e9d8ff76dce8d69d0e",
      "bytes": 1722920,
      "mode": "0o755"
    },
    "lib/ld-linux-aarch64.so.1": {
      "source": "/usr/lib/aarch64-linux-gnu/ld-linux-aarch64.so.1",
      "sha256": "390027e5f45f236bd1838bc54bf464c5ff01d260ab9f8b415ea8276641bce505",
      "bytes": 203968,
      "mode": "0o755"
    }
  },
  "commands": [
    {
      "argv": [
        "ldd",
        "/var/tmp/afs-managed-workspace-probe-remediation-20261007-r1/inputs/afs-workspace-probe"
      ],
      "rc": 0,
      "stdout": "\tlinux-vdso.so.1 (0x0000e5e9f3849000)\n\tlibgcc_s.so.1 => /lib/aarch64-linux-gnu/libgcc_s.so.1 (0x0000e5e9f3740000)\n\tlibc.so.6 => /lib/aarch64-linux-gnu/libc.so.6 (0x0000e5e9f3580000)\n\t/lib/ld-linux-aarch64.so.1 (0x0000e5e9f3800000)\n",
      "stderr": "",
      "linkage": "dynamic"
    },
    {
      "argv": [
        "ldd",
        "/opt/afs-managed-orderly-recovery-20261007-r1/rootfs/bin/busybox"
      ],
      "rc": 1,
      "stdout": "",
      "stderr": "\tnot a dynamic executable\n",
      "linkage": "static-arm64-elf"
    }
  ],
  "idle_command": [
    "/afs-workspace-probe",
    "idle"
  ],
  "identity_command": [
    "/afs-workspace-probe",
    "identity"
  ]
}
