{
  "source_commit": "7e6e00a6e2d7fdf3c1d606ee743a016a419ec25d",
  "files": {
    "development/acceptance/native-workspace-linux.py": {
      "sha256": "0f52d1b59d31f95a325a630c9c2dc2f8592250a1af57ce5cc38628a414b66380",
      "bytes": 26408
    },
    "development/acceptance/installed-smoke-linux.py": {
      "sha256": "2e857135d05e5e7380d3dc5f4cec51a80a7045541c7f5f3fc708c6dffc9c1bea",
      "bytes": 13639
    },
    "development/acceptance/probes/native_orderly_recovery.py": {
      "sha256": "3dc731423f47ee08bb35d7b020402466f74bcbdffdbf7d7ec72207ae710b4064",
      "bytes": 15544
    },
    "scripts/ownerfs/native-workspace-control.py": {
      "sha256": "11b32a45f5e24801260acddfc47e3a4e7e16385c3f0a2af08e0dba9a9573217b",
      "bytes": 2603
    },
    "development/acceptance/prepare-workspace-rootfs-linux.py": {
      "sha256": "3f9e71ea2028462fa9e42313cae35f6cf8124b644c38f677186a57b65c8d990f",
      "bytes": 5383
    }
  }
}
