    Finished `test` profile [unoptimized + debuginfo] target(s) in 0.06s
     Running unittests src/lib.rs (/home/lzc.guest/afs-build/target/debug/deps/afs-586e1b701367e588)

running 413 tests
test config::certificate_tests::trusted_certificates_normalize_pem_and_preserve_der ... ok
test config::certificate_tests::malformed_or_empty_trusted_certificate_fails_closed ... ok
test meta::dfs::read_recovery_tests::corruption_report_blocks_when_all_sources_are_bad ... ok
test meta::dfs::read_recovery_tests::corruption_report_exact_replay_does_not_remark_newer_repaired_copy ... ok
test meta::dfs::read_recovery_tests::corruption_report_fresh_stale_quarantine_ack_preserves_newer_repair ... ok
test meta::dfs::read_recovery_tests::corruption_report_excludes_bad_own_copy_and_persists_repair_debt ... ok
test meta::dfs::read_recovery_tests::corruption_report_rejects_modified_request_reusing_same_operation ... ok
test meta::dfs::read_recovery_tests::corruption_report_rejects_forged_identity_device_revision_and_session ... ok
test meta::dfs::read_recovery_tests::legacy_direct_commit_outcome_rejects_replay_but_keeps_state_readable ... ok
test meta::dfs::read_recovery_tests::live_read_copy_allows_new_writes_above_startup_catalog_floor ... ok
test meta::dfs::read_recovery_tests::late_exact_report_with_full_receipts_completes_and_replays ... ok
test meta::dfs::read_recovery_tests::namespace_outcome_validates_condition_failed_existing_digest ... ok
test meta::dfs::read_recovery_tests::mismatched_source_copy_is_not_claimable ... ok
test meta::dfs::read_recovery_tests::recovered_r1_copy_serves_new_epoch_without_mutating_durable_evidence ... ok
test meta::dfs::read_recovery_tests::recovered_read_copy_rejects_regressed_missing_expired_or_wrong_authority ... ok
test meta::dfs::read_recovery_tests::recovered_read_copy_rejects_changed_device_and_insufficient_catalog ... ok
test meta::dfs::read_recovery_tests::repair_report_requires_full_desired_receipts ... ok
test meta::dfs::read_recovery_tests::expired_worker_blocks_without_source_before_repair_lease_expires ... ok
test meta::dfs::read_recovery_tests::replication_claim_is_idempotent_and_digest_bound ... ok
test meta::dfs::read_recovery_tests::restarted_worker_reclaims_unexpired_repair_without_waiting_for_task_lease ... ok
test meta::dfs::read_recovery_tests::restored_source_device_can_claim_repair_with_new_epoch ... ok
test meta::rpc::tests::validate_root_access_binds_meta_tls_to_validator_not_presented_holder ... ok
test meta::rpc::tests::validate_root_access_rejects_wrong_meta_tls_validator ... ok
test meta::rpc::tests::validate_root_access_rejects_wrong_observed_peer ... ok
test meta::store::etcd::tests::etcd_ack_reconnect_and_stale_cas_on_dedicated_instance ... ok
test meta::store::local_file::tests::checksum_corruption_is_rejected ... ok
test meta::dfs::read_recovery_tests::source_invalid_marks_only_proven_source_and_blocks_without_live_source ... ok
test meta::store::local_file::tests::empty_snapshot_is_corruption_not_fresh_authority ... ok
test meta::store::local_file::tests::process_lock_rejects_second_open ... ok
test meta::dfs::read_recovery_tests::stale_reassigned_report_returns_superseded_code ... ok
test meta::store::local_file::tests::replays_committed_frames_after_reopen ... ok
test meta::store::redis::tests::parses_required_config_get_shape ... ok
test meta::store::redis::tests::redis_ack_reconnect_and_stale_cas_on_dedicated_instance ... ignored, requires a fresh dedicated durable Redis; see development/validation.md
test meta::store::tests::concurrent_commands_keep_distinct_ordered_logical_revisions ... ok
test meta::store::tests::current_session_match_rejects_expired_session ... ok
test meta::store::tests::entity_names_are_stable_for_diagnostics ... ok
test meta::store::local_file::tests::torn_wal_tail_is_truncated_and_ignored ... ok
test meta::store::tests::failed_commit_poison_store_instead_of_exposing_stale_authority ... ok
test meta::store::tests::meta_store_is_replaceable_behind_a_trait_object ... ok
test meta::store::tests::node_session_liveness_uses_strict_expiry_boundary ... ok
test meta::store::tests::expired_session_id_cannot_be_registered_again ... ok
test meta::store::tests::pending_write_is_invisible_until_backend_ack ... ok
test meta::store::tests::pinned_read_view_keeps_one_revision_across_later_commits ... ok
test meta::store::tests::root_grant_read_rejects_expired_holder_session ... ok
test meta::store::tests::root_grant_read_rejects_expired_home_session ... ok
test meta::store::tests::snapshot_bytes_are_independent_of_hash_map_insertion_order ... ok
test meta::store::tests::store_replays_business_state_from_dedicated_etcd ... ok
test meta::store::tests::transaction_rejects_reused_request_id_for_other_operation ... ok
test meta::store::tests::transaction_requires_same_commit_idempotent_outcome ... ok
test meta::store::tests::unavailable_store_is_explicit_not_an_in_memory_fallback ... ok
test meta::store::tests::watch_allows_multiple_ordered_keys_in_one_revision ... ok
test meta::store::tests::watch_batch_rejects_duplicate_positions_within_a_revision ... ok
test meta::tests::lookup_node_treats_expired_current_session_as_absent ... ok
test node::api::local::tests::active_local_api_socket_is_preserved ... ok
test node::api::local::tests::competing_local_api_startup_preserves_first_listener ... ok
test node::api::local::tests::non_socket_local_api_path_is_preserved ... ok
test node::api::local::tests::serve_local_api_reclaims_stale_socket_before_bind ... ok
test node::api::local::tests::socket_lock_symlink_is_preserved ... ok
test node::api::local::tests::stale_local_api_socket_is_removed ... ok
test node::api::local::tests::stale_socket_reclaim_preserves_replacement_inode ... ok
test node::api::local::tests::symlink_local_api_path_is_preserved ... ok
test meta::store::tests::replay_and_session_fencing_survive_store_reopen ... ok
test node::chunk::replica_replay_tests::corrupt_cataloged_chunk_is_replaced_by_immutable_retry ... ok
test node::chunk::replica_replay_tests::immutable_chunk_retry_preserves_content_after_catalog_advances_and_restart ... ok
test node::chunk::replica_replay_tests::pinned_reader_preserves_descriptor_identity_and_eof_behavior ... ok
test node::chunk::replica_replay_tests::pinned_reader_rejects_truncation_without_publishing_a_partial_read ... ok
test node::chunk::replica_replay_tests::pinned_reader_verifies_partial_ranges_and_rejects_damage_outside_them ... ok
test meta::store::local_file::tests::compaction_bounds_wal_growth ... ok
test node::chunk::replica_replay_tests::quarantine_survives_restart_and_verified_replacement_clears_it ... ok
test node::dfs_read::tests::diagnostic_cold_corrupted_local_copy_uses_healthy_peer ... ok
test node::dfs_read::tests::diagnostic_warm_corrupted_local_copy_uses_healthy_peer ... ok
test node::chunk::replica_replay_tests::recovery_quarantines_missing_or_truncated_chunks_without_losing_healthy_files ... ok
test node::dfs_read::tests::failed_batch_retries_each_original_copy_before_advancing_candidates ... ok
test node::dfs_read::tests::local_read_uses_verified_reader_without_source_lookup ... ok
test node::dfs_read::tests::peer_batch_keeps_each_copy_and_grant_while_coalescing_one_peer ... ok
test node::dfs_read::tests::read_configuration_is_explicitly_bounded_by_the_wire_contract ... ok
test node::dfs_read::tests::remote_read_uses_scratch_and_falls_back_between_sources ... ok
test node::fuse::dispatch_tests::blocking_lock_pool_rejects_when_queue_is_full_without_running_inline ... ok
test node::dfs_read::tests::same_chunk_in_another_version_refreshes_grant_without_rewriting_identity ... ok
test node::fuse::dispatch_tests::independent_fuse_jobs_overlap_before_either_finishes ... ok
test node::fuse::dispatch_tests::lock_request_conversion_preserves_flock_namespace_and_unlock ... ok
test node::fuse::dispatch_tests::metadata_groups_require_matching_kernel_identity ... ok
test node::fuse::dispatch_tests::pending_lock_registry_remembers_interrupt_before_worker_registration ... ok
test node::fuse::dispatch_tests::process_start_ignores_spaces_and_parentheses_in_command_name ... ok
test node::fuse::dispatch_tests::queued_same_handle_attribute_callbacks_do_not_block_unrelated_handles ... ok
test node::fuse::dispatch_tests::same_handle_callbacks_keep_order_while_other_handles_progress ... ok
test node::fuse::dispatch_tests::sparse_file_attributes_keep_allocated_blocks_separate_from_eof ... ok
test node::fuse::dispatch_tests::xattr_create_replace_and_invalid_flags_keep_linux_contract ... ok
test node::fuse::dispatch_tests::xattr_size_query_short_buffer_and_empty_value_are_distinct ... ok
test node::fuse::state::tests::forget_drops_backend_inode_after_lookup_refs_are_released ... ok
test node::fuse::state::tests::forget_never_drops_backend_root ... ok
test node::fuse::state::tests::handles_survive_inode_lookup_forget ... ok
test node::dfs_read::tests::quarantined_local_copy_and_no_readable_peer_return_eio_without_output ... ok
test node::replication::tests::async_desired_three_sync_one_does_not_wait_for_tail ... ok
test node::replication::tests::configurable_two_and_four_copy_chains_return_distinct_durable_acks ... ok
test node::replication::tests::corruption_worker_keeps_quarantine_but_does_not_wedge_on_definitive_rejection ... ok
test node::replication::tests::corruption_worker_retries_cas_with_exact_identity ... ok
test node::replication::tests::corruption_worker_retains_exact_report_and_does_not_resend_after_ack ... ok
test node::replication::tests::duplicate_node_placement_is_rejected_before_any_chunk_side_effect ... ok
test node::replication::tests::failure_domain_constraint_extends_synchronous_prefix ... ok
test node::replication::tests::missing_or_duplicate_tail_ack_is_not_a_successful_receipt ... ok
test node::replication::tests::next_hop_preserves_initiator_and_stops_at_sync_prefix ... ok
test node::replication::tests::non_head_local_rn_fails_before_prepare_or_local_persist ... ok
test node::replication::tests::preferred_remote_head_does_not_create_unassigned_local_copy ... ok
test node::replication::tests::put_batch_groups_by_stable_chunk_plan_and_preserves_receipt_order ... ok
test node::replication::tests::receiver_execution_requires_meta_target_and_authenticated_predecessor ... ok
test node::replication::tests::durable_middle_with_missing_tail_retries_content_and_returns_complete_receipt ... ok
test node::replication::tests::repair_claim_survives_common_grpc_and_rdma_replica_header ... ok
test node::replication::tests::repair_worker_advances_only_after_specific_superseded_proof ... ok
test node::replication::tests::repair_worker_preserves_claim_identity_after_unknown_ack ... ok
test node::replication::tests::repair_worker_refuses_expired_claim_without_transfer_or_report ... ok
test node::replication::tests::repair_worker_refuses_oversized_chunk_before_allocating_or_transfer ... ok
test node::replication::tests::repair_worker_replays_report_without_retransferring_chunk ... ok
test meta::dfs::read_recovery_tests::lost_target_persists_repair_debt_before_replacement_is_available ... ok
test node::replication::tests::repair_worker_reports_corrupt_source_without_peer_bytes ... ok
test node::replication::tests::repair_worker_reports_missing_source_without_peer_bytes ... ok
test node::replication::tests::repair_worker_retains_exact_report_after_generic_cas_conflict ... ok
test node::rpc::control::tests::closed_rdma_endpoints_retain_admission_until_last_owner_drops ... ignored, requires a Linux RXE device from AFS_RDMA_DEVICE
test node::rpc::control::tests::concurrent_rdma_admission_is_bounded_per_registry ... ok
test node::rpc::control::tests::dfs_and_owner_peer_session_identities_do_not_alias ... ok
test node::replication::tests::repair_worker_retains_report_after_unrelated_reply ... ok
test node::rpc::control::tests::legacy_handshake_is_rejected_before_allocating_rdma_resources ... ok
test node::rpc::control::tests::owner_peer_session_identity_binds_every_root_access_field ... ok
test node::rpc::control::tests::failed_rdma_native_allocation_releases_admission ... ok
test node::rpc::control::tests::owner_peer_session_identity_is_structured_not_colon_encoded ... ok
test node::rpc::control::tests::ping_returns_pong_for_literal_ping ... ok
test node::rpc::control::tests::unknown_and_closed_sessions_are_rejected ... ok
test node::rpc::control::tests::rdma_admission_is_per_registry_and_recovers_on_permit_drop ... ok
test node::rpc::data::owner_tests::mtls_authenticator_fails_closed_without_verified_cert ... ok
test node::rpc::data::owner_tests::mtls_authenticator_binds_peer_identity_to_exact_leaf_der ... ok
test node::rpc::data::owner_tests::mtls_authenticator_rejects_ambiguous_cert_config ... ok
test node::rpc::data::tests::auto_without_rdma_device_falls_back_to_grpc ... ok
test node::rpc::data::tests::dfs_product_rdma_replica_and_read_real_verbs ... ignored, requires explicit Linux RXE device; product payload, not diagnostic NodeData
test node::rpc::data::tests::dfs_range_request_rejects_expired_grants_and_unbounded_batches ... ok
test node::rpc::data::tests::dfs_corrupt_range_publishes_no_grpc_frames_or_rdma_completions ... ok
test node::rpc::data::tests::dfs_rdma_packed_ranges_reject_gaps_capacity_and_wrong_caller ... ok
test node::rpc::data::tests::dfs_range_service_requires_authority_and_streams_bounded_frames ... ok
test node::replication::tests::rn_write_batch_refreshes_placement_before_replica_receipts ... ok
test node::rpc::data::tests::dfs_read_authority_batch_cache_and_adversarial_identity ... ok
test node::rpc::data::tests::dfs_read_authority_session_rotation_is_bounded_by_original_cache_lease ... ok
test node::rpc::data::tests::dfs_read_authority_tolerates_meta_clock_skew_without_extending_cache ... ok
test node::fuse::dispatch_tests::dropping_fuse_dispatch_waits_for_admitted_jobs ... ok
test node::rpc::data::tests::forced_rdma_without_device_does_not_fallback_to_grpc ... ok
test node::rpc::data::tests::grpc_inline_write_then_read_uses_storage ... ok
test node::rpc::data::tests::owner_files_attr_dir_and_fsync_rpcs_are_registered_but_not_faked ... ok
test node::rpc::data::tests::owner_files_namespace_rpcs_forward_caller_and_expected_identity ... ok
test node::rpc::data::tests::owner_files_service_is_registered_but_not_faked ... ok
test node::rpc::data::tests::public_grpc_client_and_servers_move_eight_bytes ... ok
test node::rpc::data::tests::rdma_read_validates_session_before_touching_storage ... ok
test node::rpc::data::tests::dfs_read_grants_meta_and_peer_grpc_stream_real_authority ... ok
test node::rpc::data::tests::dfs_replica_grpc_stream_durable_retry_and_malformed_body ... ok
test node::rpc::meta::tests::replication_claim_rejects_invalid_chunk_digest_length ... ok
test node::rpc::meta::tests::replication_claim_wire_round_trip_preserves_authority_identity ... ok
test node::rpc::meta::tests::replication_task_rejects_unspecified_state ... ok
test node::rpc::peer::dfs_rdma_tests::read_completion_binds_attempt_copy_range_and_payload_checksum ... ok
test node::rpc::peer::dfs_rdma_tests::read_windows_split_at_registered_capacity_and_preserve_destinations ... ok
test node::rpc::peer::tests::cancellation_guard_poisons_unfinished_session_and_disarm_preserves_it ... ok
test node::rpc::peer::tests::grpc_client_rejects_read_reply_shape_mismatch ... ok
test node::rpc::peer::tests::grpc_client_rejects_write_count_mismatch ... ok
test node::rpc::peer::tests::owner_grpc_malformed_replies_do_not_count_successful_payload_bytes ... ok
test node::rpc::peer::tests::owner_grpc_payload_bytes_count_successful_logical_bytes ... ok
test node::rpc::peer::tests::owner_prefetch_cache_hits_do_not_count_as_client_rpc_or_payload ... ok
test node::rpc::peer::tests::owner_rdma_client_admission_rejects_before_endpoint_open ... ok
test node::rpc::peer::tests::owner_rdma_missing_device_errors_are_counted_by_client_timer ... ok
test node::rpc::peer::tests::owner_release_retries_transient_failures_without_losing_handle ... ok
test node::rpc::peer::tests::owner_release_treats_stale_handle_as_idempotent_success ... ok
test node::rpc::peer::tests::peer_pool_never_regresses_epoch_even_after_channel_eviction ... ok
test node::rpc::peer::tests::poisoning_preserves_failure_category ... ok
test node::rpc::peer::tests::range_decoder_rejects_duplicate_stale_and_corrupt_frames ... ok
test node::rpc::peer::tests::range_decoder_requires_every_operation_and_completion ... ok
test node::shutdown_tests::cleanup_keeps_first_failure_after_later_cleanup ... ok
test node::shutdown_tests::heartbeat_retries_transport_failure_but_stops_expired_session ... ok
test node::storage::tests::rejects_paths_outside_single_component_scope ... ok
test node::storage::tests::rejects_reads_past_end_without_padding ... ok
test node::storage::tests::writes_and_reads_exact_requested_range ... ok
test node::rpc::meta::tests::grpc_dfs_meta_focused_timeouts_bound_hanging_rpc ... ok
test node::vfs::dfs::tests::background_writeback_does_not_hold_table_behind_locked_inode ... ok
test node::vfs::dfs::tests::background_writeback_expired_before_lease_renewal_defers_cleanly ... ok
test node::vfs::dfs::tests::background_writeback_cursor_advances_after_partial_timed_passes ... ok
test node::vfs::dfs::tests::background_writeback_passes_remaining_timeout_to_each_candidate ... ok
test node::vfs::dfs::tests::background_writeback_rotates_bounded_scan_across_clean_and_busy_entries ... ok
test node::vfs::dfs::tests::background_writeback_skips_active_commit_and_preserves_exact_request ... ok
test node::vfs::dfs::tests::caller_serializes_same_route_open_admission_until_ack ... ok
test node::vfs::dfs::tests::clean_retained_write_state_path_resize_reacquires_fresh_epoch ... ok
test node::vfs::dfs::tests::clean_retained_write_state_rejects_delayed_older_epoch ... ok
test node::vfs::dfs::tests::close_flush_commits_dirty_data_without_an_explicit_sync ... ok
test node::vfs::dfs::tests::close_flush_reports_a_commit_error_instead_of_success ... ok
test node::vfs::dfs::tests::closed_metadata_dirty_write_state_reopen_adopts_fresh_epoch_without_old_renewal ... ok
test node::vfs::dfs::tests::deadline_commit_error_preserves_exact_batch_for_retry ... ok
test node::vfs::dfs::tests::definite_meta_invalid_blocks_subsequent_mutation ... ok
test node::vfs::dfs::tests::delayed_older_readonly_observation_does_not_downgrade_clean_committed_view ... ok
test node::vfs::dfs::tests::dfs_closed_lock_session_rejects_late_waiter ... ok
test node::vfs::dfs::tests::dfs_local_posix_locks_conflict_and_release_by_owner ... ok
test node::vfs::dfs::tests::dfs_local_setlk_postgrant_transient_renewal_keeps_lock ... ok
test node::vfs::dfs::tests::dfs_lock_authority_epoch_replaces_old_table ... ok
test node::vfs::dfs::tests::dfs_lock_authority_refresh_waits_for_renewal_guard_and_preserves_terminal_state ... ok
test node::vfs::dfs::tests::dfs_lock_background_renewal_starts_with_retry_budget ... ok
test node::vfs::dfs::tests::dfs_lock_expiry_waits_for_inflight_renewal_completion ... ok
test node::rpc::data::tests::repair_worker_replays_real_grpc_claim_and_report_after_lost_ack ... ok
test node::vfs::dfs::tests::dfs_lock_renewal_confirmed_fence_invalidates_same_identity_extended_state ... ok
test node::vfs::dfs::tests::dfs_lock_renewal_old_success_hint_does_not_shorten_newer_state ... ok
test node::vfs::dfs::tests::dfs_lock_renewal_retry_after_expiry_records_local_stale_error ... ok
test node::vfs::dfs::tests::dfs_lock_renewal_stale_retry_error_does_not_fence_extended_state ... ok
test node::vfs::dfs::tests::dfs_lock_renewal_success_accepts_live_response_after_old_expiry ... ok
test node::vfs::dfs::tests::dfs_lock_renewal_success_does_not_resurrect_terminal_authority ... ok
test node::vfs::dfs::tests::dfs_lock_renewal_terminal_fence_invalidates_locks_and_waiters ... ok
test node::vfs::dfs::tests::dfs_lock_renewal_transient_error_preserves_locks_and_waiters ... ok
test node::vfs::dfs::tests::dfs_owner_cancel_before_authority_precancels_replayed_waiter ... ok
test node::vfs::dfs::tests::dfs_owner_lock_authority_is_bound_to_authenticated_peer ... ok
test node::vfs::dfs::tests::dfs_owner_lock_release_is_scoped_by_authenticated_process_session ... ok
test node::vfs::dfs::tests::dfs_owner_lock_session_release_is_scoped_by_authenticated_process_session ... ok
test node::vfs::dfs::tests::dfs_owner_lock_waiter_must_share_owner_ingress_scope ... ok
test node::vfs::dfs::tests::dfs_owner_set_lock_postgrant_transient_renewal_keeps_lock ... ok
test node::vfs::dfs::tests::dfs_posix_lock_checks_file_access ... ok
test node::vfs::dfs::tests::dfs_reaps_lock_scopes_for_expired_peer_process_session ... ok
test node::vfs::dfs::tests::dfs_release_locks_without_authority_does_not_open_write ... ok
test node::vfs::dfs::tests::dfs_remote_lock_precancel_survives_replayed_waiter_identity ... ok
test node::vfs::dfs::tests::dfs_remote_lock_session_presence_is_not_refcounted_by_lock_count ... ok
test node::vfs::dfs::tests::dfs_release_scoped_session_cleans_scope_when_closed_tombstones_are_full ... ok
test node::vfs::dfs::tests::dfs_remote_lock_waiter_route_rejects_duplicate_identity ... ok
test node::vfs::dfs::tests::dfs_remote_lock_session_release_failure_retains_identity_for_retry ... ok
test node::vfs::dfs::tests::dirty_budget_append_write_serializes_concurrent_full_sync ... ok
test node::vfs::dfs::tests::dirty_budget_append_write_serializes_concurrent_resize ... ok
test node::vfs::dfs::tests::dirty_budget_counts_payload_not_sparse_holes ... ok
test node::vfs::dfs::tests::dirty_budget_returns_admitted_bytes_and_latches_later_error ... ok
test node::vfs::dfs::tests::dirty_budget_sync_write_error_does_not_report_unconfirmed_bytes ... ok
test node::vfs::dfs::tests::dirty_budget_unknown_commit_ack_preserves_exact_request_and_backpressures_next_write ... ok
test node::vfs::dfs::tests::dirty_write_state_rejects_fresh_epoch_without_losing_dirty_data ... ok
test node::vfs::dfs::tests::dirty_budget_writeback_splits_streaming_writes_without_per_write_meta_rpc ... ok
test node::vfs::dfs::tests::dsync_write_commits_data_without_promoting_to_full_inode_sync ... ok
test node::vfs::dfs::tests::explicit_mtime_refresh_overrides_dirty_write_mtime_for_full_sync ... ok
test node::vfs::dfs::tests::failed_metadata_only_sync_keeps_request_identity_and_blocks_writes ... ok
test node::vfs::dfs::tests::failed_resize_commit_keeps_batch_identity_and_blocks_new_dirty_for_retry ... ok
test node::vfs::dfs::tests::foreground_sync_does_not_use_writeback_meta_timeout_slice ... ok
test node::vfs::dfs::tests::former_local_clean_state_does_not_shadow_remote_provider ... ok
test node::vfs::dfs::tests::fresh_readonly_open_preserves_dirty_open_writer_after_external_commit ... ok
test node::vfs::dfs::tests::fresh_readonly_open_preserves_inflight_commit_after_external_commit ... ok
test node::vfs::dfs::tests::fresh_readonly_open_refreshes_retained_committed_view_after_external_commit ... ok
test node::vfs::dfs::tests::getattr_refreshes_active_write_state_from_meta_without_losing_dirty_mtime ... ok
test node::vfs::dfs::tests::full_sync_after_pending_data_only_commit_also_syncs_metadata ... ok
test node::vfs::dfs::tests::handle_resize_shrink_then_grow_masks_old_tail_without_new_chunk ... ok
test node::vfs::dfs::tests::hardlink_refreshes_active_write_state_nlink ... ok
test node::vfs::dfs::tests::interrupted_owner_lock_wait_does_not_run_post_mutation_renewal ... ok
test node::vfs::dfs::tests::killpriv_pending_clear_commits_before_plain_chmod ... ok
test node::vfs::dfs::tests::killpriv_resize_clears_mode_on_explicit_cause ... ok
test node::vfs::dfs::tests::killpriv_positive_write_clears_suid_and_executable_sgid_until_commit ... ok
test node::vfs::dfs::tests::killpriv_setattr_on_special_inode_uses_normal_meta_attribute_path ... ok
test node::vfs::dfs::tests::killpriv_zero_write_does_not_clear_mode ... ok
test node::vfs::dfs::tests::metadata_changes_refresh_active_write_state_after_close ... ok
test node::vfs::dfs::tests::metadata_dirty_write_state_rejects_fresh_epoch_after_head_change ... ok
test node::vfs::dfs::tests::mknod_creates_special_inode_without_write_session ... ok
test node::vfs::dfs::tests::namespace_and_xattr_refresh_preserve_dirty_write_mtime_for_full_sync ... ok
test node::vfs::dfs::tests::old_owner_lease_data_ops_are_denied_but_release_cleans_resource ... ok
test node::vfs::dfs::tests::owner_handle_reap_requires_definite_caller_session_replacement ... ok
test node::vfs::dfs::tests::owner_open_cleanup_identity_cancels_late_open_without_allocation ... ok
test node::vfs::dfs::tests::owner_open_cleanup_release_failure_retains_active_identity ... ok
test node::vfs::dfs::tests::owner_open_cleanup_wrong_scope_does_not_close_active_handle ... ok
test node::vfs::dfs::tests::owner_open_finish_after_session_reaper_cleans_allocated_handle ... ok
test node::vfs::dfs::tests::owner_open_inflight_cleanup_wrong_scope_does_not_cancel ... ok
test node::vfs::dfs::tests::owner_open_open_write_failure_clears_inflight_admission ... ok
test node::vfs::dfs::tests::owner_open_replay_returns_same_handle_and_changed_fingerprint_is_rejected ... ok
test node::vfs::dfs::tests::owner_open_replay_state_retires_with_authoritative_caller_session ... ok
test node::vfs::dfs::tests::owner_open_unknown_cleanup_advances_highwater_without_tombstone_growth ... ok
test node::vfs::dfs::tests::owner_open_validate_inode_failure_clears_inflight_admission ... ok
test node::vfs::dfs::tests::path_resize_to_remote_owner_uses_owner_rpc_not_local_lease ... ok
test node::vfs::dfs::tests::path_resize_uses_inode_state_without_opening_a_writer ... ok
test node::vfs::dfs::tests::paused_companion_release_retires_provider_before_fresh_read ... ok
test node::vfs::dfs::tests::pending_remote_release_groups_retired_session_lookup_and_preserves_fair_cap ... ok
test node::vfs::dfs::tests::pending_remote_release_mixed_sessions_retire_old_and_release_same_session ... ok
test node::vfs::dfs::tests::pending_remote_release_retires_replaced_or_absent_owner_session ... ok
test node::vfs::dfs::tests::pending_remote_release_retry_pass_attempts_each_existing_handle_once ... ok
test node::vfs::dfs::tests::pending_remote_release_retry_pass_caps_attempts_and_rotates_fairly ... ok
test node::vfs::dfs::tests::pending_remote_release_unknown_owner_session_retains_debt ... ok
test node::vfs::dfs::tests::previously_open_readonly_handle_tracks_append_and_shrink_grow ... ok
test node::vfs::dfs::tests::readonly_close_does_not_commit_another_handles_dirty_writes ... ok
test node::vfs::dfs::tests::readonly_handles_share_the_current_mount_dirty_and_committed_view ... ok
test node::vfs::dfs::tests::long_lived_low_open_sequence_does_not_block_later_admissions ... ok
test node::vfs::dfs::tests::remote_cancel_ack_failure_retains_waiter_for_background_retry ... ok
test node::vfs::dfs::tests::remote_interrupted_lock_wait_does_not_issue_redundant_cancel_ack ... ok
test node::vfs::dfs::tests::remote_open_ack_loss_queues_cleanup_identity_and_late_replay_does_not_reopen ... ok
test node::vfs::dfs::tests::remote_open_admission_lock_cleanup_keeps_reused_lock_with_users ... ok
test node::vfs::dfs::tests::remote_owner_append_retry_is_idempotent_and_dirty_read_is_visible ... ok
test node::vfs::dfs::tests::remote_owner_write_after_local_close_rebinds_metadata_dirty_state ... ok
test node::vfs::dfs::tests::remote_provider_lifecycle_wait_idle_times_out_with_admitted_io ... ok
test node::rpc::data::tests::dfs_replica_grpc_three_hops_retry_missing_tail ... ok
test node::vfs::dfs::tests::remote_release_ack_loss_is_retained_and_drained_idempotently ... ok
test node::vfs::dfs::tests::remote_release_before_apply_failure_is_retained_and_later_drained ... ok
test node::vfs::dfs::tests::remote_release_capacity_rejects_new_admission_without_owner_open ... ok
test node::vfs::dfs::tests::remote_release_failure_after_companion_close_still_removes_provider ... ok
test node::vfs::dfs::tests::remote_status_metadata_error_preserves_exact_request_for_retry ... ok
test node::vfs::dfs::tests::retiring_provider_waits_for_inflight_fresh_read_before_owner_release ... ok
test node::vfs::dfs::tests::sparse_write_materializes_only_payload_chunk ... ok
test node::vfs::dfs::tests::temporary_remote_close_does_not_restore_released_previous_provider ... ok
test node::vfs::dfs::tests::temporary_remote_release_failure_still_restores_previous_provider ... ok
test node::vfs::dfs::tests::temporary_remote_resize_preserves_existing_remote_provider ... ok
test node::vfs::dfs::tests::unknown_commit_ack_replays_original_request_after_namespace_revision_change ... ok
test node::vfs::dfs::tests::writeonly_handle_cannot_read_the_inode_view ... ok
test node::vfs::dfs::tests::writeonly_read_companion_ack_loss_has_independent_cleanup_identity ... ok
test node::vfs::dfs::tests::writeonly_remote_provider_supports_fresh_readonly_reader ... ok
test node::vfs::dfs::tests::wrong_peer_cannot_release_live_owner_handle ... ok
test node::vfs::locks::tests::ack_higher_waiter_does_not_retire_delayed_lower_waiter ... ok
test node::vfs::locks::tests::acknowledged_terminal_outcome_retains_replay_capacity_until_session_close ... ok
test node::vfs::locks::tests::acknowledged_waiter_id_cannot_regrant ... ok
test node::vfs::locks::tests::bounded_waiters_fail_closed ... ok
test node::vfs::locks::tests::cancel_after_blocking_grant_reports_granted_without_releasing_owner ... ok
test node::vfs::locks::tests::cancel_live_waiter_reports_cancelled_and_does_not_grant ... ok
test node::vfs::locks::tests::cancelled_waiter_capacity_does_not_drop_existing_marker ... ok
test node::vfs::locks::tests::closed_session_capacity_preserves_other_session_locks ... ok
test node::vfs::locks::tests::detects_simple_blocking_deadlock_cycle ... ok
test node::vfs::locks::tests::detects_transitive_deadlock_cycle ... ok
test node::vfs::locks::tests::duplicate_live_waiter_id_is_rejected ... ok
test node::vfs::locks::tests::flush_owner_releases_all_posix_locks_without_flock ... ok
test node::vfs::locks::tests::interrupt_after_register_wakes_blocking_waiter ... ok
test node::vfs::locks::tests::interrupt_before_register_is_observed ... ok
test node::vfs::locks::tests::live_cancel_at_outcome_capacity_keeps_waiter_registered ... ok
test node::vfs::locks::tests::nonblocking_conflict_returns_would_block_and_first_conflict ... ok
test node::vfs::locks::tests::owner_release_converts_unacked_grant_to_cancelled_terminal ... ok
test node::vfs::locks::tests::owner_release_does_not_reclaim_cancelled_outcomes_before_ack ... ok
test node::vfs::locks::tests::owner_release_does_not_reclaim_retired_replay_fence ... ok
test node::vfs::locks::tests::owner_release_reclaims_matching_granted_outcomes ... ok
test node::vfs::locks::tests::partial_unlock_that_would_exceed_capacity_keeps_original_locks ... ok
test node::vfs::locks::tests::pending_lower_waiter_survives_newer_ack ... ok
test node::vfs::locks::tests::posix_and_flock_do_not_conflict ... ok
test node::vfs::locks::tests::release_final_ofd_releases_flock_only ... ok
test node::vfs::locks::tests::release_session_cancels_blocked_waiters_and_drops_active_locks ... ok
test node::vfs::locks::tests::release_session_prevents_late_waiter_from_recreating_lock ... ok
test node::vfs::locks::tests::release_session_reclaims_retired_capacity ... ok
test node::vfs::locks::tests::retired_identity_capacity_is_bounded ... ok
test node::vfs::locks::tests::same_owner_ranges_merge_split_and_unlock_at_eof ... ok
test node::vfs::locks::tests::upgrade_trims_only_same_owner_ranges ... ok
test node::vfs::locks::tests::waiter_id_includes_ingress_session ... ok
test node::vfs::ownerfs::catalog::tests::long_workspace_name_does_not_expand_catalog_temp_basename ... ok
test node::vfs::ownerfs::root::tests::activate_reply_loss_keeps_catalog_for_recovery ... ok
test node::vfs::ownerfs::root::tests::active_meta_root_without_catalog_fails_closed ... ok
test node::vfs::ownerfs::root::tests::invalidation_prevents_new_local_operations ... ok
test node::vfs::ownerfs::root::tests::mismatched_node_session_never_enters_cache ... ok
test node::vfs::ownerfs::root::tests::old_home_session_never_enters_new_process_cache ... ok
test node::vfs::ownerfs::root::tests::only_activated_root_with_requested_right_can_enter ... ok
test node::vfs::ownerfs::root::tests::peer_access_is_validated_once_then_cached ... ok
test node::vfs::ownerfs::root::tests::pending_root_with_unexpected_file_fails_without_deleting_data ... ok
test node::vfs::ownerfs::root::tests::startup_cancels_each_pending_create_cut_without_exposing_a_root ... ok
test node::vfs::ownerfs::root::tests::startup_finishes_cleanup_after_abort_commit ... ok
test node::vfs::ownerfs::root::tests::watch_disconnect_blocks_new_admission_without_marking_revoke_ack_done ... ok
test node::vfs::ownerfs::tests::cached_root_entry_allocates_fresh_inode_when_active_root_identity_changes ... ok
test node::vfs::ownerfs::tests::expired_peer_session_reaps_only_its_home_handles ... ok
test node::vfs::ownerfs::tests::freshly_created_root_getattr_uses_real_directory_identity ... ok
test node::vfs::ownerfs::tests::getattr_without_fh_observes_held_unlinked_inode_not_reused_path ... ok
test node::vfs::ownerfs::tests::home_handle_is_bound_to_its_peer_root_session_and_identity ... ok
test node::vfs::dfs::tests::background_writeback_expired_before_send_retains_exact_pending_for_replay ... ok
test node::vfs::ownerfs::tests::local_and_peer_create_inherit_sgid_parent ... ok
test node::vfs::ownerfs::tests::local_and_peer_rename_enforce_sticky_destination_victim ... ok
test node::vfs::ownerfs::tests::local_create_existing_does_not_reset_owner_or_mode ... ok
test node::vfs::ownerfs::tests::local_create_mkdir_and_mknod_preserve_kernel_filtered_modes ... ok
test node::vfs::ownerfs::tests::local_directory_listing_uses_backend_entries ... ok

running 1 test
test node::vfs::ownerfs::tests::local_flush_after_write_reaches_file_data_sync ... ok

test result: ok. 1 passed; 0 failed; 0 ignored; 0 measured; 412 filtered out; finished in 0.00s

test node::vfs::ownerfs::tests::local_flush_after_write_reaches_file_data_sync ... ok
test node::vfs::ownerfs::tests::local_hardlink_refreshes_nlink_and_shares_data ... ok
test node::vfs::ownerfs::tests::local_killpriv_preserves_sgid_without_group_execute ... ok
test node::vfs::ownerfs::tests::local_killpriv_truncate_setattr_and_create_existing_clear_privilege_bits ... ok
test node::vfs::ownerfs::tests::local_killpriv_write_clears_suid_and_executable_sgid_only_after_positive_write ... ok
test node::vfs::ownerfs::tests::local_killpriv_zero_and_failed_writes_do_not_clear_privilege_bits ... ok
test node::vfs::ownerfs::tests::local_mknod_fifo_records_special_metadata_and_permissions ... ok
test node::vfs::ownerfs::tests::local_namespace_mutations_enforce_parent_permissions_and_sticky ... ok
test node::vfs::ownerfs::tests::local_non_user_xattr_does_not_disable_getxattr_operation ... ok

running 1 test
test node::vfs::ownerfs::tests::local_odsync_write_reaches_file_data_sync_before_return ... ok

test result: ok. 1 passed; 0 failed; 0 ignored; 0 measured; 412 filtered out; finished in 0.01s

test node::vfs::ownerfs::tests::local_odsync_write_reaches_file_data_sync_before_return ... ok
test node::vfs::ownerfs::tests::local_readonly_create_does_not_require_created_file_write_access ... ok
test node::vfs::ownerfs::tests::local_rename_hardlink_to_itself_keeps_source_alias_cached ... ok
test node::vfs::ownerfs::tests::local_rename_over_linked_destination_rebinds_surviving_alias ... ok
test node::vfs::ownerfs::tests::local_root_and_file_round_trip_without_per_write_meta ... ok
test node::vfs::ownerfs::tests::local_setattr_rejects_non_owner_chmod ... ok
test node::vfs::ownerfs::tests::local_setattr_updates_mode_and_times ... ok
test node::vfs::ownerfs::tests::local_symlink_readlink_roundtrip ... ok
test node::vfs::ownerfs::tests::local_user_xattr_roundtrip_and_remove ... ok
test node::vfs::ownerfs::tests::namespace_remove_checks_search_and_sticky_source_or_destination ... ok
test node::vfs::ownerfs::tests::old_fd_survives_unlink_and_same_name_recreate ... ok
test node::vfs::ownerfs::tests::owner_blocked_lock_wakes_on_unlock_and_authority_invalidation ... ok
test node::vfs::ownerfs::tests::independent_remote_file_handles_write_without_global_owner_lock ... ok
test node::vfs::ownerfs::tests::owner_closed_scope_capacity_preserves_live_locks_and_cleanup ... ok
test node::vfs::ownerfs::tests::owner_cancelled_waits_do_not_leak_routed_slots ... ok
test node::vfs::ownerfs::tests::owner_lock_interrupt_before_registration_and_closed_session_do_not_revive ... ok
test node::vfs::ownerfs::tests::owner_peer_waiter_scope_binds_root_epoch_and_process ... ok
test node::vfs::ownerfs::tests::owner_locks_share_inode_identity_across_handles_and_unlink ... ok
test node::vfs::ownerfs::tests::owner_remote_session_cleanup_retries_only_unacknowledged_targets ... ok
test node::vfs::ownerfs::tests::owner_posix_fd_access_and_flock_conflict_namespaces_are_distinct ... ok
test node::vfs::ownerfs::tests::peer_hardlink_uses_caller_permissions_and_refreshes_nlink ... ok
test node::vfs::ownerfs::tests::peer_mknod_uses_caller_permissions_and_parent_identity ... ok
test node::vfs::ownerfs::tests::peer_rename_hardlink_to_itself_keeps_source_alias_cached ... ok
test node::vfs::ownerfs::tests::peer_namespace_mutations_enforce_parent_permissions_and_sticky ... ok
test node::vfs::ownerfs::tests::peer_rename_over_linked_destination_rebinds_surviving_alias ... ok
test node::vfs::ownerfs::tests::peer_rename_uncached_hardlink_destination_keeps_source_alias_cached ... ok
test node::vfs::ownerfs::tests::peer_symlink_uses_caller_permissions_and_parent_identity ... ok
test node::vfs::ownerfs::tests::peer_user_xattr_roundtrip_uses_original_caller_permissions ... ok
test node::vfs::ownerfs::tests::remote_flush_runs_once_after_write_and_release_only_cleans_up ... ok
test node::vfs::ownerfs::tests::remote_lookup_refreshes_cached_grant_after_home_restart ... ok
test node::vfs::ownerfs::tests::remote_open_receives_kernel_killpriv_cause ... ok
test node::vfs::ownerfs::tests::remote_open_refreshes_cached_grant_after_home_restart ... ok
test node::vfs::ownerfs::tests::remote_write_receives_kernel_killpriv_cause ... ok
test node::vfs::ownerfs::tests::rename_across_roots_returns_exdev_io_error ... ok
test node::vfs::ownerfs::tests::rename_no_replace_moves_when_destination_absent_and_preserves_existing_destination ... ok
test node::vfs::ownerfs::tests::rename_uncached_source_purges_cached_destination_path ... ok
test node::vfs::ownerfs::tests::renamed_directory_keeps_cached_descendant_inodes_at_new_path ... ok
test node::vfs::ownerfs::tests::setattr_authorization_allows_owner_uid_noop_and_member_chgrp ... ok
test node::vfs::ownerfs::tests::stale_open_with_truncate_does_not_modify_recreated_path ... ok
test node::vfs::ownerfs::tests::startup_recovery_hydrates_root_entries_from_local_catalog ... ok
test node::vfs::ownerfs::tests::writable_created_mode_zero_handle_can_ftruncate_but_readonly_cannot ... ok
test node::vfs::ownerfs::tests::write_sync_mode_distinguishes_odsync_from_osync ... ok

running 1 test
test node::vfs::ownerfs::tests::release_waits_for_same_handle_and_marks_it_closed ... ok
test runtime::shutdown_deadline_tests::shutdown_deadline_child ... ok

running 1 test
test runtime::shutdown_deadline_tests::shutdown_deadline_child ... ok

test result: ok. 1 passed; 0 failed; 0 ignored; 0 measured; 412 filtered out; finished in 0.25s

test runtime::shutdown_deadline_tests::shutdown_deadline_completion_disarms_process_failure ... ok

running 1 test
test node::vfs::dfs::tests::remote_provider_retire_timeout_keeps_release_debt_until_io_guard_drops ... ok

running 1 test
test runtime::shutdown_deadline_tests::shutdown_deadline_covers_signal_when_business_reactor_is_blocked ... ok
test runtime::shutdown_deadline_tests::shutdown_deadline_forces_failure_even_during_runtime_drop ... ok
test runtime::shutdown_deadline_tests::shutdown_deadline_child ... ok

test result: ok. 1 passed; 0 failed; 0 ignored; 0 measured; 412 filtered out; finished in 0.60s


running 1 test
test node::vfs::dfs::tests::real_grpc_unknown_file_commit_ack_blocks_inode_and_replays_exact_request ... ok
test runtime::shutdown_deadline_tests::shutdown_deadline_child ... ok

test result: ok. 1 passed; 0 failed; 0 ignored; 0 measured; 412 filtered out; finished in 0.61s

test runtime::shutdown_deadline_tests::process_signal_observer_does_not_steal_graceful_service_signals ... ok

test result: ok. 410 passed; 0 failed; 3 ignored; 0 measured; 0 filtered out; finished in 4.07s

