Reading symbols from /home/lzc.guest/afs-build/target/debug/deps/afs-586e1b701367e588...
warning: Missing auto-load script at offset 0 in section .debug_gdb_scripts
of file /home/lzc.guest/afs-build/target/debug/deps/afs-586e1b701367e588.
Use `info auto-load python-scripts [REGEXP]' to list them.
Breakpoint 1 at 0x18435f0: file native/rdma.c, line 339.
[Thread debugging using libthread_db enabled]
Using host libthread_db library "/lib/aarch64-linux-gnu/libthread_db.so.1".

running 1 test
test node::rpc::data::tests::dfs_replica_posted_rdma_deadline_has_unknown_outcome ... [Detaching after vfork from child process 5929]
[Detaching after vfork from child process 5930]
[Detaching after vfork from child process 5931]
[Detaching after vfork from child process 5932]
[Detaching after vfork from child process 5933]
AFS_RDMA_GID index=1 address=::ffff:192.168.109.1 family=ipv4
AFS_RDMA_GID index=1 address=::ffff:192.168.109.1 family=ipv4
AFS_RDMA_GID index=1 address=::ffff:192.168.109.1 family=ipv4
AFS_RDMA_PROBE send_complete
AFS_RDMA_PROBE receive_complete

Thread 8 "tokio-rt-worker" hit Breakpoint 1, afs_rdma_transfer (
    opaque=0xffffdc001a90, operation=1, len=4096, timeout_ms=5000, 
    err=0xfffff6bcc550 "", errlen=256) at native/rdma.c:339
339	    uint64_t deadline=monotonic_ms()+timeout_ms;
(gdb) [Detaching after vfork from child process 5936]
[Detaching after vfork from child process 5937]
[Detaching after vfork from child process 5938]
[Detaching after vfork from child process 5939]
[Detaching after vfork from child process 5940]
[Detaching after vfork from child process 5941]
[Detaching after vfork from child process 5942]
[Detaching after vfork from child process 5943]
[Detaching after vfork from child process 5944]
[Detaching after vfork from child process 5945]
AFS_DFS_REPLICA_DEADLINE caller=TIMEOUT lookup=STALE server=RETAINED content=PENDING replay=ABSENT client=RETAINED close=EXPLICIT
[Switching to thread 8 (Thread 0xfffff6bcef60 (LWP 5935))]
#0  afs_rdma_transfer (opaque=0xffffdc001a90, operation=1, len=4096, 
    timeout_ms=5000, err=0xfffff6bcc550 "", errlen=256) at native/rdma.c:339
339	    uint64_t deadline=monotonic_ms()+timeout_ms;
(gdb) Continuing.
AFS_RDMA_COMPLETE op=READ bytes=4096
[Detaching after vfork from child process 5946]
[Detaching after vfork from child process 5947]
[Detaching after vfork from child process 5948]
[Detaching after vfork from child process 5949]
[Detaching after vfork from child process 5950]
AFS_DFS_REPLICA_DEADLINE drain=COMPLETE content=EXACT endpoint=RELEASED replay=ABSENT client=EXPLICITLY_RETIRED
ok

test result: ok. 1 passed; 0 failed; 0 ignored; 0 measured; 427 filtered out; finished in 4.11s

[Inferior 1 (process 5922) exited normally]
(gdb) 