bash: line 1: cd: /Users/lzc/workspace/code/agentruntime/rust-distributed-memory-store: No such file or directory
bash: line 1: cd: /Users/lzc: No such file or directory
   Compiling afs v0.1.0 (/home/lzc.guest/afs-build/work/root-merged-v25)
    Finished `test` profile [unoptimized + debuginfo] target(s) in 4.06s
     Running tests/meta_contract.rs (/home/lzc.guest/afs-build/target/debug/deps/meta_contract-93da30cdbe5dc1a1)

running 3 tests

thread 'dfs_renewal_concurrent_same_epoch_callers_preserve_authority' (303713) panicked at tests/meta_contract.rs:105:37:
same-epoch expiry CAS races must be retried: Error { code: ErrorCode(50528257), kind: FailedPrecondition, message: "DFS metadata condition changed during lease update" }
note: run with `RUST_BACKTRACE=1` environment variable to display a backtrace
test dfs_renewal_concurrent_same_epoch_callers_preserve_authority ... FAILED

thread 'dfs_renewal_accepts_same_epoch_expiry_drift_and_replays_exact_result' (303711) panicked at tests/meta_contract.rs:75:10:
a same-epoch reopen must not fence the lock renewal snapshot: Error { code: ErrorCode(50528257), kind: FailedPrecondition, message: "DFS metadata condition changed during lease update" }
test dfs_renewal_accepts_same_epoch_expiry_drift_and_replays_exact_result ... FAILED

thread 'dfs_renewal_cannot_resurrect_expired_or_reassigned_authority' (303712) panicked at tests/meta_contract.rs:115:5:
assertion failed: dfs.renew_write_lease("node-a".into(), "session-a".into(),
            OperationId::new("renew-expired"), original.clone(),
            30).await.is_err()
test dfs_renewal_cannot_resurrect_expired_or_reassigned_authority ... FAILED

failures:

failures:
    dfs_renewal_accepts_same_epoch_expiry_drift_and_replays_exact_result
    dfs_renewal_cannot_resurrect_expired_or_reassigned_authority
    dfs_renewal_concurrent_same_epoch_callers_preserve_authority

test result: FAILED. 0 passed; 3 failed; 0 ignored; 0 measured; 35 filtered out; finished in 1.11s

error: test failed, to rerun pass `-p afs --test meta_contract`
