   Compiling afs v0.1.0 (/var/tmp/afs-native-workspace-20261007-r1/source)
warning: unused import: `fd::AsRawFd`
  --> src/node/native_workspace.rs:19:9
   |
19 |         fd::AsRawFd,
   |         ^^^^^^^^^^^
   |
   = note: `#[warn(unused_imports)]` (part of `#[warn(unused)]`) on by default

error[E0382]: borrow of moved value: `state`
    --> src/node.rs:1688:21
     |
1284 |     let state = Arc::new(Node {
     |         ----- move occurs because `state` has type `std::sync::Arc<node::Node>`, which does not implement the `Copy` trait
...
1662 |     services.spawn(async move {
     |                    ---------- value moved here
1663 |         axum::serve(rest, api::rest::router(state))
     |                                             ----- variable moved due to use in coroutine
...
1688 |         let owner = state
     |                     ^^^^^ value borrowed here after move
     |
note: consider changing this parameter type in function `router` to borrow instead if owning the value isn't necessary
    --> src/node/api/rest.rs:29:21
     |
  29 | pub fn router(node: Arc<Node>) -> Router {
     |        ------       ^^^^^^^^^ this parameter takes ownership of the value
     |        |
     |        in this function
     = note: borrow occurs due to deref coercion to `node::Node`
help: consider cloning the value before moving it into the closure
     |
1662 ~     let value = state.clone();
1663 ~     services.spawn(async move {
1664 ~         axum::serve(rest, api::rest::router(value))
     |

error[E0615]: attempted to take value of method `ino` on type `std::fs::Metadata`
   --> src/node/native_workspace.rs:629:36
    |
629 |                     inode: covered.ino,
    |                                    ^^^ method, not a field
    |
help: use parentheses to call the method
    |
629 |                     inode: covered.ino(),
    |                                       ++

Some errors have detailed explanations: E0382, E0615.
For more information about an error, try `rustc --explain E0382`.
warning: `afs` (lib test) generated 1 warning
error: could not compile `afs` (lib test) due to 2 previous errors; 1 warning emitted
